: 440873K->48946K(440896K), 0.0191180 secs] 4264276K->3937091K(12533952K), 0.0192910 secs] [Times: user=0.26 sys=0.00, real=0.02 secs] 
: 440722K->48960K(440896K), 0.0235300 secs] 4328867K->4002470K(12533952K), 0.0237260 secs] [Times: user=0.28 sys=0.00, real=0.02 secs] 
: 440807K->48960K(440896K), 0.0327110 secs] 4394317K->4068219K(12533952K), 0.0329000 secs] [Times: user=0.33 sys=0.00, real=0.03 secs] 
: 440868K->48960K(440896K), 0.0208270 secs] 4460127K->4134132K(12533952K), 0.0210360 secs] [Times: user=0.28 sys=0.01, real=0.02 secs] 
: 440896K->48960K(440896K), 0.0205740 secs] 4526068K->4195834K(12533952K), 0.0207810 secs] [Times: user=0.30 sys=0.00, real=0.02 secs] 
: 440645K->48960K(440896K), 0.0222540 secs] 4587520K->4261624K(12533952K), 0.0224570 secs] [Times: user=0.32 sys=0.01, real=0.03 secs] 
: 440741K->48960K(440896K), 0.0216370 secs] 4653405K->4328170K(12533952K), 0.0218450 secs] [Times: user=0.29 sys=0.00, real=0.03 secs] 
: 440823K->48960K(440896K), 0.0192100 secs] 4720034K->4393306K(12533952K), 0.0194140 secs] [Times: user=0.27 sys=0.01, real=0.02 secs] 
: 440896K->48960K(440896K), 0.0211460 secs] 4785242K->4457772K(12533952K), 0.0213740 secs] [Times: user=0.33 sys=0.01, real=0.02 secs] 
: 440896K->48909K(440896K), 0.0205320 secs] 4849708K->4522968K(12533952K), 0.0207310 secs] [Times: user=0.27 sys=0.00, real=0.02 secs] 
: 440844K->48960K(440896K), 0.0212480 secs] 4914902K->4586386K(12533952K), 0.0213970 secs] [Times: user=0.33 sys=0.00, real=0.03 secs] 
: 440667K->48960K(440896K), 0.0220620 secs] 4978093K->4650756K(12533952K), 0.0222570 secs] [Times: user=0.32 sys=0.01, real=0.03 secs] 
: 440826K->48960K(440896K), 0.0203820 secs] 5042622K->4723434K(12533952K), 0.0205290 secs] [Times: user=0.29 sys=0.01, real=0.02 secs] 
: 440830K->48960K(440896K), 0.0202520 secs] 5115304K->4782689K(12533952K), 0.0204540 secs] [Times: user=0.28 sys=0.01, real=0.03 secs] 
: 440896K->48960K(440896K), 0.0223400 secs] 5174625K->4849332K(12533952K), 0.0224940 secs] [Times: user=0.25 sys=0.00, real=0.02 secs] 
: 440896K->48952K(440896K), 0.0287510 secs] 5241268K->4915806K(12533952K), 0.0289480 secs] [Times: user=0.28 sys=0.00, real=0.03 secs] 
: 440888K->48960K(440896K), 0.0252620 secs] 5307742K->4980692K(12533952K), 0.0254680 secs] [Times: user=0.33 sys=0.01, real=0.02 secs] 
: 440860K->48933K(440896K), 0.0238180 secs] 5372593K->5045578K(12533952K), 0.0240160 secs] [Times: user=0.38 sys=0.00, real=0.02 secs] 
: 440851K->48960K(440896K), 0.0181460 secs] 5437497K->5110535K(12533952K), 0.0182960 secs] [Times: user=0.24 sys=0.00, real=0.02 secs] 
: 440810K->48960K(440896K), 0.0195340 secs] 5502385K->5175711K(12533952K), 0.0197310 secs] [Times: user=0.28 sys=0.00, real=0.02 secs] 
: 440723K->48960K(440896K), 0.0198700 secs] 5567474K->5241554K(12533952K), 0.0200770 secs] [Times: user=0.28 sys=0.01, real=0.02 secs] 
: 440761K->48960K(440896K), 0.0204970 secs] 5633355K->5309778K(12533952K), 0.0207100 secs] [Times: user=0.30 sys=0.01, real=0.02 secs] 
: 440653K->48960K(440896K), 0.0216710 secs] 5701471K->5371018K(12533952K), 0.0218780 secs] [Times: user=0.34 sys=0.00, real=0.02 secs] 
: 440693K->48927K(440896K), 0.0209240 secs] 5762752K->5436198K(12533952K), 0.0211210 secs] [Times: user=0.30 sys=0.01, real=0.02 secs] 
: 440727K->48942K(440896K), 0.0233260 secs] 5827998K->5503374K(12533952K), 0.0235270 secs] [Times: user=0.32 sys=0.00, real=0.03 secs] 
: 440878K->48960K(440896K), 0.0215890 secs] 5895310K->5570370K(12533952K), 0.0221240 secs] [Times: user=0.30 sys=0.00, real=0.02 secs] 
: 440775K->48960K(440896K), 0.0197950 secs] 5962186K->5634613K(12533952K), 0.0199930 secs] [Times: user=0.27 sys=0.00, real=0.02 secs] 
: 440827K->48960K(440896K), 0.0233830 secs] 6026480K->5699695K(12533952K), 0.0235380 secs] [Times: user=0.33 sys=0.00, real=0.02 secs] 
: 440896K->48945K(440896K), 0.0251340 secs] 6091631K->5765182K(12533952K), 0.0253410 secs] [Times: user=0.30 sys=0.00, real=0.03 secs] 
: 440661K->48960K(440896K), 0.0198120 secs] 6156898K->5829253K(12533952K), 0.0199270 secs] [Times: user=0.25 sys=0.00, real=0.02 secs] 
: 440713K->48960K(440896K), 0.0175870 secs] 6221006K->5894942K(12533952K), 0.0177030 secs] [Times: user=0.25 sys=0.00, real=0.01 secs] 
: 440850K->48960K(440896K), 0.0152740 secs] 6286832K->5960401K(12533952K), 0.0153970 secs] [Times: user=0.21 sys=0.00, real=0.01 secs] 
: 440871K->48960K(440896K), 0.0158820 secs] 6352312K->6024454K(12533952K), 0.0160000 secs] [Times: user=0.21 sys=0.00, real=0.01 secs] 
: 440649K->48959K(440896K), 0.0187570 secs] 6416144K->6089909K(12533952K), 0.0188910 secs] [Times: user=0.21 sys=0.00, real=0.02 secs] 
: 440895K->48960K(440896K), 0.0267940 secs] 6481845K->6153624K(12533952K), 0.0269150 secs] [Times: user=0.29 sys=0.00, real=0.03 secs] 
: 440853K->48960K(440896K), 0.0212440 secs] 6545518K->6219156K(12533952K), 0.0213760 secs] [Times: user=0.25 sys=0.00, real=0.02 secs] 
: 440896K->48960K(440896K), 0.0157060 secs] 6611092K->6284500K(12533952K), 0.0158180 secs] [Times: user=0.21 sys=0.00, real=0.01 secs] 
: 440707K->48960K(440896K), 0.0448090 secs] 6676247K->6350140K(12533952K), 0.0449230 secs] [Times: user=0.30 sys=0.01, real=0.04 secs] 
: 440774K->48954K(440896K), 0.0323720 secs] 6741955K->6416345K(12533952K), 0.0325130 secs] [Times: user=0.19 sys=0.01, real=0.03 secs] 
: 440863K->48960K(440896K), 0.0518500 secs] 6808255K->6481990K(12533952K), 0.0519980 secs] [Times: user=0.22 sys=0.00, real=0.05 secs] 
: 440654K->48943K(440896K), 0.0604950 secs] 6873684K->6544420K(12533952K), 0.0606260 secs] [Times: user=0.29 sys=0.00, real=0.06 secs] 
: 440700K->48960K(440896K), 0.0748430 secs] 6936178K->6609076K(12533952K), 0.0749830 secs] [Times: user=0.25 sys=0.00, real=0.08 secs] 
: 440861K->48960K(440896K), 0.0334250 secs] 7000977K->6674271K(12533952K), 0.0335820 secs] [Times: user=0.25 sys=0.00, real=0.03 secs] 
: 440896K->48958K(440896K), 0.0779830 secs] 7066207K->6739939K(12533952K), 0.0781220 secs] [Times: user=0.30 sys=0.00, real=0.08 secs] 
: 440799K->48960K(440896K), 0.0626660 secs] 7131780K->6803493K(12533952K), 0.0627980 secs] [Times: user=0.28 sys=0.00, real=0.07 secs] 
: 440664K->48960K(440896K), 0.0753560 secs] 7195197K->6868092K(12533952K), 0.0755400 secs] [Times: user=0.32 sys=0.00, real=0.07 secs] 
: 440708K->48920K(440896K), 0.0286440 secs] 7259840K->6933439K(12533952K), 0.0288480 secs] [Times: user=0.31 sys=0.01, real=0.03 secs] 
: 440796K->48912K(440896K), 0.0245130 secs] 7325315K->6999011K(12533952K), 0.0247450 secs] [Times: user=0.32 sys=0.00, real=0.03 secs] 
: 440848K->48960K(440896K), 0.0212310 secs] 7390947K->7061410K(12533952K), 0.0214150 secs] [Times: user=0.27 sys=0.00, real=0.02 secs] 
: 440815K->48936K(440896K), 0.0238840 secs] 7453265K->7128356K(12533952K), 0.0241020 secs] [Times: user=0.34 sys=0.01, real=0.02 secs] 
: 440813K->48958K(440896K), 0.0198350 secs] 7520233K->7193021K(12533952K), 0.0200300 secs] [Times: user=0.25 sys=0.01, real=0.02 secs] 
: 440894K->48935K(440896K), 0.0203470 secs] 7584957K->7257974K(12533952K), 0.0205850 secs] [Times: user=0.25 sys=0.00, real=0.02 secs] 
: 440871K->48900K(440896K), 0.0224720 secs] 7649910K->7323541K(12533952K), 0.0227170 secs] [Times: user=0.28 sys=0.00, real=0.02 secs] 
: 440739K->48949K(440896K), 0.0247850 secs] 7715380K->7388861K(12533952K), 0.0250230 secs] [Times: user=0.25 sys=0.01, real=0.02 secs] 
: 440788K->48960K(440896K), 0.0198860 secs] 7780700K->7451367K(12533952K), 0.0201140 secs] [Times: user=0.27 sys=0.00, real=0.02 secs] 
: 440793K->48930K(440896K), 0.0211380 secs] 7843201K->7518522K(12533952K), 0.0214100 secs] [Times: user=0.28 sys=0.00, real=0.02 secs] 
: 440860K->48960K(440896K), 0.0190420 secs] 7910452K->7583710K(12533952K), 0.0192750 secs] [Times: user=0.25 sys=0.01, real=0.02 secs] 
: 440670K->48960K(440896K), 0.0248650 secs] 7975421K->7652932K(12533952K), 0.0251020 secs] [Times: user=0.28 sys=0.01, real=0.03 secs] 
: 440689K->48911K(440896K), 0.0191650 secs] 8044662K->7716337K(12533952K), 0.0193390 secs] [Times: user=0.24 sys=0.00, real=0.02 secs] 
: 440602K->48956K(440896K), 0.0209130 secs] 8108027K->7787593K(12533952K), 0.0210970 secs] [Times: user=0.28 sys=0.00, real=0.02 secs] 
: 440892K->48954K(440896K), 0.0204800 secs] 8179529K->7845572K(12533952K), 0.0207640 secs] [Times: user=0.33 sys=0.01, real=0.02 secs] 
: 440809K->48959K(440896K), 0.0250160 secs] 8237427K->7909990K(12533952K), 0.0252320 secs] [Times: user=0.32 sys=0.00, real=0.03 secs] 
: 440889K->48932K(440896K), 0.0199630 secs] 8301920K->7975459K(12533952K), 0.0201890 secs] [Times: user=0.25 sys=0.00, real=0.02 secs] 
: 440765K->48947K(440896K), 0.0205880 secs] 8367292K->8037744K(12533952K), 0.0208030 secs] [Times: user=0.29 sys=0.01, real=0.02 secs] 
: 440883K->48954K(440896K), 0.0223930 secs] 8429680K->8103647K(12533952K), 0.0226200 secs] [Times: user=0.29 sys=0.00, real=0.02 secs] 
: 440890K->48960K(440896K), 0.0209590 secs] 8495583K->8164600K(12533952K), 0.0212300 secs] [Times: user=0.32 sys=0.00, real=0.03 secs] 
: 440864K->48960K(440896K), 0.0228220 secs] 8556505K->8228099K(12533952K), 0.0230500 secs] [Times: user=0.31 sys=0.01, real=0.02 secs] 
: 440747K->48925K(440896K), 0.0198200 secs] 8619886K->8295142K(12533952K), 0.0200160 secs] [Times: user=0.26 sys=0.00, real=0.02 secs] 
: 440740K->48904K(440896K), 0.0226690 secs] 8686957K->8360813K(12533952K), 0.0231970 secs] [Times: user=0.32 sys=0.00, real=0.02 secs] 
: 440805K->48960K(440896K), 0.0206600 secs] 8752713K->8426126K(12533952K), 0.0209060 secs] [Times: user=0.31 sys=0.01, real=0.03 secs] 
: 440896K->48954K(440896K), 0.0225560 secs] 8818062K->8491726K(12533952K), 0.0227860 secs] [Times: user=0.34 sys=0.00, real=0.02 secs] 
: 440758K->48959K(440896K), 0.0197150 secs] 8883529K->8554396K(12533952K), 0.0199510 secs] [Times: user=0.29 sys=0.00, real=0.02 secs] 
2015-04-01T01:09:22.915-0700: 13172362.987: [GC [1 CMS-initial-mark: 8505436K(12093056K)] 8554654K(12533952K), 0.0052420 secs] [Times: user=0.01 sys=0.00, real=0.01 secs] 
2015-04-01T01:09:23.252-0700: 13172363.324: [CMS-concurrent-mark: 0.332/0.332 secs] [Times: user=2.03 sys=0.00, real=0.33 secs] 
2015-04-01T01:09:23.286-0700: 13172363.358: [CMS-concurrent-preclean: 0.034/0.034 secs] [Times: user=0.04 sys=0.00, real=0.03 secs] 
2015-04-01T01:09:27.528-0700: 13172367.600: [CMS-concurrent-abortable-preclean: 2.383/4.242 secs] [Times: user=2.83 sys=0.19, real=4.24 secs] 
2015-04-01T01:09:27.529-0700: 13172367.602: [GC[YG occupancy: 248631 K (440896 K)]13172367.602: [Rescan (parallel) , 0.0099960 secs]13172367.612: [weak refs processing, 0.0029110 secs] [1 CMS-remark: 8505436K(12093056K)] 8754068K(12533952K), 0.0132970 secs] [Times: user=0.15 sys=0.00, real=0.01 secs] 
2015-04-01T01:09:28.358-0700: 13172368.431: [CMS-concurrent-sweep: 0.815/0.815 secs] [Times: user=0.88 sys=0.04, real=0.81 secs] 
2015-04-01T01:09:28.391-0700: 13172368.464: [CMS-concurrent-reset: 0.033/0.033 secs] [Times: user=0.04 sys=0.00, real=0.04 secs] 
: 440864K->48959K(440896K), 0.0175590 secs] 3933139K->3606445K(12533952K), 0.0177740 secs] [Times: user=0.28 sys=0.00, real=0.02 secs] 
: 440865K->48958K(440896K), 0.0173270 secs] 3998351K->3672113K(12533952K), 0.0176320 secs] [Times: user=0.28 sys=0.00, real=0.01 secs] 
: 440894K->48960K(440896K), 0.0154960 secs] 4064049K->3732823K(12533952K), 0.0157180 secs] [Times: user=0.26 sys=0.00, real=0.02 secs] 
: 440706K->48935K(440896K), 0.0222850 secs] 4124569K->3795973K(12533952K), 0.0225230 secs] [Times: user=0.29 sys=0.00, real=0.02 secs] 
: 440871K->48960K(440896K), 0.0198930 secs] 4187909K->3860413K(12533952K), 0.0200790 secs] [Times: user=0.25 sys=0.01, real=0.02 secs] 
: 440856K->48960K(440896K), 0.0203430 secs] 4252310K->3925904K(12533952K), 0.0205800 secs] [Times: user=0.29 sys=0.01, real=0.03 secs] 
: 440703K->48930K(440896K), 0.0196860 secs] 4317647K->3990857K(12533952K), 0.0199210 secs] [Times: user=0.26 sys=0.01, real=0.02 secs] 
: 440866K->48937K(440896K), 0.0202030 secs] 4382793K->4056244K(12533952K), 0.0207760 secs] [Times: user=0.22 sys=0.01, real=0.02 secs] 
: 440873K->48914K(440896K), 0.0238110 secs] 4448180K->4121781K(12533952K), 0.0240310 secs] [Times: user=0.25 sys=0.00, real=0.03 secs] 
: 440850K->48960K(440896K), 0.0311290 secs] 4513717K->4188146K(12533952K), 0.0313610 secs] [Times: user=0.25 sys=0.00, real=0.03 secs] 
: 440737K->48943K(440896K), 0.0212720 secs] 4579924K->4251512K(12533952K), 0.0215060 secs] [Times: user=0.28 sys=0.00, real=0.02 secs] 
: 440776K->48960K(440896K), 0.0183640 secs] 4643344K->4316859K(12533952K), 0.0185550 secs] [Times: user=0.26 sys=0.00, real=0.02 secs] 
: 440779K->48947K(440896K), 0.0220380 secs] 4708678K->4382165K(12533952K), 0.0222840 secs] [Times: user=0.34 sys=0.00, real=0.02 secs] 
: 440735K->48960K(440896K), 0.0179200 secs] 4773953K->4449201K(12533952K), 0.0181650 secs] [Times: user=0.24 sys=0.00, real=0.02 secs] 
: 440736K->48934K(440896K), 0.0180580 secs] 4840977K->4513936K(12533952K), 0.0184740 secs] [Times: user=0.26 sys=0.00, real=0.02 secs] 
: 440870K->48959K(440896K), 0.0222660 secs] 4905872K->4576413K(12533952K), 0.0224490 secs] [Times: user=0.35 sys=0.00, real=0.03 secs] 
: 440886K->48960K(440896K), 0.0208640 secs] 4968339K->4650750K(12533952K), 0.0210880 secs] [Times: user=0.29 sys=0.00, real=0.02 secs] 
: 440886K->48948K(440896K), 0.0176550 secs] 5042677K->4707998K(12533952K), 0.0178410 secs] [Times: user=0.26 sys=0.01, real=0.02 secs] 
: 440840K->48960K(440896K), 0.0199440 secs] 5099891K->4771555K(12533952K), 0.0201660 secs] [Times: user=0.29 sys=0.00, real=0.02 secs] 
: 440781K->48960K(440896K), 0.0193340 secs] 5163377K->4834730K(12533952K), 0.0195780 secs] [Times: user=0.27 sys=0.00, real=0.02 secs] 
: 440896K->48959K(440896K), 0.0229510 secs] 5226666K->4905428K(12533952K), 0.0231860 secs] [Times: user=0.26 sys=0.01, real=0.03 secs] 
: 440895K->48960K(440896K), 0.0202360 secs] 5297364K->4966464K(12533952K), 0.0204630 secs] [Times: user=0.24 sys=0.00, real=0.02 secs] 
: 440789K->48936K(440896K), 0.0267060 secs] 5358294K->5031674K(12533952K), 0.0268820 secs] [Times: user=0.25 sys=0.01, real=0.03 secs] 
: 440872K->48960K(440896K), 0.0223210 secs] 5423610K->5099001K(12533952K), 0.0225270 secs] [Times: user=0.26 sys=0.01, real=0.02 secs] 
: 440896K->48950K(440896K), 0.0207160 secs] 5490937K->5163720K(12533952K), 0.0209700 secs] [Times: user=0.25 sys=0.01, real=0.02 secs] 
: 440854K->48960K(440896K), 0.0186910 secs] 5555624K->5225717K(12533952K), 0.0189100 secs] [Times: user=0.25 sys=0.00, real=0.02 secs] 
: 440768K->48960K(440896K), 0.0247100 secs] 5617526K->5299407K(12533952K), 0.0248970 secs] [Times: user=0.33 sys=0.01, real=0.02 secs] 
: 440896K->48922K(440896K), 0.0217640 secs] 5691343K->5357953K(12533952K), 0.0219610 secs] [Times: user=0.31 sys=0.01, real=0.03 secs] 
: 440858K->48934K(440896K), 0.0239340 secs] 5749889K->5423244K(12533952K), 0.0241470 secs] [Times: user=0.30 sys=0.00, real=0.03 secs] 
: 440733K->48935K(440896K), 0.0211580 secs] 5815043K->5486391K(12533952K), 0.0213860 secs] [Times: user=0.28 sys=0.01, real=0.02 secs] 
: 440871K->48959K(440896K), 0.0210730 secs] 5878327K->5550039K(12533952K), 0.0213070 secs] [Times: user=0.29 sys=0.00, real=0.02 secs] 
: 440895K->48949K(440896K), 0.0193490 secs] 5941975K->5615148K(12533952K), 0.0195170 secs] [Times: user=0.25 sys=0.01, real=0.02 secs] 
: 440784K->48951K(440896K), 0.0215460 secs] 6006983K->5680002K(12533952K), 0.0217110 secs] [Times: user=0.25 sys=0.01, real=0.02 secs] 
: 440736K->48933K(440896K), 0.0249430 secs] 6071787K->5745192K(12533952K), 0.0251740 secs] [Times: user=0.30 sys=0.01, real=0.02 secs] 
: 440867K->48944K(440896K), 0.0243290 secs] 6137126K->5809658K(12533952K), 0.0245410 secs] [Times: user=0.26 sys=0.01, real=0.02 secs] 
: 440862K->48960K(440896K), 0.0226340 secs] 6201576K->5874127K(12533952K), 0.0228070 secs] [Times: user=0.28 sys=0.01, real=0.02 secs] 
: 440896K->48912K(440896K), 0.0194620 secs] 6266063K->5939160K(12533952K), 0.0196570 secs] [Times: user=0.25 sys=0.00, real=0.02 secs] 
: 440848K->48960K(440896K), 0.0212370 secs] 6331096K->6003802K(12533952K), 0.0214310 secs] [Times: user=0.29 sys=0.01, real=0.02 secs] 
: 440754K->48960K(440896K), 0.0187670 secs] 6395596K->6068951K(12533952K), 0.0190240 secs] [Times: user=0.24 sys=0.00, real=0.02 secs] 
: 440771K->48914K(440896K), 0.0182470 secs] 6460763K->6134091K(12533952K), 0.0184430 secs] [Times: user=0.24 sys=0.00, real=0.02 secs] 
: 440782K->48960K(440896K), 0.0174950 secs] 6525959K->6198702K(12533952K), 0.0177630 secs] [Times: user=0.26 sys=0.01, real=0.02 secs] 
: 440877K->48960K(440896K), 0.0216590 secs] 6590619K->6262865K(12533952K), 0.0218680 secs] [Times: user=0.32 sys=0.00, real=0.02 secs] 
: 440785K->48960K(440896K), 0.0227220 secs] 6654690K->6327061K(12533952K), 0.0229010 secs] [Times: user=0.36 sys=0.00, real=0.02 secs] 
: 440690K->48960K(440896K), 0.0203020 secs] 6718791K->6391572K(12533952K), 0.0205020 secs] [Times: user=0.28 sys=0.00, real=0.02 secs] 
: 440874K->48960K(440896K), 0.0240380 secs] 6783486K->6456181K(12533952K), 0.0242730 secs] [Times: user=0.31 sys=0.00, real=0.02 secs] 
: 440896K->48903K(440896K), 0.0270800 secs] 6848117K->6521434K(12533952K), 0.0273020 secs] [Times: user=0.31 sys=0.01, real=0.03 secs] 
: 440813K->48960K(440896K), 0.0214090 secs] 6913344K->6584686K(12533952K), 0.0216390 secs] [Times: user=0.26 sys=0.00, real=0.02 secs] 
: 440818K->48960K(440896K), 0.0235560 secs] 6976545K->6650903K(12533952K), 0.0238120 secs] [Times: user=0.34 sys=0.01, real=0.03 secs] 
: 440840K->48917K(440896K), 0.0210770 secs] 7042784K->6716913K(12533952K), 0.0214140 secs] [Times: user=0.30 sys=0.01, real=0.02 secs] 
: 440648K->48960K(440896K), 0.0229710 secs] 7108643K->6781601K(12533952K), 0.0231650 secs] [Times: user=0.35 sys=0.00, real=0.02 secs] 
: 440725K->48960K(440896K), 0.0200250 secs] 7173366K->6847408K(12533952K), 0.0202320 secs] [Times: user=0.28 sys=0.00, real=0.02 secs] 
: 440663K->48960K(440896K), 0.0221760 secs] 7239112K->6912952K(12533952K), 0.0223770 secs] [Times: user=0.31 sys=0.00, real=0.02 secs] 
: 440891K->48928K(440896K), 0.0211760 secs] 7304884K->6978642K(12533952K), 0.0213610 secs] [Times: user=0.28 sys=0.00, real=0.03 secs] 
: 440850K->48955K(440896K), 0.0255500 secs] 7370565K->7045767K(12533952K), 0.0257830 secs] [Times: user=0.34 sys=0.00, real=0.03 secs] 
: 440890K->48928K(440896K), 0.0234100 secs] 7437703K->7110494K(12533952K), 0.0236150 secs] [Times: user=0.29 sys=0.01, real=0.03 secs] 
: 440680K->48960K(440896K), 0.0214710 secs] 7502246K->7175906K(12533952K), 0.0216580 secs] [Times: user=0.32 sys=0.00, real=0.02 secs] 
: 440833K->48960K(440896K), 0.0235350 secs] 7567780K->7240767K(12533952K), 0.0237300 secs] [Times: user=0.33 sys=0.00, real=0.02 secs] 
: 440896K->48960K(440896K), 0.0193040 secs] 7632703K->7306022K(12533952K), 0.0195200 secs] [Times: user=0.25 sys=0.00, real=0.02 secs] 
: 440640K->48960K(440896K), 0.0226000 secs] 7697703K->7370111K(12533952K), 0.0227730 secs] [Times: user=0.32 sys=0.00, real=0.03 secs] 
: 440859K->48960K(440896K), 0.0203960 secs] 7762010K->7434385K(12533952K), 0.0206270 secs] [Times: user=0.29 sys=0.01, real=0.02 secs] 
: 440896K->48949K(440896K), 0.0202310 secs] 7826321K->7499747K(12533952K), 0.0204420 secs] [Times: user=0.27 sys=0.00, real=0.02 secs] 
: 440777K->48960K(440896K), 0.0174300 secs] 7891576K->7564491K(12533952K), 0.0176460 secs] [Times: user=0.25 sys=0.00, real=0.02 secs] 
: 440884K->48960K(440896K), 0.0244040 secs] 7956415K->7629796K(12533952K), 0.0246390 secs] [Times: user=0.34 sys=0.01, real=0.03 secs] 
: 440896K->48960K(440896K), 0.0184010 secs] 8021732K->7691334K(12533952K), 0.0185710 secs] [Times: user=0.26 sys=0.00, real=0.02 secs] 
: 440896K->48960K(440896K), 0.0209820 secs] 8083270K->7755686K(12533952K), 0.0212370 secs] [Times: user=0.28 sys=0.00, real=0.02 secs] 
: 440746K->48960K(440896K), 0.0229310 secs] 8147473K->7819511K(12533952K), 0.0231710 secs] [Times: user=0.34 sys=0.00, real=0.02 secs] 
: 440896K->48960K(440896K), 0.0233870 secs] 8211447K->7888605K(12533952K), 0.0236390 secs] [Times: user=0.33 sys=0.00, real=0.02 secs] 
: 440896K->48960K(440896K), 0.0211610 secs] 8280541K->7951082K(12533952K), 0.0213890 secs] [Times: user=0.26 sys=0.00, real=0.02 secs] 
: 440697K->48956K(440896K), 0.0191450 secs] 8342819K->8012172K(12533952K), 0.0193670 secs] [Times: user=0.30 sys=0.00, real=0.02 secs] 
: 440892K->48943K(440896K), 0.0226880 secs] 8404108K->8079104K(12533952K), 0.0229300 secs] [Times: user=0.27 sys=0.01, real=0.02 secs] 
: 440826K->48956K(440896K), 0.0195410 secs] 8470987K->8144175K(12533952K), 0.0197880 secs] [Times: user=0.25 sys=0.00, real=0.02 secs] 
: 440667K->48960K(440896K), 0.0221270 secs] 8535886K->8210380K(12533952K), 0.0223580 secs] [Times: user=0.28 sys=0.01, real=0.02 secs] 
: 440853K->48960K(440896K), 0.0231270 secs] 8602273K->8276772K(12533952K), 0.0233650 secs] [Times: user=0.35 sys=0.00, real=0.03 secs] 
: 440690K->48960K(440896K), 0.0249860 secs] 8668502K->8341559K(12533952K), 0.0252200 secs] [Times: user=0.35 sys=0.00, real=0.02 secs] 
: 440878K->48960K(440896K), 0.0185520 secs] 8733478K->8404625K(12533952K), 0.0187430 secs] [Times: user=0.28 sys=0.00, real=0.02 secs] 
: 440846K->48960K(440896K), 0.0258040 secs] 8796512K->8474841K(12533952K), 0.0260310 secs] [Times: user=0.39 sys=0.01, real=0.03 secs] 
: 440826K->48960K(440896K), 0.0202770 secs] 8866707K->8535065K(12533952K), 0.0204850 secs] [Times: user=0.28 sys=0.00, real=0.02 secs] 
2015-04-01T01:23:43.294-0700: 13173223.366: [GC [1 CMS-initial-mark: 8486105K(12093056K)] 8535325K(12533952K), 0.0045230 secs] [Times: user=0.01 sys=0.00, real=0.00 secs] 
2015-04-01T01:23:43.658-0700: 13173223.730: [CMS-concurrent-mark: 0.359/0.359 secs] [Times: user=2.20 sys=0.00, real=0.36 secs] 
2015-04-01T01:23:43.689-0700: 13173223.761: [CMS-concurrent-preclean: 0.031/0.031 secs] [Times: user=0.03 sys=0.00, real=0.03 secs] 
 CMS: abort preclean due to time 2015-04-01T01:23:48.749-0700: 13173228.821: [CMS-concurrent-abortable-preclean: 2.555/5.060 secs] [Times: user=2.96 sys=0.15, real=5.05 secs] 
2015-04-01T01:23:48.750-0700: 13173228.822: [GC[YG occupancy: 189160 K (440896 K)]13173228.823: [Rescan (parallel) , 0.0058420 secs]13173228.828: [weak refs processing, 0.0031100 secs] [1 CMS-remark: 8486105K(12093056K)] 8675265K(12533952K), 0.0093720 secs] [Times: user=0.08 sys=0.00, real=0.01 secs] 
2015-04-01T01:23:49.508-0700: 13173229.580: [CMS-concurrent-sweep: 0.748/0.748 secs] [Times: user=0.81 sys=0.00, real=0.74 secs] 
2015-04-01T01:23:49.535-0700: 13173229.607: [CMS-concurrent-reset: 0.027/0.027 secs] [Times: user=0.03 sys=0.00, real=0.03 secs] 
: 440722K->48960K(440896K), 0.0198950 secs] 4225455K->3901510K(12533952K), 0.0202210 secs] [Times: user=0.33 sys=0.00, real=0.02 secs] 
: 440752K->48901K(440896K), 0.0215010 secs] 4293303K->3965077K(12533952K), 0.0216960 secs] [Times: user=0.34 sys=0.01, real=0.02 secs] 
: 440795K->48929K(440896K), 0.0207930 secs] 4356970K->4031998K(12533952K), 0.0210000 secs] [Times: user=0.32 sys=0.00, real=0.02 secs] 
: 440662K->48960K(440896K), 0.0196960 secs] 4423732K->4093552K(12533952K), 0.0199000 secs] [Times: user=0.33 sys=0.00, real=0.02 secs] 
: 440891K->48960K(440896K), 0.0179730 secs] 4485483K->4157906K(12533952K), 0.0181200 secs] [Times: user=0.26 sys=0.01, real=0.02 secs] 
: 440873K->48908K(440896K), 0.0223240 secs] 4549820K->4223330K(12533952K), 0.0225260 secs] [Times: user=0.33 sys=0.00, real=0.03 secs] 
: 440844K->48960K(440896K), 0.0229780 secs] 4615266K->4288757K(12533952K), 0.0231780 secs] [Times: user=0.33 sys=0.00, real=0.03 secs] 
: 440804K->48960K(440896K), 0.0255400 secs] 4680602K->4353910K(12533952K), 0.0257250 secs] [Times: user=0.24 sys=0.01, real=0.02 secs] 
: 440711K->48960K(440896K), 0.0211280 secs] 4745661K->4415351K(12533952K), 0.0213300 secs] [Times: user=0.23 sys=0.01, real=0.02 secs] 
: 440896K->48960K(440896K), 0.0323330 secs] 4807287K->4476631K(12533952K), 0.0324800 secs] [Times: user=0.31 sys=0.00, real=0.03 secs] 
: 440896K->48929K(440896K), 0.0249650 secs] 4868567K->4545218K(12533952K), 0.0252110 secs] [Times: user=0.26 sys=0.01, real=0.03 secs] 
: 440865K->48960K(440896K), 0.0213750 secs] 4937154K->4608264K(12533952K), 0.0215750 secs] [Times: user=0.26 sys=0.00, real=0.02 secs] 
: 440727K->48960K(440896K), 0.0246070 secs] 5000032K->4673825K(12533952K), 0.0247590 secs] [Times: user=0.32 sys=0.00, real=0.03 secs] 
: 440789K->48946K(440896K), 0.0212890 secs] 5065655K->4736862K(12533952K), 0.0214990 secs] [Times: user=0.27 sys=0.00, real=0.02 secs] 
: 440749K->48960K(440896K), 0.0202250 secs] 5128664K->4799875K(12533952K), 0.0204170 secs] [Times: user=0.29 sys=0.00, real=0.02 secs] 
: 440808K->48944K(440896K), 0.0205240 secs] 5191724K->4865446K(12533952K), 0.0207130 secs] [Times: user=0.26 sys=0.01, real=0.02 secs] 
: 440880K->48944K(440896K), 0.0225470 secs] 5257382K->4930448K(12533952K), 0.0227410 secs] [Times: user=0.30 sys=0.01, real=0.02 secs] 
: 440880K->48960K(440896K), 0.0208540 secs] 5322384K->4999338K(12533952K), 0.0210500 secs] [Times: user=0.26 sys=0.00, real=0.02 secs] 
: 440896K->48960K(440896K), 0.0215450 secs] 5391274K->5062276K(12533952K), 0.0217380 secs] [Times: user=0.29 sys=0.00, real=0.02 secs] 
: 440667K->48959K(440896K), 0.0247980 secs] 5453984K->5126978K(12533952K), 0.0250200 secs] [Times: user=0.30 sys=0.01, real=0.03 secs] 
: 440895K->48960K(440896K), 0.0220710 secs] 5518914K->5190622K(12533952K), 0.0222180 secs] [Times: user=0.28 sys=0.01, real=0.03 secs] 
: 440820K->48925K(440896K), 0.0280130 secs] 5582483K->5255889K(12533952K), 0.0282100 secs] [Times: user=0.26 sys=0.01, real=0.03 secs] 
: 440861K->48933K(440896K), 0.0322340 secs] 5647825K->5321322K(12533952K), 0.0324420 secs] [Times: user=0.27 sys=0.01, real=0.04 secs] 
: 440869K->48951K(440896K), 0.0278360 secs] 5713258K->5386617K(12533952K), 0.0280720 secs] [Times: user=0.28 sys=0.01, real=0.03 secs] 
: 440677K->48960K(440896K), 0.0220460 secs] 5778343K->5455283K(12533952K), 0.0222640 secs] [Times: user=0.28 sys=0.01, real=0.03 secs] 
: 440838K->48960K(440896K), 0.0224120 secs] 5847162K->5521055K(12533952K), 0.0225960 secs] [Times: user=0.31 sys=0.01, real=0.02 secs] 
: 440896K->48960K(440896K), 0.0227480 secs] 5912991K->5583048K(12533952K), 0.0229430 secs] [Times: user=0.33 sys=0.00, real=0.02 secs] 
: 440838K->48960K(440896K), 0.0226320 secs] 5974926K->5646378K(12533952K), 0.0228400 secs] [Times: user=0.35 sys=0.00, real=0.02 secs] 
: 440739K->48951K(440896K), 0.0219040 secs] 6038158K->5710874K(12533952K), 0.0221100 secs] [Times: user=0.27 sys=0.01, real=0.02 secs] 
: 440847K->48960K(440896K), 0.0218270 secs] 6102769K->5775342K(12533952K), 0.0220520 secs] [Times: user=0.26 sys=0.01, real=0.02 secs] 
: 440807K->48960K(440896K), 0.0213800 secs] 6167189K->5840388K(12533952K), 0.0215820 secs] [Times: user=0.28 sys=0.00, real=0.02 secs] 
: 440720K->48960K(440896K), 0.0196570 secs] 6232148K->5902044K(12533952K), 0.0198470 secs] [Times: user=0.27 sys=0.00, real=0.02 secs] 
: 440854K->48960K(440896K), 0.0252580 secs] 6293938K->5970253K(12533952K), 0.0254480 secs] [Times: user=0.34 sys=0.00, real=0.03 secs] 
: 440745K->48960K(440896K), 0.0210960 secs] 6362039K->6032694K(12533952K), 0.0213090 secs] [Times: user=0.27 sys=0.00, real=0.03 secs] 
: 440896K->48960K(440896K), 0.0246290 secs] 6424630K->6098188K(12533952K), 0.0248350 secs] [Times: user=0.27 sys=0.00, real=0.03 secs] 
: 440896K->48960K(440896K), 0.0266850 secs] 6490124K->6166046K(12533952K), 0.0269510 secs] [Times: user=0.29 sys=0.01, real=0.02 secs] 
: 440812K->48960K(440896K), 0.0203220 secs] 6557898K->6231874K(12533952K), 0.0205270 secs] [Times: user=0.29 sys=0.00, real=0.02 secs] 
: 440824K->48959K(440896K), 0.0258340 secs] 6623738K->6292999K(12533952K), 0.0260420 secs] [Times: user=0.27 sys=0.01, real=0.02 secs] 
: 440895K->48959K(440896K), 0.0243380 secs] 6684935K->6363324K(12533952K), 0.0245720 secs] [Times: user=0.24 sys=0.00, real=0.02 secs] 
: 440682K->48960K(440896K), 0.0183120 secs] 6755047K->6424406K(12533952K), 0.0184510 secs] [Times: user=0.26 sys=0.00, real=0.02 secs] 
: 440896K->48960K(440896K), 0.0203050 secs] 6816342K->6490364K(12533952K), 0.0205690 secs] [Times: user=0.24 sys=0.01, real=0.02 secs] 
: 440843K->48960K(440896K), 0.0231000 secs] 6882248K->6556154K(12533952K), 0.0233520 secs] [Times: user=0.23 sys=0.00, real=0.03 secs] 
: 440687K->48919K(440896K), 0.0213460 secs] 6947882K->6619222K(12533952K), 0.0217450 secs] [Times: user=0.26 sys=0.00, real=0.02 secs] 
: 440855K->48960K(440896K), 0.0229020 secs] 7011158K->6684561K(12533952K), 0.0230570 secs] [Times: user=0.26 sys=0.00, real=0.02 secs] 
: 440810K->48960K(440896K), 0.0233940 secs] 7076412K->6750143K(12533952K), 0.0236000 secs] [Times: user=0.28 sys=0.00, real=0.03 secs] 
: 440640K->48947K(440896K), 0.0254240 secs] 7141824K->6815583K(12533952K), 0.0256440 secs] [Times: user=0.27 sys=0.00, real=0.03 secs] 
: 440730K->48936K(440896K), 0.0285570 secs] 7207366K->6880295K(12533952K), 0.0288090 secs] [Times: user=0.32 sys=0.00, real=0.03 secs] 
: 440689K->48955K(440896K), 0.0214170 secs] 7272048K->6947468K(12533952K), 0.0216500 secs] [Times: user=0.25 sys=0.01, real=0.03 secs] 
: 440891K->48960K(440896K), 0.0227400 secs] 7339404K->7009187K(12533952K), 0.0229350 secs] [Times: user=0.33 sys=0.00, real=0.02 secs] 
: 440860K->48960K(440896K), 0.0218940 secs] 7401088K->7074014K(12533952K), 0.0221120 secs] [Times: user=0.29 sys=0.00, real=0.02 secs] 
: 440896K->48950K(440896K), 0.0214500 secs] 7465950K->7138832K(12533952K), 0.0216630 secs] [Times: user=0.27 sys=0.01, real=0.02 secs] 
: 440829K->48960K(440896K), 0.0241930 secs] 7530710K->7209491K(12533952K), 0.0243860 secs] [Times: user=0.33 sys=0.00, real=0.02 secs] 
: 439581K->48958K(440896K), 0.0214580 secs] 7600113K->7272456K(12533952K), 0.0216550 secs] [Times: user=0.29 sys=0.01, real=0.02 secs] 
: 440698K->48960K(440896K), 0.0253190 secs] 7664196K->7341316K(12533952K), 0.0255340 secs] [Times: user=0.32 sys=0.00, real=0.03 secs] 
: 440691K->48960K(440896K), 0.0197830 secs] 7733047K->7402558K(12533952K), 0.0199790 secs] [Times: user=0.28 sys=0.00, real=0.02 secs] 
: 440896K->48960K(440896K), 0.0231980 secs] 7794494K->7467699K(12533952K), 0.0233970 secs] [Times: user=0.31 sys=0.01, real=0.02 secs] 
: 440896K->48935K(440896K), 0.0231760 secs] 7859635K->7533441K(12533952K), 0.0232960 secs] [Times: user=0.30 sys=0.00, real=0.03 secs] 
: 440694K->48960K(440896K), 0.0233120 secs] 7925201K->7598596K(12533952K), 0.0235210 secs] [Times: user=0.29 sys=0.00, real=0.02 secs] 
: 440831K->48960K(440896K), 0.0219930 secs] 7990468K->7663470K(12533952K), 0.0221570 secs] [Times: user=0.24 sys=0.00, real=0.02 secs] 
: 440896K->48960K(440896K), 0.0214680 secs] 8055406K->7728263K(12533952K), 0.0217080 secs] [Times: user=0.29 sys=0.01, real=0.02 secs] 
: 440896K->48960K(440896K), 0.0228320 secs] 8120199K->7791686K(12533952K), 0.0230610 secs] [Times: user=0.28 sys=0.00, real=0.02 secs] 
: 440889K->48960K(440896K), 0.0217740 secs] 8183615K->7856417K(12533952K), 0.0219540 secs] [Times: user=0.28 sys=0.00, real=0.03 secs] 
: 440896K->48960K(440896K), 0.0239650 secs] 8248353K->7921462K(12533952K), 0.0241630 secs] [Times: user=0.30 sys=0.00, real=0.02 secs] 
: 440740K->48960K(440896K), 0.0227930 secs] 8313242K->7986595K(12533952K), 0.0229970 secs] [Times: user=0.27 sys=0.01, real=0.02 secs] 
: 440824K->48960K(440896K), 0.0191550 secs] 8378459K->8051706K(12533952K), 0.0193550 secs] [Times: user=0.25 sys=0.01, real=0.02 secs] 
: 440896K->48960K(440896K), 0.0212690 secs] 8443642K->8117047K(12533952K), 0.0214930 secs] [Times: user=0.31 sys=0.00, real=0.02 secs] 
: 440678K->48960K(440896K), 0.0248630 secs] 8508766K->8183921K(12533952K), 0.0250590 secs] [Times: user=0.31 sys=0.00, real=0.03 secs] 
: 440680K->48960K(440896K), 0.0191760 secs] 8575642K->8246893K(12533952K), 0.0193980 secs] [Times: user=0.28 sys=0.00, real=0.02 secs] 
: 440799K->48960K(440896K), 0.0239830 secs] 8638732K->8315204K(12533952K), 0.0241490 secs] [Times: user=0.33 sys=0.01, real=0.03 secs] 
: 440896K->48960K(440896K), 0.0218090 secs] 8707140K->8378975K(12533952K), 0.0219620 secs] [Times: user=0.28 sys=0.00, real=0.02 secs] 
: 440774K->48960K(440896K), 0.0205910 secs] 8770790K->8443828K(12533952K), 0.0207910 secs] [Times: user=0.29 sys=0.00, real=0.02 secs] 
: 440886K->48960K(440896K), 0.0214240 secs] 8835755K->8508802K(12533952K), 0.0216290 secs] [Times: user=0.27 sys=0.00, real=0.02 secs] 
: 440601K->48960K(440896K), 0.0199450 secs] 8900443K->8573829K(12533952K), 0.0204030 secs] [Times: user=0.26 sys=0.01, real=0.02 secs] 
2015-04-01T01:36:06.866-0700: 13173966.938: [GC [1 CMS-initial-mark: 8524869K(12093056K)] 8575882K(12533952K), 0.0063430 secs] [Times: user=0.01 sys=0.00, real=0.01 secs] 
2015-04-01T01:36:07.251-0700: 13173967.324: [CMS-concurrent-mark: 0.379/0.379 secs] [Times: user=2.33 sys=0.00, real=0.37 secs] 
2015-04-01T01:36:07.286-0700: 13173967.358: [CMS-concurrent-preclean: 0.034/0.035 secs] [Times: user=0.03 sys=0.00, real=0.04 secs] 
2015-04-01T01:36:10.820-0700: 13173970.893: [CMS-concurrent-abortable-preclean: 1.730/3.534 secs] [Times: user=2.21 sys=0.20, real=3.53 secs] 
2015-04-01T01:36:10.821-0700: 13173970.894: [GC[YG occupancy: 252162 K (440896 K)]13173970.894: [Rescan (parallel) , 0.0055190 secs]13173970.899: [weak refs processing, 0.0024930 secs] [1 CMS-remark: 8524869K(12093056K)] 8777032K(12533952K), 0.0083510 secs] [Times: user=0.09 sys=0.00, real=0.01 secs] 
2015-04-01T01:36:11.493-0700: 13173971.565: [CMS-concurrent-sweep: 0.663/0.663 secs] [Times: user=0.73 sys=0.03, real=0.67 secs] 
2015-04-01T01:36:11.520-0700: 13173971.593: [CMS-concurrent-reset: 0.027/0.027 secs] [Times: user=0.03 sys=0.00, real=0.02 secs] 
: 440896K->48960K(440896K), 0.0186950 secs] 4268404K->3942753K(12533952K), 0.0188860 secs] [Times: user=0.32 sys=0.01, real=0.02 secs] 
: 440744K->48960K(440896K), 0.0214700 secs] 4334537K->4009888K(12533952K), 0.0217060 secs] [Times: user=0.33 sys=0.00, real=0.02 secs] 
: 440896K->48960K(440896K), 0.0170160 secs] 4401824K->4074859K(12533952K), 0.0171980 secs] [Times: user=0.25 sys=0.01, real=0.02 secs] 
: 440896K->48960K(440896K), 0.0207900 secs] 4466795K->4144418K(12533952K), 0.0210550 secs] [Times: user=0.32 sys=0.00, real=0.02 secs] 
: 440896K->48942K(440896K), 0.0195020 secs] 4536354K->4208241K(12533952K), 0.0197310 secs] [Times: user=0.27 sys=0.01, real=0.02 secs] 
: 440622K->48960K(440896K), 0.0178920 secs] 4599921K->4270372K(12533952K), 0.0181100 secs] [Times: user=0.26 sys=0.00, real=0.01 secs] 
: 440896K->48960K(440896K), 0.0209190 secs] 4662308K->4335463K(12533952K), 0.0210960 secs] [Times: user=0.28 sys=0.00, real=0.02 secs] 
: 440656K->48942K(440896K), 0.0258820 secs] 4727159K->4401131K(12533952K), 0.0262390 secs] [Times: user=0.33 sys=0.00, real=0.02 secs] 
: 440878K->48960K(440896K), 0.0258160 secs] 4793067K->4465920K(12533952K), 0.0260480 secs] [Times: user=0.28 sys=0.01, real=0.02 secs] 
: 440882K->48960K(440896K), 0.0236100 secs] 4857843K->4525824K(12533952K), 0.0238650 secs] [Times: user=0.26 sys=0.01, real=0.02 secs] 
: 440896K->48960K(440896K), 0.0215010 secs] 4917760K->4585157K(12533952K), 0.0217120 secs] [Times: user=0.26 sys=0.01, real=0.02 secs] 
: 440660K->48960K(440896K), 0.0243020 secs] 4976857K->4648634K(12533952K), 0.0245730 secs] [Times: user=0.36 sys=0.01, real=0.03 secs] 
: 440896K->48960K(440896K), 0.0226830 secs] 5040570K->4711589K(12533952K), 0.0229020 secs] [Times: user=0.33 sys=0.01, real=0.02 secs] 
: 440648K->48960K(440896K), 0.0207760 secs] 5103277K->4776145K(12533952K), 0.0209620 secs] [Times: user=0.28 sys=0.01, real=0.02 secs] 
: 440707K->48960K(440896K), 0.0177570 secs] 5167893K->4838507K(12533952K), 0.0179560 secs] [Times: user=0.26 sys=0.01, real=0.01 secs] 
: 440743K->48960K(440896K), 0.0221460 secs] 5230291K->4903773K(12533952K), 0.0223370 secs] [Times: user=0.33 sys=0.00, real=0.02 secs] 
: 440716K->48960K(440896K), 0.0215110 secs] 5295529K->4968615K(12533952K), 0.0217340 secs] [Times: user=0.30 sys=0.00, real=0.02 secs] 
: 440739K->48960K(440896K), 0.0188070 secs] 5360395K->5032720K(12533952K), 0.0189620 secs] [Times: user=0.25 sys=0.00, real=0.02 secs] 
: 440804K->48960K(440896K), 0.0184700 secs] 5424564K->5097509K(12533952K), 0.0186310 secs] [Times: user=0.24 sys=0.01, real=0.02 secs] 
: 440896K->48960K(440896K), 0.0187590 secs] 5489445K->5160357K(12533952K), 0.0189920 secs] [Times: user=0.24 sys=0.01, real=0.02 secs] 
: 440770K->48960K(440896K), 0.0234540 secs] 5552167K->5223915K(12533952K), 0.0236770 secs] [Times: user=0.27 sys=0.00, real=0.02 secs] 
: 440830K->48960K(440896K), 0.0282860 secs] 5615785K->5293021K(12533952K), 0.0285030 secs] [Times: user=0.31 sys=0.01, real=0.03 secs] 
: 440758K->48947K(440896K), 0.0290540 secs] 5684819K->5357800K(12533952K), 0.0292760 secs] [Times: user=0.30 sys=0.01, real=0.03 secs] 
: 440883K->48943K(440896K), 0.0281180 secs] 5749736K->5427505K(12533952K), 0.0283150 secs] [Times: user=0.34 sys=0.01, real=0.03 secs] 
: 440659K->48960K(440896K), 0.0240700 secs] 5819221K->5485307K(12533952K), 0.0242940 secs] [Times: user=0.30 sys=0.00, real=0.02 secs] 
: 440729K->48933K(440896K), 0.0242170 secs] 5877077K->5549863K(12533952K), 0.0244450 secs] [Times: user=0.31 sys=0.00, real=0.03 secs] 
: 440831K->48934K(440896K), 0.0205810 secs] 5941761K->5614986K(12533952K), 0.0207510 secs] [Times: user=0.25 sys=0.01, real=0.02 secs] 
: 440656K->48960K(440896K), 0.0229020 secs] 6006707K->5679943K(12533952K), 0.0230970 secs] [Times: user=0.33 sys=0.00, real=0.03 secs] 
: 440842K->48960K(440896K), 0.0210020 secs] 6071826K->5742823K(12533952K), 0.0212350 secs] [Times: user=0.31 sys=0.00, real=0.03 secs] 
: 440892K->48960K(440896K), 0.0216910 secs] 6134756K->5809094K(12533952K), 0.0219290 secs] [Times: user=0.28 sys=0.00, real=0.02 secs] 
: 440896K->48919K(440896K), 0.0226950 secs] 6201030K->5873897K(12533952K), 0.0229350 secs] [Times: user=0.30 sys=0.00, real=0.03 secs] 
: 440694K->48960K(440896K), 0.0209080 secs] 6265671K->5938372K(12533952K), 0.0211480 secs] [Times: user=0.30 sys=0.01, real=0.02 secs] 
: 440727K->48959K(440896K), 0.0226930 secs] 6330139K->6008821K(12533952K), 0.0229250 secs] [Times: user=0.26 sys=0.00, real=0.03 secs] 
: 440718K->48960K(440896K), 0.0222740 secs] 6400579K->6069485K(12533952K), 0.0224930 secs] [Times: user=0.25 sys=0.00, real=0.02 secs] 
: 440674K->48960K(440896K), 0.0209150 secs] 6461200K->6131288K(12533952K), 0.0210870 secs] [Times: user=0.26 sys=0.00, real=0.02 secs] 
: 440896K->48946K(440896K), 0.0266340 secs] 6523224K->6196357K(12533952K), 0.0268600 secs] [Times: user=0.29 sys=0.00, real=0.02 secs] 
: 440882K->48960K(440896K), 0.0214790 secs] 6588293K->6262588K(12533952K), 0.0216980 secs] [Times: user=0.28 sys=0.00, real=0.02 secs] 
: 440747K->48958K(440896K), 0.0227790 secs] 6654375K->6328059K(12533952K), 0.0230450 secs] [Times: user=0.31 sys=0.00, real=0.02 secs] 
: 440894K->48960K(440896K), 0.0237360 secs] 6719995K->6397533K(12533952K), 0.0239070 secs] [Times: user=0.31 sys=0.00, real=0.03 secs] 
: 440673K->48960K(440896K), 0.0190560 secs] 6789247K->6462624K(12533952K), 0.0192100 secs] [Times: user=0.26 sys=0.01, real=0.02 secs] 
: 440691K->48960K(440896K), 0.0201690 secs] 6854355K->6527767K(12533952K), 0.0203940 secs] [Times: user=0.27 sys=0.00, real=0.02 secs] 
: 440790K->48960K(440896K), 0.0238330 secs] 6919597K->6598763K(12533952K), 0.0241480 secs] [Times: user=0.35 sys=0.00, real=0.03 secs] 
: 440720K->48960K(440896K), 0.0241470 secs] 6990523K->6657007K(12533952K), 0.0243670 secs] [Times: user=0.36 sys=0.01, real=0.03 secs] 
: 440896K->48960K(440896K), 0.0209060 secs] 7048943K->6719378K(12533952K), 0.0211020 secs] [Times: user=0.30 sys=0.01, real=0.02 secs] 
: 440651K->48915K(440896K), 0.0241790 secs] 7111069K->6784585K(12533952K), 0.0243960 secs] [Times: user=0.31 sys=0.00, real=0.02 secs] 
: 440740K->48960K(440896K), 0.0227700 secs] 7176411K->6847094K(12533952K), 0.0229980 secs] [Times: user=0.32 sys=0.01, real=0.02 secs] 
: 440896K->48960K(440896K), 0.0214600 secs] 7239030K->6916038K(12533952K), 0.0216740 secs] [Times: user=0.24 sys=0.01, real=0.03 secs] 
: 440896K->48960K(440896K), 0.0190790 secs] 7307974K->6980503K(12533952K), 0.0193100 secs] [Times: user=0.26 sys=0.01, real=0.02 secs] 
: 440773K->48959K(440896K), 0.0209450 secs] 7372317K->7045560K(12533952K), 0.0211330 secs] [Times: user=0.32 sys=0.00, real=0.02 secs] 
: 440785K->48960K(440896K), 0.0254640 secs] 7437386K->7110645K(12533952K), 0.0257010 secs] [Times: user=0.32 sys=0.00, real=0.03 secs] 
: 440694K->48960K(440896K), 0.0254090 secs] 7502379K->7175895K(12533952K), 0.0256830 secs] [Times: user=0.34 sys=0.00, real=0.02 secs] 
: 440792K->48960K(440896K), 0.0174740 secs] 7567727K->7238536K(12533952K), 0.0176380 secs] [Times: user=0.26 sys=0.00, real=0.02 secs] 
: 440896K->48933K(440896K), 0.0262400 secs] 7630472K->7303551K(12533952K), 0.0264650 secs] [Times: user=0.33 sys=0.00, real=0.02 secs] 
: 440740K->48941K(440896K), 0.0210950 secs] 7695358K->7369095K(12533952K), 0.0213210 secs] [Times: user=0.31 sys=0.00, real=0.02 secs] 
: 440825K->48960K(440896K), 0.0195590 secs] 7760979K->7435907K(12533952K), 0.0197860 secs] [Times: user=0.29 sys=0.00, real=0.02 secs] 
: 440892K->48936K(440896K), 0.0249030 secs] 7827839K->7500834K(12533952K), 0.0251200 secs] [Times: user=0.33 sys=0.00, real=0.03 secs] 
: 440678K->48960K(440896K), 0.0228040 secs] 7892577K->7565969K(12533952K), 0.0230100 secs] [Times: user=0.30 sys=0.00, real=0.03 secs] 
: 440814K->48960K(440896K), 0.0236000 secs] 7957823K->7628861K(12533952K), 0.0238170 secs] [Times: user=0.34 sys=0.00, real=0.02 secs] 
: 440647K->48960K(440896K), 0.0188340 secs] 8020548K->7694158K(12533952K), 0.0190600 secs] [Times: user=0.26 sys=0.00, real=0.02 secs] 
: 440699K->48902K(440896K), 0.0230400 secs] 8085897K->7759491K(12533952K), 0.0232540 secs] [Times: user=0.32 sys=0.00, real=0.02 secs] 
: 440779K->48925K(440896K), 0.0214940 secs] 8151368K->7824486K(12533952K), 0.0217330 secs] [Times: user=0.27 sys=0.00, real=0.02 secs] 
: 440790K->48950K(440896K), 0.0242400 secs] 8216351K->7891288K(12533952K), 0.0244280 secs] [Times: user=0.34 sys=0.01, real=0.03 secs] 
: 440884K->48960K(440896K), 0.0217960 secs] 8283221K->7956519K(12533952K), 0.0220260 secs] [Times: user=0.30 sys=0.01, real=0.02 secs] 
: 440701K->48960K(440896K), 0.0255750 secs] 8348260K->8024995K(12533952K), 0.0258550 secs] [Times: user=0.29 sys=0.00, real=0.02 secs] 
: 440800K->48959K(440896K), 0.0227370 secs] 8416836K->8085408K(12533952K), 0.0229580 secs] [Times: user=0.30 sys=0.01, real=0.03 secs] 
: 440895K->48960K(440896K), 0.0213510 secs] 8477344K->8152967K(12533952K), 0.0215790 secs] [Times: user=0.30 sys=0.00, real=0.02 secs] 
: 440816K->48960K(440896K), 0.0225070 secs] 8544823K->8216188K(12533952K), 0.0227490 secs] [Times: user=0.32 sys=0.00, real=0.02 secs] 
: 440821K->48960K(440896K), 0.0227630 secs] 8608050K->8282903K(12533952K), 0.0229700 secs] [Times: user=0.30 sys=0.00, real=0.03 secs] 
: 440829K->48956K(440896K), 0.0218250 secs] 8674772K->8344692K(12533952K), 0.0220500 secs] [Times: user=0.29 sys=0.00, real=0.02 secs] 
: 440816K->48960K(440896K), 0.0221070 secs] 8736552K->8409289K(12533952K), 0.0223290 secs] [Times: user=0.30 sys=0.00, real=0.03 secs] 
: 440895K->48942K(440896K), 0.0207900 secs] 8801225K->8474431K(12533952K), 0.0210170 secs] [Times: user=0.28 sys=0.00, real=0.02 secs] 
: 440878K->48946K(440896K), 0.0209500 secs] 8866367K->8539644K(12533952K), 0.0211720 secs] [Times: user=0.25 sys=0.00, real=0.03 secs] 
2015-04-01T01:49:37.057-0700: 13174777.129: [GC [1 CMS-initial-mark: 8490697K(12093056K)] 8539779K(12533952K), 0.0030560 secs] [Times: user=0.01 sys=0.01, real=0.00 secs] 
2015-04-01T01:49:37.368-0700: 13174777.441: [CMS-concurrent-mark: 0.308/0.308 secs] [Times: user=1.92 sys=0.00, real=0.31 secs] 
2015-04-01T01:49:37.410-0700: 13174777.483: [CMS-concurrent-preclean: 0.041/0.042 secs] [Times: user=0.04 sys=0.00, real=0.04 secs] 
 CMS: abort preclean due to time 2015-04-01T01:49:42.484-0700: 13174782.557: [CMS-concurrent-abortable-preclean: 2.569/5.074 secs] [Times: user=3.06 sys=0.20, real=5.07 secs] 
2015-04-01T01:49:42.486-0700: 13174782.558: [GC[YG occupancy: 242656 K (440896 K)]13174782.558: [Rescan (parallel) , 0.0247980 secs]13174782.583: [weak refs processing, 0.0037000 secs] [1 CMS-remark: 8490697K(12093056K)] 8733354K(12533952K), 0.0288490 secs] [Times: user=0.47 sys=0.00, real=0.03 secs] 
2015-04-01T01:49:43.427-0700: 13174783.500: [CMS-concurrent-sweep: 0.912/0.912 secs] [Times: user=1.05 sys=0.03, real=0.92 secs] 
2015-04-01T01:49:43.454-0700: 13174783.527: [CMS-concurrent-reset: 0.027/0.027 secs] [Times: user=0.03 sys=0.00, real=0.02 secs] 
: 440706K->48960K(440896K), 0.0193120 secs] 3924831K->3600941K(12533952K), 0.0195280 secs] [Times: user=0.30 sys=0.00, real=0.02 secs] 
: 440777K->48960K(440896K), 0.0215890 secs] 3992758K->3665923K(12533952K), 0.0217630 secs] [Times: user=0.34 sys=0.00, real=0.03 secs] 
: 440896K->48960K(440896K), 0.0211930 secs] 4057859K->3730836K(12533952K), 0.0214160 secs] [Times: user=0.31 sys=0.00, real=0.03 secs] 
: 440679K->48944K(440896K), 0.0205170 secs] 4122556K->3796235K(12533952K), 0.0207050 secs] [Times: user=0.31 sys=0.00, real=0.02 secs] 
: 440880K->48960K(440896K), 0.0199080 secs] 4188171K->3865340K(12533952K), 0.0201270 secs] [Times: user=0.30 sys=0.00, real=0.02 secs] 
: 440896K->48960K(440896K), 0.0213270 secs] 4257276K->3934866K(12533952K), 0.0215460 secs] [Times: user=0.29 sys=0.00, real=0.02 secs] 
: 440875K->48960K(440896K), 0.0170810 secs] 4326781K->3995084K(12533952K), 0.0173090 secs] [Times: user=0.27 sys=0.00, real=0.02 secs] 
: 440896K->48960K(440896K), 0.0216890 secs] 4387020K->4070238K(12533952K), 0.0219220 secs] [Times: user=0.25 sys=0.00, real=0.02 secs] 
: 440896K->48939K(440896K), 0.0242130 secs] 4462174K->4126809K(12533952K), 0.0244360 secs] [Times: user=0.31 sys=0.01, real=0.03 secs] 
: 440850K->48943K(440896K), 0.0293500 secs] 4518719K->4192228K(12533952K), 0.0295710 secs] [Times: user=0.26 sys=0.02, real=0.03 secs] 
: 440633K->48959K(440896K), 0.0280710 secs] 4583918K->4253448K(12533952K), 0.0282890 secs] [Times: user=0.34 sys=0.00, real=0.03 secs] 
: 440895K->48911K(440896K), 0.0212040 secs] 4645384K->4318579K(12533952K), 0.0214250 secs] [Times: user=0.24 sys=0.01, real=0.02 secs] 
: 440769K->48960K(440896K), 0.0202130 secs] 4710437K->4383580K(12533952K), 0.0204820 secs] [Times: user=0.25 sys=0.00, real=0.02 secs] 
: 440833K->48960K(440896K), 0.0189430 secs] 4775453K->4448825K(12533952K), 0.0191570 secs] [Times: user=0.25 sys=0.01, real=0.02 secs] 
: 440864K->48960K(440896K), 0.0239500 secs] 4840730K->4514613K(12533952K), 0.0241200 secs] [Times: user=0.31 sys=0.00, real=0.02 secs] 
: 440763K->48960K(440896K), 0.0239330 secs] 4906417K->4579767K(12533952K), 0.0241560 secs] [Times: user=0.31 sys=0.00, real=0.03 secs] 
: 440860K->48960K(440896K), 0.0201190 secs] 4971667K->4644299K(12533952K), 0.0203370 secs] [Times: user=0.24 sys=0.00, real=0.02 secs] 
: 440896K->48960K(440896K), 0.0227230 secs] 5036235K->4707798K(12533952K), 0.0229530 secs] [Times: user=0.31 sys=0.01, real=0.02 secs] 
: 440786K->48960K(440896K), 0.0258690 secs] 5099624K->4773405K(12533952K), 0.0261980 secs] [Times: user=0.31 sys=0.01, real=0.03 secs] 
: 440751K->48960K(440896K), 0.0255170 secs] 5165196K->4842409K(12533952K), 0.0257190 secs] [Times: user=0.29 sys=0.00, real=0.03 secs] 
: 440880K->48960K(440896K), 0.0228490 secs] 5234329K->4907124K(12533952K), 0.0230010 secs] [Times: user=0.24 sys=0.00, real=0.03 secs] 
: 440884K->48960K(440896K), 0.0226490 secs] 5299049K->4972879K(12533952K), 0.0228170 secs] [Times: user=0.25 sys=0.01, real=0.03 secs] 
: 440890K->48960K(440896K), 0.0294130 secs] 5364810K->5039520K(12533952K), 0.0296120 secs] [Times: user=0.32 sys=0.00, real=0.03 secs] 
: 440690K->48960K(440896K), 0.0234620 secs] 5431250K->5104392K(12533952K), 0.0236150 secs] [Times: user=0.28 sys=0.01, real=0.02 secs] 
: 440896K->48960K(440896K), 0.0206130 secs] 5496328K->5167563K(12533952K), 0.0208160 secs] [Times: user=0.27 sys=0.01, real=0.02 secs] 
: 440740K->48960K(440896K), 0.0207300 secs] 5559343K->5232643K(12533952K), 0.0209060 secs] [Times: user=0.29 sys=0.01, real=0.02 secs] 
: 440859K->48960K(440896K), 0.0205280 secs] 5624543K->5297529K(12533952K), 0.0206810 secs] [Times: user=0.25 sys=0.01, real=0.02 secs] 
: 440679K->48960K(440896K), 0.0220190 secs] 5689249K->5364333K(12533952K), 0.0221730 secs] [Times: user=0.28 sys=0.01, real=0.02 secs] 
: 440749K->48959K(440896K), 0.0225120 secs] 5756123K->5431106K(12533952K), 0.0226650 secs] [Times: user=0.33 sys=0.00, real=0.02 secs] 
: 440807K->48960K(440896K), 0.0220580 secs] 5822954K->5495274K(12533952K), 0.0222730 secs] [Times: user=0.32 sys=0.00, real=0.02 secs] 
: 440693K->48960K(440896K), 0.0221070 secs] 5887007K->5557498K(12533952K), 0.0223190 secs] [Times: user=0.33 sys=0.00, real=0.03 secs] 
: 440888K->48960K(440896K), 0.0227980 secs] 5949426K->5629039K(12533952K), 0.0230020 secs] [Times: user=0.30 sys=0.00, real=0.03 secs] 
: 440841K->48960K(440896K), 0.0216780 secs] 6020920K->5693653K(12533952K), 0.0218850 secs] [Times: user=0.27 sys=0.00, real=0.02 secs] 
: 440851K->48960K(440896K), 0.0278880 secs] 6085545K->5755506K(12533952K), 0.0280980 secs] [Times: user=0.41 sys=0.00, real=0.03 secs] 
: 440761K->48920K(440896K), 0.0244990 secs] 6147308K->5819540K(12533952K), 0.0247060 secs] [Times: user=0.28 sys=0.01, real=0.03 secs] 
: 440856K->48930K(440896K), 0.0275450 secs] 6211476K->5881720K(12533952K), 0.0279180 secs] [Times: user=0.27 sys=0.00, real=0.03 secs] 
: 440831K->48960K(440896K), 0.0214650 secs] 6273621K->5943851K(12533952K), 0.0216750 secs] [Times: user=0.27 sys=0.00, real=0.02 secs] 
: 440695K->48960K(440896K), 0.0288700 secs] 6335586K->6015989K(12533952K), 0.0290660 secs] [Times: user=0.27 sys=0.00, real=0.03 secs] 
: 440722K->48960K(440896K), 0.0216100 secs] 6407752K->6074391K(12533952K), 0.0217810 secs] [Times: user=0.28 sys=0.01, real=0.03 secs] 
: 440850K->48960K(440896K), 0.0215210 secs] 6466282K->6136731K(12533952K), 0.0217140 secs] [Times: user=0.32 sys=0.00, real=0.02 secs] 
: 440864K->48951K(440896K), 0.0219590 secs] 6528636K->6200465K(12533952K), 0.0221580 secs] [Times: user=0.25 sys=0.00, real=0.02 secs] 
: 440692K->48960K(440896K), 0.0224670 secs] 6592205K->6265248K(12533952K), 0.0226720 secs] [Times: user=0.25 sys=0.01, real=0.02 secs] 
: 440891K->48960K(440896K), 0.0242060 secs] 6657180K->6330081K(12533952K), 0.0244000 secs] [Times: user=0.32 sys=0.00, real=0.03 secs] 
: 440691K->48960K(440896K), 0.0238910 secs] 6721813K->6398996K(12533952K), 0.0240850 secs] [Times: user=0.31 sys=0.00, real=0.03 secs] 
: 440809K->48960K(440896K), 0.0244550 secs] 6790845K->6461752K(12533952K), 0.0246580 secs] [Times: user=0.32 sys=0.00, real=0.02 secs] 
: 440665K->48960K(440896K), 0.0249580 secs] 6853458K->6531067K(12533952K), 0.0251680 secs] [Times: user=0.27 sys=0.00, real=0.03 secs] 
: 440665K->48960K(440896K), 0.0275610 secs] 6922772K->6593629K(12533952K), 0.0277840 secs] [Times: user=0.36 sys=0.00, real=0.02 secs] 
: 440877K->48960K(440896K), 0.0231710 secs] 6985547K->6661874K(12533952K), 0.0233960 secs] [Times: user=0.29 sys=0.01, real=0.02 secs] 
: 440766K->48960K(440896K), 0.0201510 secs] 7053680K->6725210K(12533952K), 0.0203000 secs] [Times: user=0.28 sys=0.00, real=0.02 secs] 
: 440896K->48960K(440896K), 0.0252100 secs] 7117146K->6790773K(12533952K), 0.0254330 secs] [Times: user=0.33 sys=0.01, real=0.03 secs] 
: 440672K->48960K(440896K), 0.0209630 secs] 7182485K->6855325K(12533952K), 0.0211710 secs] [Times: user=0.26 sys=0.01, real=0.02 secs] 
: 440896K->48960K(440896K), 0.0206390 secs] 7247261K->6923774K(12533952K), 0.0208800 secs] [Times: user=0.24 sys=0.00, real=0.02 secs] 
: 440865K->48940K(440896K), 0.0207490 secs] 7315680K->6984869K(12533952K), 0.0209450 secs] [Times: user=0.26 sys=0.01, real=0.02 secs] 
: 440649K->48950K(440896K), 0.0236080 secs] 7376578K->7049793K(12533952K), 0.0237920 secs] [Times: user=0.29 sys=0.00, real=0.03 secs] 
: 440863K->48960K(440896K), 0.0248750 secs] 7441706K->7120174K(12533952K), 0.0250650 secs] [Times: user=0.33 sys=0.00, real=0.02 secs] 
: 440800K->48960K(440896K), 0.0235270 secs] 7512015K->7181110K(12533952K), 0.0237230 secs] [Times: user=0.33 sys=0.00, real=0.03 secs] 
: 440792K->48905K(440896K), 0.0238540 secs] 7572943K->7246011K(12533952K), 0.0240520 secs] [Times: user=0.31 sys=0.00, real=0.02 secs] 
: 440798K->48960K(440896K), 0.0198520 secs] 7637904K->7311002K(12533952K), 0.0200490 secs] [Times: user=0.27 sys=0.00, real=0.02 secs] 
: 440840K->48944K(440896K), 0.0247600 secs] 7702882K->7375787K(12533952K), 0.0252850 secs] [Times: user=0.32 sys=0.00, real=0.03 secs] 
: 440880K->48960K(440896K), 0.0217830 secs] 7767723K->7437898K(12533952K), 0.0219710 secs] [Times: user=0.27 sys=0.01, real=0.03 secs] 
: 440671K->48960K(440896K), 0.0222590 secs] 7829609K->7501773K(12533952K), 0.0224440 secs] [Times: user=0.28 sys=0.00, real=0.02 secs] 
: 440896K->48960K(440896K), 0.0240350 secs] 7893709K->7568013K(12533952K), 0.0243910 secs] [Times: user=0.34 sys=0.00, real=0.02 secs] 
: 440723K->48960K(440896K), 0.0201640 secs] 7959777K->7632814K(12533952K), 0.0203200 secs] [Times: user=0.28 sys=0.01, real=0.02 secs] 
: 440896K->48960K(440896K), 0.0226970 secs] 8024750K->7691850K(12533952K), 0.0229010 secs] [Times: user=0.36 sys=0.00, real=0.02 secs] 
: 440753K->48960K(440896K), 0.0256760 secs] 8083644K->7760076K(12533952K), 0.0258810 secs] [Times: user=0.36 sys=0.01, real=0.02 secs] 
: 440896K->48960K(440896K), 0.0227260 secs] 8152012K->7819042K(12533952K), 0.0229210 secs] [Times: user=0.35 sys=0.00, real=0.03 secs] 
: 440896K->48960K(440896K), 0.0246840 secs] 8210978K->7881190K(12533952K), 0.0248820 secs] [Times: user=0.33 sys=0.01, real=0.02 secs] 
: 440896K->48960K(440896K), 0.0250420 secs] 8273126K->7948141K(12533952K), 0.0252570 secs] [Times: user=0.34 sys=0.01, real=0.03 secs] 
: 440874K->48902K(440896K), 0.0242230 secs] 8340055K->8010137K(12533952K), 0.0244180 secs] [Times: user=0.31 sys=0.00, real=0.02 secs] 
: 440838K->48933K(440896K), 0.0211940 secs] 8402073K->8074331K(12533952K), 0.0213690 secs] [Times: user=0.28 sys=0.01, real=0.02 secs] 
: 440654K->48959K(440896K), 0.0262440 secs] 8466052K->8137541K(12533952K), 0.0264930 secs] [Times: user=0.33 sys=0.00, real=0.03 secs] 
: 440691K->48960K(440896K), 0.0236690 secs] 8529274K->8201745K(12533952K), 0.0239070 secs] [Times: user=0.32 sys=0.00, real=0.02 secs] 
: 440672K->48960K(440896K), 0.0206880 secs] 8593458K->8267705K(12533952K), 0.0209320 secs] [Times: user=0.27 sys=0.00, real=0.02 secs] 
: 440881K->48959K(440896K), 0.0225340 secs] 8659626K->8332922K(12533952K), 0.0227160 secs] [Times: user=0.34 sys=0.00, real=0.02 secs] 
: 440722K->48960K(440896K), 0.0234890 secs] 8724686K->8399099K(12533952K), 0.0237250 secs] [Times: user=0.32 sys=0.00, real=0.02 secs] 
: 440896K->48960K(440896K), 0.0219640 secs] 8791035K->8464118K(12533952K), 0.0221880 secs] [Times: user=0.30 sys=0.00, real=0.02 secs] 
: 440896K->48960K(440896K), 0.0177660 secs] 8856054K->8526223K(12533952K), 0.0180090 secs] [Times: user=0.26 sys=0.00, real=0.02 secs] 
2015-04-01T02:03:19.093-0700: 13175599.166: [GC [1 CMS-initial-mark: 8477263K(12093056K)] 8526350K(12533952K), 0.0053930 secs] [Times: user=0.00 sys=0.00, real=0.00 secs] 
2015-04-01T02:03:19.413-0700: 13175599.486: [CMS-concurrent-mark: 0.314/0.314 secs] [Times: user=1.92 sys=0.00, real=0.32 secs] 
2015-04-01T02:03:19.447-0700: 13175599.519: [CMS-concurrent-preclean: 0.033/0.033 secs] [Times: user=0.04 sys=0.00, real=0.03 secs] 
 CMS: abort preclean due to time 2015-04-01T02:03:24.454-0700: 13175604.526: [CMS-concurrent-abortable-preclean: 2.499/5.007 secs] [Times: user=2.98 sys=0.17, real=5.01 secs] 
2015-04-01T02:03:24.455-0700: 13175604.528: [GC[YG occupancy: 230006 K (440896 K)]13175604.528: [Rescan (parallel) , 0.0069130 secs]13175604.535: [weak refs processing, 0.0030590 secs] [1 CMS-remark: 8477263K(12093056K)] 8707270K(12533952K), 0.0102880 secs] [Times: user=0.10 sys=0.00, real=0.01 secs] 
2015-04-01T02:03:25.158-0700: 13175605.230: [CMS-concurrent-sweep: 0.692/0.692 secs] [Times: user=0.73 sys=0.01, real=0.69 secs] 
2015-04-01T02:03:25.185-0700: 13175605.258: [CMS-concurrent-reset: 0.027/0.027 secs] [Times: user=0.02 sys=0.00, real=0.03 secs] 
: 440896K->48960K(440896K), 0.0212100 secs] 3803502K->3482157K(12533952K), 0.0214380 secs] [Times: user=0.34 sys=0.00, real=0.02 secs] 
: 440679K->48960K(440896K), 0.0172890 secs] 3873876K->3543861K(12533952K), 0.0174720 secs] [Times: user=0.29 sys=0.00, real=0.01 secs] 
: 440857K->48934K(440896K), 0.0195130 secs] 3935759K->3608808K(12533952K), 0.0197400 secs] [Times: user=0.30 sys=0.00, real=0.02 secs] 
: 440834K->48960K(440896K), 0.0189120 secs] 4000709K->3682104K(12533952K), 0.0191390 secs] [Times: user=0.30 sys=0.00, real=0.02 secs] 
: 440727K->48960K(440896K), 0.0214260 secs] 4073871K->3739179K(12533952K), 0.0216520 secs] [Times: user=0.31 sys=0.00, real=0.02 secs] 
: 440896K->48929K(440896K), 0.0206430 secs] 4131115K->3801564K(12533952K), 0.0208670 secs] [Times: user=0.31 sys=0.01, real=0.02 secs] 
: 440865K->48960K(440896K), 0.0186030 secs] 4193500K->3869003K(12533952K), 0.0188060 secs] [Times: user=0.29 sys=0.00, real=0.02 secs] 
: 440862K->48958K(440896K), 0.0221480 secs] 4260905K->3922971K(12533952K), 0.0223530 secs] [Times: user=0.36 sys=0.00, real=0.03 secs] 
: 440837K->48960K(440896K), 0.0319470 secs] 4314851K->4016427K(12533952K), 0.0321930 secs] [Times: user=0.42 sys=0.00, real=0.03 secs] 
: 440840K->48960K(440896K), 0.0235190 secs] 4408308K->4043794K(12533952K), 0.0237440 secs] [Times: user=0.35 sys=0.00, real=0.02 secs] 
: 440806K->48960K(440896K), 0.0264870 secs] 4435641K->4106978K(12533952K), 0.0266870 secs] [Times: user=0.31 sys=0.01, real=0.03 secs] 
: 440768K->48960K(440896K), 0.0230410 secs] 4498787K->4162653K(12533952K), 0.0232000 secs] [Times: user=0.36 sys=0.00, real=0.02 secs] 
: 440853K->48960K(440896K), 0.0224720 secs] 4554547K->4231165K(12533952K), 0.0226760 secs] [Times: user=0.31 sys=0.01, real=0.02 secs] 
: 440841K->48960K(440896K), 0.0224580 secs] 4623047K->4287035K(12533952K), 0.0226640 secs] [Times: user=0.35 sys=0.00, real=0.02 secs] 
: 440648K->48960K(440896K), 0.0245680 secs] 4678724K->4363601K(12533952K), 0.0247870 secs] [Times: user=0.37 sys=0.00, real=0.03 secs] 
: 440763K->48960K(440896K), 0.0235880 secs] 4755404K->4414829K(12533952K), 0.0238090 secs] [Times: user=0.36 sys=0.00, real=0.02 secs] 
: 440809K->48960K(440896K), 0.0198930 secs] 4806679K->4471735K(12533952K), 0.0200440 secs] [Times: user=0.31 sys=0.00, real=0.02 secs] 
: 440896K->48960K(440896K), 0.0213050 secs] 4863671K->4528960K(12533952K), 0.0214580 secs] [Times: user=0.34 sys=0.01, real=0.02 secs] 
: 440767K->48960K(440896K), 0.0226580 secs] 4920767K->4590973K(12533952K), 0.0228610 secs] [Times: user=0.35 sys=0.00, real=0.03 secs] 
: 440891K->48960K(440896K), 0.0188110 secs] 4982905K->4668962K(12533952K), 0.0190070 secs] [Times: user=0.26 sys=0.00, real=0.02 secs] 
: 440896K->48960K(440896K), 0.0214580 secs] 5060898K->4729896K(12533952K), 0.0216560 secs] [Times: user=0.32 sys=0.00, real=0.02 secs] 
: 440876K->48955K(440896K), 0.0247760 secs] 5121813K->4789103K(12533952K), 0.0249750 secs] [Times: user=0.34 sys=0.01, real=0.03 secs] 
: 440709K->48947K(440896K), 0.0203330 secs] 5180857K->4846015K(12533952K), 0.0204920 secs] [Times: user=0.28 sys=0.00, real=0.02 secs] 
: 440883K->48910K(440896K), 0.0264860 secs] 5237951K->4907895K(12533952K), 0.0266490 secs] [Times: user=0.30 sys=0.00, real=0.02 secs] 
: 440846K->48960K(440896K), 0.0281810 secs] 5299831K->4967413K(12533952K), 0.0283820 secs] [Times: user=0.34 sys=0.01, real=0.03 secs] 
: 440771K->48960K(440896K), 0.0237660 secs] 5359224K->5030637K(12533952K), 0.0239300 secs] [Times: user=0.32 sys=0.00, real=0.02 secs] 
: 440644K->48960K(440896K), 0.0217570 secs] 5422321K->5107133K(12533952K), 0.0219560 secs] [Times: user=0.31 sys=0.01, real=0.02 secs] 
: 440690K->48960K(440896K), 0.0188900 secs] 5498864K->5159633K(12533952K), 0.0190170 secs] [Times: user=0.30 sys=0.00, real=0.02 secs] 
: 440889K->48960K(440896K), 0.0226950 secs] 5551562K->5225017K(12533952K), 0.0229170 secs] [Times: user=0.29 sys=0.00, real=0.02 secs] 
: 440698K->48960K(440896K), 0.0185080 secs] 5616755K->5289184K(12533952K), 0.0186560 secs] [Times: user=0.30 sys=0.00, real=0.02 secs] 
: 440745K->48960K(440896K), 0.0189140 secs] 5680970K->5360953K(12533952K), 0.0190740 secs] [Times: user=0.33 sys=0.00, real=0.02 secs] 
: 440709K->48960K(440896K), 0.0193760 secs] 5752702K->5425871K(12533952K), 0.0195140 secs] [Times: user=0.32 sys=0.01, real=0.02 secs] 
: 440845K->48960K(440896K), 0.0223610 secs] 5817756K->5482955K(12533952K), 0.0225970 secs] [Times: user=0.34 sys=0.00, real=0.02 secs] 
: 440896K->48960K(440896K), 0.0197270 secs] 5874891K->5546082K(12533952K), 0.0198740 secs] [Times: user=0.29 sys=0.00, real=0.02 secs] 
: 440827K->48960K(440896K), 0.0200260 secs] 5937950K->5611401K(12533952K), 0.0202240 secs] [Times: user=0.30 sys=0.00, real=0.02 secs] 
: 440709K->48960K(440896K), 0.0251750 secs] 6003150K->5674187K(12533952K), 0.0253750 secs] [Times: user=0.35 sys=0.01, real=0.03 secs] 
: 440849K->48960K(440896K), 0.0199280 secs] 6066076K->5744850K(12533952K), 0.0201110 secs] [Times: user=0.29 sys=0.00, real=0.02 secs] 
: 440893K->48960K(440896K), 0.0253910 secs] 6136784K->5796804K(12533952K), 0.0255870 secs] [Times: user=0.30 sys=0.01, real=0.02 secs] 
: 440807K->48960K(440896K), 0.0252470 secs] 6188651K->5855189K(12533952K), 0.0254490 secs] [Times: user=0.34 sys=0.01, real=0.02 secs] 
: 440892K->48960K(440896K), 0.0248130 secs] 6247122K->5922765K(12533952K), 0.0250140 secs] [Times: user=0.35 sys=0.01, real=0.03 secs] 
: 440851K->48960K(440896K), 0.0216400 secs] 6314656K->5966093K(12533952K), 0.0218530 secs] [Times: user=0.30 sys=0.00, real=0.02 secs] 
: 440713K->48960K(440896K), 0.0238990 secs] 6357846K->6023475K(12533952K), 0.0240970 secs] [Times: user=0.36 sys=0.00, real=0.03 secs] 
: 440896K->48960K(440896K), 0.0248340 secs] 6415411K->6088497K(12533952K), 0.0250520 secs] [Times: user=0.35 sys=0.00, real=0.03 secs] 
: 440836K->48960K(440896K), 0.0230880 secs] 6480374K->6148767K(12533952K), 0.0233080 secs] [Times: user=0.33 sys=0.00, real=0.02 secs] 
: 440758K->48960K(440896K), 0.0260920 secs] 6540565K->6192801K(12533952K), 0.0262790 secs] [Times: user=0.36 sys=0.01, real=0.03 secs] 
: 440784K->48960K(440896K), 0.0222120 secs] 6584625K->6258764K(12533952K), 0.0224100 secs] [Times: user=0.35 sys=0.01, real=0.02 secs] 
: 440754K->48960K(440896K), 0.0195910 secs] 6650559K->6328045K(12533952K), 0.0198010 secs] [Times: user=0.30 sys=0.00, real=0.02 secs] 
: 440748K->48960K(440896K), 0.0241380 secs] 6719833K->6388817K(12533952K), 0.0243580 secs] [Times: user=0.33 sys=0.00, real=0.02 secs] 
: 440754K->48960K(440896K), 0.0237940 secs] 6780612K->6458093K(12533952K), 0.0239750 secs] [Times: user=0.30 sys=0.00, real=0.02 secs] 
: 440896K->48960K(440896K), 0.0213040 secs] 6850029K->6524935K(12533952K), 0.0215030 secs] [Times: user=0.31 sys=0.01, real=0.02 secs] 
: 440725K->48960K(440896K), 0.0221550 secs] 6916701K->6581697K(12533952K), 0.0223590 secs] [Times: user=0.29 sys=0.00, real=0.02 secs] 
: 440824K->48960K(440896K), 0.0215180 secs] 6973562K->6639886K(12533952K), 0.0217260 secs] [Times: user=0.27 sys=0.00, real=0.03 secs] 
: 440651K->48960K(440896K), 0.0223860 secs] 7031577K->6705583K(12533952K), 0.0226760 secs] [Times: user=0.29 sys=0.00, real=0.02 secs] 
: 440855K->48960K(440896K), 0.0225460 secs] 7097478K->6774735K(12533952K), 0.0227010 secs] [Times: user=0.32 sys=0.01, real=0.03 secs] 
: 440763K->48960K(440896K), 0.0194910 secs] 7166539K->6835273K(12533952K), 0.0197020 secs] [Times: user=0.27 sys=0.00, real=0.02 secs] 
: 440896K->48960K(440896K), 0.0219380 secs] 7227209K->6897507K(12533952K), 0.0221740 secs] [Times: user=0.34 sys=0.00, real=0.02 secs] 
: 440876K->48960K(440896K), 0.0232400 secs] 7289424K->6959422K(12533952K), 0.0234420 secs] [Times: user=0.30 sys=0.00, real=0.02 secs] 
: 440664K->48960K(440896K), 0.0226100 secs] 7351126K->7025106K(12533952K), 0.0229260 secs] [Times: user=0.32 sys=0.01, real=0.02 secs] 
: 440759K->48960K(440896K), 0.0237380 secs] 7416906K->7090481K(12533952K), 0.0239330 secs] [Times: user=0.36 sys=0.01, real=0.03 secs] 
: 440896K->48960K(440896K), 0.0199600 secs] 7482417K->7153723K(12533952K), 0.0201550 secs] [Times: user=0.25 sys=0.01, real=0.02 secs] 
: 440896K->48960K(440896K), 0.0237190 secs] 7545659K->7214655K(12533952K), 0.0238710 secs] [Times: user=0.27 sys=0.01, real=0.02 secs] 
: 440896K->48960K(440896K), 0.0196260 secs] 7606591K->7278997K(12533952K), 0.0197860 secs] [Times: user=0.29 sys=0.01, real=0.02 secs] 
: 440727K->48960K(440896K), 0.0177020 secs] 7670764K->7348967K(12533952K), 0.0179060 secs] [Times: user=0.28 sys=0.00, real=0.02 secs] 
: 440827K->48960K(440896K), 0.0231470 secs] 7740835K->7409305K(12533952K), 0.0233500 secs] [Times: user=0.35 sys=0.01, real=0.03 secs] 
: 440681K->48960K(440896K), 0.0229600 secs] 7801027K->7476841K(12533952K), 0.0231590 secs] [Times: user=0.31 sys=0.00, real=0.02 secs] 
: 440728K->48960K(440896K), 0.0204860 secs] 7868610K->7538314K(12533952K), 0.0206490 secs] [Times: user=0.26 sys=0.00, real=0.02 secs] 
: 440719K->48960K(440896K), 0.0238750 secs] 7930073K->7604885K(12533952K), 0.0240710 secs] [Times: user=0.31 sys=0.01, real=0.03 secs] 
: 440746K->48960K(440896K), 0.0182380 secs] 7996672K->7667162K(12533952K), 0.0184000 secs] [Times: user=0.27 sys=0.00, real=0.02 secs] 
: 440735K->48960K(440896K), 0.0182640 secs] 8058937K->7728019K(12533952K), 0.0184630 secs] [Times: user=0.29 sys=0.00, real=0.02 secs] 
: 440646K->48960K(440896K), 0.0238470 secs] 8119706K->7793446K(12533952K), 0.0240480 secs] [Times: user=0.31 sys=0.01, real=0.02 secs] 
: 440890K->48960K(440896K), 0.0199310 secs] 8185376K->7861275K(12533952K), 0.0201340 secs] [Times: user=0.29 sys=0.01, real=0.02 secs] 
: 440696K->48960K(440896K), 0.0219570 secs] 8253011K->7929953K(12533952K), 0.0225080 secs] [Times: user=0.32 sys=0.01, real=0.02 secs] 
: 440818K->48960K(440896K), 0.0197070 secs] 8321811K->7981847K(12533952K), 0.0199100 secs] [Times: user=0.29 sys=0.00, real=0.02 secs] 
: 440728K->48960K(440896K), 0.0177570 secs] 8373615K->8055417K(12533952K), 0.0179350 secs] [Times: user=0.27 sys=0.00, real=0.02 secs] 
: 440711K->48960K(440896K), 0.0208920 secs] 8447169K->8112981K(12533952K), 0.0210590 secs] [Times: user=0.31 sys=0.00, real=0.02 secs] 
: 440756K->48960K(440896K), 0.0206060 secs] 8504778K->8173601K(12533952K), 0.0207900 secs] [Times: user=0.29 sys=0.00, real=0.02 secs] 
: 440896K->48960K(440896K), 0.0211310 secs] 8565537K->8236803K(12533952K), 0.0213420 secs] [Times: user=0.26 sys=0.00, real=0.02 secs] 
: 440896K->48960K(440896K), 0.0197900 secs] 8628739K->8301277K(12533952K), 0.0199180 secs] [Times: user=0.27 sys=0.00, real=0.02 secs] 
: 440896K->48960K(440896K), 0.0191290 secs] 8693213K->8369013K(12533952K), 0.0192870 secs] [Times: user=0.32 sys=0.00, real=0.02 secs] 
: 440863K->48960K(440896K), 0.0205310 secs] 8760917K->8431004K(12533952K), 0.0207420 secs] [Times: user=0.28 sys=0.01, real=0.02 secs] 
: 440774K->48960K(440896K), 0.0200930 secs] 8822819K->8494866K(12533952K), 0.0202930 secs] [Times: user=0.26 sys=0.01, real=0.02 secs] 
: 440896K->48960K(440896K), 0.0174720 secs] 8886802K->8560613K(12533952K), 0.0176900 secs] [Times: user=0.28 sys=0.00, real=0.02 secs] 
2015-04-01T02:27:34.733-0700: 13177054.805: [GC [1 CMS-initial-mark: 8511653K(12093056K)] 8560705K(12533952K), 0.0035640 secs] [Times: user=0.00 sys=0.00, real=0.00 secs] 
2015-04-01T02:27:35.062-0700: 13177055.134: [CMS-concurrent-mark: 0.325/0.325 secs] [Times: user=1.98 sys=0.00, real=0.33 secs] 
2015-04-01T02:27:35.096-0700: 13177055.168: [CMS-concurrent-preclean: 0.034/0.034 secs] [Times: user=0.04 sys=0.00, real=0.03 secs] 
 CMS: abort preclean due to time 2015-04-01T02:27:40.183-0700: 13177060.256: [CMS-concurrent-abortable-preclean: 2.582/5.088 secs] [Times: user=3.06 sys=0.17, real=5.09 secs] 
2015-04-01T02:27:40.185-0700: 13177060.257: [GC[YG occupancy: 226025 K (440896 K)]13177060.257: [Rescan (parallel) , 0.0061490 secs]13177060.264: [weak refs processing, 0.0093120 secs] [1 CMS-remark: 8511653K(12093056K)] 8737679K(12533952K), 0.0159400 secs] [Times: user=0.09 sys=0.00, real=0.01 secs] 
2015-04-01T02:27:40.985-0700: 13177061.058: [CMS-concurrent-sweep: 0.784/0.784 secs] [Times: user=0.87 sys=0.04, real=0.79 secs] 
2015-04-01T02:27:41.012-0700: 13177061.085: [CMS-concurrent-reset: 0.027/0.027 secs] [Times: user=0.03 sys=0.00, real=0.03 secs] 
: 440789K->48960K(440896K), 0.0213920 secs] 3990801K->3664581K(12533952K), 0.0216030 secs] [Times: user=0.35 sys=0.00, real=0.02 secs] 
: 440896K->48960K(440896K), 0.0169390 secs] 4056517K->3736713K(12533952K), 0.0170930 secs] [Times: user=0.28 sys=0.00, real=0.02 secs] 
: 440832K->48960K(440896K), 0.0166740 secs] 4128585K->3790648K(12533952K), 0.0168130 secs] [Times: user=0.27 sys=0.01, real=0.02 secs] 
: 440896K->48960K(440896K), 0.0194000 secs] 4182584K->3855499K(12533952K), 0.0195990 secs] [Times: user=0.31 sys=0.00, real=0.02 secs] 
: 440684K->48960K(440896K), 0.0196300 secs] 4247224K->3920202K(12533952K), 0.0198270 secs] [Times: user=0.31 sys=0.00, real=0.02 secs] 
: 440863K->48960K(440896K), 0.0212560 secs] 4312105K->3984790K(12533952K), 0.0214530 secs] [Times: user=0.32 sys=0.01, real=0.02 secs] 
: 440896K->48960K(440896K), 0.0215460 secs] 4376726K->4052132K(12533952K), 0.0217850 secs] [Times: user=0.33 sys=0.00, real=0.02 secs] 
: 440864K->48960K(440896K), 0.0209510 secs] 4444036K->4119405K(12533952K), 0.0211030 secs] [Times: user=0.32 sys=0.00, real=0.02 secs] 
: 440809K->48960K(440896K), 0.0241300 secs] 4511254K->4179048K(12533952K), 0.0243320 secs] [Times: user=0.29 sys=0.01, real=0.03 secs] 
: 440688K->48960K(440896K), 0.0261280 secs] 4570777K->4234275K(12533952K), 0.0263220 secs] [Times: user=0.28 sys=0.01, real=0.03 secs] 
: 440663K->48960K(440896K), 0.0276780 secs] 4625978K->4293777K(12533952K), 0.0278880 secs] [Times: user=0.33 sys=0.00, real=0.03 secs] 
: 440703K->48960K(440896K), 0.0213690 secs] 4685521K->4360674K(12533952K), 0.0216080 secs] [Times: user=0.30 sys=0.01, real=0.02 secs] 
: 440896K->48960K(440896K), 0.0225240 secs] 4752610K->4425108K(12533952K), 0.0227150 secs] [Times: user=0.29 sys=0.00, real=0.03 secs] 
: 440724K->48960K(440896K), 0.0237810 secs] 4816872K->4483257K(12533952K), 0.0240040 secs] [Times: user=0.32 sys=0.00, real=0.03 secs] 
: 440793K->48960K(440896K), 0.0215050 secs] 4875090K->4543775K(12533952K), 0.0217370 secs] [Times: user=0.23 sys=0.01, real=0.02 secs] 
: 440886K->48960K(440896K), 0.0200970 secs] 4935701K->4610011K(12533952K), 0.0203130 secs] [Times: user=0.24 sys=0.01, real=0.02 secs] 
: 440673K->48960K(440896K), 0.0198130 secs] 5001725K->4677182K(12533952K), 0.0200480 secs] [Times: user=0.29 sys=0.00, real=0.02 secs] 
: 440815K->48960K(440896K), 0.0215960 secs] 5069038K->4743031K(12533952K), 0.0218490 secs] [Times: user=0.34 sys=0.00, real=0.02 secs] 
: 440896K->48960K(440896K), 0.0209050 secs] 5134967K->4804085K(12533952K), 0.0211520 secs] [Times: user=0.31 sys=0.00, real=0.02 secs] 
: 440840K->48960K(440896K), 0.0220360 secs] 5195965K->4866694K(12533952K), 0.0222370 secs] [Times: user=0.33 sys=0.01, real=0.02 secs] 
: 440741K->48960K(440896K), 0.0198110 secs] 5258475K->4934708K(12533952K), 0.0199840 secs] [Times: user=0.26 sys=0.00, real=0.02 secs] 
: 440717K->48960K(440896K), 0.0208600 secs] 5326465K->5011005K(12533952K), 0.0210740 secs] [Times: user=0.29 sys=0.00, real=0.02 secs] 
: 440896K->48960K(440896K), 0.0212310 secs] 5402941K->5062218K(12533952K), 0.0214710 secs] [Times: user=0.31 sys=0.00, real=0.02 secs] 
: 440774K->48960K(440896K), 0.0229810 secs] 5454033K->5120867K(12533952K), 0.0231330 secs] [Times: user=0.32 sys=0.00, real=0.02 secs] 
: 440896K->48960K(440896K), 0.0254930 secs] 5512803K->5187994K(12533952K), 0.0257230 secs] [Times: user=0.33 sys=0.01, real=0.03 secs] 
: 440839K->48960K(440896K), 0.0253410 secs] 5579874K->5244282K(12533952K), 0.0255260 secs] [Times: user=0.40 sys=0.00, real=0.03 secs] 
: 440892K->48960K(440896K), 0.0241600 secs] 5636214K->5309502K(12533952K), 0.0244220 secs] [Times: user=0.35 sys=0.00, real=0.02 secs] 
: 440896K->48960K(440896K), 0.0224850 secs] 5701438K->5373487K(12533952K), 0.0226300 secs] [Times: user=0.34 sys=0.01, real=0.03 secs] 
: 440896K->48960K(440896K), 0.0220700 secs] 5765423K->5432286K(12533952K), 0.0223020 secs] [Times: user=0.34 sys=0.00, real=0.02 secs] 
: 440770K->48960K(440896K), 0.0221620 secs] 5824097K->5490531K(12533952K), 0.0223830 secs] [Times: user=0.29 sys=0.00, real=0.02 secs] 
: 440807K->48960K(440896K), 0.0236000 secs] 5882378K->5551890K(12533952K), 0.0238210 secs] [Times: user=0.34 sys=0.01, real=0.03 secs] 
: 440894K->48960K(440896K), 0.0226640 secs] 5943824K->5622630K(12533952K), 0.0228820 secs] [Times: user=0.35 sys=0.00, real=0.02 secs] 
: 440764K->48960K(440896K), 0.0200540 secs] 6014435K->5687029K(12533952K), 0.0202770 secs] [Times: user=0.30 sys=0.00, real=0.02 secs] 
: 440735K->48960K(440896K), 0.0236730 secs] 6078804K->5739555K(12533952K), 0.0238900 secs] [Times: user=0.36 sys=0.00, real=0.02 secs] 
: 440873K->48960K(440896K), 0.0241160 secs] 6131468K->5805517K(12533952K), 0.0243570 secs] [Times: user=0.34 sys=0.01, real=0.02 secs] 
: 440794K->48960K(440896K), 0.0215770 secs] 6197352K->5859425K(12533952K), 0.0218080 secs] [Times: user=0.26 sys=0.01, real=0.02 secs] 
: 440847K->48960K(440896K), 0.0230420 secs] 6251312K->5925253K(12533952K), 0.0232650 secs] [Times: user=0.34 sys=0.01, real=0.02 secs] 
: 440896K->48960K(440896K), 0.0272370 secs] 6317189K->5997075K(12533952K), 0.0274280 secs] [Times: user=0.37 sys=0.01, real=0.03 secs] 
: 440896K->48960K(440896K), 0.0223170 secs] 6389011K->6049879K(12533952K), 0.0226030 secs] [Times: user=0.33 sys=0.00, real=0.03 secs] 
: 440896K->48960K(440896K), 0.0245110 secs] 6441815K->6114735K(12533952K), 0.0247650 secs] [Times: user=0.39 sys=0.00, real=0.03 secs] 
: 440805K->48960K(440896K), 0.0209040 secs] 6506580K->6179294K(12533952K), 0.0211040 secs] [Times: user=0.31 sys=0.00, real=0.03 secs] 
: 440895K->48960K(440896K), 0.0220110 secs] 6571230K->6241914K(12533952K), 0.0222090 secs] [Times: user=0.30 sys=0.00, real=0.02 secs] 
: 440785K->48660K(440896K), 0.0172410 secs] 6633739K->6283996K(12533952K), 0.0174490 secs] [Times: user=0.21 sys=0.00, real=0.02 secs] 
: 440579K->35888K(440896K), 0.0127590 secs] 6675915K->6271224K(12533952K), 0.0130080 secs] [Times: user=0.24 sys=0.00, real=0.01 secs] 
: 427824K->27625K(440896K), 0.0111840 secs] 6663160K->6262960K(12533952K), 0.0113580 secs] [Times: user=0.20 sys=0.00, real=0.01 secs] 
: 419561K->28055K(440896K), 0.0130130 secs] 6654896K->6263390K(12533952K), 0.0132200 secs] [Times: user=0.27 sys=0.00, real=0.01 secs] 
: 419991K->9034K(440896K), 0.0141310 secs] 6655326K->6263385K(12533952K), 0.0142460 secs] [Times: user=0.26 sys=0.01, real=0.01 secs] 
: 400970K->11003K(440896K), 0.0093300 secs] 6655321K->6266995K(12533952K), 0.0095290 secs] [Times: user=0.17 sys=0.00, real=0.01 secs] 
: 402939K->13013K(440896K), 0.0152020 secs] 6658931K->6270078K(12533952K), 0.0153640 secs] [Times: user=0.29 sys=0.00, real=0.01 secs] 
: 404949K->13019K(440896K), 0.0138660 secs] 6662014K->6272703K(12533952K), 0.0141140 secs] [Times: user=0.28 sys=0.00, real=0.01 secs] 
: 404955K->15198K(440896K), 0.0141070 secs] 6664639K->6275697K(12533952K), 0.0142990 secs] [Times: user=0.28 sys=0.00, real=0.01 secs] 
: 407134K->13401K(440896K), 0.0098690 secs] 6667633K->6278609K(12533952K), 0.0100550 secs] [Times: user=0.17 sys=0.00, real=0.01 secs] 
: 405337K->12441K(440896K), 0.0144320 secs] 6670545K->6281214K(12533952K), 0.0146530 secs] [Times: user=0.28 sys=0.00, real=0.01 secs] 
: 404377K->13094K(440896K), 0.0126720 secs] 6673150K->6284579K(12533952K), 0.0129250 secs] [Times: user=0.24 sys=0.00, real=0.01 secs] 
: 405030K->12511K(440896K), 0.0146750 secs] 6676515K->6287042K(12533952K), 0.0149260 secs] [Times: user=0.27 sys=0.00, real=0.01 secs] 
: 404447K->12111K(440896K), 0.0143510 secs] 6678978K->6289688K(12533952K), 0.0146230 secs] [Times: user=0.29 sys=0.00, real=0.01 secs] 
: 404047K->12501K(440896K), 0.0153310 secs] 6681624K->6292403K(12533952K), 0.0155550 secs] [Times: user=0.29 sys=0.00, real=0.01 secs] 
: 404437K->11702K(440896K), 0.0152030 secs] 6684339K->6295141K(12533952K), 0.0154660 secs] [Times: user=0.23 sys=0.00, real=0.02 secs] 
: 403618K->11376K(440896K), 0.0107840 secs] 6687057K->6296986K(12533952K), 0.0110270 secs] [Times: user=0.20 sys=0.00, real=0.02 secs] 
: 403312K->11016K(440896K), 0.0116830 secs] 6688922K->6299117K(12533952K), 0.0119350 secs] [Times: user=0.22 sys=0.00, real=0.01 secs] 
: 402952K->11052K(440896K), 0.0129620 secs] 6691053K->6301835K(12533952K), 0.0131730 secs] [Times: user=0.25 sys=0.01, real=0.01 secs] 
: 402988K->9915K(440896K), 0.0128850 secs] 6693771K->6303080K(12533952K), 0.0131360 secs] [Times: user=0.24 sys=0.00, real=0.01 secs] 
: 401851K->9222K(440896K), 0.0091090 secs] 6695016K->6304877K(12533952K), 0.0093300 secs] [Times: user=0.16 sys=0.00, real=0.01 secs] 
: 401158K->8611K(440896K), 0.0132010 secs] 6696813K->6306796K(12533952K), 0.0134400 secs] [Times: user=0.25 sys=0.00, real=0.01 secs] 
: 400547K->7876K(440896K), 0.0128540 secs] 6698732K->6308449K(12533952K), 0.0130860 secs] [Times: user=0.25 sys=0.00, real=0.01 secs] 
: 399812K->7595K(440896K), 0.0092740 secs] 6700385K->6309587K(12533952K), 0.0094870 secs] [Times: user=0.17 sys=0.00, real=0.01 secs] 
: 399531K->6910K(440896K), 0.0132990 secs] 6701523K->6310709K(12533952K), 0.0135550 secs] [Times: user=0.24 sys=0.00, real=0.01 secs] 
: 398846K->6148K(440896K), 0.0129360 secs] 6702645K->6311947K(12533952K), 0.0131760 secs] [Times: user=0.25 sys=0.00, real=0.01 secs] 
: 398017K->4802K(440896K), 0.0097780 secs] 6703815K->6312347K(12533952K), 0.0102200 secs] [Times: user=0.16 sys=0.00, real=0.01 secs] 
: 396738K->4640K(440896K), 0.0146450 secs] 6704283K->6313282K(12533952K), 0.0148650 secs] [Times: user=0.30 sys=0.01, real=0.01 secs] 
: 396576K->4874K(440896K), 0.0116830 secs] 6705218K->6314489K(12533952K), 0.0118850 secs] [Times: user=0.20 sys=0.00, real=0.01 secs] 
: 396810K->4280K(440896K), 0.0110550 secs] 6706425K->6315094K(12533952K), 0.0112310 secs] [Times: user=0.21 sys=0.00, real=0.01 secs] 
: 396216K->4130K(440896K), 0.0108900 secs] 6707030K->6315485K(12533952K), 0.0111220 secs] [Times: user=0.19 sys=0.00, real=0.01 secs] 
: 396066K->3529K(440896K), 0.0114240 secs] 6707421K->6315724K(12533952K), 0.0117070 secs] [Times: user=0.22 sys=0.00, real=0.01 secs] 
: 395465K->3329K(440896K), 0.0117140 secs] 6707660K->6316670K(12533952K), 0.0119660 secs] [Times: user=0.22 sys=0.00, real=0.01 secs] 
: 395265K->3395K(440896K), 0.0130790 secs] 6708606K->6317180K(12533952K), 0.0133120 secs] [Times: user=0.25 sys=0.00, real=0.02 secs] 
: 395331K->2919K(440896K), 0.0125060 secs] 6709116K->6317293K(12533952K), 0.0126990 secs] [Times: user=0.19 sys=0.00, real=0.01 secs] 
: 394855K->3957K(440896K), 0.0108290 secs] 6709229K->6318660K(12533952K), 0.0110890 secs] [Times: user=0.20 sys=0.01, real=0.01 secs] 
: 395893K->4784K(440896K), 0.0114030 secs] 6710596K->6320332K(12533952K), 0.0116580 secs] [Times: user=0.22 sys=0.00, real=0.01 secs] 
: 396720K->5858K(440896K), 0.0114280 secs] 6712268K->6321729K(12533952K), 0.0117070 secs] [Times: user=0.22 sys=0.00, real=0.01 secs] 
: 397794K->6450K(440896K), 0.0131670 secs] 6713665K->6322715K(12533952K), 0.0134200 secs] [Times: user=0.25 sys=0.00, real=0.02 secs] 
: 398386K->6651K(440896K), 0.0133640 secs] 6714651K->6324336K(12533952K), 0.0136220 secs] [Times: user=0.22 sys=0.00, real=0.02 secs] 
: 398587K->6537K(440896K), 0.0124380 secs] 6716272K->6325706K(12533952K), 0.0126610 secs] [Times: user=0.21 sys=0.01, real=0.01 secs] 
: 398473K->7635K(440896K), 0.0106040 secs] 6717642K->6328159K(12533952K), 0.0108260 secs] [Times: user=0.18 sys=0.00, real=0.01 secs] 
: 399571K->7580K(440896K), 0.0109130 secs] 6720095K->6329264K(12533952K), 0.0111520 secs] [Times: user=0.20 sys=0.00, real=0.01 secs] 
: 399516K->8108K(440896K), 0.0119960 secs] 6721200K->6331407K(12533952K), 0.0122450 secs] [Times: user=0.22 sys=0.00, real=0.02 secs] 
: 400044K->7693K(440896K), 0.0118120 secs] 6723343K->6332350K(12533952K), 0.0120680 secs] [Times: user=0.22 sys=0.00, real=0.01 secs] 
: 399629K->6694K(440896K), 0.0123710 secs] 6724286K->6333810K(12533952K), 0.0125940 secs] [Times: user=0.23 sys=0.00, real=0.02 secs] 
: 398630K->7606K(440896K), 0.0125490 secs] 6725746K->6335759K(12533952K), 0.0128040 secs] [Times: user=0.24 sys=0.00, real=0.01 secs] 
: 399542K->6528K(440896K), 0.0112100 secs] 6727695K->6337008K(12533952K), 0.0114210 secs] [Times: user=0.22 sys=0.00, real=0.02 secs] 
: 398464K->7157K(440896K), 0.0125080 secs] 6728944K->6338541K(12533952K), 0.0127350 secs] [Times: user=0.23 sys=0.00, real=0.02 secs] 
: 399093K->8165K(440896K), 0.0129150 secs] 6730477K->6340969K(12533952K), 0.0131740 secs] [Times: user=0.25 sys=0.00, real=0.02 secs] 
: 400101K->12097K(440896K), 0.0149460 secs] 6732905K->6346707K(12533952K), 0.0151940 secs] [Times: user=0.30 sys=0.00, real=0.02 secs] 
: 404033K->10877K(440896K), 0.0100580 secs] 6738643K->6347002K(12533952K), 0.0103120 secs] [Times: user=0.18 sys=0.00, real=0.01 secs] 
: 402813K->23664K(440896K), 0.0128350 secs] 6738938K->6361233K(12533952K), 0.0130560 secs] [Times: user=0.24 sys=0.00, real=0.01 secs] 
: 415600K->22879K(440896K), 0.0087220 secs] 6753169K->6362687K(12533952K), 0.0089960 secs] [Times: user=0.16 sys=0.00, real=0.01 secs] 
: 414815K->8383K(440896K), 0.0134220 secs] 6754623K->6351906K(12533952K), 0.0136450 secs] [Times: user=0.23 sys=0.00, real=0.01 secs] 
: 400319K->7705K(440896K), 0.0128350 secs] 6743842K->6353483K(12533952K), 0.0131140 secs] [Times: user=0.24 sys=0.00, real=0.02 secs] 
: 399641K->6828K(440896K), 0.0133420 secs] 6745419K->6354798K(12533952K), 0.0135130 secs] [Times: user=0.28 sys=0.00, real=0.02 secs] 
: 398764K->7328K(440896K), 0.0130010 secs] 6746734K->6356654K(12533952K), 0.0131990 secs] [Times: user=0.26 sys=0.00, real=0.01 secs] 
: 399027K->8706K(440896K), 0.0121310 secs] 6748353K->6359200K(12533952K), 0.0123500 secs] [Times: user=0.23 sys=0.00, real=0.01 secs] 
: 400642K->8879K(440896K), 0.0124050 secs] 6751136K->6361179K(12533952K), 0.0126080 secs] [Times: user=0.24 sys=0.00, real=0.01 secs] 
: 400815K->9110K(440896K), 0.0129140 secs] 6753115K->6362958K(12533952K), 0.0131220 secs] [Times: user=0.24 sys=0.00, real=0.02 secs] 
: 401046K->8846K(440896K), 0.0122340 secs] 6754894K->6364567K(12533952K), 0.0124490 secs] [Times: user=0.23 sys=0.00, real=0.01 secs] 
: 400782K->7760K(440896K), 0.0129160 secs] 6756503K->6365808K(12533952K), 0.0131570 secs] [Times: user=0.26 sys=0.00, real=0.02 secs] 
: 399696K->7759K(440896K), 0.0118250 secs] 6757744K->6367809K(12533952K), 0.0120530 secs] [Times: user=0.24 sys=0.00, real=0.01 secs] 
: 399695K->7126K(440896K), 0.0102200 secs] 6759745K->6369120K(12533952K), 0.0103940 secs] [Times: user=0.19 sys=0.00, real=0.01 secs] 
: 399062K->6516K(440896K), 0.0104680 secs] 6761056K->6370067K(12533952K), 0.0107050 secs] [Times: user=0.17 sys=0.01, real=0.01 secs] 
: 398452K->6777K(440896K), 0.0122070 secs] 6762003K->6371553K(12533952K), 0.0124190 secs] [Times: user=0.24 sys=0.00, real=0.01 secs] 
: 398713K->6451K(440896K), 0.0124220 secs] 6763489K->6372971K(12533952K), 0.0126270 secs] [Times: user=0.24 sys=0.00, real=0.02 secs] 
: 398387K->7382K(440896K), 0.0123290 secs] 6764907K->6375257K(12533952K), 0.0125620 secs] [Times: user=0.24 sys=0.00, real=0.02 secs] 
: 399318K->9431K(440896K), 0.0103800 secs] 6767193K->6378287K(12533952K), 0.0106190 secs] [Times: user=0.19 sys=0.00, real=0.01 secs] 
: 401115K->30608K(440896K), 0.0124310 secs] 6769971K->6400594K(12533952K), 0.0126370 secs] [Times: user=0.22 sys=0.00, real=0.01 secs] 
: 422508K->48960K(440896K), 0.0230380 secs] 6792494K->6465375K(12533952K), 0.0232900 secs] [Times: user=0.29 sys=0.00, real=0.03 secs] 
: 440874K->48960K(440896K), 0.0219010 secs] 6857289K->6527808K(12533952K), 0.0221360 secs] [Times: user=0.32 sys=0.00, real=0.02 secs] 
: 440668K->48960K(440896K), 0.0259360 secs] 6919516K->6591638K(12533952K), 0.0261780 secs] [Times: user=0.32 sys=0.00, real=0.02 secs] 
: 440829K->48960K(440896K), 0.0301930 secs] 6983507K->6667671K(12533952K), 0.0304160 secs] [Times: user=0.36 sys=0.00, real=0.03 secs] 
: 440895K->48960K(440896K), 0.0237250 secs] 7059607K->6735166K(12533952K), 0.0239520 secs] [Times: user=0.31 sys=0.01, real=0.02 secs] 
: 440896K->48960K(440896K), 0.0231400 secs] 7127102K->6794762K(12533952K), 0.0233830 secs] [Times: user=0.34 sys=0.01, real=0.03 secs] 
: 440896K->48960K(440896K), 0.0227290 secs] 7186698K->6848650K(12533952K), 0.0228800 secs] [Times: user=0.37 sys=0.00, real=0.02 secs] 
: 440802K->48960K(440896K), 0.0263360 secs] 7240493K->6910937K(12533952K), 0.0265410 secs] [Times: user=0.37 sys=0.01, real=0.02 secs] 
: 440896K->48960K(440896K), 0.0254720 secs] 7302873K->6985454K(12533952K), 0.0256750 secs] [Times: user=0.34 sys=0.00, real=0.03 secs] 
: 440834K->48960K(440896K), 0.0209760 secs] 7377329K->7039509K(12533952K), 0.0211830 secs] [Times: user=0.29 sys=0.01, real=0.03 secs] 
: 440743K->48960K(440896K), 0.0264490 secs] 7431292K->7104893K(12533952K), 0.0266910 secs] [Times: user=0.38 sys=0.00, real=0.03 secs] 
: 440896K->48960K(440896K), 0.0269490 secs] 7496829K->7165115K(12533952K), 0.0271460 secs] [Times: user=0.44 sys=0.00, real=0.03 secs] 
: 440791K->48960K(440896K), 0.0257450 secs] 7556946K->7221266K(12533952K), 0.0259370 secs] [Times: user=0.36 sys=0.00, real=0.02 secs] 
: 440895K->48960K(440896K), 0.0217300 secs] 7613202K->7285087K(12533952K), 0.0219620 secs] [Times: user=0.34 sys=0.00, real=0.02 secs] 
: 440661K->48960K(440896K), 0.0225130 secs] 7676788K->7369756K(12533952K), 0.0226640 secs] [Times: user=0.33 sys=0.00, real=0.03 secs] 
: 440896K->48960K(440896K), 0.0210630 secs] 7761692K->7406689K(12533952K), 0.0212610 secs] [Times: user=0.31 sys=0.00, real=0.02 secs] 
: 440847K->48960K(440896K), 0.0304660 secs] 7798577K->7486139K(12533952K), 0.0306540 secs] [Times: user=0.40 sys=0.01, real=0.03 secs] 
: 440896K->48960K(440896K), 0.0225640 secs] 7878075K->7529827K(12533952K), 0.0227650 secs] [Times: user=0.35 sys=0.00, real=0.02 secs] 
: 440652K->48960K(440896K), 0.0230340 secs] 7921519K->7588430K(12533952K), 0.0232360 secs] [Times: user=0.34 sys=0.00, real=0.02 secs] 
: 440890K->48960K(440896K), 0.0212290 secs] 7980360K->7658833K(12533952K), 0.0214250 secs] [Times: user=0.28 sys=0.00, real=0.02 secs] 
: 440703K->48960K(440896K), 0.0289490 secs] 8050577K->7711542K(12533952K), 0.0291000 secs] [Times: user=0.30 sys=0.01, real=0.03 secs] 
: 440670K->48960K(440896K), 0.0259680 secs] 8103253K->7779487K(12533952K), 0.0261910 secs] [Times: user=0.30 sys=0.00, real=0.03 secs] 
: 440710K->48960K(440896K), 0.0243110 secs] 8171237K->7831207K(12533952K), 0.0245240 secs] [Times: user=0.36 sys=0.01, real=0.03 secs] 
: 440706K->48960K(440896K), 0.0235080 secs] 8222954K->7896373K(12533952K), 0.0237140 secs] [Times: user=0.32 sys=0.00, real=0.03 secs] 
: 440896K->48960K(440896K), 0.0225110 secs] 8288309K->7963365K(12533952K), 0.0226650 secs] [Times: user=0.34 sys=0.01, real=0.02 secs] 
: 440701K->48960K(440896K), 0.0235640 secs] 8355107K->8021818K(12533952K), 0.0237630 secs] [Times: user=0.34 sys=0.01, real=0.03 secs] 
: 440801K->48960K(440896K), 0.0254080 secs] 8413659K->8081236K(12533952K), 0.0256620 secs] [Times: user=0.37 sys=0.00, real=0.02 secs] 
: 440896K->48960K(440896K), 0.0209860 secs] 8473172K->8142905K(12533952K), 0.0211370 secs] [Times: user=0.30 sys=0.01, real=0.02 secs] 
: 440863K->48960K(440896K), 0.0290260 secs] 8534808K->8213959K(12533952K), 0.0292470 secs] [Times: user=0.45 sys=0.00, real=0.03 secs] 
: 440896K->48960K(440896K), 0.0240220 secs] 8605895K->8277697K(12533952K), 0.0242320 secs] [Times: user=0.36 sys=0.00, real=0.03 secs] 
: 440838K->48960K(440896K), 0.0195560 secs] 8669576K->8335000K(12533952K), 0.0197140 secs] [Times: user=0.29 sys=0.01, real=0.02 secs] 
: 440845K->48960K(440896K), 0.0225530 secs] 8726885K->8395575K(12533952K), 0.0227570 secs] [Times: user=0.34 sys=0.00, real=0.02 secs] 
: 440760K->48960K(440896K), 0.0198220 secs] 8787375K->8458987K(12533952K), 0.0200310 secs] [Times: user=0.31 sys=0.00, real=0.02 secs] 
: 440672K->48960K(440896K), 0.0200450 secs] 8850700K->8532532K(12533952K), 0.0201920 secs] [Times: user=0.30 sys=0.00, real=0.02 secs] 
2015-04-01T02:56:11.858-0700: 13178771.930: [GC [1 CMS-initial-mark: 8483572K(12093056K)] 8533007K(12533952K), 0.0037520 secs] [Times: user=0.01 sys=0.00, real=0.00 secs] 
2015-04-01T02:56:12.153-0700: 13178772.226: [CMS-concurrent-mark: 0.292/0.292 secs] [Times: user=1.77 sys=0.00, real=0.30 secs] 
2015-04-01T02:56:12.178-0700: 13178772.251: [CMS-concurrent-preclean: 0.025/0.025 secs] [Times: user=0.03 sys=0.00, real=0.02 secs] 
 CMS: abort preclean due to time 2015-04-01T02:56:17.219-0700: 13178777.292: [CMS-concurrent-abortable-preclean: 2.035/5.041 secs] [Times: user=2.38 sys=0.05, real=5.04 secs] 
2015-04-01T02:56:17.221-0700: 13178777.293: [GC[YG occupancy: 136691 K (440896 K)]13178777.293: [Rescan (parallel) , 0.0089700 secs]13178777.302: [weak refs processing, 0.0126590 secs] [1 CMS-remark: 8483572K(12093056K)] 8620263K(12533952K), 0.0222560 secs] [Times: user=0.15 sys=0.01, real=0.03 secs] 
2015-04-01T02:56:18.120-0700: 13178778.193: [CMS-concurrent-sweep: 0.877/0.877 secs] [Times: user=0.92 sys=0.00, real=0.87 secs] 
2015-04-01T02:56:18.153-0700: 13178778.226: [CMS-concurrent-reset: 0.033/0.033 secs] [Times: user=0.03 sys=0.00, real=0.04 secs] 
: 440654K->48960K(440896K), 0.0163690 secs] 4041134K->3717119K(12533952K), 0.0165610 secs] [Times: user=0.27 sys=0.00, real=0.02 secs] 
: 440693K->48960K(440896K), 0.0196340 secs] 4108853K->3768968K(12533952K), 0.0198450 secs] [Times: user=0.29 sys=0.00, real=0.02 secs] 
: 440786K->48960K(440896K), 0.0188350 secs] 4160795K->3837400K(12533952K), 0.0189940 secs] [Times: user=0.34 sys=0.00, real=0.02 secs] 
: 440695K->48960K(440896K), 0.0165140 secs] 4229136K->3898013K(12533952K), 0.0166650 secs] [Times: user=0.27 sys=0.00, real=0.01 secs] 
: 440869K->48960K(440896K), 0.0193730 secs] 4289923K->3961541K(12533952K), 0.0195700 secs] [Times: user=0.30 sys=0.00, real=0.02 secs] 
: 440759K->48960K(440896K), 0.0216380 secs] 4353340K->4023494K(12533952K), 0.0218460 secs] [Times: user=0.31 sys=0.00, real=0.02 secs] 
: 440866K->48960K(440896K), 0.0199960 secs] 4415401K->4089977K(12533952K), 0.0202010 secs] [Times: user=0.30 sys=0.00, real=0.02 secs] 
: 440887K->48960K(440896K), 0.0189410 secs] 4481905K->4160390K(12533952K), 0.0191400 secs] [Times: user=0.27 sys=0.00, real=0.02 secs] 
: 440896K->48960K(440896K), 0.0211660 secs] 4552326K->4215124K(12533952K), 0.0213800 secs] [Times: user=0.30 sys=0.01, real=0.02 secs] 
: 440861K->48960K(440896K), 0.0242050 secs] 4607025K->4284759K(12533952K), 0.0244180 secs] [Times: user=0.29 sys=0.00, real=0.02 secs] 
: 440837K->48960K(440896K), 0.0257110 secs] 4676637K->4348491K(12533952K), 0.0258520 secs] [Times: user=0.35 sys=0.01, real=0.03 secs] 
: 440752K->48960K(440896K), 0.0211900 secs] 4740283K->4408606K(12533952K), 0.0213850 secs] [Times: user=0.24 sys=0.01, real=0.02 secs] 
: 440896K->48960K(440896K), 0.0194060 secs] 4800542K->4471850K(12533952K), 0.0196000 secs] [Times: user=0.29 sys=0.01, real=0.02 secs] 
: 440855K->48960K(440896K), 0.0289010 secs] 4863746K->4538296K(12533952K), 0.0291340 secs] [Times: user=0.35 sys=0.01, real=0.03 secs] 
: 440719K->48960K(440896K), 0.0249490 secs] 4930055K->4601944K(12533952K), 0.0251450 secs] [Times: user=0.36 sys=0.00, real=0.02 secs] 
: 440881K->48960K(440896K), 0.0254240 secs] 4993865K->4666382K(12533952K), 0.0256190 secs] [Times: user=0.39 sys=0.00, real=0.02 secs] 
: 440838K->48960K(440896K), 0.0217800 secs] 5058260K->4730154K(12533952K), 0.0219770 secs] [Times: user=0.31 sys=0.01, real=0.03 secs] 
: 440703K->48960K(440896K), 0.0230350 secs] 5121897K->4795284K(12533952K), 0.0232340 secs] [Times: user=0.31 sys=0.00, real=0.02 secs] 
: 440892K->48960K(440896K), 0.0184290 secs] 5187217K->4866930K(12533952K), 0.0186340 secs] [Times: user=0.21 sys=0.00, real=0.02 secs] 
: 440758K->48960K(440896K), 0.0186390 secs] 5258728K->4942470K(12533952K), 0.0188830 secs] [Times: user=0.25 sys=0.00, real=0.02 secs] 
: 440836K->48960K(440896K), 0.0210110 secs] 5334346K->5009369K(12533952K), 0.0212060 secs] [Times: user=0.22 sys=0.01, real=0.02 secs] 
: 440653K->48960K(440896K), 0.0226830 secs] 5401062K->5081075K(12533952K), 0.0228800 secs] [Times: user=0.22 sys=0.00, real=0.02 secs] 
: 440791K->48960K(440896K), 0.0252040 secs] 5472906K->5152246K(12533952K), 0.0253740 secs] [Times: user=0.25 sys=0.01, real=0.02 secs] 
: 440685K->48960K(440896K), 0.0261540 secs] 5543971K->5223533K(12533952K), 0.0263690 secs] [Times: user=0.21 sys=0.00, real=0.02 secs] 
: 440832K->48960K(440896K), 0.0211850 secs] 5615405K->5296164K(12533952K), 0.0213760 secs] [Times: user=0.22 sys=0.01, real=0.02 secs] 
: 440894K->48960K(440896K), 0.0189060 secs] 5688098K->5367245K(12533952K), 0.0190750 secs] [Times: user=0.26 sys=0.00, real=0.02 secs] 
: 440896K->48960K(440896K), 0.0201750 secs] 5759181K->5439540K(12533952K), 0.0204080 secs] [Times: user=0.21 sys=0.01, real=0.02 secs] 
: 440884K->48960K(440896K), 0.0194820 secs] 5831464K->5510957K(12533952K), 0.0196430 secs] [Times: user=0.21 sys=0.01, real=0.02 secs] 
: 440661K->48960K(440896K), 0.0185230 secs] 5902658K->5582936K(12533952K), 0.0186370 secs] [Times: user=0.23 sys=0.00, real=0.01 secs] 
: 440672K->48960K(440896K), 0.0178420 secs] 5974648K->5653685K(12533952K), 0.0180330 secs] [Times: user=0.21 sys=0.01, real=0.02 secs] 
: 440868K->48960K(440896K), 0.0193270 secs] 6045593K->5725246K(12533952K), 0.0195230 secs] [Times: user=0.23 sys=0.00, real=0.01 secs] 
: 440767K->48960K(440896K), 0.0179450 secs] 6117054K->5798540K(12533952K), 0.0181330 secs] [Times: user=0.21 sys=0.00, real=0.02 secs] 
: 440896K->48960K(440896K), 0.0237400 secs] 6190476K->5868560K(12533952K), 0.0239580 secs] [Times: user=0.23 sys=0.01, real=0.03 secs] 
: 440643K->48960K(440896K), 0.0241100 secs] 6260243K->5939418K(12533952K), 0.0243180 secs] [Times: user=0.24 sys=0.00, real=0.03 secs] 
: 440840K->48960K(440896K), 0.0207150 secs] 6331299K->6009694K(12533952K), 0.0208560 secs] [Times: user=0.22 sys=0.00, real=0.02 secs] 
: 440793K->48960K(440896K), 0.0219830 secs] 6401528K->6081598K(12533952K), 0.0221930 secs] [Times: user=0.25 sys=0.01, real=0.03 secs] 
: 440896K->48960K(440896K), 0.0178590 secs] 6473534K->6152770K(12533952K), 0.0180900 secs] [Times: user=0.21 sys=0.01, real=0.02 secs] 
: 440807K->48960K(440896K), 0.0179150 secs] 6544618K->6223474K(12533952K), 0.0181470 secs] [Times: user=0.23 sys=0.00, real=0.02 secs] 
: 440876K->48960K(440896K), 0.0181500 secs] 6615391K->6296675K(12533952K), 0.0183740 secs] [Times: user=0.22 sys=0.00, real=0.02 secs] 
: 440896K->48960K(440896K), 0.0212890 secs] 6688611K->6365625K(12533952K), 0.0215570 secs] [Times: user=0.23 sys=0.00, real=0.03 secs] 
: 440790K->48960K(440896K), 0.0207360 secs] 6757456K->6434094K(12533952K), 0.0209690 secs] [Times: user=0.25 sys=0.00, real=0.02 secs] 
: 440707K->48960K(440896K), 0.0208460 secs] 6825841K->6504098K(12533952K), 0.0210540 secs] [Times: user=0.24 sys=0.00, real=0.02 secs] 
: 440707K->48960K(440896K), 0.0253470 secs] 6895845K->6574797K(12533952K), 0.0255510 secs] [Times: user=0.23 sys=0.01, real=0.02 secs] 
: 440896K->48960K(440896K), 0.0201520 secs] 6966733K->6646821K(12533952K), 0.0203610 secs] [Times: user=0.21 sys=0.01, real=0.02 secs] 
: 440817K->48960K(440896K), 0.0187170 secs] 7038679K->6716695K(12533952K), 0.0189280 secs] [Times: user=0.22 sys=0.00, real=0.02 secs] 
: 440845K->48960K(440896K), 0.0245460 secs] 7108580K->6787174K(12533952K), 0.0247980 secs] [Times: user=0.31 sys=0.00, real=0.02 secs] 
: 440877K->48960K(440896K), 0.0253900 secs] 7179092K->6859353K(12533952K), 0.0256170 secs] [Times: user=0.32 sys=0.01, real=0.02 secs] 
: 440761K->48960K(440896K), 0.0215030 secs] 7251155K->6930605K(12533952K), 0.0217300 secs] [Times: user=0.22 sys=0.00, real=0.02 secs] 
: 440896K->48960K(440896K), 0.0239530 secs] 7322541K->7002013K(12533952K), 0.0242000 secs] [Times: user=0.25 sys=0.01, real=0.03 secs] 
: 440864K->48960K(440896K), 0.0221390 secs] 7393917K->7072002K(12533952K), 0.0223380 secs] [Times: user=0.26 sys=0.01, real=0.02 secs] 
: 440896K->48960K(440896K), 0.0221730 secs] 7463938K->7139865K(12533952K), 0.0223600 secs] [Times: user=0.27 sys=0.00, real=0.02 secs] 
: 440896K->48960K(440896K), 0.0211490 secs] 7531801K->7211287K(12533952K), 0.0213470 secs] [Times: user=0.25 sys=0.00, real=0.02 secs] 
: 440896K->48960K(440896K), 0.0215750 secs] 7603223K->7269252K(12533952K), 0.0218090 secs] [Times: user=0.24 sys=0.00, real=0.02 secs] 
: 440694K->48960K(440896K), 0.0219710 secs] 7660986K->7336131K(12533952K), 0.0222040 secs] [Times: user=0.26 sys=0.00, real=0.03 secs] 
: 440659K->48960K(440896K), 0.0239160 secs] 7727830K->7395567K(12533952K), 0.0241410 secs] [Times: user=0.28 sys=0.00, real=0.03 secs] 
: 440820K->48960K(440896K), 0.0249950 secs] 7787428K->7462122K(12533952K), 0.0254300 secs] [Times: user=0.36 sys=0.00, real=0.03 secs] 
: 440841K->48960K(440896K), 0.0200730 secs] 7854004K->7536250K(12533952K), 0.0202110 secs] [Times: user=0.33 sys=0.00, real=0.02 secs] 
: 440896K->48960K(440896K), 0.0207750 secs] 7928186K->7578417K(12533952K), 0.0209690 secs] [Times: user=0.29 sys=0.00, real=0.02 secs] 
: 440672K->48960K(440896K), 0.0238010 secs] 7970129K->7651617K(12533952K), 0.0239530 secs] [Times: user=0.40 sys=0.00, real=0.03 secs] 
: 440675K->48960K(440896K), 0.0224580 secs] 8043333K->7713015K(12533952K), 0.0226300 secs] [Times: user=0.36 sys=0.00, real=0.03 secs] 
: 440848K->48960K(440896K), 0.0272980 secs] 8104903K->7777624K(12533952K), 0.0274870 secs] [Times: user=0.37 sys=0.00, real=0.03 secs] 
: 440896K->48960K(440896K), 0.0226210 secs] 8169560K->7833525K(12533952K), 0.0228170 secs] [Times: user=0.30 sys=0.01, real=0.02 secs] 
: 440896K->48960K(440896K), 0.0230070 secs] 8225461K->7905791K(12533952K), 0.0232310 secs] [Times: user=0.37 sys=0.00, real=0.02 secs] 
: 440803K->48960K(440896K), 0.0203010 secs] 8297634K->7967516K(12533952K), 0.0204980 secs] [Times: user=0.26 sys=0.01, real=0.02 secs] 
: 440840K->48960K(440896K), 0.0221450 secs] 8359397K->8029993K(12533952K), 0.0223050 secs] [Times: user=0.34 sys=0.00, real=0.02 secs] 
: 440896K->48960K(440896K), 0.0241550 secs] 8421929K->8106152K(12533952K), 0.0243590 secs] [Times: user=0.37 sys=0.00, real=0.03 secs] 
: 440896K->48960K(440896K), 0.0207450 secs] 8498088K->8154039K(12533952K), 0.0209370 secs] [Times: user=0.31 sys=0.00, real=0.02 secs] 
: 440841K->48960K(440896K), 0.0203870 secs] 8545921K->8224620K(12533952K), 0.0206050 secs] [Times: user=0.32 sys=0.00, real=0.02 secs] 
: 440819K->48960K(440896K), 0.0247930 secs] 8616479K->8291776K(12533952K), 0.0249980 secs] [Times: user=0.33 sys=0.00, real=0.03 secs] 
: 440712K->48960K(440896K), 0.0223700 secs] 8683528K->8349099K(12533952K), 0.0226040 secs] [Times: user=0.36 sys=0.01, real=0.02 secs] 
: 440896K->48960K(440896K), 0.0232200 secs] 8741035K->8415382K(12533952K), 0.0234240 secs] [Times: user=0.36 sys=0.01, real=0.03 secs] 
: 440879K->48960K(440896K), 0.0180930 secs] 8807302K->8484830K(12533952K), 0.0183010 secs] [Times: user=0.27 sys=0.01, real=0.02 secs] 
: 440851K->48960K(440896K), 0.0182880 secs] 8876722K->8540472K(12533952K), 0.0184450 secs] [Times: user=0.27 sys=0.00, real=0.02 secs] 
2015-04-01T03:08:06.352-0700: 13179486.425: [GC [1 CMS-initial-mark: 8491512K(12093056K)] 8540833K(12533952K), 0.0037620 secs] [Times: user=0.00 sys=0.00, real=0.00 secs] 
2015-04-01T03:08:06.636-0700: 13179486.708: [CMS-concurrent-mark: 0.279/0.279 secs] [Times: user=1.70 sys=0.00, real=0.28 secs] 
2015-04-01T03:08:06.667-0700: 13179486.740: [CMS-concurrent-preclean: 0.031/0.031 secs] [Times: user=0.03 sys=0.00, real=0.03 secs] 
 CMS: abort preclean due to time 2015-04-01T03:08:11.680-0700: 13179491.752: [CMS-concurrent-abortable-preclean: 2.508/5.013 secs] [Times: user=2.99 sys=0.16, real=5.01 secs] 
2015-04-01T03:08:11.681-0700: 13179491.754: [GC[YG occupancy: 231467 K (440896 K)]13179491.754: [Rescan (parallel) , 0.0088290 secs]13179491.763: [weak refs processing, 0.0046570 secs] [1 CMS-remark: 8491512K(12093056K)] 8722980K(12533952K), 0.0138550 secs] [Times: user=0.14 sys=0.00, real=0.01 secs] 
2015-04-01T03:08:12.412-0700: 13179492.484: [CMS-concurrent-sweep: 0.716/0.716 secs] [Times: user=0.77 sys=0.04, real=0.72 secs] 
2015-04-01T03:08:12.439-0700: 13179492.511: [CMS-concurrent-reset: 0.027/0.027 secs] [Times: user=0.03 sys=0.00, real=0.02 secs] 
: 440896K->48960K(440896K), 0.0206410 secs] 3762219K->3438928K(12533952K), 0.0208430 secs] [Times: user=0.33 sys=0.00, real=0.02 secs] 
: 440763K->48960K(440896K), 0.0168690 secs] 3830732K->3495241K(12533952K), 0.0170720 secs] [Times: user=0.27 sys=0.00, real=0.02 secs] 
: 440894K->48960K(440896K), 0.0187630 secs] 3887175K->3561461K(12533952K), 0.0189180 secs] [Times: user=0.33 sys=0.01, real=0.02 secs] 
: 440661K->48960K(440896K), 0.0182710 secs] 3953162K->3623733K(12533952K), 0.0185080 secs] [Times: user=0.27 sys=0.01, real=0.02 secs] 
: 440896K->48960K(440896K), 0.0215080 secs] 4015669K->3686212K(12533952K), 0.0217110 secs] [Times: user=0.37 sys=0.00, real=0.02 secs] 
: 440872K->48960K(440896K), 0.0167680 secs] 4078124K->3747266K(12533952K), 0.0169190 secs] [Times: user=0.29 sys=0.01, real=0.02 secs] 
: 440726K->48960K(440896K), 0.0191370 secs] 4139032K->3809777K(12533952K), 0.0193110 secs] [Times: user=0.29 sys=0.00, real=0.02 secs] 
: 440786K->48960K(440896K), 0.0209300 secs] 4201604K->3875288K(12533952K), 0.0211560 secs] [Times: user=0.29 sys=0.00, real=0.02 secs] 
: 440848K->48960K(440896K), 0.0236910 secs] 4267176K->3940922K(12533952K), 0.0238990 secs] [Times: user=0.32 sys=0.00, real=0.02 secs] 
: 440896K->48960K(440896K), 0.0250390 secs] 4332858K->4007558K(12533952K), 0.0252620 secs] [Times: user=0.33 sys=0.01, real=0.02 secs] 
: 440783K->48960K(440896K), 0.0264210 secs] 4399381K->4069079K(12533952K), 0.0266480 secs] [Times: user=0.32 sys=0.01, real=0.03 secs] 
: 440896K->48960K(440896K), 0.0187210 secs] 4461015K->4133329K(12533952K), 0.0189020 secs] [Times: user=0.28 sys=0.01, real=0.02 secs] 
: 440648K->48960K(440896K), 0.0204500 secs] 4525017K->4196615K(12533952K), 0.0206850 secs] [Times: user=0.26 sys=0.00, real=0.02 secs] 
: 440715K->48960K(440896K), 0.0210470 secs] 4588370K->4258688K(12533952K), 0.0212240 secs] [Times: user=0.32 sys=0.01, real=0.02 secs] 
: 440857K->48960K(440896K), 0.0183000 secs] 4650586K->4328040K(12533952K), 0.0185190 secs] [Times: user=0.24 sys=0.01, real=0.02 secs] 
: 440896K->48960K(440896K), 0.0209870 secs] 4719976K->4393519K(12533952K), 0.0212260 secs] [Times: user=0.26 sys=0.01, real=0.02 secs] 
: 440865K->48960K(440896K), 0.0220750 secs] 4785424K->4458177K(12533952K), 0.0223080 secs] [Times: user=0.30 sys=0.00, real=0.02 secs] 
: 440884K->48960K(440896K), 0.0208700 secs] 4850101K->4521404K(12533952K), 0.0211190 secs] [Times: user=0.29 sys=0.00, real=0.02 secs] 
: 440798K->48960K(440896K), 0.0169130 secs] 4913243K->4588073K(12533952K), 0.0171110 secs] [Times: user=0.27 sys=0.00, real=0.02 secs] 
: 440774K->48960K(440896K), 0.0204940 secs] 4979887K->4656195K(12533952K), 0.0207070 secs] [Times: user=0.28 sys=0.00, real=0.02 secs] 
: 440896K->48960K(440896K), 0.0231990 secs] 5048131K->4714117K(12533952K), 0.0234190 secs] [Times: user=0.29 sys=0.01, real=0.02 secs] 
: 440644K->48960K(440896K), 0.0230290 secs] 5105801K->4783829K(12533952K), 0.0232540 secs] [Times: user=0.31 sys=0.00, real=0.02 secs] 
: 440896K->48960K(440896K), 0.0190570 secs] 5175765K->4850442K(12533952K), 0.0192090 secs] [Times: user=0.25 sys=0.01, real=0.02 secs] 
: 440828K->48960K(440896K), 0.0179230 secs] 5242311K->4908137K(12533952K), 0.0180820 secs] [Times: user=0.24 sys=0.00, real=0.02 secs] 
: 440896K->48960K(440896K), 0.0210270 secs] 5300073K->4974827K(12533952K), 0.0212000 secs] [Times: user=0.29 sys=0.00, real=0.02 secs] 
: 440643K->48960K(440896K), 0.0216070 secs] 5366510K->5042084K(12533952K), 0.0218340 secs] [Times: user=0.32 sys=0.00, real=0.02 secs] 
: 440682K->48960K(440896K), 0.0194480 secs] 5433806K->5104322K(12533952K), 0.0196770 secs] [Times: user=0.28 sys=0.00, real=0.02 secs] 
: 440812K->48960K(440896K), 0.0177280 secs] 5496175K->5167074K(12533952K), 0.0179610 secs] [Times: user=0.28 sys=0.00, real=0.02 secs] 
: 440676K->48960K(440896K), 0.0197650 secs] 5558791K->5233322K(12533952K), 0.0199650 secs] [Times: user=0.33 sys=0.00, real=0.02 secs] 
: 440896K->48960K(440896K), 0.0189470 secs] 5625258K->5295444K(12533952K), 0.0191580 secs] [Times: user=0.27 sys=0.00, real=0.02 secs] 
: 440830K->48960K(440896K), 0.0180490 secs] 5687314K->5360597K(12533952K), 0.0182970 secs] [Times: user=0.26 sys=0.01, real=0.01 secs] 
: 440811K->48960K(440896K), 0.0176040 secs] 5752449K->5427783K(12533952K), 0.0178360 secs] [Times: user=0.26 sys=0.01, real=0.02 secs] 
: 440775K->48960K(440896K), 0.0165890 secs] 5819599K->5487558K(12533952K), 0.0167610 secs] [Times: user=0.26 sys=0.00, real=0.02 secs] 
: 440827K->48960K(440896K), 0.0218750 secs] 5879425K->5559285K(12533952K), 0.0220460 secs] [Times: user=0.26 sys=0.00, real=0.02 secs] 
: 440683K->48960K(440896K), 0.0199440 secs] 5951008K->5621136K(12533952K), 0.0201280 secs] [Times: user=0.23 sys=0.01, real=0.02 secs] 
: 440760K->48960K(440896K), 0.0237410 secs] 6012937K->5683002K(12533952K), 0.0239730 secs] [Times: user=0.33 sys=0.01, real=0.03 secs] 
: 440896K->48960K(440896K), 0.0227410 secs] 6074938K->5746728K(12533952K), 0.0229600 secs] [Times: user=0.25 sys=0.01, real=0.02 secs] 
: 440896K->47276K(440896K), 0.0148840 secs] 6138664K->5792242K(12533952K), 0.0151070 secs] [Times: user=0.19 sys=0.00, real=0.01 secs] 
: 439212K->34532K(440896K), 0.0140230 secs] 6184178K->5779498K(12533952K), 0.0141760 secs] [Times: user=0.26 sys=0.00, real=0.01 secs] 
: 426468K->37750K(440896K), 0.0130740 secs] 6171434K->5782716K(12533952K), 0.0132470 secs] [Times: user=0.24 sys=0.00, real=0.01 secs] 
: 429686K->28661K(440896K), 0.0094860 secs] 6174652K->5773628K(12533952K), 0.0096040 secs] [Times: user=0.19 sys=0.00, real=0.01 secs] 
: 420597K->8677K(440896K), 0.0136500 secs] 6165564K->5771372K(12533952K), 0.0138610 secs] [Times: user=0.22 sys=0.00, real=0.02 secs] 
: 400613K->7121K(440896K), 0.0099390 secs] 6163308K->5771384K(12533952K), 0.0101550 secs] [Times: user=0.18 sys=0.00, real=0.01 secs] 
: 399057K->5750K(440896K), 0.0106710 secs] 6163320K->5771529K(12533952K), 0.0108590 secs] [Times: user=0.20 sys=0.00, real=0.01 secs] 
: 397686K->5735K(440896K), 0.0109870 secs] 6163465K->5772338K(12533952K), 0.0111860 secs] [Times: user=0.19 sys=0.01, real=0.01 secs] 
: 397671K->7182K(440896K), 0.0101820 secs] 6164274K->5774409K(12533952K), 0.0103750 secs] [Times: user=0.18 sys=0.00, real=0.01 secs] 
: 399023K->7713K(440896K), 0.0179860 secs] 6166250K->5776020K(12533952K), 0.0181850 secs] [Times: user=0.35 sys=0.00, real=0.02 secs] 
: 399649K->7192K(440896K), 0.0103690 secs] 6167956K->5777126K(12533952K), 0.0105530 secs] [Times: user=0.16 sys=0.00, real=0.01 secs] 
: 399128K->8514K(440896K), 0.0119710 secs] 6169062K->5779675K(12533952K), 0.0122140 secs] [Times: user=0.22 sys=0.01, real=0.02 secs] 
: 400450K->8241K(440896K), 0.0124590 secs] 6171611K->5781727K(12533952K), 0.0126420 secs] [Times: user=0.24 sys=0.00, real=0.01 secs] 
: 400177K->7980K(440896K), 0.0096490 secs] 6173663K->5782951K(12533952K), 0.0098780 secs] [Times: user=0.16 sys=0.00, real=0.01 secs] 
: 399916K->8251K(440896K), 0.0132020 secs] 6174887K->5784398K(12533952K), 0.0134180 secs] [Times: user=0.25 sys=0.00, real=0.02 secs] 
: 400187K->7586K(440896K), 0.0123680 secs] 6176334K->5786198K(12533952K), 0.0125740 secs] [Times: user=0.22 sys=0.00, real=0.02 secs] 
: 399430K->6922K(440896K), 0.0130500 secs] 6178042K->5787409K(12533952K), 0.0132680 secs] [Times: user=0.25 sys=0.00, real=0.01 secs] 
: 398858K->7878K(440896K), 0.0094690 secs] 6179345K->5789723K(12533952K), 0.0096490 secs] [Times: user=0.18 sys=0.00, real=0.01 secs] 
: 399814K->7856K(440896K), 0.0090910 secs] 6181659K->5791125K(12533952K), 0.0093110 secs] [Times: user=0.16 sys=0.00, real=0.01 secs] 
: 399792K->8583K(440896K), 0.0120300 secs] 6183061K->5793721K(12533952K), 0.0123360 secs] [Times: user=0.23 sys=0.00, real=0.02 secs] 
: 400519K->9130K(440896K), 0.0117680 secs] 6185657K->5795529K(12533952K), 0.0120260 secs] [Times: user=0.21 sys=0.00, real=0.01 secs] 
: 401066K->8029K(440896K), 0.0125630 secs] 6187465K->5796720K(12533952K), 0.0127930 secs] [Times: user=0.21 sys=0.00, real=0.02 secs] 
: 399965K->8091K(440896K), 0.0110060 secs] 6188656K->5798162K(12533952K), 0.0112180 secs] [Times: user=0.20 sys=0.01, real=0.02 secs] 
: 400027K->8017K(440896K), 0.0122610 secs] 6190098K->5800607K(12533952K), 0.0124770 secs] [Times: user=0.24 sys=0.00, real=0.01 secs] 
: 399953K->7353K(440896K), 0.0110920 secs] 6192543K->5801839K(12533952K), 0.0115360 secs] [Times: user=0.21 sys=0.00, real=0.02 secs] 
: 399289K->8119K(440896K), 0.0122020 secs] 6193775K->5803775K(12533952K), 0.0123970 secs] [Times: user=0.22 sys=0.00, real=0.02 secs] 
: 400055K->9501K(440896K), 0.0128210 secs] 6195711K->5806729K(12533952K), 0.0130090 secs] [Times: user=0.24 sys=0.00, real=0.01 secs] 
: 401437K->33576K(440896K), 0.0135410 secs] 6198665K->5832739K(12533952K), 0.0137190 secs] [Times: user=0.26 sys=0.00, real=0.01 secs] 
: 425512K->2603K(440896K), 0.0099960 secs] 6224675K->5811441K(12533952K), 0.0101890 secs] [Times: user=0.18 sys=0.00, real=0.01 secs] 
: 394539K->4703K(440896K), 0.0105340 secs] 6203377K->5813541K(12533952K), 0.0107420 secs] [Times: user=0.19 sys=0.00, real=0.01 secs] 
: 396639K->7731K(440896K), 0.0111700 secs] 6205477K->5816569K(12533952K), 0.0114200 secs] [Times: user=0.20 sys=0.00, real=0.01 secs] 
: 399667K->9973K(440896K), 0.0119800 secs] 6208505K->5818811K(12533952K), 0.0122270 secs] [Times: user=0.23 sys=0.00, real=0.01 secs] 
: 401909K->10689K(440896K), 0.0124950 secs] 6210747K->5820755K(12533952K), 0.0127350 secs] [Times: user=0.24 sys=0.00, real=0.01 secs] 
: 402625K->11529K(440896K), 0.0130510 secs] 6212691K->5823791K(12533952K), 0.0132830 secs] [Times: user=0.25 sys=0.00, real=0.01 secs] 
: 403465K->9951K(440896K), 0.0109710 secs] 6215727K->5825433K(12533952K), 0.0111340 secs] [Times: user=0.20 sys=0.00, real=0.01 secs] 
: 401887K->10157K(440896K), 0.0125310 secs] 6217369K->5828027K(12533952K), 0.0127160 secs] [Times: user=0.24 sys=0.00, real=0.01 secs] 
: 402093K->9834K(440896K), 0.0128080 secs] 6219963K->5829524K(12533952K), 0.0130390 secs] [Times: user=0.24 sys=0.00, real=0.02 secs] 
: 401770K->8224K(440896K), 0.0148600 secs] 6221460K->5830998K(12533952K), 0.0150480 secs] [Times: user=0.23 sys=0.00, real=0.01 secs] 
: 400160K->8140K(440896K), 0.0136800 secs] 6222934K->5832310K(12533952K), 0.0138690 secs] [Times: user=0.26 sys=0.00, real=0.01 secs] 
: 400076K->7533K(440896K), 0.0118420 secs] 6224246K->5833938K(12533952K), 0.0120510 secs] [Times: user=0.22 sys=0.00, real=0.01 secs] 
: 399469K->7645K(440896K), 0.0095670 secs] 6225874K->5835382K(12533952K), 0.0097190 secs] [Times: user=0.17 sys=0.00, real=0.01 secs] 
: 399581K->9321K(440896K), 0.0094770 secs] 6227318K->5838524K(12533952K), 0.0096790 secs] [Times: user=0.18 sys=0.00, real=0.00 secs] 
: 401257K->9624K(440896K), 0.0120700 secs] 6230460K->5840420K(12533952K), 0.0122560 secs] [Times: user=0.22 sys=0.01, real=0.01 secs] 
: 401560K->10775K(440896K), 0.0112670 secs] 6232356K->5842991K(12533952K), 0.0114550 secs] [Times: user=0.21 sys=0.00, real=0.01 secs] 
: 402711K->11429K(440896K), 0.0113800 secs] 6234927K->5845262K(12533952K), 0.0115670 secs] [Times: user=0.19 sys=0.00, real=0.01 secs] 
: 403293K->10770K(440896K), 0.0105840 secs] 6237126K->5847370K(12533952K), 0.0107760 secs] [Times: user=0.20 sys=0.00, real=0.01 secs] 
: 402706K->10415K(440896K), 0.0094370 secs] 6239306K->5848762K(12533952K), 0.0096170 secs] [Times: user=0.16 sys=0.00, real=0.00 secs] 
: 402351K->9298K(440896K), 0.0107260 secs] 6240698K->5850659K(12533952K), 0.0109160 secs] [Times: user=0.20 sys=0.00, real=0.01 secs] 
: 401234K->8321K(440896K), 0.0126820 secs] 6242595K->5852069K(12533952K), 0.0129050 secs] [Times: user=0.24 sys=0.00, real=0.01 secs] 
: 400257K->8473K(440896K), 0.0112390 secs] 6244005K->5853999K(12533952K), 0.0114270 secs] [Times: user=0.20 sys=0.00, real=0.01 secs] 
: 400409K->8315K(440896K), 0.0104580 secs] 6245935K->5855573K(12533952K), 0.0106660 secs] [Times: user=0.21 sys=0.00, real=0.01 secs] 
: 400251K->7978K(440896K), 0.0117900 secs] 6247509K->5856987K(12533952K), 0.0119800 secs] [Times: user=0.23 sys=0.00, real=0.01 secs] 
: 399684K->8422K(440896K), 0.0088740 secs] 6248693K->5859108K(12533952K), 0.0091190 secs] [Times: user=0.16 sys=0.00, real=0.01 secs] 
: 400315K->7944K(440896K), 0.0125820 secs] 6251000K->5860626K(12533952K), 0.0127880 secs] [Times: user=0.24 sys=0.00, real=0.01 secs] 
: 399880K->8995K(440896K), 0.0093070 secs] 6252562K->5863054K(12533952K), 0.0095320 secs] [Times: user=0.17 sys=0.00, real=0.01 secs] 
: 400875K->9751K(440896K), 0.0151420 secs] 6254935K->5865245K(12533952K), 0.0153490 secs] [Times: user=0.27 sys=0.00, real=0.01 secs] 
: 401687K->8765K(440896K), 0.0140450 secs] 6257181K->5866388K(12533952K), 0.0142500 secs] [Times: user=0.26 sys=0.00, real=0.01 secs] 
: 400701K->8257K(440896K), 0.0119220 secs] 6258324K->5867620K(12533952K), 0.0121080 secs] [Times: user=0.24 sys=0.00, real=0.01 secs] 
: 400193K->7750K(440896K), 0.0124000 secs] 6259556K->5869500K(12533952K), 0.0125160 secs] [Times: user=0.24 sys=0.01, real=0.01 secs] 
: 399686K->7184K(440896K), 0.0108840 secs] 6261436K->5871359K(12533952K), 0.0110400 secs] [Times: user=0.21 sys=0.00, real=0.01 secs] 
: 399120K->8129K(440896K), 0.0108410 secs] 6263295K->5873470K(12533952K), 0.0110380 secs] [Times: user=0.19 sys=0.00, real=0.01 secs] 
: 400065K->14613K(440896K), 0.0128920 secs] 6265406K->5880958K(12533952K), 0.0130450 secs] [Times: user=0.25 sys=0.00, real=0.02 secs] 
: 406549K->14473K(440896K), 0.0107290 secs] 6272894K->5882780K(12533952K), 0.0109030 secs] [Times: user=0.19 sys=0.00, real=0.01 secs] 
: 406409K->12726K(440896K), 0.0102810 secs] 6274716K->5882979K(12533952K), 0.0104930 secs] [Times: user=0.19 sys=0.00, real=0.01 secs] 
: 404662K->12363K(440896K), 0.0120810 secs] 6274915K->5884809K(12533952K), 0.0122550 secs] [Times: user=0.23 sys=0.01, real=0.01 secs] 
: 404299K->8448K(440896K), 0.0098030 secs] 6276745K->5886153K(12533952K), 0.0099890 secs] [Times: user=0.19 sys=0.00, real=0.01 secs] 
: 400384K->8960K(440896K), 0.0105790 secs] 6278089K->5888472K(12533952K), 0.0107290 secs] [Times: user=0.20 sys=0.01, real=0.01 secs] 
: 400896K->8521K(440896K), 0.0126920 secs] 6280408K->5890468K(12533952K), 0.0129190 secs] [Times: user=0.23 sys=0.01, real=0.02 secs] 
: 400457K->8173K(440896K), 0.0113990 secs] 6282404K->5891875K(12533952K), 0.0115730 secs] [Times: user=0.22 sys=0.00, real=0.02 secs] 
: 400109K->7973K(440896K), 0.0103990 secs] 6283811K->5892964K(12533952K), 0.0105870 secs] [Times: user=0.19 sys=0.00, real=0.01 secs] 
: 399909K->7951K(440896K), 0.0117690 secs] 6284900K->5895136K(12533952K), 0.0119560 secs] [Times: user=0.21 sys=0.00, real=0.01 secs] 
: 399887K->7622K(440896K), 0.0105500 secs] 6287072K->5897000K(12533952K), 0.0107300 secs] [Times: user=0.18 sys=0.00, real=0.01 secs] 
: 399558K->8391K(440896K), 0.0109990 secs] 6288936K->5899257K(12533952K), 0.0112110 secs] [Times: user=0.20 sys=0.00, real=0.01 secs] 
: 400327K->9462K(440896K), 0.0089830 secs] 6291193K->5901298K(12533952K), 0.0091230 secs] [Times: user=0.16 sys=0.00, real=0.01 secs] 
: 401398K->8623K(440896K), 0.0144550 secs] 6293234K->5902658K(12533952K), 0.0145990 secs] [Times: user=0.25 sys=0.00, real=0.01 secs] 
: 400499K->42029K(440896K), 0.0125880 secs] 6294534K->5937933K(12533952K), 0.0128180 secs] [Times: user=0.25 sys=0.00, real=0.02 secs] 
: 433932K->48960K(440896K), 0.0218480 secs] 6329836K->6000269K(12533952K), 0.0220460 secs] [Times: user=0.34 sys=0.00, real=0.02 secs] 
: 440843K->48960K(440896K), 0.0228270 secs] 6392152K->6070259K(12533952K), 0.0229830 secs] [Times: user=0.34 sys=0.01, real=0.03 secs] 
: 440896K->48960K(440896K), 0.0237760 secs] 6462195K->6120316K(12533952K), 0.0239320 secs] [Times: user=0.41 sys=0.00, real=0.02 secs] 
: 440836K->48960K(440896K), 0.0251150 secs] 6512192K->6201863K(12533952K), 0.0252880 secs] [Times: user=0.31 sys=0.01, real=0.02 secs] 
: 440773K->48960K(440896K), 0.0203400 secs] 6593676K->6245823K(12533952K), 0.0205350 secs] [Times: user=0.28 sys=0.00, real=0.02 secs] 
: 440819K->48960K(440896K), 0.0275540 secs] 6637683K->6311151K(12533952K), 0.0277750 secs] [Times: user=0.37 sys=0.01, real=0.03 secs] 
: 440850K->48960K(440896K), 0.0248440 secs] 6703041K->6384638K(12533952K), 0.0250040 secs] [Times: user=0.37 sys=0.01, real=0.03 secs] 
: 440711K->48960K(440896K), 0.0188960 secs] 6776390K->6453246K(12533952K), 0.0190410 secs] [Times: user=0.28 sys=0.00, real=0.02 secs] 
: 440667K->48960K(440896K), 0.0218920 secs] 6844953K->6518505K(12533952K), 0.0221050 secs] [Times: user=0.33 sys=0.01, real=0.02 secs] 
: 440895K->48960K(440896K), 0.0218430 secs] 6910440K->6571498K(12533952K), 0.0220180 secs] [Times: user=0.36 sys=0.00, real=0.02 secs] 
: 440751K->48960K(440896K), 0.0196180 secs] 6963290K->6641892K(12533952K), 0.0197700 secs] [Times: user=0.30 sys=0.00, real=0.02 secs] 
: 440733K->48960K(440896K), 0.0198760 secs] 7033666K->6699670K(12533952K), 0.0200540 secs] [Times: user=0.30 sys=0.00, real=0.02 secs] 
: 440896K->48960K(440896K), 0.0228180 secs] 7091606K->6764180K(12533952K), 0.0229660 secs] [Times: user=0.32 sys=0.00, real=0.02 secs] 
: 440650K->48960K(440896K), 0.0246060 secs] 7155871K->6828117K(12533952K), 0.0248130 secs] [Times: user=0.29 sys=0.00, real=0.02 secs] 
: 440707K->48960K(440896K), 0.0205230 secs] 7219865K->6892466K(12533952K), 0.0206710 secs] [Times: user=0.31 sys=0.00, real=0.02 secs] 
: 440860K->48927K(440896K), 0.0226420 secs] 7284367K->6957820K(12533952K), 0.0228620 secs] [Times: user=0.33 sys=0.00, real=0.03 secs] 
: 440612K->48960K(440896K), 0.0207640 secs] 7349506K->7021216K(12533952K), 0.0209630 secs] [Times: user=0.33 sys=0.01, real=0.02 secs] 
: 440884K->48919K(440896K), 0.0219160 secs] 7413141K->7085703K(12533952K), 0.0220620 secs] [Times: user=0.35 sys=0.01, real=0.02 secs] 
: 440826K->48960K(440896K), 0.0202020 secs] 7477610K->7150261K(12533952K), 0.0203600 secs] [Times: user=0.33 sys=0.01, real=0.02 secs] 
: 440896K->48914K(440896K), 0.0226750 secs] 7542197K->7217931K(12533952K), 0.0228950 secs] [Times: user=0.32 sys=0.01, real=0.02 secs] 
: 440850K->48960K(440896K), 0.0191520 secs] 7609867K->7281226K(12533952K), 0.0193670 secs] [Times: user=0.28 sys=0.00, real=0.02 secs] 
: 440803K->48960K(440896K), 0.0238060 secs] 7673070K->7353242K(12533952K), 0.0240080 secs] [Times: user=0.40 sys=0.00, real=0.02 secs] 
: 440685K->48960K(440896K), 0.0209710 secs] 7744968K->7410679K(12533952K), 0.0211220 secs] [Times: user=0.30 sys=0.00, real=0.02 secs] 
: 440875K->48960K(440896K), 0.0234580 secs] 7802594K->7476245K(12533952K), 0.0236370 secs] [Times: user=0.34 sys=0.00, real=0.02 secs] 
: 440896K->48960K(440896K), 0.0193750 secs] 7868181K->7538423K(12533952K), 0.0195790 secs] [Times: user=0.28 sys=0.00, real=0.02 secs] 
: 440842K->48960K(440896K), 0.0223770 secs] 7930306K->7601581K(12533952K), 0.0225730 secs] [Times: user=0.36 sys=0.00, real=0.02 secs] 
: 440723K->48960K(440896K), 0.0207080 secs] 7993344K->7665954K(12533952K), 0.0209090 secs] [Times: user=0.27 sys=0.01, real=0.03 secs] 
: 440724K->48960K(440896K), 0.0227050 secs] 8057718K->7732444K(12533952K), 0.0229170 secs] [Times: user=0.28 sys=0.00, real=0.03 secs] 
: 440678K->48960K(440896K), 0.0195780 secs] 8124162K->7798289K(12533952K), 0.0197820 secs] [Times: user=0.29 sys=0.00, real=0.02 secs] 
: 440671K->48960K(440896K), 0.0213310 secs] 8190001K->7864628K(12533952K), 0.0215400 secs] [Times: user=0.32 sys=0.01, real=0.02 secs] 
: 440653K->48960K(440896K), 0.0208750 secs] 8256322K->7930473K(12533952K), 0.0210960 secs] [Times: user=0.29 sys=0.00, real=0.02 secs] 
: 440783K->48960K(440896K), 0.0197340 secs] 8322297K->7992983K(12533952K), 0.0198530 secs] [Times: user=0.26 sys=0.01, real=0.02 secs] 
: 440839K->48960K(440896K), 0.0207630 secs] 8384862K->8058694K(12533952K), 0.0209630 secs] [Times: user=0.28 sys=0.00, real=0.02 secs] 
: 440693K->48960K(440896K), 0.0206060 secs] 8450428K->8123527K(12533952K), 0.0207750 secs] [Times: user=0.30 sys=0.00, real=0.02 secs] 
: 440858K->48960K(440896K), 0.0248740 secs] 8515426K->8187251K(12533952K), 0.0250300 secs] [Times: user=0.36 sys=0.00, real=0.03 secs] 
: 440674K->48960K(440896K), 0.0218210 secs] 8578965K->8253972K(12533952K), 0.0220420 secs] [Times: user=0.34 sys=0.00, real=0.02 secs] 
: 440896K->48960K(440896K), 0.0196890 secs] 8645908K->8317703K(12533952K), 0.0198410 secs] [Times: user=0.29 sys=0.01, real=0.02 secs] 
: 440767K->48960K(440896K), 0.0193360 secs] 8709510K->8383258K(12533952K), 0.0195440 secs] [Times: user=0.26 sys=0.00, real=0.02 secs] 
: 440853K->48960K(440896K), 0.0194420 secs] 8775151K->8448139K(12533952K), 0.0196000 secs] [Times: user=0.28 sys=0.00, real=0.02 secs] 
: 440896K->48960K(440896K), 0.0218860 secs] 8840075K->8515454K(12533952K), 0.0220890 secs] [Times: user=0.31 sys=0.01, real=0.02 secs] 
2015-04-01T03:27:30.892-0700: 13180650.964: [GC [1 CMS-initial-mark: 8466494K(12093056K)] 8515608K(12533952K), 0.0051400 secs] [Times: user=0.01 sys=0.00, real=0.00 secs] 
2015-04-01T03:27:31.213-0700: 13180651.286: [CMS-concurrent-mark: 0.316/0.316 secs] [Times: user=1.92 sys=0.00, real=0.32 secs] 
2015-04-01T03:27:31.246-0700: 13180651.319: [CMS-concurrent-preclean: 0.033/0.033 secs] [Times: user=0.04 sys=0.00, real=0.03 secs] 
2015-04-01T03:27:35.814-0700: 13180655.887: [CMS-concurrent-abortable-preclean: 2.063/4.568 secs] [Times: user=2.51 sys=0.24, real=4.57 secs] 
2015-04-01T03:27:35.816-0700: 13180655.888: [GC[YG occupancy: 245228 K (440896 K)]13180655.888: [Rescan (parallel) , 0.0060110 secs]13180655.894: [weak refs processing, 0.0033260 secs] [1 CMS-remark: 8466494K(12093056K)] 8711723K(12533952K), 0.0095900 secs] [Times: user=0.08 sys=0.01, real=0.01 secs] 
2015-04-01T03:27:36.520-0700: 13180656.593: [CMS-concurrent-sweep: 0.695/0.695 secs] [Times: user=0.73 sys=0.01, real=0.70 secs] 
2015-04-01T03:27:36.547-0700: 13180656.620: [CMS-concurrent-reset: 0.027/0.027 secs] [Times: user=0.03 sys=0.00, real=0.02 secs] 
: 440896K->48960K(440896K), 0.0187520 secs] 3878511K->3549683K(12533952K), 0.0189500 secs] [Times: user=0.32 sys=0.00, real=0.02 secs] 
: 440807K->48960K(440896K), 0.0194030 secs] 3941530K->3615943K(12533952K), 0.0196070 secs] [Times: user=0.32 sys=0.00, real=0.02 secs] 
: 440896K->45769K(440896K), 0.0130120 secs] 4007879K->3656153K(12533952K), 0.0131680 secs] [Times: user=0.20 sys=0.00, real=0.01 secs] 
: 437705K->48260K(440896K), 0.0108450 secs] 4048089K->3660692K(12533952K), 0.0110500 secs] [Times: user=0.19 sys=0.00, real=0.01 secs] 
: 440196K->24056K(440896K), 0.0125210 secs] 4052628K->3653416K(12533952K), 0.0127140 secs] [Times: user=0.22 sys=0.00, real=0.02 secs] 
: 415992K->16179K(440896K), 0.0098650 secs] 4045352K->3645540K(12533952K), 0.0100600 secs] [Times: user=0.17 sys=0.00, real=0.01 secs] 
: 408115K->17817K(440896K), 0.0096260 secs] 4037476K->3647178K(12533952K), 0.0098580 secs] [Times: user=0.17 sys=0.00, real=0.01 secs] 
: 409753K->23208K(440896K), 0.0118830 secs] 4039114K->3656527K(12533952K), 0.0121100 secs] [Times: user=0.21 sys=0.00, real=0.02 secs] 
: 415144K->19617K(440896K), 0.0100190 secs] 4048463K->3655491K(12533952K), 0.0102150 secs] [Times: user=0.18 sys=0.00, real=0.01 secs] 
: 411553K->24204K(440896K), 0.0114840 secs] 4047427K->3664363K(12533952K), 0.0116720 secs] [Times: user=0.21 sys=0.00, real=0.02 secs] 
: 416140K->33811K(440896K), 0.0135400 secs] 4056299K->3678197K(12533952K), 0.0137370 secs] [Times: user=0.25 sys=0.01, real=0.02 secs] 
: 425747K->15950K(440896K), 0.0142630 secs] 4070133K->3666775K(12533952K), 0.0144450 secs] [Times: user=0.26 sys=0.00, real=0.02 secs] 
: 407886K->16856K(440896K), 0.0108010 secs] 4058711K->3670874K(12533952K), 0.0109880 secs] [Times: user=0.19 sys=0.00, real=0.01 secs] 
: 408792K->15620K(440896K), 0.0106170 secs] 4062810K->3674418K(12533952K), 0.0108310 secs] [Times: user=0.18 sys=0.01, real=0.01 secs] 
: 407500K->14540K(440896K), 0.0121310 secs] 4066297K->3677038K(12533952K), 0.0123050 secs] [Times: user=0.24 sys=0.00, real=0.01 secs] 
: 406476K->15910K(440896K), 0.0140020 secs] 4068974K->3681180K(12533952K), 0.0141730 secs] [Times: user=0.28 sys=0.00, real=0.01 secs] 
: 407846K->16255K(440896K), 0.0126780 secs] 4073116K->3685980K(12533952K), 0.0128350 secs] [Times: user=0.23 sys=0.00, real=0.02 secs] 
: 408191K->16879K(440896K), 0.0127460 secs] 4077916K->3690222K(12533952K), 0.0129550 secs] [Times: user=0.26 sys=0.00, real=0.01 secs] 
: 408815K->20432K(440896K), 0.0091010 secs] 4082158K->3696501K(12533952K), 0.0092960 secs] [Times: user=0.17 sys=0.00, real=0.01 secs] 
: 412368K->30142K(440896K), 0.0136470 secs] 4088437K->3710134K(12533952K), 0.0137940 secs] [Times: user=0.25 sys=0.00, real=0.01 secs] 
: 422078K->23727K(440896K), 0.0164340 secs] 4102070K->3712766K(12533952K), 0.0165780 secs] [Times: user=0.32 sys=0.00, real=0.02 secs] 
: 415653K->27018K(440896K), 0.0109560 secs] 4104692K->3716057K(12533952K), 0.0111130 secs] [Times: user=0.21 sys=0.00, real=0.01 secs] 
: 418954K->18783K(440896K), 0.0115840 secs] 4107993K->3714185K(12533952K), 0.0117430 secs] [Times: user=0.22 sys=0.00, real=0.02 secs] 
: 410719K->18029K(440896K), 0.0103890 secs] 4106121K->3718070K(12533952K), 0.0105340 secs] [Times: user=0.19 sys=0.00, real=0.02 secs] 
: 409965K->17947K(440896K), 0.0114370 secs] 4110006K->3722654K(12533952K), 0.0116000 secs] [Times: user=0.20 sys=0.00, real=0.01 secs] 
: 409883K->18359K(440896K), 0.0102000 secs] 4114590K->3726614K(12533952K), 0.0103580 secs] [Times: user=0.19 sys=0.00, real=0.01 secs] 
: 410119K->18895K(440896K), 0.0087520 secs] 4118375K->3731668K(12533952K), 0.0088740 secs] [Times: user=0.16 sys=0.00, real=0.01 secs] 
: 410831K->18912K(440896K), 0.0161000 secs] 4123604K->3735682K(12533952K), 0.0163030 secs] [Times: user=0.30 sys=0.00, real=0.02 secs] 
: 410848K->19107K(440896K), 0.0093790 secs] 4127618K->3740325K(12533952K), 0.0095680 secs] [Times: user=0.16 sys=0.00, real=0.01 secs] 
: 411043K->18459K(440896K), 0.0091700 secs] 4132261K->3743680K(12533952K), 0.0093590 secs] [Times: user=0.16 sys=0.00, real=0.00 secs] 
: 410395K->16676K(440896K), 0.0095650 secs] 4135616K->3747064K(12533952K), 0.0097500 secs] [Times: user=0.17 sys=0.00, real=0.01 secs] 
: 408612K->16071K(440896K), 0.0103040 secs] 4139000K->3750326K(12533952K), 0.0105300 secs] [Times: user=0.20 sys=0.00, real=0.01 secs] 
: 408007K->14458K(440896K), 0.0102610 secs] 4142262K->3753444K(12533952K), 0.0104550 secs] [Times: user=0.16 sys=0.01, real=0.01 secs] 
: 406394K->14546K(440896K), 0.0092020 secs] 4145380K->3756895K(12533952K), 0.0094210 secs] [Times: user=0.16 sys=0.00, real=0.01 secs] 
: 406482K->15256K(440896K), 0.0112340 secs] 4148831K->3760909K(12533952K), 0.0114250 secs] [Times: user=0.19 sys=0.00, real=0.01 secs] 
: 407192K->16222K(440896K), 0.0122950 secs] 4152845K->3765162K(12533952K), 0.0124880 secs] [Times: user=0.21 sys=0.00, real=0.02 secs] 
: 408158K->16298K(440896K), 0.0113680 secs] 4157098K->3768465K(12533952K), 0.0115600 secs] [Times: user=0.21 sys=0.00, real=0.02 secs] 
: 408234K->16659K(440896K), 0.0101080 secs] 4160401K->3772187K(12533952K), 0.0103040 secs] [Times: user=0.17 sys=0.00, real=0.01 secs] 
: 408595K->16570K(440896K), 0.0116050 secs] 4164123K->3776095K(12533952K), 0.0117930 secs] [Times: user=0.22 sys=0.01, real=0.01 secs] 
: 404944K->17147K(440896K), 0.0109290 secs] 4164468K->3780927K(12533952K), 0.0110890 secs] [Times: user=0.19 sys=0.00, real=0.01 secs] 
: 409083K->16472K(440896K), 0.0097820 secs] 4172863K->3783666K(12533952K), 0.0099730 secs] [Times: user=0.16 sys=0.00, real=0.01 secs] 
: 408408K->15307K(440896K), 0.0119020 secs] 4175602K->3786179K(12533952K), 0.0120930 secs] [Times: user=0.22 sys=0.00, real=0.01 secs] 
: 406999K->12425K(440896K), 0.0089120 secs] 4177871K->3787228K(12533952K), 0.0091030 secs] [Times: user=0.15 sys=0.00, real=0.01 secs] 
: 404361K->8925K(440896K), 0.0131150 secs] 4179164K->3788531K(12533952K), 0.0132560 secs] [Times: user=0.25 sys=0.00, real=0.01 secs] 
: 400861K->7975K(440896K), 0.0125270 secs] 4180467K->3790289K(12533952K), 0.0127300 secs] [Times: user=0.23 sys=0.00, real=0.01 secs] 
: 399869K->6320K(440896K), 0.0120490 secs] 4182183K->3791028K(12533952K), 0.0122130 secs] [Times: user=0.22 sys=0.00, real=0.01 secs] 
: 398256K->6091K(440896K), 0.0121810 secs] 4182964K->3791931K(12533952K), 0.0123700 secs] [Times: user=0.22 sys=0.00, real=0.01 secs] 
: 397822K->5827K(440896K), 0.0114980 secs] 4183662K->3793160K(12533952K), 0.0116900 secs] [Times: user=0.18 sys=0.00, real=0.01 secs] 
: 397763K->5119K(440896K), 0.0086670 secs] 4185096K->3793795K(12533952K), 0.0088740 secs] [Times: user=0.16 sys=0.00, real=0.00 secs] 
: 397055K->5441K(440896K), 0.0131780 secs] 4185731K->3794709K(12533952K), 0.0132960 secs] [Times: user=0.26 sys=0.00, real=0.01 secs] 
: 397377K->5703K(440896K), 0.0115600 secs] 4186645K->3795786K(12533952K), 0.0117570 secs] [Times: user=0.21 sys=0.00, real=0.01 secs] 
: 397639K->5462K(440896K), 0.0098810 secs] 4187722K->3796873K(12533952K), 0.0100740 secs] [Times: user=0.17 sys=0.00, real=0.01 secs] 
: 397398K->5146K(440896K), 0.0101750 secs] 4188809K->3797690K(12533952K), 0.0103210 secs] [Times: user=0.18 sys=0.00, real=0.01 secs] 
: 397082K->4523K(440896K), 0.0123900 secs] 4189626K->3797971K(12533952K), 0.0125850 secs] [Times: user=0.24 sys=0.00, real=0.01 secs] 
: 396459K->5914K(440896K), 0.0096550 secs] 4189907K->3800462K(12533952K), 0.0098560 secs] [Times: user=0.18 sys=0.00, real=0.01 secs] 
: 397850K->8201K(440896K), 0.0113050 secs] 4192398K->3803978K(12533952K), 0.0115020 secs] [Times: user=0.20 sys=0.00, real=0.01 secs] 
: 400137K->10121K(440896K), 0.0106830 secs] 4195914K->3806741K(12533952K), 0.0108700 secs] [Times: user=0.19 sys=0.00, real=0.02 secs] 
: 402057K->14322K(440896K), 0.0132820 secs] 4198677K->3811204K(12533952K), 0.0134760 secs] [Times: user=0.25 sys=0.00, real=0.01 secs] 
: 406258K->13948K(440896K), 0.0093630 secs] 4203140K->3813410K(12533952K), 0.0095730 secs] [Times: user=0.18 sys=0.00, real=0.01 secs] 
: 405884K->12932K(440896K), 0.0118460 secs] 4205346K->3815844K(12533952K), 0.0120290 secs] [Times: user=0.23 sys=0.00, real=0.01 secs] 
: 404868K->11889K(440896K), 0.0109420 secs] 4207780K->3817512K(12533952K), 0.0111400 secs] [Times: user=0.20 sys=0.00, real=0.01 secs] 
: 403825K->10587K(440896K), 0.0122120 secs] 4209448K->3820695K(12533952K), 0.0123650 secs] [Times: user=0.23 sys=0.00, real=0.01 secs] 
: 402523K->9315K(440896K), 0.0089760 secs] 4212631K->3821685K(12533952K), 0.0091260 secs] [Times: user=0.15 sys=0.00, real=0.01 secs] 
: 401251K->8985K(440896K), 0.0118610 secs] 4213621K->3823613K(12533952K), 0.0120710 secs] [Times: user=0.20 sys=0.00, real=0.01 secs] 
: 400914K->8761K(440896K), 0.0133020 secs] 4215542K->3824999K(12533952K), 0.0135000 secs] [Times: user=0.26 sys=0.00, real=0.01 secs] 
: 400697K->7668K(440896K), 0.0131490 secs] 4216935K->3826684K(12533952K), 0.0133100 secs] [Times: user=0.26 sys=0.00, real=0.01 secs] 
: 399431K->7530K(440896K), 0.0131410 secs] 4218448K->3827966K(12533952K), 0.0133360 secs] [Times: user=0.24 sys=0.00, real=0.01 secs] 
: 399466K->6532K(440896K), 0.0114620 secs] 4219902K->3828776K(12533952K), 0.0116620 secs] [Times: user=0.20 sys=0.00, real=0.01 secs] 
: 398355K->5796K(440896K), 0.0095520 secs] 4220598K->3829460K(12533952K), 0.0097430 secs] [Times: user=0.17 sys=0.00, real=0.01 secs] 
: 397732K->4628K(440896K), 0.0119320 secs] 4221396K->3829905K(12533952K), 0.0120810 secs] [Times: user=0.22 sys=0.00, real=0.01 secs] 
: 396564K->4655K(440896K), 0.0094630 secs] 4221841K->3831480K(12533952K), 0.0095850 secs] [Times: user=0.16 sys=0.00, real=0.01 secs] 
: 396591K->4324K(440896K), 0.0131770 secs] 4223416K->3832056K(12533952K), 0.0133150 secs] [Times: user=0.25 sys=0.00, real=0.01 secs] 
: 396260K->5019K(440896K), 0.0107680 secs] 4223992K->3833468K(12533952K), 0.0109230 secs] [Times: user=0.20 sys=0.00, real=0.01 secs] 
: 396955K->5137K(440896K), 0.0123020 secs] 4225404K->3834044K(12533952K), 0.0125070 secs] [Times: user=0.23 sys=0.00, real=0.01 secs] 
: 397073K->4511K(440896K), 0.0112460 secs] 4225980K->3834861K(12533952K), 0.0114380 secs] [Times: user=0.19 sys=0.00, real=0.01 secs] 
: 396447K->4913K(440896K), 0.0118320 secs] 4226797K->3835658K(12533952K), 0.0119710 secs] [Times: user=0.25 sys=0.00, real=0.01 secs] 
: 396849K->4503K(440896K), 0.0099790 secs] 4227594K->3836614K(12533952K), 0.0101730 secs] [Times: user=0.17 sys=0.01, real=0.01 secs] 
: 396439K->5179K(440896K), 0.0134620 secs] 4228550K->3838092K(12533952K), 0.0136530 secs] [Times: user=0.25 sys=0.00, real=0.01 secs] 
: 397115K->5911K(440896K), 0.0108460 secs] 4230028K->3839669K(12533952K), 0.0110140 secs] [Times: user=0.22 sys=0.00, real=0.01 secs] 
: 397847K->6222K(440896K), 0.0112760 secs] 4231605K->3840886K(12533952K), 0.0114860 secs] [Times: user=0.20 sys=0.00, real=0.01 secs] 
: 398158K->6190K(440896K), 0.0106500 secs] 4232822K->3841896K(12533952K), 0.0108470 secs] [Times: user=0.20 sys=0.00, real=0.01 secs] 
: 398126K->5900K(440896K), 0.0119760 secs] 4233832K->3842895K(12533952K), 0.0121910 secs] [Times: user=0.22 sys=0.00, real=0.01 secs] 
: 397619K->6500K(440896K), 0.0106800 secs] 4234615K->3844924K(12533952K), 0.0108920 secs] [Times: user=0.20 sys=0.00, real=0.01 secs] 
: 398436K->6239K(440896K), 0.0092440 secs] 4236860K->3846020K(12533952K), 0.0094440 secs] [Times: user=0.18 sys=0.00, real=0.01 secs] 
: 398175K->6373K(440896K), 0.0126130 secs] 4237956K->3847199K(12533952K), 0.0127960 secs] [Times: user=0.22 sys=0.00, real=0.02 secs] 
: 398309K->6327K(440896K), 0.0105300 secs] 4239135K->3848253K(12533952K), 0.0106890 secs] [Times: user=0.18 sys=0.00, real=0.01 secs] 
: 398263K->4943K(440896K), 0.0092000 secs] 4240189K->3848692K(12533952K), 0.0093460 secs] [Times: user=0.15 sys=0.01, real=0.01 secs] 
: 396879K->5185K(440896K), 0.0129270 secs] 4240628K->3849904K(12533952K), 0.0130960 secs] [Times: user=0.24 sys=0.00, real=0.02 secs] 
: 397121K->5372K(440896K), 0.0123440 secs] 4241840K->3851142K(12533952K), 0.0124830 secs] [Times: user=0.24 sys=0.00, real=0.02 secs] 
: 397308K->5502K(440896K), 0.0108930 secs] 4243078K->3852241K(12533952K), 0.0110830 secs] [Times: user=0.21 sys=0.00, real=0.01 secs] 
: 397438K->5461K(440896K), 0.0105320 secs] 4244177K->3853001K(12533952K), 0.0107430 secs] [Times: user=0.19 sys=0.00, real=0.01 secs] 
: 397385K->4538K(440896K), 0.0111540 secs] 4244925K->3853248K(12533952K), 0.0113000 secs] [Times: user=0.21 sys=0.00, real=0.01 secs] 
: 396474K->4361K(440896K), 0.0090350 secs] 4245184K->3854301K(12533952K), 0.0092230 secs] [Times: user=0.17 sys=0.01, real=0.01 secs] 
: 396297K->4371K(440896K), 0.0103860 secs] 4246237K->3855345K(12533952K), 0.0105450 secs] [Times: user=0.18 sys=0.00, real=0.01 secs] 
: 396307K->4434K(440896K), 0.0116130 secs] 4247281K->3856189K(12533952K), 0.0118020 secs] [Times: user=0.21 sys=0.00, real=0.01 secs] 
: 396370K->4911K(440896K), 0.0131250 secs] 4248125K->3856999K(12533952K), 0.0133190 secs] [Times: user=0.25 sys=0.00, real=0.02 secs] 
: 396847K->4641K(440896K), 0.0134120 secs] 4248935K->3857974K(12533952K), 0.0136160 secs] [Times: user=0.25 sys=0.00, real=0.02 secs] 
: 396577K->4559K(440896K), 0.0120470 secs] 4249910K->3858952K(12533952K), 0.0122880 secs] [Times: user=0.22 sys=0.00, real=0.01 secs] 
: 396495K->4836K(440896K), 0.0101770 secs] 4250888K->3859962K(12533952K), 0.0103580 secs] [Times: user=0.17 sys=0.01, real=0.01 secs] 
: 396772K->4397K(440896K), 0.0118640 secs] 4251898K->3860196K(12533952K), 0.0120570 secs] [Times: user=0.22 sys=0.00, real=0.01 secs] 
: 396333K->6700K(440896K), 0.0129450 secs] 4252132K->3863533K(12533952K), 0.0131090 secs] [Times: user=0.24 sys=0.00, real=0.02 secs] 
: 398636K->7779K(440896K), 0.0103720 secs] 4255469K->3865681K(12533952K), 0.0105640 secs] [Times: user=0.16 sys=0.00, real=0.01 secs] 
: 399715K->8624K(440896K), 0.0135420 secs] 4257617K->3867562K(12533952K), 0.0137350 secs] [Times: user=0.26 sys=0.00, real=0.02 secs] 
: 400560K->10637K(440896K), 0.0089300 secs] 4259498K->3869907K(12533952K), 0.0091020 secs] [Times: user=0.16 sys=0.00, real=0.01 secs] 
: 402573K->9647K(440896K), 0.0105590 secs] 4261843K->3872040K(12533952K), 0.0107650 secs] [Times: user=0.19 sys=0.00, real=0.01 secs] 
: 401583K->9558K(440896K), 0.0153530 secs] 4263976K->3874153K(12533952K), 0.0155670 secs] [Times: user=0.29 sys=0.00, real=0.02 secs] 
: 401494K->8977K(440896K), 0.0138880 secs] 4266089K->3875453K(12533952K), 0.0141250 secs] [Times: user=0.26 sys=0.01, real=0.02 secs] 
: 400913K->8062K(440896K), 0.0135980 secs] 4267389K->3876876K(12533952K), 0.0137880 secs] [Times: user=0.25 sys=0.00, real=0.02 secs] 
: 399998K->7242K(440896K), 0.0143150 secs] 4268812K->3878310K(12533952K), 0.0145070 secs] [Times: user=0.27 sys=0.00, real=0.02 secs] 
: 399178K->7358K(440896K), 0.0103850 secs] 4270246K->3880233K(12533952K), 0.0105860 secs] [Times: user=0.19 sys=0.00, real=0.01 secs] 
: 399294K->8638K(440896K), 0.0098820 secs] 4272169K->3882956K(12533952K), 0.0100740 secs] [Times: user=0.16 sys=0.00, real=0.01 secs] 
: 400574K->9534K(440896K), 0.0127610 secs] 4274892K->3885351K(12533952K), 0.0129470 secs] [Times: user=0.24 sys=0.00, real=0.02 secs] 
: 401470K->9196K(440896K), 0.0113180 secs] 4277287K->3886446K(12533952K), 0.0117050 secs] [Times: user=0.21 sys=0.00, real=0.01 secs] 
: 401132K->8650K(440896K), 0.0128500 secs] 4278382K->3887900K(12533952K), 0.0130400 secs] [Times: user=0.26 sys=0.00, real=0.01 secs] 
: 400586K->6784K(440896K), 0.0111200 secs] 4279836K->3888806K(12533952K), 0.0113110 secs] [Times: user=0.20 sys=0.00, real=0.01 secs] 
: 398720K->6118K(440896K), 0.0103230 secs] 4280742K->3890276K(12533952K), 0.0105430 secs] [Times: user=0.18 sys=0.01, real=0.01 secs] 
: 398054K->6472K(440896K), 0.0105510 secs] 4282212K->3891806K(12533952K), 0.0107500 secs] [Times: user=0.20 sys=0.00, real=0.01 secs] 
: 398408K->5830K(440896K), 0.0101130 secs] 4283742K->3892650K(12533952K), 0.0103350 secs] [Times: user=0.18 sys=0.00, real=0.01 secs] 
: 397766K->6207K(440896K), 0.0099400 secs] 4284586K->3894000K(12533952K), 0.0101090 secs] [Times: user=0.19 sys=0.00, real=0.01 secs] 
: 398143K->6230K(440896K), 0.0126740 secs] 4285936K->3895430K(12533952K), 0.0128180 secs] [Times: user=0.24 sys=0.00, real=0.02 secs] 
: 398166K->6840K(440896K), 0.0132080 secs] 4287366K->3897460K(12533952K), 0.0133770 secs] [Times: user=0.24 sys=0.00, real=0.02 secs] 
: 398776K->7896K(440896K), 0.0094620 secs] 4289396K->3899380K(12533952K), 0.0096540 secs] [Times: user=0.16 sys=0.00, real=0.01 secs] 
: 399832K->8310K(440896K), 0.0121700 secs] 4291316K->3900985K(12533952K), 0.0123460 secs] [Times: user=0.23 sys=0.00, real=0.02 secs] 
: 400246K->7787K(440896K), 0.0128070 secs] 4292921K->3902077K(12533952K), 0.0129970 secs] [Times: user=0.24 sys=0.00, real=0.02 secs] 
: 399723K->7767K(440896K), 0.0134930 secs] 4294013K->3904250K(12533952K), 0.0137090 secs] [Times: user=0.25 sys=0.00, real=0.01 secs] 
: 399703K->8046K(440896K), 0.0091540 secs] 4296186K->3906398K(12533952K), 0.0092970 secs] [Times: user=0.17 sys=0.00, real=0.01 secs] 
: 399982K->7993K(440896K), 0.0090530 secs] 4298334K->3907765K(12533952K), 0.0092450 secs] [Times: user=0.17 sys=0.00, real=0.01 secs] 
: 399929K->8406K(440896K), 0.0127620 secs] 4299701K->3909307K(12533952K), 0.0129590 secs] [Times: user=0.23 sys=0.00, real=0.02 secs] 
: 400321K->8679K(440896K), 0.0122100 secs] 4301222K->3911718K(12533952K), 0.0124030 secs] [Times: user=0.21 sys=0.00, real=0.01 secs] 
: 400615K->8304K(440896K), 0.0123740 secs] 4303654K->3913478K(12533952K), 0.0125670 secs] [Times: user=0.23 sys=0.00, real=0.01 secs] 
: 400240K->9086K(440896K), 0.0098160 secs] 4305414K->3915811K(12533952K), 0.0099640 secs] [Times: user=0.17 sys=0.00, real=0.01 secs] 
: 401022K->8626K(440896K), 0.0113680 secs] 4307747K->3916713K(12533952K), 0.0115520 secs] [Times: user=0.22 sys=0.01, real=0.01 secs] 
: 400562K->7456K(440896K), 0.0099370 secs] 4308649K->3917806K(12533952K), 0.0101160 secs] [Times: user=0.16 sys=0.01, real=0.01 secs] 
: 399392K->7963K(440896K), 0.0105300 secs] 4309742K->3920188K(12533952K), 0.0107350 secs] [Times: user=0.19 sys=0.00, real=0.01 secs] 
: 399899K->7485K(440896K), 0.0112570 secs] 4312124K->3922034K(12533952K), 0.0114440 secs] [Times: user=0.21 sys=0.00, real=0.02 secs] 
: 399421K->8747K(440896K), 0.0109210 secs] 4313970K->3924330K(12533952K), 0.0111080 secs] [Times: user=0.19 sys=0.00, real=0.01 secs] 
: 400683K->9971K(440896K), 0.0092410 secs] 4316266K->3926785K(12533952K), 0.0094270 secs] [Times: user=0.15 sys=0.00, real=0.01 secs] 
: 401907K->9699K(440896K), 0.0095560 secs] 4318721K->3928393K(12533952K), 0.0097480 secs] [Times: user=0.16 sys=0.00, real=0.01 secs] 
: 401635K->9331K(440896K), 0.0122010 secs] 4320329K->3929927K(12533952K), 0.0123820 secs] [Times: user=0.22 sys=0.00, real=0.01 secs] 
: 401267K->6930K(440896K), 0.0112070 secs] 4321863K->3930177K(12533952K), 0.0113930 secs] [Times: user=0.22 sys=0.00, real=0.01 secs] 
: 398866K->4706K(440896K), 0.0129990 secs] 4322113K->3930419K(12533952K), 0.0132010 secs] [Times: user=0.24 sys=0.00, real=0.01 secs] 
: 396642K->3262K(440896K), 0.0105910 secs] 4322355K->3930720K(12533952K), 0.0107640 secs] [Times: user=0.21 sys=0.00, real=0.01 secs] 
: 395198K->1736K(440896K), 0.0088250 secs] 4322656K->3930760K(12533952K), 0.0090160 secs] [Times: user=0.16 sys=0.00, real=0.00 secs] 
: 393672K->1224K(440896K), 0.0134170 secs] 4322696K->3930523K(12533952K), 0.0135970 secs] [Times: user=0.24 sys=0.00, real=0.01 secs] 
: 393160K->8185K(440896K), 0.0100460 secs] 4322459K->3937613K(12533952K), 0.0102490 secs] [Times: user=0.18 sys=0.00, real=0.01 secs] 
: 400121K->10787K(440896K), 0.0125740 secs] 4329549K->3940215K(12533952K), 0.0127690 secs] [Times: user=0.25 sys=0.00, real=0.01 secs] 
: 402723K->12648K(440896K), 0.0095550 secs] 4332151K->3942205K(12533952K), 0.0097730 secs] [Times: user=0.19 sys=0.00, real=0.01 secs] 
: 404584K->15712K(440896K), 0.0115340 secs] 4334141K->3945270K(12533952K), 0.0116960 secs] [Times: user=0.23 sys=0.00, real=0.01 secs] 
: 407648K->32912K(440896K), 0.0130580 secs] 4337206K->3969353K(12533952K), 0.0132660 secs] [Times: user=0.23 sys=0.00, real=0.02 secs] 
: 424848K->2611K(440896K), 0.0127180 secs] 4361289K->3950445K(12533952K), 0.0129100 secs] [Times: user=0.24 sys=0.00, real=0.01 secs] 
: 394547K->4545K(440896K), 0.0136070 secs] 4342381K->3952379K(12533952K), 0.0137850 secs] [Times: user=0.26 sys=0.00, real=0.01 secs] 
: 396481K->7103K(440896K), 0.0197470 secs] 4344315K->3954936K(12533952K), 0.0199070 secs] [Times: user=0.40 sys=0.00, real=0.02 secs] 
: 399039K->8552K(440896K), 0.0113150 secs] 4346872K->3956386K(12533952K), 0.0115320 secs] [Times: user=0.20 sys=0.00, real=0.01 secs] 
: 400488K->8457K(440896K), 0.0132070 secs] 4348322K->3957940K(12533952K), 0.0133980 secs] [Times: user=0.23 sys=0.00, real=0.01 secs] 
: 400393K->8538K(440896K), 0.0104680 secs] 4349876K->3959552K(12533952K), 0.0106590 secs] [Times: user=0.18 sys=0.00, real=0.01 secs] 
: 400474K->7987K(440896K), 0.0125680 secs] 4351488K->3961603K(12533952K), 0.0127580 secs] [Times: user=0.21 sys=0.00, real=0.01 secs] 
: 399923K->8274K(440896K), 0.0103300 secs] 4353539K->3963419K(12533952K), 0.0105550 secs] [Times: user=0.18 sys=0.00, real=0.01 secs] 
: 400210K->8438K(440896K), 0.0124130 secs] 4355355K->3964978K(12533952K), 0.0126130 secs] [Times: user=0.23 sys=0.00, real=0.01 secs] 
: 400374K->8358K(440896K), 0.0129650 secs] 4356914K->3966715K(12533952K), 0.0131510 secs] [Times: user=0.24 sys=0.00, real=0.01 secs] 
: 398468K->8521K(440896K), 0.0107900 secs] 4356825K->3968824K(12533952K), 0.0112390 secs] [Times: user=0.20 sys=0.00, real=0.01 secs] 
: 400457K->48959K(440896K), 0.0151120 secs] 4360760K->4017959K(12533952K), 0.0153450 secs] [Times: user=0.28 sys=0.00, real=0.01 secs] 
: 440890K->48960K(440896K), 0.0227480 secs] 4409889K->4066043K(12533952K), 0.0229910 secs] [Times: user=0.31 sys=0.01, real=0.03 secs] 
: 440896K->48960K(440896K), 0.0242330 secs] 4457979K->4127170K(12533952K), 0.0243830 secs] [Times: user=0.27 sys=0.01, real=0.02 secs] 
: 440885K->48910K(440896K), 0.0287000 secs] 4519095K->4189577K(12533952K), 0.0289090 secs] [Times: user=0.25 sys=0.01, real=0.03 secs] 
: 440687K->48960K(440896K), 0.0234970 secs] 4581354K->4252066K(12533952K), 0.0237010 secs] [Times: user=0.32 sys=0.01, real=0.03 secs] 
: 440872K->48960K(440896K), 0.0207560 secs] 4643979K->4312905K(12533952K), 0.0209660 secs] [Times: user=0.26 sys=0.00, real=0.02 secs] 
: 440896K->48960K(440896K), 0.0216430 secs] 4704841K->4376297K(12533952K), 0.0218490 secs] [Times: user=0.31 sys=0.01, real=0.02 secs] 
: 440863K->48960K(440896K), 0.0202870 secs] 4768201K->4443287K(12533952K), 0.0204860 secs] [Times: user=0.26 sys=0.00, real=0.02 secs] 
: 440775K->48950K(440896K), 0.0182830 secs] 4835102K->4505196K(12533952K), 0.0184840 secs] [Times: user=0.25 sys=0.00, real=0.02 secs] 
: 440747K->48960K(440896K), 0.0186600 secs] 4896993K->4570962K(12533952K), 0.0188750 secs] [Times: user=0.22 sys=0.01, real=0.02 secs] 
: 440842K->48924K(440896K), 0.0183830 secs] 4962844K->4636283K(12533952K), 0.0185940 secs] [Times: user=0.24 sys=0.00, real=0.02 secs] 
: 440860K->48951K(440896K), 0.0183620 secs] 5028219K->4701152K(12533952K), 0.0185100 secs] [Times: user=0.28 sys=0.01, real=0.01 secs] 
: 440884K->48960K(440896K), 0.0226310 secs] 5093086K->4766099K(12533952K), 0.0228410 secs] [Times: user=0.30 sys=0.00, real=0.02 secs] 
: 440896K->48953K(440896K), 0.0243250 secs] 5158035K->4831179K(12533952K), 0.0245490 secs] [Times: user=0.33 sys=0.00, real=0.03 secs] 
: 440889K->48960K(440896K), 0.0264810 secs] 5223115K->4893382K(12533952K), 0.0266890 secs] [Times: user=0.37 sys=0.00, real=0.03 secs] 
: 440844K->48960K(440896K), 0.0239560 secs] 5285266K->4958906K(12533952K), 0.0241660 secs] [Times: user=0.30 sys=0.00, real=0.02 secs] 
: 440809K->48960K(440896K), 0.0267370 secs] 5350755K->5024055K(12533952K), 0.0269680 secs] [Times: user=0.24 sys=0.00, real=0.02 secs] 
: 440814K->48935K(440896K), 0.0262420 secs] 5415909K->5089333K(12533952K), 0.0264380 secs] [Times: user=0.31 sys=0.00, real=0.02 secs] 
: 440729K->48930K(440896K), 0.0238090 secs] 5481126K->5154835K(12533952K), 0.0240020 secs] [Times: user=0.33 sys=0.01, real=0.03 secs] 
: 440776K->48960K(440896K), 0.0190410 secs] 5546681K->5220287K(12533952K), 0.0192670 secs] [Times: user=0.27 sys=0.00, real=0.02 secs] 
: 440886K->48960K(440896K), 0.0209000 secs] 5612213K->5283687K(12533952K), 0.0210730 secs] [Times: user=0.32 sys=0.00, real=0.02 secs] 
: 440706K->48960K(440896K), 0.0212930 secs] 5675434K->5348642K(12533952K), 0.0214520 secs] [Times: user=0.29 sys=0.01, real=0.02 secs] 
: 440643K->48960K(440896K), 0.0195670 secs] 5740325K->5413745K(12533952K), 0.0197360 secs] [Times: user=0.24 sys=0.01, real=0.02 secs] 
: 440705K->48959K(440896K), 0.0222620 secs] 5805490K->5479201K(12533952K), 0.0224690 secs] [Times: user=0.28 sys=0.01, real=0.02 secs] 
: 440773K->48959K(440896K), 0.0216110 secs] 5871015K->5542857K(12533952K), 0.0218180 secs] [Times: user=0.29 sys=0.01, real=0.02 secs] 
: 440895K->48924K(440896K), 0.0210110 secs] 5934793K->5609610K(12533952K), 0.0212290 secs] [Times: user=0.28 sys=0.01, real=0.02 secs] 
: 440630K->48955K(440896K), 0.0239090 secs] 6001316K->5673465K(12533952K), 0.0241130 secs] [Times: user=0.29 sys=0.01, real=0.03 secs] 
: 440763K->48956K(440896K), 0.0231460 secs] 6065273K->5738129K(12533952K), 0.0233400 secs] [Times: user=0.31 sys=0.01, real=0.02 secs] 
: 440686K->48957K(440896K), 0.0254180 secs] 6129859K->5803145K(12533952K), 0.0256050 secs] [Times: user=0.27 sys=0.01, real=0.03 secs] 
: 440893K->48960K(440896K), 0.0262980 secs] 6195081K->5866680K(12533952K), 0.0264910 secs] [Times: user=0.27 sys=0.01, real=0.02 secs] 
: 440730K->48935K(440896K), 0.0205890 secs] 6258451K->5932507K(12533952K), 0.0207800 secs] [Times: user=0.26 sys=0.00, real=0.03 secs] 
: 440871K->48960K(440896K), 0.0202140 secs] 6324443K->5997196K(12533952K), 0.0204190 secs] [Times: user=0.25 sys=0.01, real=0.02 secs] 
: 440869K->48911K(440896K), 0.0204560 secs] 6389105K->6063289K(12533952K), 0.0206270 secs] [Times: user=0.24 sys=0.01, real=0.02 secs] 
: 440847K->48957K(440896K), 0.0177870 secs] 6455225K->6125360K(12533952K), 0.0179950 secs] [Times: user=0.26 sys=0.01, real=0.02 secs] 
: 440893K->48926K(440896K), 0.0214400 secs] 6517296K->6190412K(12533952K), 0.0216360 secs] [Times: user=0.30 sys=0.00, real=0.02 secs] 
: 440862K->48955K(440896K), 0.0218900 secs] 6582348K->6255319K(12533952K), 0.0220640 secs] [Times: user=0.30 sys=0.01, real=0.03 secs] 
: 440794K->48960K(440896K), 0.0209010 secs] 6647158K->6322120K(12533952K), 0.0211160 secs] [Times: user=0.30 sys=0.00, real=0.02 secs] 
: 440896K->48960K(440896K), 0.0203840 secs] 6714056K->6381798K(12533952K), 0.0206630 secs] [Times: user=0.28 sys=0.01, real=0.02 secs] 
: 440863K->48912K(440896K), 0.0217070 secs] 6773701K->6441535K(12533952K), 0.0219250 secs] [Times: user=0.31 sys=0.00, real=0.03 secs] 
: 440848K->48959K(440896K), 0.0245460 secs] 6833471K->6504546K(12533952K), 0.0249160 secs] [Times: user=0.32 sys=0.00, real=0.02 secs] 
: 440879K->48960K(440896K), 0.0253280 secs] 6896466K->6572260K(12533952K), 0.0255690 secs] [Times: user=0.35 sys=0.01, real=0.03 secs] 
: 440896K->48954K(440896K), 0.0246070 secs] 6964196K->6634615K(12533952K), 0.0248030 secs] [Times: user=0.34 sys=0.00, real=0.02 secs] 
: 440806K->48960K(440896K), 0.0205460 secs] 7026468K->6703498K(12533952K), 0.0207410 secs] [Times: user=0.27 sys=0.00, real=0.02 secs] 
: 440864K->48960K(440896K), 0.0225920 secs] 7095403K->6763556K(12533952K), 0.0228160 secs] [Times: user=0.36 sys=0.00, real=0.02 secs] 
: 440824K->48960K(440896K), 0.0241370 secs] 7155421K->6830772K(12533952K), 0.0243130 secs] [Times: user=0.38 sys=0.00, real=0.02 secs] 
: 440752K->48960K(440896K), 0.0230050 secs] 7222565K->6889274K(12533952K), 0.0232340 secs] [Times: user=0.35 sys=0.01, real=0.02 secs] 
: 440725K->48960K(440896K), 0.0223890 secs] 7281039K->6953420K(12533952K), 0.0225740 secs] [Times: user=0.32 sys=0.00, real=0.02 secs] 
: 440866K->48947K(440896K), 0.0233870 secs] 7345326K->7018036K(12533952K), 0.0236140 secs] [Times: user=0.35 sys=0.00, real=0.02 secs] 
: 440641K->48960K(440896K), 0.0227740 secs] 7409730K->7079567K(12533952K), 0.0230300 secs] [Times: user=0.31 sys=0.00, real=0.03 secs] 
: 440646K->48948K(440896K), 0.0240700 secs] 7471254K->7144730K(12533952K), 0.0243000 secs] [Times: user=0.32 sys=0.01, real=0.02 secs] 
: 440826K->48960K(440896K), 0.0201050 secs] 7536608K->7208864K(12533952K), 0.0203300 secs] [Times: user=0.26 sys=0.00, real=0.02 secs] 
: 440896K->48959K(440896K), 0.0217720 secs] 7600800K->7274447K(12533952K), 0.0219990 secs] [Times: user=0.30 sys=0.01, real=0.02 secs] 
: 440800K->48960K(440896K), 0.0216090 secs] 7666289K->7335457K(12533952K), 0.0218360 secs] [Times: user=0.32 sys=0.00, real=0.02 secs] 
: 440828K->48960K(440896K), 0.0236730 secs] 7727326K->7398063K(12533952K), 0.0239040 secs] [Times: user=0.30 sys=0.01, real=0.02 secs] 
: 440775K->48955K(440896K), 0.0263430 secs] 7789879K->7467344K(12533952K), 0.0265540 secs] [Times: user=0.36 sys=0.00, real=0.03 secs] 
: 440865K->48941K(440896K), 0.0203800 secs] 7859254K->7526066K(12533952K), 0.0206210 secs] [Times: user=0.28 sys=0.00, real=0.02 secs] 
: 440877K->48960K(440896K), 0.0240650 secs] 7918002K->7590091K(12533952K), 0.0243060 secs] [Times: user=0.35 sys=0.00, real=0.02 secs] 
: 440670K->48959K(440896K), 0.0194460 secs] 7981801K->7652630K(12533952K), 0.0196700 secs] [Times: user=0.31 sys=0.00, real=0.02 secs] 
: 440895K->48959K(440896K), 0.0227350 secs] 8044566K->7713825K(12533952K), 0.0229720 secs] [Times: user=0.33 sys=0.00, real=0.02 secs] 
: 440862K->48946K(440896K), 0.0198710 secs] 8105728K->7777938K(12533952K), 0.0201070 secs] [Times: user=0.28 sys=0.00, real=0.02 secs] 
: 440697K->48960K(440896K), 0.0234200 secs] 8169689K->7849145K(12533952K), 0.0236240 secs] [Times: user=0.30 sys=0.01, real=0.03 secs] 
: 440879K->48941K(440896K), 0.0187900 secs] 8241065K->7907746K(12533952K), 0.0189100 secs] [Times: user=0.28 sys=0.00, real=0.02 secs] 
: 440642K->48960K(440896K), 0.0234490 secs] 8299448K->7977089K(12533952K), 0.0236380 secs] [Times: user=0.32 sys=0.00, real=0.02 secs] 
: 440896K->48899K(440896K), 0.0213560 secs] 8369025K->8037178K(12533952K), 0.0215480 secs] [Times: user=0.28 sys=0.01, real=0.02 secs] 
: 440649K->48960K(440896K), 0.0229560 secs] 8428928K->8099773K(12533952K), 0.0231570 secs] [Times: user=0.29 sys=0.01, real=0.02 secs] 
: 440840K->48960K(440896K), 0.0213760 secs] 8491653K->8164271K(12533952K), 0.0215800 secs] [Times: user=0.26 sys=0.01, real=0.02 secs] 
: 440763K->48960K(440896K), 0.0261970 secs] 8556075K->8229056K(12533952K), 0.0263990 secs] [Times: user=0.34 sys=0.00, real=0.03 secs] 
: 440787K->48911K(440896K), 0.0249560 secs] 8620883K->8294086K(12533952K), 0.0251670 secs] [Times: user=0.32 sys=0.01, real=0.02 secs] 
: 440752K->48926K(440896K), 0.0218940 secs] 8685927K->8359345K(12533952K), 0.0220850 secs] [Times: user=0.30 sys=0.00, real=0.02 secs] 
: 440829K->48960K(440896K), 0.0212520 secs] 8751247K->8423531K(12533952K), 0.0214380 secs] [Times: user=0.27 sys=0.00, real=0.02 secs] 
: 440752K->48960K(440896K), 0.0217830 secs] 8815323K->8486812K(12533952K), 0.0219850 secs] [Times: user=0.31 sys=0.00, real=0.02 secs] 
: 440832K->48930K(440896K), 0.0210180 secs] 8878684K->8551739K(12533952K), 0.0212130 secs] [Times: user=0.28 sys=0.01, real=0.02 secs] 
2015-04-01T03:47:28.916-0700: 13181848.988: [GC [1 CMS-initial-mark: 8502809K(12093056K)] 8551806K(12533952K), 0.0034250 secs] [Times: user=0.00 sys=0.00, real=0.00 secs] 
2015-04-01T03:47:29.205-0700: 13181849.277: [CMS-concurrent-mark: 0.286/0.286 secs] [Times: user=1.75 sys=0.00, real=0.29 secs] 
2015-04-01T03:47:29.231-0700: 13181849.304: [CMS-concurrent-preclean: 0.026/0.026 secs] [Times: user=0.03 sys=0.00, real=0.03 secs] 
2015-04-01T03:47:33.773-0700: 13181853.845: [CMS-concurrent-abortable-preclean: 2.037/4.541 secs] [Times: user=2.56 sys=0.21, real=4.54 secs] 
2015-04-01T03:47:33.774-0700: 13181853.846: [GC[YG occupancy: 249708 K (440896 K)]13181853.847: [Rescan (parallel) , 0.0056100 secs]13181853.852: [weak refs processing, 0.0060390 secs] [1 CMS-remark: 8502809K(12093056K)] 8752517K(12533952K), 0.0120570 secs] [Times: user=0.10 sys=0.00, real=0.01 secs] 
2015-04-01T03:47:34.627-0700: 13181854.700: [CMS-concurrent-sweep: 0.841/0.841 secs] [Times: user=0.95 sys=0.03, real=0.84 secs] 
2015-04-01T03:47:34.654-0700: 13181854.727: [CMS-concurrent-reset: 0.027/0.027 secs] [Times: user=0.03 sys=0.00, real=0.03 secs] 
: 440866K->48960K(440896K), 0.0184630 secs] 3694661K->3367509K(12533952K), 0.0186610 secs] [Times: user=0.28 sys=0.00, real=0.01 secs] 
: 440896K->48960K(440896K), 0.0194260 secs] 3759445K->3436542K(12533952K), 0.0200670 secs] [Times: user=0.30 sys=0.00, real=0.02 secs] 
: 440766K->48960K(440896K), 0.0169380 secs] 3828348K->3500836K(12533952K), 0.0171670 secs] [Times: user=0.25 sys=0.00, real=0.02 secs] 
: 440896K->48960K(440896K), 0.0191420 secs] 3892772K->3565872K(12533952K), 0.0193390 secs] [Times: user=0.27 sys=0.00, real=0.02 secs] 
: 440896K->48959K(440896K), 0.0182420 secs] 3957808K->3629033K(12533952K), 0.0184360 secs] [Times: user=0.26 sys=0.00, real=0.02 secs] 
: 440895K->48960K(440896K), 0.0184040 secs] 4020969K->3694201K(12533952K), 0.0185290 secs] [Times: user=0.24 sys=0.01, real=0.02 secs] 
: 440896K->48931K(440896K), 0.0211120 secs] 4086137K->3759947K(12533952K), 0.0213110 secs] [Times: user=0.29 sys=0.00, real=0.02 secs] 
: 440814K->48960K(440896K), 0.0235310 secs] 4151831K->3824734K(12533952K), 0.0238730 secs] [Times: user=0.24 sys=0.01, real=0.02 secs] 
: 440707K->48960K(440896K), 0.0263080 secs] 4216481K->3889794K(12533952K), 0.0265070 secs] [Times: user=0.23 sys=0.01, real=0.02 secs] 
: 440892K->48960K(440896K), 0.0279810 secs] 4281726K->3954396K(12533952K), 0.0281800 secs] [Times: user=0.26 sys=0.00, real=0.03 secs] 
: 440714K->48960K(440896K), 0.0188000 secs] 4346150K->4015845K(12533952K), 0.0189970 secs] [Times: user=0.27 sys=0.01, real=0.02 secs] 
: 440676K->48960K(440896K), 0.0221680 secs] 4407562K->4094251K(12533952K), 0.0223220 secs] [Times: user=0.27 sys=0.01, real=0.02 secs] 
: 440723K->48960K(440896K), 0.0198070 secs] 4486015K->4154308K(12533952K), 0.0199630 secs] [Times: user=0.28 sys=0.01, real=0.02 secs] 
: 440836K->48960K(440896K), 0.0201490 secs] 4546185K->4219078K(12533952K), 0.0203070 secs] [Times: user=0.30 sys=0.00, real=0.02 secs] 
: 440896K->48960K(440896K), 0.0197870 secs] 4611014K->4279950K(12533952K), 0.0199960 secs] [Times: user=0.31 sys=0.01, real=0.02 secs] 
: 440640K->48960K(440896K), 0.0211690 secs] 4671631K->4344472K(12533952K), 0.0213840 secs] [Times: user=0.32 sys=0.00, real=0.02 secs] 
: 440807K->48960K(440896K), 0.0179640 secs] 4736319K->4409026K(12533952K), 0.0182030 secs] [Times: user=0.22 sys=0.01, real=0.02 secs] 
: 440837K->48956K(440896K), 0.0225340 secs] 4800903K->4473564K(12533952K), 0.0227320 secs] [Times: user=0.35 sys=0.00, real=0.02 secs] 
: 440885K->48960K(440896K), 0.0207050 secs] 4865493K->4534817K(12533952K), 0.0208700 secs] [Times: user=0.33 sys=0.00, real=0.02 secs] 
: 440658K->48904K(440896K), 0.0239250 secs] 4926515K->4588899K(12533952K), 0.0241600 secs] [Times: user=0.33 sys=0.01, real=0.03 secs] 
: 440675K->48960K(440896K), 0.0241250 secs] 4980670K->4655291K(12533952K), 0.0243580 secs] [Times: user=0.27 sys=0.01, real=0.02 secs] 
: 440896K->48960K(440896K), 0.0202910 secs] 5047227K->4719623K(12533952K), 0.0205000 secs] [Times: user=0.26 sys=0.00, real=0.03 secs] 
: 440822K->48948K(440896K), 0.0288150 secs] 5111486K->4784662K(12533952K), 0.0290340 secs] [Times: user=0.28 sys=0.01, real=0.03 secs] 
: 440857K->48960K(440896K), 0.0229900 secs] 5176571K->4845531K(12533952K), 0.0232160 secs] [Times: user=0.26 sys=0.01, real=0.03 secs] 
: 440896K->48959K(440896K), 0.0195780 secs] 5237467K->4910428K(12533952K), 0.0197930 secs] [Times: user=0.26 sys=0.00, real=0.02 secs] 
: 440815K->48960K(440896K), 0.0215920 secs] 5302284K->4975561K(12533952K), 0.0218150 secs] [Times: user=0.27 sys=0.00, real=0.03 secs] 
: 440896K->48960K(440896K), 0.0211000 secs] 5367497K->5040001K(12533952K), 0.0213340 secs] [Times: user=0.27 sys=0.00, real=0.03 secs] 
: 440896K->48959K(440896K), 0.0206880 secs] 5431937K->5103037K(12533952K), 0.0208780 secs] [Times: user=0.26 sys=0.00, real=0.02 secs] 
: 440868K->48960K(440896K), 0.0217030 secs] 5494946K->5168740K(12533952K), 0.0219380 secs] [Times: user=0.28 sys=0.01, real=0.02 secs] 
: 440771K->48960K(440896K), 0.0200240 secs] 5560552K->5233847K(12533952K), 0.0203380 secs] [Times: user=0.26 sys=0.00, real=0.02 secs] 
: 440761K->48960K(440896K), 0.0217620 secs] 5625649K->5299379K(12533952K), 0.0219830 secs] [Times: user=0.27 sys=0.00, real=0.02 secs] 
: 440656K->48960K(440896K), 0.0234250 secs] 5691075K->5364475K(12533952K), 0.0236320 secs] [Times: user=0.33 sys=0.00, real=0.03 secs] 
: 440860K->48960K(440896K), 0.0233130 secs] 5756375K->5429515K(12533952K), 0.0235400 secs] [Times: user=0.32 sys=0.01, real=0.03 secs] 
: 440874K->48954K(440896K), 0.0191970 secs] 5821430K->5495221K(12533952K), 0.0194150 secs] [Times: user=0.22 sys=0.00, real=0.01 secs] 
: 440832K->48960K(440896K), 0.0256380 secs] 5887098K->5565784K(12533952K), 0.0258620 secs] [Times: user=0.30 sys=0.01, real=0.03 secs] 
: 440869K->48936K(440896K), 0.0216340 secs] 5957693K->5624395K(12533952K), 0.0218480 secs] [Times: user=0.27 sys=0.01, real=0.03 secs] 
: 440872K->48960K(440896K), 0.0225750 secs] 6016331K->5689165K(12533952K), 0.0228190 secs] [Times: user=0.32 sys=0.00, real=0.02 secs] 
: 440870K->48960K(440896K), 0.0204520 secs] 6081076K->5755764K(12533952K), 0.0206840 secs] [Times: user=0.24 sys=0.01, real=0.02 secs] 
: 440896K->48924K(440896K), 0.0221630 secs] 6147700K->5821405K(12533952K), 0.0225190 secs] [Times: user=0.28 sys=0.00, real=0.02 secs] 
: 440623K->48960K(440896K), 0.0200330 secs] 6213104K->5887460K(12533952K), 0.0202480 secs] [Times: user=0.26 sys=0.01, real=0.02 secs] 
: 440826K->48960K(440896K), 0.0179370 secs] 6279326K->5950820K(12533952K), 0.0181430 secs] [Times: user=0.23 sys=0.00, real=0.02 secs] 
: 440891K->48899K(440896K), 0.0210300 secs] 6342752K->6014874K(12533952K), 0.0212450 secs] [Times: user=0.31 sys=0.00, real=0.02 secs] 
: 440785K->48945K(440896K), 0.0249250 secs] 6406761K->6079610K(12533952K), 0.0251540 secs] [Times: user=0.28 sys=0.00, real=0.03 secs] 
: 440741K->48960K(440896K), 0.0206660 secs] 6471407K->6144382K(12533952K), 0.0208300 secs] [Times: user=0.26 sys=0.00, real=0.02 secs] 
: 440665K->48928K(440896K), 0.0254440 secs] 6536088K->6211931K(12533952K), 0.0258960 secs] [Times: user=0.34 sys=0.00, real=0.02 secs] 
: 440738K->48939K(440896K), 0.0261400 secs] 6603741K->6282329K(12533952K), 0.0263550 secs] [Times: user=0.29 sys=0.01, real=0.02 secs] 
: 440875K->48919K(440896K), 0.0227470 secs] 6674265K->6346449K(12533952K), 0.0229830 secs] [Times: user=0.31 sys=0.01, real=0.03 secs] 
: 440640K->48960K(440896K), 0.0195510 secs] 6738170K->6408948K(12533952K), 0.0197080 secs] [Times: user=0.26 sys=0.00, real=0.02 secs] 
: 440896K->48960K(440896K), 0.0210210 secs] 6800884K->6476587K(12533952K), 0.0212300 secs] [Times: user=0.28 sys=0.01, real=0.03 secs] 
: 440813K->48909K(440896K), 0.0214300 secs] 6868441K->6542480K(12533952K), 0.0216490 secs] [Times: user=0.29 sys=0.00, real=0.02 secs] 
: 440778K->48960K(440896K), 0.0225640 secs] 6934349K->6608168K(12533952K), 0.0227710 secs] [Times: user=0.31 sys=0.00, real=0.02 secs] 
: 440646K->48960K(440896K), 0.0204530 secs] 6999855K->6673643K(12533952K), 0.0206250 secs] [Times: user=0.30 sys=0.00, real=0.02 secs] 
: 440796K->48960K(440896K), 0.0233240 secs] 7065479K->6740362K(12533952K), 0.0235340 secs] [Times: user=0.31 sys=0.00, real=0.02 secs] 
: 440889K->48960K(440896K), 0.0220130 secs] 7132291K->6805689K(12533952K), 0.0222150 secs] [Times: user=0.27 sys=0.00, real=0.02 secs] 
: 440896K->48960K(440896K), 0.0196510 secs] 7197625K->6868212K(12533952K), 0.0198720 secs] [Times: user=0.28 sys=0.00, real=0.02 secs] 
: 440683K->48960K(440896K), 0.0222850 secs] 7259936K->6933882K(12533952K), 0.0225230 secs] [Times: user=0.32 sys=0.00, real=0.02 secs] 
: 440710K->48960K(440896K), 0.0207880 secs] 7325632K->6998453K(12533952K), 0.0209890 secs] [Times: user=0.28 sys=0.00, real=0.02 secs] 
: 440743K->48960K(440896K), 0.0216920 secs] 7390237K->7062203K(12533952K), 0.0218730 secs] [Times: user=0.31 sys=0.00, real=0.02 secs] 
: 440846K->48959K(440896K), 0.0224280 secs] 7454090K->7127480K(12533952K), 0.0226260 secs] [Times: user=0.28 sys=0.01, real=0.02 secs] 
: 440717K->48960K(440896K), 0.0169130 secs] 7519238K->7190754K(12533952K), 0.0171230 secs] [Times: user=0.26 sys=0.01, real=0.02 secs] 
: 440849K->48947K(440896K), 0.0233900 secs] 7582643K->7255643K(12533952K), 0.0235980 secs] [Times: user=0.33 sys=0.00, real=0.03 secs] 
: 440871K->48933K(440896K), 0.0234110 secs] 7647566K->7324454K(12533952K), 0.0236260 secs] [Times: user=0.33 sys=0.00, real=0.02 secs] 
: 440762K->48916K(440896K), 0.0212690 secs] 7716284K->7387782K(12533952K), 0.0214860 secs] [Times: user=0.24 sys=0.00, real=0.02 secs] 
: 440852K->48960K(440896K), 0.0191080 secs] 7779718K->7453272K(12533952K), 0.0193030 secs] [Times: user=0.28 sys=0.01, real=0.02 secs] 
: 440737K->48960K(440896K), 0.0213440 secs] 7845049K->7518689K(12533952K), 0.0215480 secs] [Times: user=0.31 sys=0.00, real=0.02 secs] 
: 440884K->48960K(440896K), 0.0217110 secs] 7910613K->7583614K(12533952K), 0.0219020 secs] [Times: user=0.28 sys=0.01, real=0.02 secs] 
: 440835K->48960K(440896K), 0.0245950 secs] 7975489K->7645864K(12533952K), 0.0247780 secs] [Times: user=0.33 sys=0.00, real=0.03 secs] 
: 440896K->48928K(440896K), 0.0207390 secs] 8037800K->7711045K(12533952K), 0.0209690 secs] [Times: user=0.27 sys=0.01, real=0.02 secs] 
: 440680K->48935K(440896K), 0.0254120 secs] 8102797K->7778298K(12533952K), 0.0256420 secs] [Times: user=0.28 sys=0.01, real=0.03 secs] 
: 440779K->48959K(440896K), 0.0219280 secs] 8170142K->7844073K(12533952K), 0.0221170 secs] [Times: user=0.30 sys=0.00, real=0.02 secs] 
: 440895K->48959K(440896K), 0.0207310 secs] 8236009K->7908193K(12533952K), 0.0209200 secs] [Times: user=0.30 sys=0.00, real=0.02 secs] 
: 440895K->48960K(440896K), 0.0205890 secs] 8300129K->7970774K(12533952K), 0.0207410 secs] [Times: user=0.25 sys=0.00, real=0.02 secs] 
: 440767K->48927K(440896K), 0.0233220 secs] 8362582K->8036520K(12533952K), 0.0235190 secs] [Times: user=0.33 sys=0.00, real=0.03 secs] 
: 440695K->48960K(440896K), 0.0193480 secs] 8428289K->8101821K(12533952K), 0.0195420 secs] [Times: user=0.25 sys=0.00, real=0.02 secs] 
: 440701K->48910K(440896K), 0.0203120 secs] 8493562K->8167166K(12533952K), 0.0205090 secs] [Times: user=0.26 sys=0.00, real=0.02 secs] 
: 440752K->48960K(440896K), 0.0194540 secs] 8559009K->8229622K(12533952K), 0.0196690 secs] [Times: user=0.30 sys=0.01, real=0.02 secs] 
: 440896K->48960K(440896K), 0.0196750 secs] 8621558K->8294854K(12533952K), 0.0199030 secs] [Times: user=0.27 sys=0.00, real=0.02 secs] 
: 440896K->48960K(440896K), 0.0208770 secs] 8686790K->8358412K(12533952K), 0.0210870 secs] [Times: user=0.28 sys=0.01, real=0.02 secs] 
: 440648K->48938K(440896K), 0.0200480 secs] 8750100K->8423641K(12533952K), 0.0202500 secs] [Times: user=0.30 sys=0.01, real=0.02 secs] 
: 440849K->48901K(440896K), 0.0206740 secs] 8815552K->8488439K(12533952K), 0.0208950 secs] [Times: user=0.28 sys=0.00, real=0.02 secs] 
: 440688K->48960K(440896K), 0.0187530 secs] 8880226K->8550903K(12533952K), 0.0189200 secs] [Times: user=0.26 sys=0.00, real=0.02 secs] 
2015-04-01T04:02:23.035-0700: 13182743.108: [GC [1 CMS-initial-mark: 8501943K(12093056K)] 8551296K(12533952K), 0.0039850 secs] [Times: user=0.00 sys=0.00, real=0.01 secs] 
2015-04-01T04:02:23.316-0700: 13182743.389: [CMS-concurrent-mark: 0.277/0.277 secs] [Times: user=1.68 sys=0.00, real=0.28 secs] 
2015-04-01T04:02:23.353-0700: 13182743.426: [CMS-concurrent-preclean: 0.037/0.037 secs] [Times: user=0.04 sys=0.00, real=0.03 secs] 
 CMS: abort preclean due to time 2015-04-01T04:02:28.358-0700: 13182748.430: [CMS-concurrent-abortable-preclean: 2.297/5.004 secs] [Times: user=2.73 sys=0.15, real=5.01 secs] 
2015-04-01T04:02:28.359-0700: 13182748.431: [GC[YG occupancy: 213668 K (440896 K)]13182748.431: [Rescan (parallel) , 0.0059610 secs]13182748.438: [weak refs processing, 0.0025890 secs] [1 CMS-remark: 8501943K(12093056K)] 8715612K(12533952K), 0.0088150 secs] [Times: user=0.08 sys=0.00, real=0.01 secs] 
2015-04-01T04:02:29.040-0700: 13182749.112: [CMS-concurrent-sweep: 0.671/0.671 secs] [Times: user=0.72 sys=0.02, real=0.67 secs] 
2015-04-01T04:02:29.067-0700: 13182749.139: [CMS-concurrent-reset: 0.027/0.027 secs] [Times: user=0.03 sys=0.00, real=0.03 secs] 
: 440805K->48960K(440896K), 0.0204250 secs] 3827409K->3505014K(12533952K), 0.0206530 secs] [Times: user=0.31 sys=0.01, real=0.02 secs] 
: 440896K->48960K(440896K), 0.0162950 secs] 3896950K->3567298K(12533952K), 0.0164950 secs] [Times: user=0.24 sys=0.01, real=0.02 secs] 
: 440896K->48960K(440896K), 0.0180770 secs] 3959234K->3635777K(12533952K), 0.0182720 secs] [Times: user=0.27 sys=0.00, real=0.02 secs] 
: 440803K->48907K(440896K), 0.0199070 secs] 4027621K->3700602K(12533952K), 0.0202020 secs] [Times: user=0.30 sys=0.01, real=0.02 secs] 
: 440744K->48960K(440896K), 0.0189480 secs] 4092439K->3762869K(12533952K), 0.0191010 secs] [Times: user=0.30 sys=0.00, real=0.02 secs] 
: 440896K->48960K(440896K), 0.0222670 secs] 4154805K->3828960K(12533952K), 0.0224600 secs] [Times: user=0.30 sys=0.00, real=0.02 secs] 
: 440719K->48945K(440896K), 0.0223070 secs] 4220719K->3893846K(12533952K), 0.0225090 secs] [Times: user=0.34 sys=0.00, real=0.02 secs] 
: 440774K->48960K(440896K), 0.0215040 secs] 4285675K->3958546K(12533952K), 0.0219740 secs] [Times: user=0.27 sys=0.01, real=0.03 secs] 
: 440848K->48960K(440896K), 0.0222860 secs] 4350435K->4020030K(12533952K), 0.0225140 secs] [Times: user=0.26 sys=0.00, real=0.03 secs] 
: 440808K->48911K(440896K), 0.0344180 secs] 4411878K->4085914K(12533952K), 0.0346160 secs] [Times: user=0.35 sys=0.01, real=0.04 secs] 
: 440844K->48898K(440896K), 0.0210680 secs] 4477847K->4150840K(12533952K), 0.0212690 secs] [Times: user=0.27 sys=0.01, real=0.03 secs] 
: 440834K->48960K(440896K), 0.0176860 secs] 4542776K->4215344K(12533952K), 0.0178840 secs] [Times: user=0.23 sys=0.00, real=0.01 secs] 
: 440896K->48960K(440896K), 0.0208060 secs] 4607280K->4279865K(12533952K), 0.0209560 secs] [Times: user=0.32 sys=0.00, real=0.02 secs] 
: 440896K->48960K(440896K), 0.0220920 secs] 4671801K->4344193K(12533952K), 0.0222870 secs] [Times: user=0.30 sys=0.01, real=0.02 secs] 
: 440867K->48898K(440896K), 0.0201700 secs] 4736100K->4409047K(12533952K), 0.0203750 secs] [Times: user=0.28 sys=0.00, real=0.02 secs] 
: 440834K->48904K(440896K), 0.0217880 secs] 4800983K->4474081K(12533952K), 0.0219860 secs] [Times: user=0.30 sys=0.00, real=0.03 secs] 
: 440840K->48960K(440896K), 0.0190010 secs] 4866017K->4538132K(12533952K), 0.0191590 secs] [Times: user=0.27 sys=0.00, real=0.01 secs] 
: 440783K->48960K(440896K), 0.0173290 secs] 4929956K->4602477K(12533952K), 0.0174820 secs] [Times: user=0.24 sys=0.00, real=0.01 secs] 
: 440838K->48960K(440896K), 0.0224420 secs] 4994355K->4668198K(12533952K), 0.0226730 secs] [Times: user=0.34 sys=0.00, real=0.02 secs] 
: 440688K->48960K(440896K), 0.0252460 secs] 5059926K->4749456K(12533952K), 0.0255580 secs] [Times: user=0.34 sys=0.00, real=0.03 secs] 
: 440896K->48902K(440896K), 0.0211450 secs] 5141392K->4802806K(12533952K), 0.0213740 secs] [Times: user=0.27 sys=0.01, real=0.02 secs] 
: 440670K->48960K(440896K), 0.0209180 secs] 5194574K->4864152K(12533952K), 0.0211870 secs] [Times: user=0.26 sys=0.00, real=0.02 secs] 
: 440896K->48949K(440896K), 0.0294030 secs] 5256088K->4929252K(12533952K), 0.0296160 secs] [Times: user=0.31 sys=0.01, real=0.03 secs] 
: 440871K->48960K(440896K), 0.0266460 secs] 5321175K->4994148K(12533952K), 0.0268860 secs] [Times: user=0.32 sys=0.00, real=0.02 secs] 
: 440729K->48960K(440896K), 0.0224710 secs] 5385918K->5056770K(12533952K), 0.0227050 secs] [Times: user=0.27 sys=0.01, real=0.02 secs] 
: 440896K->48942K(440896K), 0.0214130 secs] 5448706K->5120576K(12533952K), 0.0218250 secs] [Times: user=0.31 sys=0.00, real=0.03 secs] 
: 440625K->48960K(440896K), 0.0191070 secs] 5512258K->5186248K(12533952K), 0.0195490 secs] [Times: user=0.29 sys=0.00, real=0.02 secs] 
: 440896K->48945K(440896K), 0.0182640 secs] 5578184K->5246652K(12533952K), 0.0184790 secs] [Times: user=0.25 sys=0.01, real=0.01 secs] 
: 440828K->48960K(440896K), 0.0229920 secs] 5638535K->5316800K(12533952K), 0.0232320 secs] [Times: user=0.31 sys=0.00, real=0.02 secs] 
: 440737K->48911K(440896K), 0.0196060 secs] 5708577K->5361014K(12533952K), 0.0198300 secs] [Times: user=0.32 sys=0.00, real=0.02 secs] 
: 440847K->48960K(440896K), 0.0245860 secs] 5752950K->5423556K(12533952K), 0.0248220 secs] [Times: user=0.32 sys=0.00, real=0.03 secs] 
: 440796K->48960K(440896K), 0.0218220 secs] 5815392K->5486171K(12533952K), 0.0220560 secs] [Times: user=0.33 sys=0.00, real=0.02 secs] 
: 440883K->48960K(440896K), 0.0190560 secs] 5878095K->5551388K(12533952K), 0.0193100 secs] [Times: user=0.28 sys=0.01, real=0.02 secs] 
: 440896K->48929K(440896K), 0.0211240 secs] 5943324K->5617214K(12533952K), 0.0213570 secs] [Times: user=0.24 sys=0.01, real=0.02 secs] 
: 440663K->48960K(440896K), 0.0229180 secs] 6008948K->5683141K(12533952K), 0.0231720 secs] [Times: user=0.24 sys=0.01, real=0.02 secs] 
: 440799K->48960K(440896K), 0.0238830 secs] 6074980K->5748604K(12533952K), 0.0241010 secs] [Times: user=0.25 sys=0.01, real=0.02 secs] 
: 440896K->48960K(440896K), 0.0238710 secs] 6140540K->5814539K(12533952K), 0.0240980 secs] [Times: user=0.29 sys=0.01, real=0.02 secs] 
: 440717K->48941K(440896K), 0.0204120 secs] 6206297K->5877823K(12533952K), 0.0206290 secs] [Times: user=0.32 sys=0.00, real=0.02 secs] 
: 440825K->48925K(440896K), 0.0213650 secs] 6269707K->5942716K(12533952K), 0.0215820 secs] [Times: user=0.29 sys=0.00, real=0.02 secs] 
: 440857K->48960K(440896K), 0.0223450 secs] 6334648K->6007849K(12533952K), 0.0225740 secs] [Times: user=0.32 sys=0.01, real=0.03 secs] 
: 440859K->48960K(440896K), 0.0179060 secs] 6399748K->6073329K(12533952K), 0.0180800 secs] [Times: user=0.25 sys=0.00, real=0.02 secs] 
: 440896K->48949K(440896K), 0.0225730 secs] 6465265K->6138468K(12533952K), 0.0228120 secs] [Times: user=0.33 sys=0.00, real=0.02 secs] 
: 440672K->48960K(440896K), 0.0200170 secs] 6530191K->6209875K(12533952K), 0.0202450 secs] [Times: user=0.26 sys=0.00, real=0.02 secs] 
: 440872K->48960K(440896K), 0.0223450 secs] 6601788K->6274575K(12533952K), 0.0225590 secs] [Times: user=0.34 sys=0.00, real=0.02 secs] 
: 440648K->48960K(440896K), 0.0234700 secs] 6666263K->6337993K(12533952K), 0.0238010 secs] [Times: user=0.34 sys=0.01, real=0.02 secs] 
: 440805K->48960K(440896K), 0.0215400 secs] 6729839K->6400501K(12533952K), 0.0217640 secs] [Times: user=0.31 sys=0.00, real=0.02 secs] 
: 440847K->48960K(440896K), 0.0209990 secs] 6792388K->6465602K(12533952K), 0.0211670 secs] [Times: user=0.28 sys=0.00, real=0.02 secs] 
: 440712K->48960K(440896K), 0.0211890 secs] 6857354K->6534786K(12533952K), 0.0214530 secs] [Times: user=0.23 sys=0.01, real=0.02 secs] 
: 440773K->48959K(440896K), 0.0239810 secs] 6926600K->6598001K(12533952K), 0.0242060 secs] [Times: user=0.33 sys=0.00, real=0.02 secs] 
: 440849K->48960K(440896K), 0.0183870 secs] 6989891K->6663654K(12533952K), 0.0186120 secs] [Times: user=0.24 sys=0.00, real=0.01 secs] 
: 440818K->48960K(440896K), 0.0220210 secs] 7055513K->6728925K(12533952K), 0.0222530 secs] [Times: user=0.30 sys=0.01, real=0.02 secs] 
: 440891K->48960K(440896K), 0.0219650 secs] 7120856K->6794018K(12533952K), 0.0221940 secs] [Times: user=0.32 sys=0.00, real=0.02 secs] 
: 440715K->48915K(440896K), 0.0205350 secs] 7185774K->6856319K(12533952K), 0.0207710 secs] [Times: user=0.27 sys=0.00, real=0.02 secs] 
: 440695K->48960K(440896K), 0.0245690 secs] 7248099K->6931779K(12533952K), 0.0247930 secs] [Times: user=0.33 sys=0.00, real=0.02 secs] 
: 440842K->48931K(440896K), 0.0204170 secs] 7323662K->6988785K(12533952K), 0.0206630 secs] [Times: user=0.25 sys=0.01, real=0.02 secs] 
: 440808K->48960K(440896K), 0.0204560 secs] 7380662K->7059924K(12533952K), 0.0206840 secs] [Times: user=0.25 sys=0.00, real=0.02 secs] 
: 440804K->48960K(440896K), 0.0230050 secs] 7451769K->7121180K(12533952K), 0.0232270 secs] [Times: user=0.32 sys=0.01, real=0.02 secs] 
: 440896K->48960K(440896K), 0.0234280 secs] 7513116K->7186220K(12533952K), 0.0236560 secs] [Times: user=0.33 sys=0.01, real=0.02 secs] 
: 440896K->48960K(440896K), 0.0207960 secs] 7578156K->7252117K(12533952K), 0.0210320 secs] [Times: user=0.26 sys=0.01, real=0.03 secs] 
: 440896K->48960K(440896K), 0.0228340 secs] 7644053K->7315010K(12533952K), 0.0230600 secs] [Times: user=0.34 sys=0.00, real=0.02 secs] 
: 440896K->48927K(440896K), 0.0202790 secs] 7706946K->7379740K(12533952K), 0.0205460 secs] [Times: user=0.24 sys=0.00, real=0.02 secs] 
: 440622K->48924K(440896K), 0.0247810 secs] 7771435K->7444689K(12533952K), 0.0249940 secs] [Times: user=0.28 sys=0.00, real=0.02 secs] 
: 440847K->48949K(440896K), 0.0194320 secs] 7836611K->7510603K(12533952K), 0.0196470 secs] [Times: user=0.24 sys=0.01, real=0.02 secs] 
: 440885K->48960K(440896K), 0.0215130 secs] 7902539K->7578737K(12533952K), 0.0217200 secs] [Times: user=0.28 sys=0.01, real=0.03 secs] 
: 440698K->48960K(440896K), 0.0200580 secs] 7970476K->7644704K(12533952K), 0.0202790 secs] [Times: user=0.31 sys=0.00, real=0.02 secs] 
: 440896K->48960K(440896K), 0.0235610 secs] 8036640K->7707792K(12533952K), 0.0237790 secs] [Times: user=0.34 sys=0.00, real=0.02 secs] 
: 440804K->48960K(440896K), 0.0209810 secs] 8099636K->7771334K(12533952K), 0.0212040 secs] [Times: user=0.28 sys=0.00, real=0.02 secs] 
: 440778K->48954K(440896K), 0.0189550 secs] 8163153K->7836117K(12533952K), 0.0190920 secs] [Times: user=0.26 sys=0.00, real=0.02 secs] 
: 440890K->48941K(440896K), 0.0221700 secs] 8228053K->7901143K(12533952K), 0.0223820 secs] [Times: user=0.32 sys=0.01, real=0.02 secs] 
: 440624K->48926K(440896K), 0.0206420 secs] 8292826K->7966307K(12533952K), 0.0208080 secs] [Times: user=0.29 sys=0.00, real=0.02 secs] 
: 440721K->48960K(440896K), 0.0223440 secs] 8358101K->8029099K(12533952K), 0.0225820 secs] [Times: user=0.32 sys=0.00, real=0.02 secs] 
: 440727K->48949K(440896K), 0.0222300 secs] 8420866K->8095763K(12533952K), 0.0224600 secs] [Times: user=0.32 sys=0.01, real=0.02 secs] 
: 440869K->48960K(440896K), 0.0201470 secs] 8487683K->8159783K(12533952K), 0.0203610 secs] [Times: user=0.30 sys=0.00, real=0.03 secs] 
: 440754K->48923K(440896K), 0.0214280 secs] 8551577K->8223396K(12533952K), 0.0216940 secs] [Times: user=0.25 sys=0.01, real=0.02 secs] 
: 440716K->48947K(440896K), 0.0195440 secs] 8615189K->8289667K(12533952K), 0.0197570 secs] [Times: user=0.31 sys=0.00, real=0.02 secs] 
: 440692K->48944K(440896K), 0.0217410 secs] 8681411K->8353532K(12533952K), 0.0219570 secs] [Times: user=0.32 sys=0.00, real=0.02 secs] 
: 440815K->48900K(440896K), 0.0219750 secs] 8745404K->8420649K(12533952K), 0.0221930 secs] [Times: user=0.25 sys=0.01, real=0.03 secs] 
: 440752K->48921K(440896K), 0.0201710 secs] 8812501K->8487591K(12533952K), 0.0204200 secs] [Times: user=0.27 sys=0.01, real=0.02 secs] 
: 440704K->48960K(440896K), 0.0208930 secs] 8879375K->8553123K(12533952K), 0.0211320 secs] [Times: user=0.31 sys=0.00, real=0.02 secs] 
2015-04-01T04:16:54.891-0700: 13183614.964: [GC [1 CMS-initial-mark: 8504163K(12093056K)] 8553385K(12533952K), 0.0059250 secs] [Times: user=0.01 sys=0.00, real=0.00 secs] 
2015-04-01T04:16:55.177-0700: 13183615.249: [CMS-concurrent-mark: 0.279/0.279 secs] [Times: user=1.70 sys=0.00, real=0.28 secs] 
2015-04-01T04:16:55.217-0700: 13183615.289: [CMS-concurrent-preclean: 0.040/0.040 secs] [Times: user=0.04 sys=0.00, real=0.04 secs] 
2015-04-01T04:16:59.376-0700: 13183619.449: [CMS-concurrent-abortable-preclean: 2.250/4.160 secs] [Times: user=2.73 sys=0.19, real=4.16 secs] 
2015-04-01T04:16:59.378-0700: 13183619.450: [GC[YG occupancy: 249313 K (440896 K)]13183619.450: [Rescan (parallel) , 0.0078220 secs]13183619.458: [weak refs processing, 0.0032730 secs] [1 CMS-remark: 8504163K(12093056K)] 8753476K(12533952K), 0.0114920 secs] [Times: user=0.12 sys=0.01, real=0.02 secs] 
2015-04-01T04:17:00.208-0700: 13183620.280: [CMS-concurrent-sweep: 0.818/0.818 secs] [Times: user=0.89 sys=0.04, real=0.81 secs] 
2015-04-01T04:17:00.241-0700: 13183620.314: [CMS-concurrent-reset: 0.033/0.033 secs] [Times: user=0.04 sys=0.01, real=0.04 secs] 
: 440727K->48950K(440896K), 0.0167940 secs] 3830923K->3504426K(12533952K), 0.0170480 secs] [Times: user=0.24 sys=0.00, real=0.02 secs] 
: 440858K->48942K(440896K), 0.0173960 secs] 3896335K->3569497K(12533952K), 0.0175680 secs] [Times: user=0.28 sys=0.00, real=0.02 secs] 
: 440715K->48946K(440896K), 0.0165560 secs] 3961270K->3633176K(12533952K), 0.0167320 secs] [Times: user=0.25 sys=0.00, real=0.01 secs] 
: 440831K->48955K(440896K), 0.0161040 secs] 4025061K->3698263K(12533952K), 0.0163270 secs] [Times: user=0.25 sys=0.00, real=0.01 secs] 
: 440642K->48960K(440896K), 0.0199840 secs] 4089951K->3763953K(12533952K), 0.0201580 secs] [Times: user=0.30 sys=0.00, real=0.02 secs] 
: 440871K->48960K(440896K), 0.0170180 secs] 4155865K->3829582K(12533952K), 0.0172340 secs] [Times: user=0.25 sys=0.00, real=0.02 secs] 
: 440847K->48921K(440896K), 0.0186640 secs] 4221470K->3895266K(12533952K), 0.0188960 secs] [Times: user=0.27 sys=0.00, real=0.02 secs] 
: 440612K->48943K(440896K), 0.0207730 secs] 4286956K->3960565K(12533952K), 0.0210140 secs] [Times: user=0.26 sys=0.00, real=0.02 secs] 
: 440812K->48960K(440896K), 0.0261880 secs] 4352434K->4026063K(12533952K), 0.0264560 secs] [Times: user=0.31 sys=0.00, real=0.03 secs] 
: 440896K->48960K(440896K), 0.0292160 secs] 4417999K->4088687K(12533952K), 0.0294770 secs] [Times: user=0.29 sys=0.00, real=0.03 secs] 
: 440749K->48957K(440896K), 0.0202820 secs] 4480476K->4153183K(12533952K), 0.0205700 secs] [Times: user=0.26 sys=0.00, real=0.02 secs] 
: 440810K->48960K(440896K), 0.0205830 secs] 4545036K->4233712K(12533952K), 0.0208220 secs] [Times: user=0.25 sys=0.01, real=0.03 secs] 
: 440751K->48960K(440896K), 0.0168590 secs] 4625504K->4286078K(12533952K), 0.0170950 secs] [Times: user=0.23 sys=0.00, real=0.02 secs] 
: 440652K->48960K(440896K), 0.0189090 secs] 4677770K->4351794K(12533952K), 0.0191330 secs] [Times: user=0.26 sys=0.01, real=0.02 secs] 
: 440712K->48960K(440896K), 0.0194000 secs] 4743547K->4414260K(12533952K), 0.0196290 secs] [Times: user=0.29 sys=0.00, real=0.02 secs] 
: 440896K->48949K(440896K), 0.0221770 secs] 4806196K->4479029K(12533952K), 0.0224390 secs] [Times: user=0.32 sys=0.00, real=0.02 secs] 
: 440648K->48947K(440896K), 0.0194800 secs] 4870728K->4544869K(12533952K), 0.0197420 secs] [Times: user=0.30 sys=0.00, real=0.02 secs] 
: 440774K->48960K(440896K), 0.0208540 secs] 4936696K->4609987K(12533952K), 0.0210710 secs] [Times: user=0.28 sys=0.01, real=0.02 secs] 
: 440777K->48960K(440896K), 0.0226050 secs] 5001805K->4679672K(12533952K), 0.0228290 secs] [Times: user=0.31 sys=0.00, real=0.03 secs] 
: 440822K->48960K(440896K), 0.0195690 secs] 5071534K->4740635K(12533952K), 0.0198070 secs] [Times: user=0.23 sys=0.00, real=0.02 secs] 
: 440745K->48944K(440896K), 0.0225330 secs] 5132420K->4804708K(12533952K), 0.0228000 secs] [Times: user=0.26 sys=0.01, real=0.03 secs] 
: 440637K->48960K(440896K), 0.0273890 secs] 5196401K->4869052K(12533952K), 0.0276120 secs] [Times: user=0.34 sys=0.00, real=0.03 secs] 
: 440699K->48960K(440896K), 0.0294780 secs] 5260792K->4933248K(12533952K), 0.0297100 secs] [Times: user=0.31 sys=0.00, real=0.03 secs] 
: 440896K->48960K(440896K), 0.0209580 secs] 5325184K->4997313K(12533952K), 0.0211770 secs] [Times: user=0.24 sys=0.01, real=0.02 secs] 
: 440896K->48939K(440896K), 0.0232680 secs] 5389249K->5061023K(12533952K), 0.0235000 secs] [Times: user=0.31 sys=0.00, real=0.02 secs] 
: 440819K->48960K(440896K), 0.0212240 secs] 5452904K->5124243K(12533952K), 0.0214540 secs] [Times: user=0.28 sys=0.00, real=0.02 secs] 
: 440848K->48960K(440896K), 0.0214520 secs] 5516132K->5187575K(12533952K), 0.0216890 secs] [Times: user=0.26 sys=0.00, real=0.02 secs] 
: 440896K->48960K(440896K), 0.0216190 secs] 5579511K->5251451K(12533952K), 0.0218980 secs] [Times: user=0.29 sys=0.00, real=0.02 secs] 
: 440858K->48960K(440896K), 0.0207920 secs] 5643350K->5314597K(12533952K), 0.0210300 secs] [Times: user=0.30 sys=0.00, real=0.02 secs] 
: 440783K->48960K(440896K), 0.0198720 secs] 5706421K->5378019K(12533952K), 0.0201050 secs] [Times: user=0.26 sys=0.01, real=0.02 secs] 
: 440812K->48960K(440896K), 0.0198430 secs] 5769872K->5444235K(12533952K), 0.0200660 secs] [Times: user=0.26 sys=0.00, real=0.02 secs] 
: 440896K->48959K(440896K), 0.0239870 secs] 5836171K->5516297K(12533952K), 0.0242020 secs] [Times: user=0.33 sys=0.00, real=0.02 secs] 
: 440824K->48960K(440896K), 0.0229220 secs] 5908162K->5577812K(12533952K), 0.0230950 secs] [Times: user=0.33 sys=0.00, real=0.02 secs] 
: 440696K->48960K(440896K), 0.0225640 secs] 5969549K->5639555K(12533952K), 0.0230160 secs] [Times: user=0.26 sys=0.00, real=0.03 secs] 
: 440839K->48960K(440896K), 0.0269820 secs] 6031435K->5704355K(12533952K), 0.0272080 secs] [Times: user=0.27 sys=0.01, real=0.03 secs] 
: 440896K->48960K(440896K), 0.0239270 secs] 6096291K->5770921K(12533952K), 0.0241790 secs] [Times: user=0.27 sys=0.00, real=0.02 secs] 
: 440896K->48915K(440896K), 0.0214880 secs] 6162857K->5836597K(12533952K), 0.0217080 secs] [Times: user=0.28 sys=0.01, real=0.02 secs] 
: 440849K->48960K(440896K), 0.0192620 secs] 6228531K->5907451K(12533952K), 0.0194350 secs] [Times: user=0.24 sys=0.01, real=0.02 secs] 
: 440640K->48942K(440896K), 0.0233070 secs] 6299131K->5971113K(12533952K), 0.0235290 secs] [Times: user=0.34 sys=0.00, real=0.02 secs] 
: 440766K->48960K(440896K), 0.0193580 secs] 6362936K->6036274K(12533952K), 0.0195840 secs] [Times: user=0.26 sys=0.01, real=0.02 secs] 
: 440733K->48960K(440896K), 0.0204400 secs] 6428047K->6098969K(12533952K), 0.0206800 secs] [Times: user=0.30 sys=0.00, real=0.02 secs] 
: 440701K->48960K(440896K), 0.0241410 secs] 6490711K->6164796K(12533952K), 0.0243700 secs] [Times: user=0.32 sys=0.01, real=0.02 secs] 
: 440896K->48960K(440896K), 0.0192070 secs] 6556732K->6229610K(12533952K), 0.0194700 secs] [Times: user=0.26 sys=0.00, real=0.02 secs] 
: 440723K->48960K(440896K), 0.0232670 secs] 6621373K->6296451K(12533952K), 0.0235100 secs] [Times: user=0.29 sys=0.00, real=0.02 secs] 
: 440646K->48960K(440896K), 0.0235200 secs] 6688137K->6361689K(12533952K), 0.0237530 secs] [Times: user=0.29 sys=0.00, real=0.03 secs] 
: 440737K->48903K(440896K), 0.0242530 secs] 6753466K->6427363K(12533952K), 0.0244270 secs] [Times: user=0.25 sys=0.01, real=0.02 secs] 
: 440814K->48937K(440896K), 0.0232450 secs] 6819273K->6492844K(12533952K), 0.0234280 secs] [Times: user=0.33 sys=0.00, real=0.02 secs] 
: 440853K->48960K(440896K), 0.0240180 secs] 6884760K->6555242K(12533952K), 0.0242470 secs] [Times: user=0.33 sys=0.00, real=0.02 secs] 
: 440841K->48959K(440896K), 0.0235040 secs] 6947124K->6621121K(12533952K), 0.0236970 secs] [Times: user=0.30 sys=0.01, real=0.02 secs] 
: 440739K->48959K(440896K), 0.0179550 secs] 7012901K->6686004K(12533952K), 0.0181840 secs] [Times: user=0.23 sys=0.00, real=0.02 secs] 
: 440895K->48960K(440896K), 0.0201100 secs] 7077940K->6750359K(12533952K), 0.0203160 secs] [Times: user=0.29 sys=0.00, real=0.02 secs] 
: 440896K->48960K(440896K), 0.0208270 secs] 7142295K->6820768K(12533952K), 0.0210550 secs] [Times: user=0.28 sys=0.01, real=0.02 secs] 
: 440896K->48959K(440896K), 0.0202160 secs] 7212704K->6880412K(12533952K), 0.0204370 secs] [Times: user=0.30 sys=0.00, real=0.02 secs] 
: 440731K->48959K(440896K), 0.0242930 secs] 7272184K->6945294K(12533952K), 0.0245090 secs] [Times: user=0.32 sys=0.00, real=0.02 secs] 
: 440895K->48945K(440896K), 0.0241040 secs] 7337230K->7010194K(12533952K), 0.0245710 secs] [Times: user=0.31 sys=0.00, real=0.02 secs] 
: 440868K->48960K(440896K), 0.0203920 secs] 7402117K->7075959K(12533952K), 0.0206310 secs] [Times: user=0.28 sys=0.00, real=0.02 secs] 
: 440890K->48960K(440896K), 0.0202220 secs] 7467890K->7141229K(12533952K), 0.0204560 secs] [Times: user=0.28 sys=0.00, real=0.03 secs] 
: 440860K->48937K(440896K), 0.0211150 secs] 7533129K->7203229K(12533952K), 0.0213710 secs] [Times: user=0.31 sys=0.01, real=0.02 secs] 
: 440873K->48960K(440896K), 0.0190860 secs] 7595165K->7267694K(12533952K), 0.0192560 secs] [Times: user=0.28 sys=0.00, real=0.01 secs] 
: 440896K->48960K(440896K), 0.0189330 secs] 7659630K->7334516K(12533952K), 0.0191380 secs] [Times: user=0.26 sys=0.00, real=0.02 secs] 
: 440896K->48960K(440896K), 0.0173390 secs] 7726452K->7398846K(12533952K), 0.0175700 secs] [Times: user=0.25 sys=0.01, real=0.02 secs] 
: 440881K->48960K(440896K), 0.0210290 secs] 7790768K->7464551K(12533952K), 0.0212350 secs] [Times: user=0.31 sys=0.00, real=0.02 secs] 
: 440662K->48960K(440896K), 0.0214430 secs] 7856254K->7534626K(12533952K), 0.0216560 secs] [Times: user=0.26 sys=0.00, real=0.02 secs] 
: 440896K->48960K(440896K), 0.0204850 secs] 7926562K->7591955K(12533952K), 0.0206830 secs] [Times: user=0.31 sys=0.00, real=0.02 secs] 
: 440791K->48960K(440896K), 0.0217170 secs] 7983787K->7656859K(12533952K), 0.0220820 secs] [Times: user=0.31 sys=0.00, real=0.03 secs] 
: 440794K->48931K(440896K), 0.0208420 secs] 8048694K->7722382K(12533952K), 0.0210840 secs] [Times: user=0.27 sys=0.00, real=0.02 secs] 
: 440741K->48931K(440896K), 0.0184490 secs] 8114192K->7787290K(12533952K), 0.0186210 secs] [Times: user=0.26 sys=0.00, real=0.02 secs] 
: 440848K->48960K(440896K), 0.0224930 secs] 8179207K->7851913K(12533952K), 0.0226650 secs] [Times: user=0.33 sys=0.00, real=0.02 secs] 
: 440709K->48954K(440896K), 0.0222040 secs] 8243663K->7916494K(12533952K), 0.0224060 secs] [Times: user=0.32 sys=0.01, real=0.02 secs] 
: 440883K->48912K(440896K), 0.0204960 secs] 8308423K->7981795K(12533952K), 0.0208320 secs] [Times: user=0.25 sys=0.01, real=0.03 secs] 
: 440604K->48941K(440896K), 0.0203930 secs] 8373487K->8046204K(12533952K), 0.0205870 secs] [Times: user=0.26 sys=0.00, real=0.02 secs] 
: 440680K->48940K(440896K), 0.0198350 secs] 8437944K->8106776K(12533952K), 0.0200000 secs] [Times: user=0.33 sys=0.00, real=0.02 secs] 
: 440641K->48960K(440896K), 0.0212670 secs] 8498477K->8169687K(12533952K), 0.0214340 secs] [Times: user=0.30 sys=0.00, real=0.02 secs] 
: 440856K->48960K(440896K), 0.0217950 secs] 8561583K->8232455K(12533952K), 0.0219870 secs] [Times: user=0.31 sys=0.00, real=0.03 secs] 
: 440745K->48960K(440896K), 0.0218850 secs] 8624241K->8302092K(12533952K), 0.0221050 secs] [Times: user=0.31 sys=0.00, real=0.02 secs] 
: 440738K->48960K(440896K), 0.0253650 secs] 8693871K->8379519K(12533952K), 0.0255730 secs] [Times: user=0.38 sys=0.00, real=0.02 secs] 
: 440896K->48938K(440896K), 0.0220930 secs] 8771455K->8424134K(12533952K), 0.0223060 secs] [Times: user=0.33 sys=0.00, real=0.03 secs] 
: 440731K->48960K(440896K), 0.0210590 secs] 8815927K->8484235K(12533952K), 0.0212170 secs] [Times: user=0.35 sys=0.00, real=0.02 secs] 
: 440726K->48960K(440896K), 0.0249290 secs] 8876002K->8553010K(12533952K), 0.0251350 secs] [Times: user=0.37 sys=0.00, real=0.02 secs] 
2015-04-01T04:32:47.322-0700: 13184567.394: [GC [1 CMS-initial-mark: 8504050K(12093056K)] 8553402K(12533952K), 0.0062930 secs] [Times: user=0.00 sys=0.00, real=0.01 secs] 
2015-04-01T04:32:47.645-0700: 13184567.718: [CMS-concurrent-mark: 0.317/0.317 secs] [Times: user=1.93 sys=0.00, real=0.32 secs] 
2015-04-01T04:32:47.677-0700: 13184567.750: [CMS-concurrent-preclean: 0.032/0.032 secs] [Times: user=0.03 sys=0.00, real=0.03 secs] 
 CMS: abort preclean due to time 2015-04-01T04:32:52.726-0700: 13184572.798: [CMS-concurrent-abortable-preclean: 2.244/5.049 secs] [Times: user=2.58 sys=0.13, real=5.05 secs] 
2015-04-01T04:32:52.727-0700: 13184572.800: [GC[YG occupancy: 177253 K (440896 K)]13184572.800: [Rescan (parallel) , 0.0071730 secs]13184572.807: [weak refs processing, 0.0036510 secs] [1 CMS-remark: 8504050K(12093056K)] 8681303K(12533952K), 0.0111550 secs] [Times: user=0.14 sys=0.00, real=0.01 secs] 
2015-04-01T04:32:53.443-0700: 13184573.515: [CMS-concurrent-sweep: 0.704/0.704 secs] [Times: user=0.77 sys=0.02, real=0.70 secs] 
2015-04-01T04:32:53.470-0700: 13184573.543: [CMS-concurrent-reset: 0.027/0.027 secs] [Times: user=0.03 sys=0.00, real=0.03 secs] 
: 440896K->48960K(440896K), 0.0206230 secs] 3933166K->3604846K(12533952K), 0.0208270 secs] [Times: user=0.33 sys=0.01, real=0.02 secs] 
: 440816K->48960K(440896K), 0.0188080 secs] 3996702K->3662572K(12533952K), 0.0190220 secs] [Times: user=0.29 sys=0.00, real=0.02 secs] 
: 440896K->48960K(440896K), 0.0222920 secs] 4054508K->3725280K(12533952K), 0.0224940 secs] [Times: user=0.33 sys=0.00, real=0.02 secs] 
: 440896K->48943K(440896K), 0.0237360 secs] 4117216K->3789860K(12533952K), 0.0239350 secs] [Times: user=0.36 sys=0.00, real=0.02 secs] 
: 440666K->48952K(440896K), 0.0177620 secs] 4181583K->3850369K(12533952K), 0.0179620 secs] [Times: user=0.28 sys=0.00, real=0.02 secs] 
: 440888K->48945K(440896K), 0.0213040 secs] 4242305K->3913734K(12533952K), 0.0215110 secs] [Times: user=0.33 sys=0.00, real=0.03 secs] 
: 440777K->48960K(440896K), 0.0214230 secs] 4305566K->3992403K(12533952K), 0.0216300 secs] [Times: user=0.29 sys=0.01, real=0.02 secs] 
: 440749K->48960K(440896K), 0.0189860 secs] 4384193K->4044481K(12533952K), 0.0191890 secs] [Times: user=0.30 sys=0.01, real=0.02 secs] 
: 440667K->48949K(440896K), 0.0219110 secs] 4436188K->4105167K(12533952K), 0.0221170 secs] [Times: user=0.32 sys=0.00, real=0.02 secs] 
: 440802K->48960K(440896K), 0.0268790 secs] 4497021K->4165940K(12533952K), 0.0270070 secs] [Times: user=0.32 sys=0.00, real=0.03 secs] 
: 440864K->48960K(440896K), 0.0233710 secs] 4557844K->4228030K(12533952K), 0.0235430 secs] [Times: user=0.32 sys=0.00, real=0.03 secs] 
: 440896K->48960K(440896K), 0.0185930 secs] 4619966K->4291827K(12533952K), 0.0187860 secs] [Times: user=0.27 sys=0.00, real=0.02 secs] 
: 440778K->48960K(440896K), 0.0206480 secs] 4683646K->4353822K(12533952K), 0.0208150 secs] [Times: user=0.29 sys=0.01, real=0.02 secs] 
: 440887K->48960K(440896K), 0.0204390 secs] 4745750K->4418955K(12533952K), 0.0206530 secs] [Times: user=0.29 sys=0.00, real=0.02 secs] 
: 440741K->48960K(440896K), 0.0214740 secs] 4810736K->4483091K(12533952K), 0.0216730 secs] [Times: user=0.31 sys=0.00, real=0.02 secs] 
: 440831K->48946K(440896K), 0.0195100 secs] 4874962K->4547492K(12533952K), 0.0197150 secs] [Times: user=0.26 sys=0.00, real=0.02 secs] 
: 440861K->48960K(440896K), 0.0201380 secs] 4939408K->4611407K(12533952K), 0.0203320 secs] [Times: user=0.26 sys=0.01, real=0.02 secs] 
: 440896K->48931K(440896K), 0.0200030 secs] 5003343K->4673232K(12533952K), 0.0201980 secs] [Times: user=0.30 sys=0.00, real=0.02 secs] 
: 440669K->48960K(440896K), 0.0205290 secs] 5064969K->4734241K(12533952K), 0.0207260 secs] [Times: user=0.30 sys=0.00, real=0.02 secs] 
: 440699K->48960K(440896K), 0.0182850 secs] 5125980K->4799919K(12533952K), 0.0184930 secs] [Times: user=0.23 sys=0.00, real=0.02 secs] 
: 440812K->48960K(440896K), 0.0192430 secs] 5191771K->4863513K(12533952K), 0.0194540 secs] [Times: user=0.28 sys=0.01, real=0.02 secs] 
: 440775K->48960K(440896K), 0.0233520 secs] 5255329K->4929104K(12533952K), 0.0235770 secs] [Times: user=0.32 sys=0.00, real=0.03 secs] 
: 440692K->48960K(440896K), 0.0270590 secs] 5320837K->4992864K(12533952K), 0.0272630 secs] [Times: user=0.35 sys=0.00, real=0.03 secs] 
: 440645K->48950K(440896K), 0.0284200 secs] 5384550K->5056819K(12533952K), 0.0285980 secs] [Times: user=0.33 sys=0.01, real=0.03 secs] 
: 440821K->48921K(440896K), 0.0246590 secs] 5448690K->5123530K(12533952K), 0.0248690 secs] [Times: user=0.31 sys=0.01, real=0.02 secs] 
: 440850K->48938K(440896K), 0.0203530 secs] 5515459K->5190560K(12533952K), 0.0205540 secs] [Times: user=0.27 sys=0.00, real=0.02 secs] 
: 440874K->48953K(440896K), 0.0204250 secs] 5582496K->5254703K(12533952K), 0.0206310 secs] [Times: user=0.29 sys=0.00, real=0.02 secs] 
: 440889K->48960K(440896K), 0.0221170 secs] 5646639K->5318092K(12533952K), 0.0222710 secs] [Times: user=0.34 sys=0.00, real=0.03 secs] 
: 440706K->48960K(440896K), 0.0213770 secs] 5709838K->5384479K(12533952K), 0.0216750 secs] [Times: user=0.30 sys=0.00, real=0.02 secs] 
: 440888K->48960K(440896K), 0.0227380 secs] 5776408K->5455941K(12533952K), 0.0229420 secs] [Times: user=0.34 sys=0.00, real=0.02 secs] 
: 440869K->48954K(440896K), 0.0170820 secs] 5847851K->5511037K(12533952K), 0.0172370 secs] [Times: user=0.25 sys=0.00, real=0.02 secs] 
: 440871K->48946K(440896K), 0.0219750 secs] 5902953K->5570610K(12533952K), 0.0221670 secs] [Times: user=0.30 sys=0.00, real=0.03 secs] 
: 440740K->48959K(440896K), 0.0195270 secs] 5962405K->5636537K(12533952K), 0.0197380 secs] [Times: user=0.27 sys=0.00, real=0.02 secs] 
: 440684K->44423K(440896K), 0.0182420 secs] 6028261K->5677947K(12533952K), 0.0183930 secs] [Times: user=0.31 sys=0.00, real=0.02 secs] 
: 436334K->48960K(440896K), 0.0242680 secs] 6069857K->5736351K(12533952K), 0.0244820 secs] [Times: user=0.35 sys=0.00, real=0.02 secs] 
: 440660K->48960K(440896K), 0.0274950 secs] 6128051K->5804208K(12533952K), 0.0277060 secs] [Times: user=0.35 sys=0.01, real=0.03 secs] 
: 440896K->48948K(440896K), 0.0253710 secs] 6196144K->5862009K(12533952K), 0.0256290 secs] [Times: user=0.35 sys=0.00, real=0.03 secs] 
: 440833K->48960K(440896K), 0.0234460 secs] 6253895K->5925406K(12533952K), 0.0236670 secs] [Times: user=0.27 sys=0.00, real=0.03 secs] 
: 440662K->48960K(440896K), 0.0222930 secs] 6317109K->5988541K(12533952K), 0.0225120 secs] [Times: user=0.28 sys=0.00, real=0.02 secs] 
: 440880K->48960K(440896K), 0.0200560 secs] 6380462K->6069337K(12533952K), 0.0205280 secs] [Times: user=0.26 sys=0.00, real=0.02 secs] 
: 440790K->48960K(440896K), 0.0187330 secs] 6461168K->6117365K(12533952K), 0.0188880 secs] [Times: user=0.29 sys=0.00, real=0.01 secs] 
: 440777K->48915K(440896K), 0.0223560 secs] 6509182K->6182509K(12533952K), 0.0227010 secs] [Times: user=0.32 sys=0.01, real=0.02 secs] 
: 440731K->48960K(440896K), 0.0165540 secs] 6574325K->6248129K(12533952K), 0.0170300 secs] [Times: user=0.23 sys=0.00, real=0.02 secs] 
: 440688K->48960K(440896K), 0.0226100 secs] 6639858K->6313098K(12533952K), 0.0228270 secs] [Times: user=0.32 sys=0.01, real=0.02 secs] 
: 440896K->48960K(440896K), 0.0238180 secs] 6705034K->6381709K(12533952K), 0.0240430 secs] [Times: user=0.34 sys=0.00, real=0.03 secs] 
: 440813K->48960K(440896K), 0.0225760 secs] 6773563K->6442414K(12533952K), 0.0228480 secs] [Times: user=0.32 sys=0.00, real=0.03 secs] 
: 440818K->48960K(440896K), 0.0200200 secs] 6834273K->6504347K(12533952K), 0.0202030 secs] [Times: user=0.26 sys=0.00, real=0.02 secs] 
: 440893K->48960K(440896K), 0.0256660 secs] 6896280K->6571381K(12533952K), 0.0259000 secs] [Times: user=0.30 sys=0.00, real=0.02 secs] 
: 440896K->48941K(440896K), 0.0197820 secs] 6963317K->6631351K(12533952K), 0.0200070 secs] [Times: user=0.29 sys=0.00, real=0.02 secs] 
: 440734K->48960K(440896K), 0.0206110 secs] 7023144K->6696725K(12533952K), 0.0208650 secs] [Times: user=0.29 sys=0.00, real=0.03 secs] 
: 440733K->48959K(440896K), 0.0211030 secs] 7088499K->6761453K(12533952K), 0.0213340 secs] [Times: user=0.28 sys=0.00, real=0.03 secs] 
: 440895K->48960K(440896K), 0.0188970 secs] 7153389K->6824301K(12533952K), 0.0191460 secs] [Times: user=0.29 sys=0.00, real=0.02 secs] 
: 440676K->48960K(440896K), 0.0223830 secs] 7216017K->6888276K(12533952K), 0.0225610 secs] [Times: user=0.32 sys=0.01, real=0.02 secs] 
: 440659K->48960K(440896K), 0.0186400 secs] 7279975K->6952981K(12533952K), 0.0189070 secs] [Times: user=0.26 sys=0.00, real=0.02 secs] 
: 440751K->48959K(440896K), 0.0187840 secs] 7344773K->7018028K(12533952K), 0.0190330 secs] [Times: user=0.25 sys=0.01, real=0.02 secs] 
: 440809K->48960K(440896K), 0.0221060 secs] 7409878K->7082945K(12533952K), 0.0223420 secs] [Times: user=0.30 sys=0.00, real=0.02 secs] 
: 440872K->48960K(440896K), 0.0181960 secs] 7474857K->7149155K(12533952K), 0.0184090 secs] [Times: user=0.26 sys=0.00, real=0.02 secs] 
: 440844K->48960K(440896K), 0.0223180 secs] 7541040K->7212669K(12533952K), 0.0225180 secs] [Times: user=0.30 sys=0.01, real=0.02 secs] 
: 440896K->48915K(440896K), 0.0186140 secs] 7604605K->7277460K(12533952K), 0.0188510 secs] [Times: user=0.25 sys=0.01, real=0.02 secs] 
: 440623K->48900K(440896K), 0.0204910 secs] 7669169K->7342936K(12533952K), 0.0207250 secs] [Times: user=0.27 sys=0.00, real=0.02 secs] 
: 440836K->48915K(440896K), 0.0190420 secs] 7734872K->7407519K(12533952K), 0.0192870 secs] [Times: user=0.25 sys=0.01, real=0.02 secs] 
: 440692K->48960K(440896K), 0.0249070 secs] 7799296K->7472482K(12533952K), 0.0251380 secs] [Times: user=0.34 sys=0.00, real=0.02 secs] 
: 440641K->48917K(440896K), 0.0219140 secs] 7864164K->7535398K(12533952K), 0.0221780 secs] [Times: user=0.30 sys=0.00, real=0.02 secs] 
: 440682K->48960K(440896K), 0.0228100 secs] 7927163K->7598870K(12533952K), 0.0230380 secs] [Times: user=0.32 sys=0.01, real=0.02 secs] 
: 440892K->48922K(440896K), 0.0239310 secs] 7990803K->7663172K(12533952K), 0.0241510 secs] [Times: user=0.33 sys=0.00, real=0.03 secs] 
: 440768K->48960K(440896K), 0.0226430 secs] 8055018K->7729667K(12533952K), 0.0228760 secs] [Times: user=0.26 sys=0.00, real=0.02 secs] 
: 440674K->48941K(440896K), 0.0235550 secs] 8121381K->7792854K(12533952K), 0.0237790 secs] [Times: user=0.31 sys=0.01, real=0.03 secs] 
: 440877K->48960K(440896K), 0.0233730 secs] 8184790K->7857683K(12533952K), 0.0235870 secs] [Times: user=0.33 sys=0.00, real=0.02 secs] 
: 440896K->48960K(440896K), 0.0215610 secs] 8249619K->7924643K(12533952K), 0.0218180 secs] [Times: user=0.30 sys=0.00, real=0.03 secs] 
: 440698K->48960K(440896K), 0.0225230 secs] 8316382K->7989896K(12533952K), 0.0227670 secs] [Times: user=0.33 sys=0.01, real=0.02 secs] 
: 440837K->48960K(440896K), 0.0220820 secs] 8381774K->8055376K(12533952K), 0.0223100 secs] [Times: user=0.24 sys=0.01, real=0.02 secs] 
: 440896K->48960K(440896K), 0.0227730 secs] 8447312K->8121895K(12533952K), 0.0230080 secs] [Times: user=0.32 sys=0.00, real=0.03 secs] 
: 440747K->48960K(440896K), 0.0226170 secs] 8513682K->8185141K(12533952K), 0.0228410 secs] [Times: user=0.34 sys=0.00, real=0.02 secs] 
: 440851K->48906K(440896K), 0.0233920 secs] 8577032K->8250542K(12533952K), 0.0236160 secs] [Times: user=0.33 sys=0.00, real=0.02 secs] 
: 440791K->48960K(440896K), 0.0196780 secs] 8642426K->8314811K(12533952K), 0.0199080 secs] [Times: user=0.30 sys=0.00, real=0.02 secs] 
: 440730K->48960K(440896K), 0.0248520 secs] 8706582K->8380545K(12533952K), 0.0251200 secs] [Times: user=0.32 sys=0.00, real=0.02 secs] 
: 440766K->48943K(440896K), 0.0218220 secs] 8772351K->8445756K(12533952K), 0.0220430 secs] [Times: user=0.30 sys=0.00, real=0.02 secs] 
: 440867K->48959K(440896K), 0.0206690 secs] 8837680K->8511004K(12533952K), 0.0208830 secs] [Times: user=0.28 sys=0.00, real=0.02 secs] 
: 440895K->48960K(440896K), 0.0211150 secs] 8902940K->8575212K(12533952K), 0.0213510 secs] [Times: user=0.25 sys=0.01, real=0.02 secs] 
2015-04-01T04:52:23.528-0700: 13185743.601: [GC [1 CMS-initial-mark: 8526252K(12093056K)] 8575471K(12533952K), 0.0066910 secs] [Times: user=0.01 sys=0.00, real=0.01 secs] 
2015-04-01T04:52:23.832-0700: 13185743.905: [CMS-concurrent-mark: 0.297/0.297 secs] [Times: user=1.82 sys=0.00, real=0.30 secs] 
2015-04-01T04:52:23.871-0700: 13185743.943: [CMS-concurrent-preclean: 0.038/0.038 secs] [Times: user=0.04 sys=0.00, real=0.03 secs] 
2015-04-01T04:52:28.602-0700: 13185748.675: [CMS-concurrent-abortable-preclean: 3.027/4.731 secs] [Times: user=3.52 sys=0.19, real=4.74 secs] 
2015-04-01T04:52:28.603-0700: 13185748.676: [GC[YG occupancy: 245944 K (440896 K)]13185748.676: [Rescan (parallel) , 0.0065280 secs]13185748.683: [weak refs processing, 0.0038760 secs] [1 CMS-remark: 8526252K(12093056K)] 8772197K(12533952K), 0.0106760 secs] [Times: user=0.09 sys=0.00, real=0.01 secs] 
2015-04-01T04:52:29.441-0700: 13185749.513: [CMS-concurrent-sweep: 0.824/0.826 secs] [Times: user=0.92 sys=0.04, real=0.82 secs] 
2015-04-01T04:52:29.474-0700: 13185749.547: [CMS-concurrent-reset: 0.034/0.034 secs] [Times: user=0.03 sys=0.00, real=0.04 secs] 
: 440739K->48960K(440896K), 0.0222960 secs] 3851407K->3527623K(12533952K), 0.0225130 secs] [Times: user=0.33 sys=0.00, real=0.02 secs] 
: 440896K->48957K(440896K), 0.0208450 secs] 3919559K->3590935K(12533952K), 0.0210680 secs] [Times: user=0.31 sys=0.00, real=0.02 secs] 
: 440870K->48955K(440896K), 0.0208420 secs] 3982848K->3655829K(12533952K), 0.0210630 secs] [Times: user=0.30 sys=0.01, real=0.02 secs] 
: 440891K->48960K(440896K), 0.0178850 secs] 4047765K->3726848K(12533952K), 0.0181270 secs] [Times: user=0.25 sys=0.01, real=0.02 secs] 
: 440865K->48960K(440896K), 0.0188230 secs] 4118754K->3787892K(12533952K), 0.0190780 secs] [Times: user=0.27 sys=0.01, real=0.02 secs] 
: 440817K->48924K(440896K), 0.0198270 secs] 4179750K->3850583K(12533952K), 0.0199990 secs] [Times: user=0.30 sys=0.00, real=0.02 secs] 
: 440702K->48960K(440896K), 0.0195120 secs] 4242361K->3922456K(12533952K), 0.0197920 secs] [Times: user=0.26 sys=0.01, real=0.02 secs] 
: 440890K->48941K(440896K), 0.0238780 secs] 4314386K->3980745K(12533952K), 0.0240970 secs] [Times: user=0.32 sys=0.00, real=0.03 secs] 
: 440669K->48898K(440896K), 0.0267590 secs] 4372472K->4043080K(12533952K), 0.0269920 secs] [Times: user=0.33 sys=0.00, real=0.03 secs] 
: 440683K->48960K(440896K), 0.0331080 secs] 4434864K->4106645K(12533952K), 0.0333190 secs] [Times: user=0.31 sys=0.01, real=0.04 secs] 
: 440690K->48960K(440896K), 0.0244980 secs] 4498375K->4168951K(12533952K), 0.0247330 secs] [Times: user=0.33 sys=0.00, real=0.03 secs] 
: 440761K->48960K(440896K), 0.0235770 secs] 4560753K->4235444K(12533952K), 0.0238110 secs] [Times: user=0.32 sys=0.00, real=0.02 secs] 
: 440706K->48960K(440896K), 0.0188250 secs] 4627191K->4299178K(12533952K), 0.0190030 secs] [Times: user=0.26 sys=0.01, real=0.02 secs] 
: 440848K->48960K(440896K), 0.0209860 secs] 4691066K->4361561K(12533952K), 0.0212180 secs] [Times: user=0.28 sys=0.00, real=0.02 secs] 
: 440743K->48960K(440896K), 0.0206270 secs] 4753344K->4426782K(12533952K), 0.0211940 secs] [Times: user=0.29 sys=0.00, real=0.02 secs] 
: 440896K->48960K(440896K), 0.0207850 secs] 4818718K->4493681K(12533952K), 0.0210010 secs] [Times: user=0.28 sys=0.00, real=0.02 secs] 
: 440896K->48960K(440896K), 0.0238310 secs] 4885617K->4559041K(12533952K), 0.0244200 secs] [Times: user=0.31 sys=0.00, real=0.03 secs] 
: 440677K->48960K(440896K), 0.0167050 secs] 4950759K->4623943K(12533952K), 0.0168850 secs] [Times: user=0.23 sys=0.00, real=0.02 secs] 
: 440762K->48960K(440896K), 0.0223320 secs] 5015745K->4689993K(12533952K), 0.0225630 secs] [Times: user=0.31 sys=0.01, real=0.02 secs] 
: 440690K->48960K(440896K), 0.0228170 secs] 5081724K->4756354K(12533952K), 0.0230340 secs] [Times: user=0.31 sys=0.01, real=0.02 secs] 
: 440701K->48960K(440896K), 0.0240960 secs] 5148095K->4820375K(12533952K), 0.0243350 secs] [Times: user=0.25 sys=0.01, real=0.03 secs] 
: 440829K->48960K(440896K), 0.0243490 secs] 5212245K->4884854K(12533952K), 0.0245890 secs] [Times: user=0.27 sys=0.01, real=0.02 secs] 
: 440896K->48960K(440896K), 0.0240830 secs] 5276790K->4950376K(12533952K), 0.0243020 secs] [Times: user=0.23 sys=0.01, real=0.02 secs] 
: 440803K->48960K(440896K), 0.0209670 secs] 5342220K->5015816K(12533952K), 0.0212050 secs] [Times: user=0.28 sys=0.00, real=0.02 secs] 
: 440896K->48911K(440896K), 0.0240380 secs] 5407752K->5081035K(12533952K), 0.0246060 secs] [Times: user=0.31 sys=0.00, real=0.02 secs] 
: 440847K->48960K(440896K), 0.0225420 secs] 5472971K->5149267K(12533952K), 0.0227700 secs] [Times: user=0.33 sys=0.00, real=0.02 secs] 
: 440657K->48935K(440896K), 0.0229370 secs] 5540965K->5209848K(12533952K), 0.0231340 secs] [Times: user=0.34 sys=0.00, real=0.03 secs] 
: 440828K->48956K(440896K), 0.0229530 secs] 5601741K->5275270K(12533952K), 0.0232000 secs] [Times: user=0.32 sys=0.00, real=0.03 secs] 
: 440866K->48960K(440896K), 0.0186600 secs] 5667180K->5339930K(12533952K), 0.0191030 secs] [Times: user=0.24 sys=0.01, real=0.02 secs] 
: 440730K->48960K(440896K), 0.0204960 secs] 5731701K->5406302K(12533952K), 0.0207010 secs] [Times: user=0.30 sys=0.00, real=0.02 secs] 
: 440827K->48921K(440896K), 0.0185310 secs] 5798169K->5471021K(12533952K), 0.0187040 secs] [Times: user=0.25 sys=0.00, real=0.02 secs] 
: 440799K->48934K(440896K), 0.0228610 secs] 5862899K->5534824K(12533952K), 0.0230690 secs] [Times: user=0.32 sys=0.00, real=0.02 secs] 
: 440850K->48960K(440896K), 0.0242100 secs] 5926740K->5610011K(12533952K), 0.0244130 secs] [Times: user=0.32 sys=0.01, real=0.03 secs] 
: 440687K->48960K(440896K), 0.0212280 secs] 6001738K->5656497K(12533952K), 0.0217570 secs] [Times: user=0.30 sys=0.00, real=0.02 secs] 
: 440896K->48944K(440896K), 0.0260700 secs] 6048433K->5710159K(12533952K), 0.0263080 secs] [Times: user=0.35 sys=0.01, real=0.02 secs] 
: 440807K->48960K(440896K), 0.0231170 secs] 6102022K->5772942K(12533952K), 0.0232910 secs] [Times: user=0.32 sys=0.00, real=0.02 secs] 
: 440847K->48960K(440896K), 0.0198440 secs] 6164829K->5835585K(12533952K), 0.0200990 secs] [Times: user=0.29 sys=0.00, real=0.02 secs] 
: 440653K->48960K(440896K), 0.0248980 secs] 6227279K->5910037K(12533952K), 0.0251360 secs] [Times: user=0.30 sys=0.01, real=0.03 secs] 
: 440884K->48941K(440896K), 0.0219060 secs] 6301961K->5967609K(12533952K), 0.0221370 secs] [Times: user=0.33 sys=0.00, real=0.02 secs] 
: 440796K->48960K(440896K), 0.0174270 secs] 6359464K->6031732K(12533952K), 0.0175910 secs] [Times: user=0.23 sys=0.01, real=0.02 secs] 
: 440843K->48960K(440896K), 0.0225290 secs] 6423616K->6092976K(12533952K), 0.0227810 secs] [Times: user=0.32 sys=0.01, real=0.02 secs] 
: 440751K->48947K(440896K), 0.0192830 secs] 6484768K->6156796K(12533952K), 0.0195210 secs] [Times: user=0.25 sys=0.01, real=0.02 secs] 
: 440877K->48960K(440896K), 0.0222890 secs] 6548727K->6220340K(12533952K), 0.0225220 secs] [Times: user=0.29 sys=0.01, real=0.02 secs] 
: 440896K->48960K(440896K), 0.0215380 secs] 6612276K->6281793K(12533952K), 0.0217250 secs] [Times: user=0.28 sys=0.01, real=0.03 secs] 
: 440739K->48960K(440896K), 0.0248140 secs] 6673573K->6342068K(12533952K), 0.0250570 secs] [Times: user=0.32 sys=0.01, real=0.02 secs] 
: 440843K->48960K(440896K), 0.0239990 secs] 6733952K->6401937K(12533952K), 0.0242530 secs] [Times: user=0.32 sys=0.01, real=0.03 secs] 
: 440667K->48960K(440896K), 0.0204970 secs] 6793644K->6465342K(12533952K), 0.0207260 secs] [Times: user=0.28 sys=0.00, real=0.02 secs] 
: 440871K->48923K(440896K), 0.0261490 secs] 6857254K->6531035K(12533952K), 0.0263760 secs] [Times: user=0.28 sys=0.01, real=0.03 secs] 
: 440815K->48960K(440896K), 0.0241050 secs] 6922927K->6600159K(12533952K), 0.0243250 secs] [Times: user=0.32 sys=0.00, real=0.03 secs] 
: 440643K->48960K(440896K), 0.0204010 secs] 6991842K->6658749K(12533952K), 0.0206280 secs] [Times: user=0.32 sys=0.00, real=0.02 secs] 
: 440652K->48960K(440896K), 0.0178940 secs] 7050441K->6734700K(12533952K), 0.0180320 secs] [Times: user=0.24 sys=0.01, real=0.02 secs] 
: 440678K->48960K(440896K), 0.0208110 secs] 7126418K->6807435K(12533952K), 0.0210360 secs] [Times: user=0.35 sys=0.00, real=0.02 secs] 
: 440896K->48960K(440896K), 0.0207160 secs] 7199371K->6854178K(12533952K), 0.0209650 secs] [Times: user=0.31 sys=0.00, real=0.02 secs] 
: 440887K->48960K(440896K), 0.0188990 secs] 7246106K->6915563K(12533952K), 0.0190710 secs] [Times: user=0.26 sys=0.00, real=0.02 secs] 
: 440896K->48960K(440896K), 0.0192510 secs] 7307499K->6986796K(12533952K), 0.0193980 secs] [Times: user=0.29 sys=0.00, real=0.02 secs] 
: 440696K->48960K(440896K), 0.0204580 secs] 7378533K->7045597K(12533952K), 0.0206820 secs] [Times: user=0.27 sys=0.01, real=0.02 secs] 
: 440896K->48960K(440896K), 0.0222400 secs] 7437533K->7105118K(12533952K), 0.0224800 secs] [Times: user=0.29 sys=0.01, real=0.02 secs] 
: 440640K->48960K(440896K), 0.0233770 secs] 7496799K->7169742K(12533952K), 0.0236070 secs] [Times: user=0.29 sys=0.00, real=0.03 secs] 
: 440896K->48960K(440896K), 0.0244330 secs] 7561678K->7231922K(12533952K), 0.0246600 secs] [Times: user=0.30 sys=0.01, real=0.02 secs] 
: 440775K->48960K(440896K), 0.0226220 secs] 7623738K->7294651K(12533952K), 0.0228530 secs] [Times: user=0.36 sys=0.01, real=0.03 secs] 
: 440896K->48960K(440896K), 0.0220280 secs] 7686587K->7361120K(12533952K), 0.0222590 secs] [Times: user=0.32 sys=0.00, real=0.03 secs] 
: 440676K->48960K(440896K), 0.0182730 secs] 7752837K->7420362K(12533952K), 0.0184970 secs] [Times: user=0.25 sys=0.00, real=0.02 secs] 
: 440771K->48960K(440896K), 0.0231250 secs] 7812173K->7487429K(12533952K), 0.0233590 secs] [Times: user=0.28 sys=0.01, real=0.03 secs] 
: 440710K->48960K(440896K), 0.0201800 secs] 7879179K->7554007K(12533952K), 0.0203970 secs] [Times: user=0.29 sys=0.01, real=0.03 secs] 
: 440834K->48960K(440896K), 0.0188710 secs] 7945882K->7618183K(12533952K), 0.0191020 secs] [Times: user=0.30 sys=0.00, real=0.01 secs] 
: 440896K->48960K(440896K), 0.0195340 secs] 8010119K->7682969K(12533952K), 0.0197620 secs] [Times: user=0.30 sys=0.00, real=0.02 secs] 
: 440686K->48960K(440896K), 0.0200180 secs] 8074695K->7745420K(12533952K), 0.0202470 secs] [Times: user=0.30 sys=0.00, real=0.02 secs] 
: 440825K->48960K(440896K), 0.0230380 secs] 8137286K->7814142K(12533952K), 0.0232620 secs] [Times: user=0.36 sys=0.01, real=0.02 secs] 
: 440896K->48960K(440896K), 0.0215980 secs] 8206078K->7874330K(12533952K), 0.0218360 secs] [Times: user=0.30 sys=0.00, real=0.02 secs] 
: 440864K->48960K(440896K), 0.0187810 secs] 8266235K->7945597K(12533952K), 0.0190050 secs] [Times: user=0.28 sys=0.00, real=0.02 secs] 
: 440670K->48960K(440896K), 0.0184870 secs] 8337308K->8003210K(12533952K), 0.0186630 secs] [Times: user=0.23 sys=0.00, real=0.02 secs] 
: 440896K->48960K(440896K), 0.0227100 secs] 8395146K->8068940K(12533952K), 0.0229280 secs] [Times: user=0.33 sys=0.00, real=0.02 secs] 
: 440650K->48960K(440896K), 0.0219850 secs] 8460630K->8134965K(12533952K), 0.0222200 secs] [Times: user=0.30 sys=0.00, real=0.02 secs] 
: 440896K->48960K(440896K), 0.0203790 secs] 8526901K->8204023K(12533952K), 0.0206280 secs] [Times: user=0.29 sys=0.00, real=0.02 secs] 
: 440896K->48960K(440896K), 0.0217200 secs] 8595959K->8267726K(12533952K), 0.0219460 secs] [Times: user=0.32 sys=0.01, real=0.02 secs] 
: 440852K->48960K(440896K), 0.0203890 secs] 8659619K->8337519K(12533952K), 0.0206270 secs] [Times: user=0.31 sys=0.00, real=0.02 secs] 
: 440831K->48960K(440896K), 0.0202870 secs] 8729391K->8405477K(12533952K), 0.0205220 secs] [Times: user=0.30 sys=0.01, real=0.03 secs] 
: 440856K->48960K(440896K), 0.0183990 secs] 8797374K->8466874K(12533952K), 0.0186230 secs] [Times: user=0.27 sys=0.00, real=0.01 secs] 
: 440658K->48960K(440896K), 0.0176730 secs] 8858572K->8529381K(12533952K), 0.0179010 secs] [Times: user=0.23 sys=0.00, real=0.02 secs] 
2015-04-01T05:12:03.044-0700: 13186923.116: [GC [1 CMS-initial-mark: 8480421K(12093056K)] 8529773K(12533952K), 0.0055870 secs] [Times: user=0.00 sys=0.00, real=0.00 secs] 
2015-04-01T05:12:03.343-0700: 13186923.416: [CMS-concurrent-mark: 0.294/0.294 secs] [Times: user=1.79 sys=0.00, real=0.30 secs] 
2015-04-01T05:12:03.368-0700: 13186923.441: [CMS-concurrent-preclean: 0.025/0.025 secs] [Times: user=0.04 sys=0.00, real=0.02 secs] 
 CMS: abort preclean due to time 2015-04-01T05:12:08.394-0700: 13186928.467: [CMS-concurrent-abortable-preclean: 2.221/5.026 secs] [Times: user=2.71 sys=0.21, real=5.03 secs] 
2015-04-01T05:12:08.395-0700: 13186928.468: [GC[YG occupancy: 238105 K (440896 K)]13186928.468: [Rescan (parallel) , 0.0057290 secs]13186928.474: [weak refs processing, 0.0064170 secs] [1 CMS-remark: 8480421K(12093056K)] 8718527K(12533952K), 0.0125900 secs] [Times: user=0.09 sys=0.00, real=0.01 secs] 
2015-04-01T05:12:09.072-0700: 13186929.144: [CMS-concurrent-sweep: 0.663/0.663 secs] [Times: user=0.69 sys=0.00, real=0.66 secs] 
2015-04-01T05:12:09.099-0700: 13186929.171: [CMS-concurrent-reset: 0.027/0.027 secs] [Times: user=0.03 sys=0.00, real=0.03 secs] 
: 440772K->48960K(440896K), 0.0177470 secs] 3811206K->3483422K(12533952K), 0.0179800 secs] [Times: user=0.31 sys=0.01, real=0.02 secs] 
: 440896K->48960K(440896K), 0.0208670 secs] 3875358K->3548932K(12533952K), 0.0210850 secs] [Times: user=0.29 sys=0.00, real=0.02 secs] 
: 440858K->48960K(440896K), 0.0208500 secs] 3940831K->3610153K(12533952K), 0.0210680 secs] [Times: user=0.29 sys=0.00, real=0.02 secs] 
: 440830K->48960K(440896K), 0.0186890 secs] 4002024K->3677230K(12533952K), 0.0190570 secs] [Times: user=0.26 sys=0.00, real=0.01 secs] 
: 440896K->48960K(440896K), 0.0229600 secs] 4069166K->3738256K(12533952K), 0.0231580 secs] [Times: user=0.30 sys=0.00, real=0.02 secs] 
: 440849K->48960K(440896K), 0.0209060 secs] 4130146K->3801911K(12533952K), 0.0211110 secs] [Times: user=0.31 sys=0.01, real=0.02 secs] 
: 440664K->48960K(440896K), 0.0212190 secs] 4193615K->3869971K(12533952K), 0.0214430 secs] [Times: user=0.28 sys=0.01, real=0.02 secs] 
: 440851K->48960K(440896K), 0.0267960 secs] 4261862K->3933499K(12533952K), 0.0270240 secs] [Times: user=0.37 sys=0.01, real=0.02 secs] 
: 440806K->48960K(440896K), 0.0235130 secs] 4325346K->3997781K(12533952K), 0.0237140 secs] [Times: user=0.26 sys=0.01, real=0.02 secs] 
: 440749K->48960K(440896K), 0.0286100 secs] 4389570K->4062123K(12533952K), 0.0288570 secs] [Times: user=0.29 sys=0.00, real=0.03 secs] 
: 440769K->48960K(440896K), 0.0209030 secs] 4453932K->4127126K(12533952K), 0.0210890 secs] [Times: user=0.24 sys=0.00, real=0.02 secs] 
: 440894K->48960K(440896K), 0.0195360 secs] 4519060K->4189905K(12533952K), 0.0197590 secs] [Times: user=0.23 sys=0.00, real=0.02 secs] 
: 440896K->48960K(440896K), 0.0202960 secs] 4581841K->4254284K(12533952K), 0.0205200 secs] [Times: user=0.27 sys=0.01, real=0.02 secs] 
: 440836K->48960K(440896K), 0.0194570 secs] 4646160K->4326541K(12533952K), 0.0196380 secs] [Times: user=0.27 sys=0.01, real=0.02 secs] 
: 440688K->48960K(440896K), 0.0196690 secs] 4718270K->4389184K(12533952K), 0.0198510 secs] [Times: user=0.26 sys=0.01, real=0.02 secs] 
: 440873K->48960K(440896K), 0.0199610 secs] 4781098K->4449735K(12533952K), 0.0201830 secs] [Times: user=0.30 sys=0.00, real=0.02 secs] 
: 440642K->48960K(440896K), 0.0182730 secs] 4841417K->4515528K(12533952K), 0.0185040 secs] [Times: user=0.25 sys=0.00, real=0.02 secs] 
: 440870K->48960K(440896K), 0.0214510 secs] 4907439K->4581233K(12533952K), 0.0216450 secs] [Times: user=0.33 sys=0.01, real=0.03 secs] 
: 440896K->48960K(440896K), 0.0206680 secs] 4973169K->4651391K(12533952K), 0.0209040 secs] [Times: user=0.26 sys=0.00, real=0.02 secs] 
: 440896K->48960K(440896K), 0.0179740 secs] 5043327K->4709783K(12533952K), 0.0182030 secs] [Times: user=0.23 sys=0.00, real=0.02 secs] 
: 440896K->48960K(440896K), 0.0207260 secs] 5101719K->4777051K(12533952K), 0.0209510 secs] [Times: user=0.30 sys=0.00, real=0.02 secs] 
: 440640K->48960K(440896K), 0.0230890 secs] 5168731K->4834066K(12533952K), 0.0233490 secs] [Times: user=0.27 sys=0.00, real=0.03 secs] 
: 440896K->48960K(440896K), 0.0300680 secs] 5226002K->4898182K(12533952K), 0.0302900 secs] [Times: user=0.28 sys=0.01, real=0.03 secs] 
: 440895K->48960K(440896K), 0.0230890 secs] 5290117K->4965228K(12533952K), 0.0232690 secs] [Times: user=0.24 sys=0.01, real=0.02 secs] 
: 440896K->48960K(440896K), 0.0173770 secs] 5357164K->5028473K(12533952K), 0.0176110 secs] [Times: user=0.25 sys=0.01, real=0.02 secs] 
: 440859K->48960K(440896K), 0.0187950 secs] 5420372K->5095556K(12533952K), 0.0190530 secs] [Times: user=0.27 sys=0.00, real=0.02 secs] 
: 440676K->48960K(440896K), 0.0232220 secs] 5487273K->5157091K(12533952K), 0.0234430 secs] [Times: user=0.29 sys=0.00, real=0.02 secs] 
: 440787K->48960K(440896K), 0.0178740 secs] 5548918K->5224467K(12533952K), 0.0180980 secs] [Times: user=0.23 sys=0.00, real=0.02 secs] 
: 440896K->48960K(440896K), 0.0201820 secs] 5616403K->5293987K(12533952K), 0.0203550 secs] [Times: user=0.30 sys=0.00, real=0.02 secs] 
: 440740K->48960K(440896K), 0.0195310 secs] 5685768K->5367102K(12533952K), 0.0197420 secs] [Times: user=0.28 sys=0.01, real=0.02 secs] 
: 440702K->48960K(440896K), 0.0181970 secs] 5758845K->5422810K(12533952K), 0.0184390 secs] [Times: user=0.26 sys=0.00, real=0.02 secs] 
: 440880K->48960K(440896K), 0.0210650 secs] 5814731K->5486166K(12533952K), 0.0212580 secs] [Times: user=0.29 sys=0.00, real=0.02 secs] 
: 440724K->48960K(440896K), 0.0171730 secs] 5877931K->5555545K(12533952K), 0.0173850 secs] [Times: user=0.24 sys=0.00, real=0.01 secs] 
: 440846K->48960K(440896K), 0.0205310 secs] 5947431K->5618278K(12533952K), 0.0207780 secs] [Times: user=0.26 sys=0.00, real=0.02 secs] 
: 440667K->48960K(440896K), 0.0257490 secs] 6009985K->5683090K(12533952K), 0.0259750 secs] [Times: user=0.33 sys=0.01, real=0.03 secs] 
: 440714K->48960K(440896K), 0.0170000 secs] 6074845K->5752676K(12533952K), 0.0171980 secs] [Times: user=0.28 sys=0.00, real=0.01 secs] 
: 440772K->48960K(440896K), 0.0191550 secs] 6144489K->5810217K(12533952K), 0.0193670 secs] [Times: user=0.28 sys=0.00, real=0.02 secs] 
: 440729K->48960K(440896K), 0.0208920 secs] 6201986K->5876947K(12533952K), 0.0211240 secs] [Times: user=0.27 sys=0.00, real=0.03 secs] 
: 440896K->48960K(440896K), 0.0220310 secs] 6268883K->5946409K(12533952K), 0.0222610 secs] [Times: user=0.33 sys=0.01, real=0.02 secs] 
: 440848K->48960K(440896K), 0.0180640 secs] 6338298K->6009489K(12533952K), 0.0182920 secs] [Times: user=0.23 sys=0.00, real=0.02 secs] 
: 440647K->48960K(440896K), 0.0204970 secs] 6401177K->6077674K(12533952K), 0.0207330 secs] [Times: user=0.29 sys=0.01, real=0.02 secs] 
: 440896K->48960K(440896K), 0.0231360 secs] 6469610K->6140423K(12533952K), 0.0233680 secs] [Times: user=0.30 sys=0.00, real=0.02 secs] 
: 440840K->48960K(440896K), 0.0193250 secs] 6532303K->6203048K(12533952K), 0.0195020 secs] [Times: user=0.25 sys=0.01, real=0.02 secs] 
: 440673K->48960K(440896K), 0.0210160 secs] 6594761K->6268836K(12533952K), 0.0211950 secs] [Times: user=0.23 sys=0.00, real=0.02 secs] 
: 440870K->48960K(440896K), 0.0227660 secs] 6660746K->6331921K(12533952K), 0.0230320 secs] [Times: user=0.24 sys=0.01, real=0.02 secs] 
: 440750K->48960K(440896K), 0.0201350 secs] 6723711K->6397587K(12533952K), 0.0207040 secs] [Times: user=0.24 sys=0.00, real=0.02 secs] 
: 440896K->48960K(440896K), 0.0185640 secs] 6789523K->6463622K(12533952K), 0.0187330 secs] [Times: user=0.28 sys=0.00, real=0.02 secs] 
: 440880K->48960K(440896K), 0.0205420 secs] 6855542K->6531231K(12533952K), 0.0207510 secs] [Times: user=0.29 sys=0.00, real=0.02 secs] 
: 440871K->48960K(440896K), 0.0169260 secs] 6923143K->6602151K(12533952K), 0.0170750 secs] [Times: user=0.28 sys=0.00, real=0.01 secs] 
: 440854K->48960K(440896K), 0.0196700 secs] 6994046K->6661769K(12533952K), 0.0198340 secs] [Times: user=0.26 sys=0.00, real=0.02 secs] 
: 440689K->48960K(440896K), 0.0199770 secs] 7053499K->6725607K(12533952K), 0.0201340 secs] [Times: user=0.27 sys=0.00, real=0.02 secs] 
: 440653K->48960K(440896K), 0.0218630 secs] 7117301K->6790124K(12533952K), 0.0220860 secs] [Times: user=0.30 sys=0.00, real=0.03 secs] 
: 440854K->48960K(440896K), 0.0248750 secs] 7182018K->6854317K(12533952K), 0.0251190 secs] [Times: user=0.34 sys=0.01, real=0.02 secs] 
: 440691K->48960K(440896K), 0.0211400 secs] 7246049K->6921243K(12533952K), 0.0213390 secs] [Times: user=0.31 sys=0.00, real=0.02 secs] 
: 440888K->48960K(440896K), 0.0192820 secs] 7313171K->6984793K(12533952K), 0.0194370 secs] [Times: user=0.27 sys=0.00, real=0.02 secs] 
: 440896K->48960K(440896K), 0.0194350 secs] 7376729K->7049451K(12533952K), 0.0196310 secs] [Times: user=0.31 sys=0.00, real=0.02 secs] 
: 440668K->48960K(440896K), 0.0231950 secs] 7441159K->7119422K(12533952K), 0.0233970 secs] [Times: user=0.33 sys=0.00, real=0.02 secs] 
: 440771K->48960K(440896K), 0.0198980 secs] 7511233K->7178249K(12533952K), 0.0201210 secs] [Times: user=0.28 sys=0.00, real=0.02 secs] 
: 440896K->48960K(440896K), 0.0192160 secs] 7570185K->7245742K(12533952K), 0.0193630 secs] [Times: user=0.30 sys=0.01, real=0.02 secs] 
: 440844K->48960K(440896K), 0.0217440 secs] 7637627K->7301562K(12533952K), 0.0219530 secs] [Times: user=0.35 sys=0.00, real=0.02 secs] 
: 440891K->48960K(440896K), 0.0210790 secs] 7693494K->7370598K(12533952K), 0.0215340 secs] [Times: user=0.27 sys=0.00, real=0.03 secs] 
: 440896K->48960K(440896K), 0.0198000 secs] 7762534K->7429162K(12533952K), 0.0200000 secs] [Times: user=0.25 sys=0.01, real=0.02 secs] 
: 440896K->48960K(440896K), 0.0169210 secs] 7821098K->7496771K(12533952K), 0.0170670 secs] [Times: user=0.25 sys=0.00, real=0.02 secs] 
: 440732K->48960K(440896K), 0.0206150 secs] 7888543K->7565672K(12533952K), 0.0208130 secs] [Times: user=0.31 sys=0.00, real=0.02 secs] 
: 440862K->48960K(440896K), 0.0215180 secs] 7957574K->7631049K(12533952K), 0.0217400 secs] [Times: user=0.27 sys=0.00, real=0.02 secs] 
: 440662K->48960K(440896K), 0.0193890 secs] 8022752K->7689920K(12533952K), 0.0195790 secs] [Times: user=0.22 sys=0.00, real=0.02 secs] 
: 440707K->48960K(440896K), 0.0204520 secs] 8081668K->7743241K(12533952K), 0.0206550 secs] [Times: user=0.32 sys=0.00, real=0.02 secs] 
: 440896K->48960K(440896K), 0.0210450 secs] 8135177K->7803835K(12533952K), 0.0212750 secs] [Times: user=0.26 sys=0.00, real=0.02 secs] 
: 440650K->48960K(440896K), 0.0199860 secs] 8195526K->7874900K(12533952K), 0.0202180 secs] [Times: user=0.26 sys=0.00, real=0.02 secs] 
: 440664K->48960K(440896K), 0.0207840 secs] 8266604K->7949680K(12533952K), 0.0213610 secs] [Times: user=0.30 sys=0.01, real=0.02 secs] 
: 440896K->48960K(440896K), 0.0196350 secs] 8341616K->8004208K(12533952K), 0.0201830 secs] [Times: user=0.23 sys=0.01, real=0.02 secs] 
: 440777K->48960K(440896K), 0.0189680 secs] 8396025K->8070240K(12533952K), 0.0191540 secs] [Times: user=0.30 sys=0.00, real=0.02 secs] 
: 440808K->48960K(440896K), 0.0233700 secs] 8462089K->8137757K(12533952K), 0.0236720 secs] [Times: user=0.34 sys=0.01, real=0.02 secs] 
: 440848K->48960K(440896K), 0.0232750 secs] 8529645K->8202449K(12533952K), 0.0234890 secs] [Times: user=0.33 sys=0.00, real=0.02 secs] 
: 440896K->48960K(440896K), 0.0190790 secs] 8594385K->8269836K(12533952K), 0.0192710 secs] [Times: user=0.28 sys=0.01, real=0.02 secs] 
: 440862K->48960K(440896K), 0.0232840 secs] 8661739K->8329823K(12533952K), 0.0234630 secs] [Times: user=0.29 sys=0.00, real=0.02 secs] 
: 440896K->48960K(440896K), 0.0222610 secs] 8721759K->8392903K(12533952K), 0.0224970 secs] [Times: user=0.30 sys=0.00, real=0.03 secs] 
: 440896K->48960K(440896K), 0.0185380 secs] 8784839K->8460385K(12533952K), 0.0187570 secs] [Times: user=0.25 sys=0.01, real=0.02 secs] 
: 440819K->48960K(440896K), 0.0213460 secs] 8852245K->8530173K(12533952K), 0.0216060 secs] [Times: user=0.26 sys=0.00, real=0.03 secs] 
2015-04-01T05:27:43.026-0700: 13187863.099: [GC [1 CMS-initial-mark: 8481213K(12093056K)] 8530440K(12533952K), 0.0063180 secs] [Times: user=0.01 sys=0.00, real=0.00 secs] 
2015-04-01T05:27:43.304-0700: 13187863.377: [CMS-concurrent-mark: 0.271/0.271 secs] [Times: user=1.65 sys=0.00, real=0.28 secs] 
2015-04-01T05:27:43.330-0700: 13187863.403: [CMS-concurrent-preclean: 0.026/0.026 secs] [Times: user=0.03 sys=0.00, real=0.02 secs] 
2015-04-01T05:27:47.816-0700: 13187867.889: [CMS-concurrent-abortable-preclean: 2.182/4.486 secs] [Times: user=2.67 sys=0.23, real=4.49 secs] 
2015-04-01T05:27:47.817-0700: 13187867.890: [GC[YG occupancy: 247883 K (440896 K)]13187867.890: [Rescan (parallel) , 0.0090890 secs]13187867.899: [weak refs processing, 0.0040080 secs] [1 CMS-remark: 8481213K(12093056K)] 8729097K(12533952K), 0.0135520 secs] [Times: user=0.15 sys=0.01, real=0.01 secs] 
2015-04-01T05:27:48.606-0700: 13187868.679: [CMS-concurrent-sweep: 0.775/0.775 secs] [Times: user=0.87 sys=0.03, real=0.78 secs] 
2015-04-01T05:27:48.634-0700: 13187868.707: [CMS-concurrent-reset: 0.028/0.028 secs] [Times: user=0.03 sys=0.00, real=0.02 secs] 
: 440799K->48960K(440896K), 0.0199000 secs] 3816722K->3489410K(12533952K), 0.0201770 secs] [Times: user=0.30 sys=0.00, real=0.02 secs] 
: 440896K->48960K(440896K), 0.0199400 secs] 3881346K->3548613K(12533952K), 0.0202110 secs] [Times: user=0.31 sys=0.00, real=0.02 secs] 
: 440775K->48960K(440896K), 0.0196300 secs] 3940428K->3619869K(12533952K), 0.0199010 secs] [Times: user=0.26 sys=0.00, real=0.02 secs] 
: 440896K->48960K(440896K), 0.0195080 secs] 4011805K->3675506K(12533952K), 0.0197950 secs] [Times: user=0.32 sys=0.00, real=0.02 secs] 
: 440739K->48960K(440896K), 0.0192060 secs] 4067285K->3742819K(12533952K), 0.0193910 secs] [Times: user=0.31 sys=0.00, real=0.01 secs] 
: 440879K->48960K(440896K), 0.0188550 secs] 4134738K->3806451K(12533952K), 0.0190480 secs] [Times: user=0.23 sys=0.00, real=0.02 secs] 
: 440896K->48960K(440896K), 0.0208810 secs] 4198387K->3870441K(12533952K), 0.0211410 secs] [Times: user=0.32 sys=0.00, real=0.03 secs] 
: 440745K->48960K(440896K), 0.0222400 secs] 4262226K->3931661K(12533952K), 0.0224710 secs] [Times: user=0.23 sys=0.00, real=0.02 secs] 
: 440764K->48960K(440896K), 0.0244630 secs] 4323466K->3997582K(12533952K), 0.0246830 secs] [Times: user=0.29 sys=0.01, real=0.03 secs] 
: 440896K->48960K(440896K), 0.0227100 secs] 4389518K->4061353K(12533952K), 0.0228620 secs] [Times: user=0.28 sys=0.00, real=0.02 secs] 
: 440852K->48960K(440896K), 0.0210810 secs] 4453245K->4122375K(12533952K), 0.0214450 secs] [Times: user=0.31 sys=0.01, real=0.02 secs] 
: 440870K->48960K(440896K), 0.0206170 secs] 4514286K->4186167K(12533952K), 0.0624880 secs] [Times: user=0.32 sys=0.00, real=0.06 secs] 
: 440896K->48960K(440896K), 0.0198260 secs] 4578103K->4257587K(12533952K), 0.0199950 secs] [Times: user=0.32 sys=0.00, real=0.02 secs] 
: 440812K->48960K(440896K), 0.0244750 secs] 4649439K->4323338K(12533952K), 0.0246880 secs] [Times: user=0.32 sys=0.00, real=0.02 secs] 
: 440896K->48960K(440896K), 0.0183170 secs] 4715274K->4380573K(12533952K), 0.0184880 secs] [Times: user=0.29 sys=0.00, real=0.02 secs] 
: 440860K->48960K(440896K), 0.0207750 secs] 4772474K->4444992K(12533952K), 0.0211030 secs] [Times: user=0.31 sys=0.00, real=0.02 secs] 
: 440896K->48960K(440896K), 0.0201370 secs] 4836928K->4509983K(12533952K), 0.0203150 secs] [Times: user=0.32 sys=0.01, real=0.02 secs] 
: 440682K->48960K(440896K), 0.0172060 secs] 4901706K->4573243K(12533952K), 0.0173830 secs] [Times: user=0.27 sys=0.00, real=0.02 secs] 
: 440854K->48960K(440896K), 0.0214170 secs] 4965138K->4633107K(12533952K), 0.0215850 secs] [Times: user=0.31 sys=0.01, real=0.02 secs] 
: 440671K->48960K(440896K), 0.0223160 secs] 5024819K->4699481K(12533952K), 0.0225240 secs] [Times: user=0.25 sys=0.00, real=0.03 secs] 
: 440778K->48960K(440896K), 0.0205190 secs] 5091299K->4767135K(12533952K), 0.0207450 secs] [Times: user=0.28 sys=0.00, real=0.02 secs] 
: 440896K->48960K(440896K), 0.0188620 secs] 5159071K->4825522K(12533952K), 0.0190890 secs] [Times: user=0.28 sys=0.00, real=0.02 secs] 
: 440805K->48960K(440896K), 0.0241940 secs] 5217368K->4888973K(12533952K), 0.0244220 secs] [Times: user=0.29 sys=0.00, real=0.03 secs] 
: 440761K->48960K(440896K), 0.0320670 secs] 5280775K->4950273K(12533952K), 0.0322870 secs] [Times: user=0.32 sys=0.01, real=0.03 secs] 
: 440646K->48960K(440896K), 0.0203110 secs] 5341960K->5019039K(12533952K), 0.0205340 secs] [Times: user=0.30 sys=0.00, real=0.02 secs] 
: 440869K->48960K(440896K), 0.0217420 secs] 5410948K->5083018K(12533952K), 0.0219450 secs] [Times: user=0.31 sys=0.00, real=0.02 secs] 
: 440674K->48960K(440896K), 0.0174130 secs] 5474732K->5145415K(12533952K), 0.0175670 secs] [Times: user=0.27 sys=0.00, real=0.01 secs] 
: 440896K->48960K(440896K), 0.0220160 secs] 5537351K->5213225K(12533952K), 0.0222220 secs] [Times: user=0.34 sys=0.00, real=0.02 secs] 
: 440737K->48960K(440896K), 0.0199530 secs] 5605003K->5282980K(12533952K), 0.0201160 secs] [Times: user=0.32 sys=0.00, real=0.02 secs] 
: 440711K->48960K(440896K), 0.0196820 secs] 5674732K->5343503K(12533952K), 0.0198850 secs] [Times: user=0.28 sys=0.00, real=0.02 secs] 
: 440896K->48960K(440896K), 0.0190370 secs] 5735439K->5406839K(12533952K), 0.0192610 secs] [Times: user=0.26 sys=0.00, real=0.02 secs] 
: 440643K->48960K(440896K), 0.0215810 secs] 5798523K->5470380K(12533952K), 0.0217710 secs] [Times: user=0.32 sys=0.00, real=0.02 secs] 
: 440856K->48960K(440896K), 0.0215830 secs] 5862277K->5534241K(12533952K), 0.0220970 secs] [Times: user=0.31 sys=0.00, real=0.02 secs] 
: 440641K->48960K(440896K), 0.0224560 secs] 5925922K->5595090K(12533952K), 0.0226580 secs] [Times: user=0.25 sys=0.00, real=0.03 secs] 
: 440850K->48960K(440896K), 0.0240170 secs] 5986980K->5659751K(12533952K), 0.0241670 secs] [Times: user=0.26 sys=0.01, real=0.02 secs] 
: 440839K->48960K(440896K), 0.0263640 secs] 6051631K->5726785K(12533952K), 0.0265640 secs] [Times: user=0.30 sys=0.00, real=0.03 secs] 
: 440896K->48960K(440896K), 0.0172010 secs] 6118721K->5792341K(12533952K), 0.0174670 secs] [Times: user=0.29 sys=0.01, real=0.01 secs] 
: 440842K->48960K(440896K), 0.0201930 secs] 6184224K->5852025K(12533952K), 0.0203900 secs] [Times: user=0.29 sys=0.00, real=0.02 secs] 
: 440683K->48960K(440896K), 0.0196180 secs] 6243749K->5918702K(12533952K), 0.0200460 secs] [Times: user=0.29 sys=0.01, real=0.02 secs] 
: 440808K->48960K(440896K), 0.0248310 secs] 6310550K->5984744K(12533952K), 0.0251800 secs] [Times: user=0.33 sys=0.01, real=0.03 secs] 
: 440644K->48960K(440896K), 0.0184290 secs] 6376428K->6049151K(12533952K), 0.0186470 secs] [Times: user=0.27 sys=0.00, real=0.02 secs] 
: 440896K->48960K(440896K), 0.0176070 secs] 6441087K->6109337K(12533952K), 0.0177920 secs] [Times: user=0.26 sys=0.00, real=0.02 secs] 
: 440896K->48960K(440896K), 0.0209840 secs] 6501273K->6171961K(12533952K), 0.0211670 secs] [Times: user=0.32 sys=0.00, real=0.02 secs] 
: 440838K->48960K(440896K), 0.0188230 secs] 6563839K->6237749K(12533952K), 0.0189810 secs] [Times: user=0.26 sys=0.01, real=0.02 secs] 
: 440896K->48960K(440896K), 0.0242480 secs] 6629685K->6301783K(12533952K), 0.0244440 secs] [Times: user=0.33 sys=0.00, real=0.03 secs] 
: 440872K->48960K(440896K), 0.0207190 secs] 6693696K->6364525K(12533952K), 0.0209690 secs] [Times: user=0.24 sys=0.00, real=0.02 secs] 
: 440847K->48960K(440896K), 0.0212640 secs] 6756412K->6432986K(12533952K), 0.0214210 secs] [Times: user=0.35 sys=0.00, real=0.02 secs] 
: 440795K->48960K(440896K), 0.0208810 secs] 6824821K->6495426K(12533952K), 0.0210890 secs] [Times: user=0.32 sys=0.00, real=0.02 secs] 
: 440878K->48960K(440896K), 0.0239260 secs] 6887344K->6569546K(12533952K), 0.0241100 secs] [Times: user=0.40 sys=0.00, real=0.02 secs] 
: 440896K->48960K(440896K), 0.0242500 secs] 6961482K->6628318K(12533952K), 0.0244060 secs] [Times: user=0.38 sys=0.00, real=0.03 secs] 
: 440733K->48960K(440896K), 0.0229020 secs] 7020092K->6686261K(12533952K), 0.0231040 secs] [Times: user=0.38 sys=0.00, real=0.02 secs] 
: 440664K->48960K(440896K), 0.0215500 secs] 7077965K->6749020K(12533952K), 0.0217660 secs] [Times: user=0.31 sys=0.00, real=0.02 secs] 
: 440896K->48960K(440896K), 0.0177900 secs] 7140956K->6809362K(12533952K), 0.0179850 secs] [Times: user=0.27 sys=0.01, real=0.02 secs] 
: 440645K->48960K(440896K), 0.0192490 secs] 7201047K->6883769K(12533952K), 0.0194050 secs] [Times: user=0.29 sys=0.01, real=0.02 secs] 
: 440647K->48960K(440896K), 0.0217640 secs] 7275457K->6938887K(12533952K), 0.0219230 secs] [Times: user=0.31 sys=0.00, real=0.02 secs] 
: 440888K->48960K(440896K), 0.0204890 secs] 7330815K->7001070K(12533952K), 0.0206510 secs] [Times: user=0.34 sys=0.00, real=0.02 secs] 
: 440820K->48960K(440896K), 0.0215770 secs] 7392930K->7064243K(12533952K), 0.0217390 secs] [Times: user=0.30 sys=0.01, real=0.02 secs] 
: 440896K->48960K(440896K), 0.0177460 secs] 7456179K->7124228K(12533952K), 0.0178930 secs] [Times: user=0.28 sys=0.00, real=0.02 secs] 
: 440691K->48960K(440896K), 0.0205890 secs] 7515959K->7190038K(12533952K), 0.0208270 secs] [Times: user=0.31 sys=0.00, real=0.02 secs] 
: 440896K->48960K(440896K), 0.0229610 secs] 7581974K->7254033K(12533952K), 0.0231730 secs] [Times: user=0.32 sys=0.00, real=0.02 secs] 
: 440883K->48960K(440896K), 0.0205790 secs] 7645957K->7313129K(12533952K), 0.0207760 secs] [Times: user=0.27 sys=0.00, real=0.02 secs] 
: 440653K->48960K(440896K), 0.0205140 secs] 7704823K->7379474K(12533952K), 0.0207030 secs] [Times: user=0.28 sys=0.00, real=0.03 secs] 
: 440797K->48960K(440896K), 0.0224210 secs] 7771312K->7446480K(12533952K), 0.0226290 secs] [Times: user=0.34 sys=0.00, real=0.02 secs] 
: 440827K->48960K(440896K), 0.0232420 secs] 7838348K->7510570K(12533952K), 0.0234480 secs] [Times: user=0.33 sys=0.00, real=0.02 secs] 
: 440648K->48960K(440896K), 0.0205940 secs] 7902259K->7575474K(12533952K), 0.0207500 secs] [Times: user=0.32 sys=0.00, real=0.02 secs] 
: 440748K->48960K(440896K), 0.0229710 secs] 7967263K->7642225K(12533952K), 0.0231940 secs] [Times: user=0.36 sys=0.01, real=0.03 secs] 
: 440896K->48960K(440896K), 0.0191910 secs] 8034161K->7702394K(12533952K), 0.0194080 secs] [Times: user=0.27 sys=0.00, real=0.02 secs] 
: 440863K->48960K(440896K), 0.0230850 secs] 8094297K->7768494K(12533952K), 0.0232870 secs] [Times: user=0.32 sys=0.00, real=0.03 secs] 
: 440811K->48960K(440896K), 0.0224560 secs] 8160345K->7834033K(12533952K), 0.0226670 secs] [Times: user=0.34 sys=0.00, real=0.02 secs] 
: 440720K->48960K(440896K), 0.0209930 secs] 8225794K->7899385K(12533952K), 0.0211820 secs] [Times: user=0.31 sys=0.00, real=0.02 secs] 
: 440695K->48960K(440896K), 0.0193210 secs] 8291121K->7964891K(12533952K), 0.0195180 secs] [Times: user=0.27 sys=0.00, real=0.02 secs] 
: 440896K->48960K(440896K), 0.0193120 secs] 8356827K->8030841K(12533952K), 0.0194820 secs] [Times: user=0.29 sys=0.00, real=0.02 secs] 
: 440687K->48960K(440896K), 0.0192850 secs] 8422569K->8095076K(12533952K), 0.0198730 secs] [Times: user=0.26 sys=0.01, real=0.02 secs] 
: 440810K->48960K(440896K), 0.0206180 secs] 8486927K->8163099K(12533952K), 0.0208050 secs] [Times: user=0.29 sys=0.00, real=0.02 secs] 
: 440896K->48960K(440896K), 0.0186370 secs] 8555035K->8224272K(12533952K), 0.0187860 secs] [Times: user=0.27 sys=0.00, real=0.01 secs] 
: 440751K->48960K(440896K), 0.0222490 secs] 8616064K->8291418K(12533952K), 0.0224450 secs] [Times: user=0.27 sys=0.00, real=0.02 secs] 
: 440811K->48960K(440896K), 0.0205690 secs] 8683270K->8357857K(12533952K), 0.0207850 secs] [Times: user=0.27 sys=0.00, real=0.02 secs] 
: 440896K->48960K(440896K), 0.0212350 secs] 8749793K->8420735K(12533952K), 0.0214400 secs] [Times: user=0.34 sys=0.00, real=0.02 secs] 
: 440896K->48960K(440896K), 0.0205900 secs] 8812671K->8485146K(12533952K), 0.0207940 secs] [Times: user=0.26 sys=0.00, real=0.02 secs] 
: 440849K->48960K(440896K), 0.0206910 secs] 8877036K->8551881K(12533952K), 0.0209000 secs] [Times: user=0.34 sys=0.00, real=0.02 secs] 
2015-04-01T05:46:05.660-0700: 13188965.732: [GC [1 CMS-initial-mark: 8502921K(12093056K)] 8552279K(12533952K), 0.0035430 secs] [Times: user=0.00 sys=0.00, real=0.01 secs] 
2015-04-01T05:46:05.954-0700: 13188966.027: [CMS-concurrent-mark: 0.291/0.291 secs] [Times: user=1.77 sys=0.00, real=0.29 secs] 
2015-04-01T05:46:05.987-0700: 13188966.060: [CMS-concurrent-preclean: 0.033/0.033 secs] [Times: user=0.03 sys=0.01, real=0.03 secs] 
 CMS: abort preclean due to time 2015-04-01T05:46:11.008-0700: 13188971.080: [CMS-concurrent-abortable-preclean: 2.516/5.020 secs] [Times: user=2.99 sys=0.20, real=5.02 secs] 
2015-04-01T05:46:11.009-0700: 13188971.081: [GC[YG occupancy: 235721 K (440896 K)]13188971.081: [Rescan (parallel) , 0.0056670 secs]13188971.087: [weak refs processing, 0.0055680 secs] [1 CMS-remark: 8502921K(12093056K)] 8738642K(12533952K), 0.0116110 secs] [Times: user=0.09 sys=0.00, real=0.01 secs] 
2015-04-01T05:46:11.674-0700: 13188971.746: [CMS-concurrent-sweep: 0.653/0.653 secs] [Times: user=0.75 sys=0.04, real=0.66 secs] 
2015-04-01T05:46:11.702-0700: 13188971.774: [CMS-concurrent-reset: 0.028/0.028 secs] [Times: user=0.03 sys=0.00, real=0.02 secs] 
: 440896K->48960K(440896K), 0.0190600 secs] 3826779K->3501701K(12533952K), 0.0192570 secs] [Times: user=0.32 sys=0.01, real=0.02 secs] 
: 440828K->48960K(440896K), 0.0198750 secs] 3893569K->3569201K(12533952K), 0.0200730 secs] [Times: user=0.31 sys=0.00, real=0.02 secs] 
: 440658K->48960K(440896K), 0.0187980 secs] 3960899K->3624231K(12533952K), 0.0189600 secs] [Times: user=0.34 sys=0.00, real=0.02 secs] 
: 440793K->48960K(440896K), 0.0188630 secs] 4016065K->3691735K(12533952K), 0.0190680 secs] [Times: user=0.29 sys=0.00, real=0.02 secs] 
: 440792K->48960K(440896K), 0.0202010 secs] 4083567K->3752104K(12533952K), 0.0204050 secs] [Times: user=0.29 sys=0.01, real=0.02 secs] 
: 440688K->48960K(440896K), 0.0192180 secs] 4143833K->3817063K(12533952K), 0.0194170 secs] [Times: user=0.24 sys=0.00, real=0.02 secs] 
: 440896K->48960K(440896K), 0.0213440 secs] 4208999K->3880275K(12533952K), 0.0215470 secs] [Times: user=0.27 sys=0.01, real=0.02 secs] 
: 440837K->48959K(440896K), 0.0204820 secs] 4272152K->3946079K(12533952K), 0.0206420 secs] [Times: user=0.32 sys=0.00, real=0.03 secs] 
: 440694K->48960K(440896K), 0.0207190 secs] 4337813K->4010769K(12533952K), 0.0208780 secs] [Times: user=0.27 sys=0.01, real=0.02 secs] 
: 440827K->48960K(440896K), 0.0287770 secs] 4402637K->4071424K(12533952K), 0.0289860 secs] [Times: user=0.29 sys=0.01, real=0.03 secs] 
: 440896K->48960K(440896K), 0.0203280 secs] 4463360K->4134285K(12533952K), 0.0205700 secs] [Times: user=0.29 sys=0.00, real=0.02 secs] 
: 440889K->48960K(440896K), 0.0219140 secs] 4526214K->4200502K(12533952K), 0.0221300 secs] [Times: user=0.35 sys=0.00, real=0.02 secs] 
: 440893K->48960K(440896K), 0.0182280 secs] 4592436K->4263777K(12533952K), 0.0185010 secs] [Times: user=0.26 sys=0.01, real=0.02 secs] 
: 440893K->48960K(440896K), 0.0183190 secs] 4655711K->4331523K(12533952K), 0.0185370 secs] [Times: user=0.23 sys=0.01, real=0.02 secs] 
: 440664K->48960K(440896K), 0.0210180 secs] 4723227K->4397010K(12533952K), 0.0212400 secs] [Times: user=0.29 sys=0.00, real=0.02 secs] 
: 440680K->48960K(440896K), 0.0171330 secs] 4788731K->4468257K(12533952K), 0.0173240 secs] [Times: user=0.24 sys=0.01, real=0.01 secs] 
: 440896K->48960K(440896K), 0.0218890 secs] 4860193K->4528368K(12533952K), 0.0221480 secs] [Times: user=0.31 sys=0.01, real=0.02 secs] 
: 440896K->48960K(440896K), 0.0199040 secs] 4920304K->4597044K(12533952K), 0.0201400 secs] [Times: user=0.31 sys=0.01, real=0.02 secs] 
: 440848K->48960K(440896K), 0.0220360 secs] 4988932K->4660808K(12533952K), 0.0222710 secs] [Times: user=0.31 sys=0.01, real=0.03 secs] 
: 440849K->48960K(440896K), 0.0201710 secs] 5052697K->4719456K(12533952K), 0.0203930 secs] [Times: user=0.30 sys=0.00, real=0.02 secs] 
: 440871K->48960K(440896K), 0.0282440 secs] 5111367K->4779728K(12533952K), 0.0284710 secs] [Times: user=0.35 sys=0.01, real=0.03 secs] 
: 440879K->48960K(440896K), 0.0237220 secs] 5171648K->4845110K(12533952K), 0.0239600 secs] [Times: user=0.34 sys=0.01, real=0.03 secs] 
: 440704K->48960K(440896K), 0.0291580 secs] 5236854K->4910328K(12533952K), 0.0294070 secs] [Times: user=0.32 sys=0.00, real=0.03 secs] 
: 440775K->48960K(440896K), 0.0195950 secs] 5302144K->4976417K(12533952K), 0.0198030 secs] [Times: user=0.28 sys=0.00, real=0.02 secs] 
: 440896K->48960K(440896K), 0.0230540 secs] 5368353K->5039207K(12533952K), 0.0232970 secs] [Times: user=0.28 sys=0.00, real=0.02 secs] 
: 440781K->48960K(440896K), 0.0234840 secs] 5431028K->5100875K(12533952K), 0.0237100 secs] [Times: user=0.32 sys=0.00, real=0.03 secs] 
: 440896K->48960K(440896K), 0.0168800 secs] 5492811K->5166196K(12533952K), 0.0170190 secs] [Times: user=0.24 sys=0.00, real=0.02 secs] 
: 440683K->48960K(440896K), 0.0220040 secs] 5557920K->5229021K(12533952K), 0.0222490 secs] [Times: user=0.25 sys=0.00, real=0.02 secs] 
: 440701K->48960K(440896K), 0.0187060 secs] 5620763K->5279634K(12533952K), 0.0189730 secs] [Times: user=0.26 sys=0.00, real=0.02 secs] 
: 440733K->48960K(440896K), 0.0216860 secs] 5671407K->5334830K(12533952K), 0.0219290 secs] [Times: user=0.32 sys=0.00, real=0.02 secs] 
: 440896K->48960K(440896K), 0.0218280 secs] 5726766K->5405156K(12533952K), 0.0220480 secs] [Times: user=0.34 sys=0.00, real=0.02 secs] 
: 440699K->48960K(440896K), 0.0225600 secs] 5796896K->5464151K(12533952K), 0.0227610 secs] [Times: user=0.33 sys=0.00, real=0.02 secs] 
: 440736K->48960K(440896K), 0.0216840 secs] 5855927K->5528574K(12533952K), 0.0219140 secs] [Times: user=0.30 sys=0.00, real=0.02 secs] 
: 440874K->48960K(440896K), 0.0189340 secs] 5920489K->5588887K(12533952K), 0.0191710 secs] [Times: user=0.25 sys=0.01, real=0.02 secs] 
: 440896K->48960K(440896K), 0.0211840 secs] 5980823K->5658092K(12533952K), 0.0214230 secs] [Times: user=0.31 sys=0.00, real=0.02 secs] 
: 440896K->48960K(440896K), 0.0242990 secs] 6050028K->5719224K(12533952K), 0.0245220 secs] [Times: user=0.28 sys=0.00, real=0.02 secs] 
: 440896K->48960K(440896K), 0.0231640 secs] 6111160K->5782173K(12533952K), 0.0233890 secs] [Times: user=0.29 sys=0.01, real=0.02 secs] 
: 440804K->48960K(440896K), 0.0199090 secs] 6174017K->5846643K(12533952K), 0.0201310 secs] [Times: user=0.27 sys=0.01, real=0.02 secs] 
: 440896K->48960K(440896K), 0.0242080 secs] 6238579K->5914741K(12533952K), 0.0244660 secs] [Times: user=0.32 sys=0.01, real=0.02 secs] 
: 440896K->48960K(440896K), 0.0206320 secs] 6306677K->5978618K(12533952K), 0.0208620 secs] [Times: user=0.31 sys=0.00, real=0.02 secs] 
: 440841K->48960K(440896K), 0.0195680 secs] 6370499K->6039295K(12533952K), 0.0197930 secs] [Times: user=0.29 sys=0.00, real=0.02 secs] 
: 440670K->48960K(440896K), 0.0194590 secs] 6431006K->6107275K(12533952K), 0.0196760 secs] [Times: user=0.29 sys=0.00, real=0.02 secs] 
: 440896K->48960K(440896K), 0.0229980 secs] 6499211K->6165019K(12533952K), 0.0232230 secs] [Times: user=0.31 sys=0.00, real=0.02 secs] 
: 440809K->48960K(440896K), 0.0204270 secs] 6556868K->6230409K(12533952K), 0.0206470 secs] [Times: user=0.31 sys=0.00, real=0.02 secs] 
: 440896K->48960K(440896K), 0.0205910 secs] 6622345K->6294766K(12533952K), 0.0210990 secs] [Times: user=0.33 sys=0.00, real=0.02 secs] 
: 440792K->48960K(440896K), 0.0242690 secs] 6686598K->6362783K(12533952K), 0.0244990 secs] [Times: user=0.34 sys=0.01, real=0.02 secs] 
: 440752K->48960K(440896K), 0.0208980 secs] 6754576K->6420365K(12533952K), 0.0211190 secs] [Times: user=0.34 sys=0.00, real=0.02 secs] 
: 440896K->48960K(440896K), 0.0217420 secs] 6812301K->6490802K(12533952K), 0.0219670 secs] [Times: user=0.35 sys=0.00, real=0.02 secs] 
: 440836K->48960K(440896K), 0.0238960 secs] 6882678K->6549611K(12533952K), 0.0241500 secs] [Times: user=0.35 sys=0.00, real=0.03 secs] 
: 440660K->48960K(440896K), 0.0210000 secs] 6941312K->6614717K(12533952K), 0.0212540 secs] [Times: user=0.35 sys=0.00, real=0.02 secs] 
: 440862K->48960K(440896K), 0.0207650 secs] 7006619K->6686230K(12533952K), 0.0209920 secs] [Times: user=0.29 sys=0.00, real=0.02 secs] 
: 440753K->48960K(440896K), 0.0186200 secs] 7078024K->6752307K(12533952K), 0.0188590 secs] [Times: user=0.29 sys=0.00, real=0.02 secs] 
: 440896K->48960K(440896K), 0.0183530 secs] 7144243K->6804357K(12533952K), 0.0185170 secs] [Times: user=0.30 sys=0.00, real=0.02 secs] 
: 440896K->48960K(440896K), 0.0217210 secs] 7196293K->6874794K(12533952K), 0.0219430 secs] [Times: user=0.33 sys=0.00, real=0.02 secs] 
: 440868K->48960K(440896K), 0.0200410 secs] 7266702K->6939196K(12533952K), 0.0202620 secs] [Times: user=0.24 sys=0.00, real=0.02 secs] 
: 440896K->48960K(440896K), 0.0217730 secs] 7331132K->7002994K(12533952K), 0.0220030 secs] [Times: user=0.31 sys=0.00, real=0.02 secs] 
: 440710K->48960K(440896K), 0.0174900 secs] 7394744K->7067398K(12533952K), 0.0177100 secs] [Times: user=0.25 sys=0.00, real=0.01 secs] 
: 440806K->48960K(440896K), 0.0178230 secs] 7459244K->7133933K(12533952K), 0.0180350 secs] [Times: user=0.26 sys=0.00, real=0.02 secs] 
: 440642K->48960K(440896K), 0.0209250 secs] 7525615K->7205924K(12533952K), 0.0211630 secs] [Times: user=0.28 sys=0.00, real=0.02 secs] 
: 440754K->48960K(440896K), 0.0186870 secs] 7597718K->7277386K(12533952K), 0.0188810 secs] [Times: user=0.23 sys=0.00, real=0.02 secs] 
: 440815K->48960K(440896K), 0.0195350 secs] 7669241K->7348101K(12533952K), 0.0196630 secs] [Times: user=0.22 sys=0.01, real=0.02 secs] 
: 440896K->48960K(440896K), 0.0226510 secs] 7740037K->7420056K(12533952K), 0.0228700 secs] [Times: user=0.24 sys=0.00, real=0.02 secs] 
: 440660K->48960K(440896K), 0.0197480 secs] 7811756K->7490846K(12533952K), 0.0199860 secs] [Times: user=0.29 sys=0.00, real=0.02 secs] 
: 440723K->48960K(440896K), 0.0183230 secs] 7882609K->7563356K(12533952K), 0.0184720 secs] [Times: user=0.23 sys=0.00, real=0.02 secs] 
: 440896K->48960K(440896K), 0.0185240 secs] 7955292K->7634009K(12533952K), 0.0186950 secs] [Times: user=0.27 sys=0.00, real=0.02 secs] 
: 440791K->48960K(440896K), 0.0212260 secs] 8025840K->7706909K(12533952K), 0.0214500 secs] [Times: user=0.23 sys=0.00, real=0.03 secs] 
: 440866K->48960K(440896K), 0.0189190 secs] 8098815K->7778526K(12533952K), 0.0191820 secs] [Times: user=0.27 sys=0.00, real=0.02 secs] 
: 440803K->48960K(440896K), 0.0197570 secs] 8170370K->7849114K(12533952K), 0.0199890 secs] [Times: user=0.27 sys=0.00, real=0.02 secs] 
: 440893K->48960K(440896K), 0.0194040 secs] 8241047K->7920411K(12533952K), 0.0196310 secs] [Times: user=0.26 sys=0.00, real=0.02 secs] 
: 440689K->48960K(440896K), 0.0192070 secs] 8312141K->7992748K(12533952K), 0.0194300 secs] [Times: user=0.24 sys=0.00, real=0.01 secs] 
: 440896K->48960K(440896K), 0.0192070 secs] 8384684K->8063829K(12533952K), 0.0193580 secs] [Times: user=0.24 sys=0.00, real=0.02 secs] 
: 440874K->48960K(440896K), 0.0193810 secs] 8455743K->8134480K(12533952K), 0.0196270 secs] [Times: user=0.23 sys=0.00, real=0.02 secs] 
: 440749K->48960K(440896K), 0.0197260 secs] 8526269K->8206811K(12533952K), 0.0199370 secs] [Times: user=0.26 sys=0.00, real=0.02 secs] 
: 440866K->48960K(440896K), 0.0196060 secs] 8598718K->8277799K(12533952K), 0.0197960 secs] [Times: user=0.23 sys=0.00, real=0.02 secs] 
: 440773K->48960K(440896K), 0.0199610 secs] 8669613K->8349501K(12533952K), 0.0201770 secs] [Times: user=0.23 sys=0.01, real=0.02 secs] 
: 440664K->48960K(440896K), 0.0192800 secs] 8741205K->8419568K(12533952K), 0.0195060 secs] [Times: user=0.23 sys=0.00, real=0.02 secs] 
: 440842K->48960K(440896K), 0.0181480 secs] 8811451K->8493621K(12533952K), 0.0183690 secs] [Times: user=0.23 sys=0.01, real=0.02 secs] 
: 440896K->48960K(440896K), 0.0215900 secs] 8885557K->8564885K(12533952K), 0.0217930 secs] [Times: user=0.33 sys=0.00, real=0.02 secs] 
2015-04-01T06:00:38.109-0700: 13189838.182: [GC [1 CMS-initial-mark: 8515925K(12093056K)] 8565017K(12533952K), 0.0050130 secs] [Times: user=0.00 sys=0.00, real=0.01 secs] 
2015-04-01T06:00:38.387-0700: 13189838.460: [CMS-concurrent-mark: 0.272/0.272 secs] [Times: user=1.71 sys=0.02, real=0.27 secs] 
2015-04-01T06:00:38.424-0700: 13189838.496: [CMS-concurrent-preclean: 0.036/0.036 secs] [Times: user=0.04 sys=0.00, real=0.03 secs] 
: 440896K->48960K(440896K), 0.0179300 secs] 8956821K->8634612K(12533952K), 0.0181200 secs] [Times: user=0.22 sys=0.00, real=0.02 secs] 
2015-04-01T06:00:40.147-0700: 13189840.220: [CMS-concurrent-abortable-preclean: 1.251/1.723 secs] [Times: user=2.28 sys=0.60, real=1.73 secs] 
2015-04-01T06:00:40.148-0700: 13189840.221: [GC[YG occupancy: 262158 K (440896 K)]13189840.221: [Rescan (parallel) , 0.0064190 secs]13189840.228: [weak refs processing, 0.0046760 secs] [1 CMS-remark: 8585652K(12093056K)] 8847811K(12533952K), 0.0115220 secs] [Times: user=0.09 sys=0.00, real=0.01 secs] 
2015-04-01T06:00:40.957-0700: 13189841.030: [CMS-concurrent-sweep: 0.797/0.797 secs] [Times: user=1.00 sys=0.09, real=0.80 secs] 
2015-04-01T06:00:40.992-0700: 13189841.065: [CMS-concurrent-reset: 0.035/0.035 secs] [Times: user=0.04 sys=0.00, real=0.03 secs] 
: 440681K->48960K(440896K), 0.0167280 secs] 3907643K->3588210K(12533952K), 0.0169440 secs] [Times: user=0.28 sys=0.00, real=0.02 secs] 
: 440722K->48960K(440896K), 0.0179940 secs] 3979972K->3660144K(12533952K), 0.0181670 secs] [Times: user=0.30 sys=0.01, real=0.02 secs] 
: 440681K->48960K(440896K), 0.0157080 secs] 4051866K->3732052K(12533952K), 0.0159460 secs] [Times: user=0.23 sys=0.00, real=0.02 secs] 
: 440863K->48960K(440896K), 0.0172080 secs] 4123955K->3800136K(12533952K), 0.0174230 secs] [Times: user=0.22 sys=0.00, real=0.02 secs] 
: 440888K->48960K(440896K), 0.0169290 secs] 4192064K->3872598K(12533952K), 0.0171090 secs] [Times: user=0.21 sys=0.01, real=0.02 secs] 
: 440896K->48960K(440896K), 0.0161970 secs] 4264534K->3943728K(12533952K), 0.0164330 secs] [Times: user=0.22 sys=0.00, real=0.02 secs] 
: 440720K->48960K(440896K), 0.0189590 secs] 4335488K->4012022K(12533952K), 0.0191790 secs] [Times: user=0.22 sys=0.00, real=0.02 secs] 
: 440886K->48960K(440896K), 0.0195700 secs] 4403949K->4082509K(12533952K), 0.0198330 secs] [Times: user=0.21 sys=0.00, real=0.02 secs] 
: 440896K->48960K(440896K), 0.0305350 secs] 4474445K->4154182K(12533952K), 0.0307510 secs] [Times: user=0.25 sys=0.00, real=0.03 secs] 
: 440739K->48960K(440896K), 0.0188150 secs] 4545962K->4226711K(12533952K), 0.0190410 secs] [Times: user=0.26 sys=0.01, real=0.01 secs] 
: 440896K->48960K(440896K), 0.0167420 secs] 4618647K->4297952K(12533952K), 0.0169160 secs] [Times: user=0.25 sys=0.00, real=0.01 secs] 
: 440817K->48960K(440896K), 0.0165760 secs] 4689810K->4363861K(12533952K), 0.0167670 secs] [Times: user=0.22 sys=0.00, real=0.02 secs] 
: 440697K->48960K(440896K), 0.0201650 secs] 4755599K->4435861K(12533952K), 0.0204020 secs] [Times: user=0.22 sys=0.01, real=0.02 secs] 
: 440374K->48960K(440896K), 0.0224170 secs] 4827276K->4501199K(12533952K), 0.0226500 secs] [Times: user=0.32 sys=0.01, real=0.02 secs] 
: 440746K->48960K(440896K), 0.0181840 secs] 4892985K->4565154K(12533952K), 0.0183830 secs] [Times: user=0.25 sys=0.00, real=0.02 secs] 
: 440676K->48960K(440896K), 0.0196100 secs] 4956871K->4628637K(12533952K), 0.0197930 secs] [Times: user=0.30 sys=0.01, real=0.01 secs] 
: 440810K->48960K(440896K), 0.0204010 secs] 5020488K->4688562K(12533952K), 0.0205480 secs] [Times: user=0.33 sys=0.00, real=0.02 secs] 
: 440896K->48960K(440896K), 0.0197130 secs] 5080498K->4750618K(12533952K), 0.0199320 secs] [Times: user=0.29 sys=0.00, real=0.02 secs] 
: 440720K->48960K(440896K), 0.0226810 secs] 5142378K->4818371K(12533952K), 0.0229010 secs] [Times: user=0.28 sys=0.00, real=0.02 secs] 
: 440853K->48960K(440896K), 0.0204980 secs] 5210265K->4882284K(12533952K), 0.0206410 secs] [Times: user=0.25 sys=0.00, real=0.02 secs] 
: 440818K->48960K(440896K), 0.0256650 secs] 5274143K->4946299K(12533952K), 0.0259320 secs] [Times: user=0.32 sys=0.01, real=0.03 secs] 
: 440896K->44229K(440896K), 0.0239530 secs] 5338235K->4985387K(12533952K), 0.0241850 secs] [Times: user=0.23 sys=0.00, real=0.03 secs] 
: 436165K->23263K(440896K), 0.0127570 secs] 5377323K->4964421K(12533952K), 0.0128830 secs] [Times: user=0.24 sys=0.00, real=0.01 secs] 
: 415199K->19715K(440896K), 0.0134440 secs] 5356357K->4960873K(12533952K), 0.0136550 secs] [Times: user=0.25 sys=0.00, real=0.01 secs] 
: 411651K->18574K(440896K), 0.0131170 secs] 5352809K->4959732K(12533952K), 0.0133210 secs] [Times: user=0.24 sys=0.00, real=0.01 secs] 
: 410510K->5081K(440896K), 0.0108290 secs] 5351668K->4958571K(12533952K), 0.0110280 secs] [Times: user=0.15 sys=0.01, real=0.01 secs] 
: 397017K->4470K(440896K), 0.0113550 secs] 5350507K->4958918K(12533952K), 0.0115700 secs] [Times: user=0.21 sys=0.00, real=0.02 secs] 
: 396406K->3856K(440896K), 0.0105950 secs] 5350854K->4958915K(12533952K), 0.0108100 secs] [Times: user=0.18 sys=0.00, real=0.01 secs] 
: 395792K->3943K(440896K), 0.0103010 secs] 5350851K->4959492K(12533952K), 0.0105000 secs] [Times: user=0.18 sys=0.00, real=0.01 secs] 
: 395812K->3291K(440896K), 0.0129640 secs] 5351362K->4959465K(12533952K), 0.0131060 secs] [Times: user=0.24 sys=0.00, real=0.02 secs] 
: 395227K->3622K(440896K), 0.0089740 secs] 5351401K->4960485K(12533952K), 0.0092230 secs] [Times: user=0.16 sys=0.00, real=0.01 secs] 
: 395558K->3724K(440896K), 0.0106260 secs] 5352421K->4960656K(12533952K), 0.0108050 secs] [Times: user=0.20 sys=0.00, real=0.02 secs] 
: 395660K->3529K(440896K), 0.0141670 secs] 5352592K->4960916K(12533952K), 0.0143410 secs] [Times: user=0.22 sys=0.00, real=0.02 secs] 
: 395465K->3480K(440896K), 0.0101920 secs] 5352852K->4960935K(12533952K), 0.0103700 secs] [Times: user=0.17 sys=0.00, real=0.01 secs] 
: 395416K->3403K(440896K), 0.0112600 secs] 5352871K->4961683K(12533952K), 0.0114530 secs] [Times: user=0.21 sys=0.00, real=0.01 secs] 
: 395339K->3256K(440896K), 0.0112160 secs] 5353619K->4961608K(12533952K), 0.0114040 secs] [Times: user=0.20 sys=0.00, real=0.02 secs] 
: 395192K->3487K(440896K), 0.0091250 secs] 5353544K->4962179K(12533952K), 0.0093480 secs] [Times: user=0.16 sys=0.00, real=0.01 secs] 
: 395423K->2895K(440896K), 0.0089220 secs] 5354115K->4962066K(12533952K), 0.0091540 secs] [Times: user=0.15 sys=0.01, real=0.01 secs] 
: 394831K->3104K(440896K), 0.0082660 secs] 5354002K->4962667K(12533952K), 0.0084470 secs] [Times: user=0.15 sys=0.00, real=0.01 secs] 
: 395040K->3237K(440896K), 0.0094050 secs] 5354603K->4962802K(12533952K), 0.0095610 secs] [Times: user=0.17 sys=0.00, real=0.01 secs] 
: 395173K->2741K(440896K), 0.0085400 secs] 5354738K->4963016K(12533952K), 0.0086980 secs] [Times: user=0.15 sys=0.01, real=0.00 secs] 
: 394677K->3032K(440896K), 0.0085530 secs] 5354952K->4963439K(12533952K), 0.0087310 secs] [Times: user=0.15 sys=0.00, real=0.01 secs] 
: 394968K->4268K(440896K), 0.0090270 secs] 5355375K->4965192K(12533952K), 0.0092690 secs] [Times: user=0.17 sys=0.00, real=0.01 secs] 
: 396204K->5739K(440896K), 0.0088200 secs] 5357128K->4966925K(12533952K), 0.0090720 secs] [Times: user=0.17 sys=0.00, real=0.01 secs] 
: 397675K->6717K(440896K), 0.0097030 secs] 5358861K->4968041K(12533952K), 0.0099160 secs] [Times: user=0.17 sys=0.00, real=0.01 secs] 
: 398653K->7118K(440896K), 0.0089760 secs] 5359977K->4968842K(12533952K), 0.0091780 secs] [Times: user=0.16 sys=0.00, real=0.01 secs] 
: 399054K->6407K(440896K), 0.0122320 secs] 5360778K->4970266K(12533952K), 0.0124580 secs] [Times: user=0.23 sys=0.00, real=0.01 secs] 
: 398343K->6383K(440896K), 0.0155800 secs] 5362202K->4971407K(12533952K), 0.0157370 secs] [Times: user=0.28 sys=0.00, real=0.01 secs] 
: 398319K->6683K(440896K), 0.0094640 secs] 5363343K->4972817K(12533952K), 0.0096780 secs] [Times: user=0.17 sys=0.00, real=0.01 secs] 
: 398619K->6974K(440896K), 0.0090180 secs] 5364753K->4973824K(12533952K), 0.0092000 secs] [Times: user=0.17 sys=0.00, real=0.01 secs] 
: 398910K->6383K(440896K), 0.0098420 secs] 5365760K->4974591K(12533952K), 0.0100650 secs] [Times: user=0.16 sys=0.00, real=0.01 secs] 
: 398319K->6512K(440896K), 0.0093060 secs] 5366527K->4975883K(12533952K), 0.0095090 secs] [Times: user=0.17 sys=0.00, real=0.01 secs] 
: 398448K->5898K(440896K), 0.0092690 secs] 5367819K->4976886K(12533952K), 0.0095170 secs] [Times: user=0.16 sys=0.00, real=0.01 secs] 
: 397834K->6368K(440896K), 0.0087550 secs] 5368822K->4978265K(12533952K), 0.0089610 secs] [Times: user=0.15 sys=0.00, real=0.01 secs] 
: 398304K->6244K(440896K), 0.0105660 secs] 5370201K->4979047K(12533952K), 0.0107450 secs] [Times: user=0.19 sys=0.00, real=0.01 secs] 
: 398180K->6940K(440896K), 0.0099320 secs] 5370983K->4981035K(12533952K), 0.0101520 secs] [Times: user=0.16 sys=0.01, real=0.01 secs] 
: 398876K->7070K(440896K), 0.0092230 secs] 5372971K->4982178K(12533952K), 0.0094200 secs] [Times: user=0.17 sys=0.00, real=0.01 secs] 
: 399006K->6431K(440896K), 0.0090330 secs] 5374114K->4982787K(12533952K), 0.0093720 secs] [Times: user=0.15 sys=0.00, real=0.01 secs] 
: 398367K->6165K(440896K), 0.0095450 secs] 5374723K->4983552K(12533952K), 0.0097600 secs] [Times: user=0.16 sys=0.01, real=0.01 secs] 
: 398101K->6206K(440896K), 0.0089220 secs] 5375488K->4985353K(12533952K), 0.0096930 secs] [Times: user=0.17 sys=0.00, real=0.01 secs] 
: 398142K->7042K(440896K), 0.0090500 secs] 5377289K->4987223K(12533952K), 0.0092390 secs] [Times: user=0.15 sys=0.00, real=0.01 secs] 
: 398947K->8180K(440896K), 0.0086300 secs] 5379128K->4989263K(12533952K), 0.0088840 secs] [Times: user=0.15 sys=0.00, real=0.01 secs] 
: 400116K->9925K(440896K), 0.0100440 secs] 5381199K->4991789K(12533952K), 0.0102320 secs] [Times: user=0.18 sys=0.00, real=0.01 secs] 
: 401861K->11147K(440896K), 0.0118450 secs] 5383725K->4994499K(12533952K), 0.0120580 secs] [Times: user=0.22 sys=0.00, real=0.01 secs] 
: 403083K->12594K(440896K), 0.0110460 secs] 5386435K->4998010K(12533952K), 0.0112360 secs] [Times: user=0.21 sys=0.00, real=0.01 secs] 
: 404530K->13583K(440896K), 0.0101350 secs] 5389946K->5000937K(12533952K), 0.0103410 secs] [Times: user=0.20 sys=0.00, real=0.02 secs] 
: 405519K->13711K(440896K), 0.0114690 secs] 5392873K->5003453K(12533952K), 0.0118090 secs] [Times: user=0.22 sys=0.00, real=0.01 secs] 
: 405647K->13169K(440896K), 0.0096820 secs] 5395389K->5005748K(12533952K), 0.0100340 secs] [Times: user=0.17 sys=0.00, real=0.01 secs] 
: 405091K->11241K(440896K), 0.0110290 secs] 5397670K->5007430K(12533952K), 0.0112700 secs] [Times: user=0.18 sys=0.00, real=0.01 secs] 
: 403177K->11016K(440896K), 0.0099200 secs] 5399366K->5009972K(12533952K), 0.0101330 secs] [Times: user=0.16 sys=0.01, real=0.02 secs] 
: 402952K->11625K(440896K), 0.0106250 secs] 5401908K->5013100K(12533952K), 0.0107590 secs] [Times: user=0.19 sys=0.00, real=0.01 secs] 
: 403561K->11338K(440896K), 0.0122160 secs] 5405036K->5015139K(12533952K), 0.0124340 secs] [Times: user=0.21 sys=0.00, real=0.01 secs] 
: 403274K->11614K(440896K), 0.0092560 secs] 5407075K->5016897K(12533952K), 0.0094670 secs] [Times: user=0.17 sys=0.00, real=0.01 secs] 
: 403550K->10866K(440896K), 0.0108710 secs] 5408833K->5018791K(12533952K), 0.0110190 secs] [Times: user=0.22 sys=0.00, real=0.01 secs] 
: 402802K->8630K(440896K), 0.0091830 secs] 5410727K->5019848K(12533952K), 0.0094010 secs] [Times: user=0.16 sys=0.00, real=0.01 secs] 
: 400566K->9002K(440896K), 0.0094830 secs] 5411784K->5022419K(12533952K), 0.0097610 secs] [Times: user=0.17 sys=0.00, real=0.01 secs] 
: 400938K->8908K(440896K), 0.0090300 secs] 5414355K->5023992K(12533952K), 0.0092440 secs] [Times: user=0.15 sys=0.00, real=0.01 secs] 
: 400844K->9386K(440896K), 0.0083980 secs] 5415928K->5026210K(12533952K), 0.0086320 secs] [Times: user=0.16 sys=0.00, real=0.01 secs] 
: 401322K->10194K(440896K), 0.0103620 secs] 5418146K->5028382K(12533952K), 0.0105760 secs] [Times: user=0.20 sys=0.00, real=0.01 secs] 
: 402130K->9777K(440896K), 0.0089520 secs] 5420318K->5030365K(12533952K), 0.0091940 secs] [Times: user=0.17 sys=0.00, real=0.01 secs] 
: 401713K->9670K(440896K), 0.0088570 secs] 5422301K->5031903K(12533952K), 0.0091020 secs] [Times: user=0.16 sys=0.00, real=0.01 secs] 
: 401606K->9560K(440896K), 0.0122230 secs] 5423839K->5033954K(12533952K), 0.0124370 secs] [Times: user=0.23 sys=0.00, real=0.01 secs] 
: 401496K->9310K(440896K), 0.0134460 secs] 5425890K->5035769K(12533952K), 0.0139180 secs] [Times: user=0.26 sys=0.00, real=0.01 secs] 
: 401246K->8964K(440896K), 0.0107300 secs] 5427705K->5037583K(12533952K), 0.0109520 secs] [Times: user=0.19 sys=0.01, real=0.01 secs] 
: 400900K->9674K(440896K), 0.0108190 secs] 5429519K->5039840K(12533952K), 0.0110800 secs] [Times: user=0.18 sys=0.00, real=0.01 secs] 
: 401610K->9924K(440896K), 0.0114920 secs] 5431776K->5041901K(12533952K), 0.0117560 secs] [Times: user=0.21 sys=0.00, real=0.01 secs] 
: 401860K->10087K(440896K), 0.0095700 secs] 5433837K->5044062K(12533952K), 0.0097870 secs] [Times: user=0.18 sys=0.00, real=0.01 secs] 
: 402023K->10152K(440896K), 0.0129310 secs] 5435998K->5045870K(12533952K), 0.0130940 secs] [Times: user=0.23 sys=0.00, real=0.01 secs] 
: 402088K->10220K(440896K), 0.0114030 secs] 5437806K->5048137K(12533952K), 0.0115460 secs] [Times: user=0.22 sys=0.00, real=0.01 secs] 
: 402156K->11075K(440896K), 0.0118960 secs] 5440073K->5051186K(12533952K), 0.0120770 secs] [Times: user=0.23 sys=0.00, real=0.01 secs] 
: 403011K->11563K(440896K), 0.0108930 secs] 5443122K->5053740K(12533952K), 0.0110840 secs] [Times: user=0.21 sys=0.00, real=0.01 secs] 
: 403451K->12163K(440896K), 0.0132230 secs] 5445627K->5056531K(12533952K), 0.0134390 secs] [Times: user=0.23 sys=0.00, real=0.01 secs] 
: 404099K->11438K(440896K), 0.0125550 secs] 5448467K->5058139K(12533952K), 0.0127620 secs] [Times: user=0.22 sys=0.00, real=0.01 secs] 
: 403374K->10865K(440896K), 0.0095530 secs] 5450075K->5060621K(12533952K), 0.0096810 secs] [Times: user=0.17 sys=0.00, real=0.01 secs] 
: 402801K->10078K(440896K), 0.0112330 secs] 5452557K->5062608K(12533952K), 0.0114290 secs] [Times: user=0.21 sys=0.00, real=0.01 secs] 
: 402014K->9219K(440896K), 0.0117330 secs] 5454544K->5064652K(12533952K), 0.0119480 secs] [Times: user=0.22 sys=0.00, real=0.01 secs] 
: 401155K->9993K(440896K), 0.0137170 secs] 5456588K->5067248K(12533952K), 0.0139100 secs] [Times: user=0.27 sys=0.00, real=0.01 secs] 
: 401929K->10649K(440896K), 0.0109040 secs] 5459184K->5070099K(12533952K), 0.0111020 secs] [Times: user=0.19 sys=0.00, real=0.01 secs] 
: 402585K->11572K(440896K), 0.0112220 secs] 5462035K->5072895K(12533952K), 0.0114090 secs] [Times: user=0.20 sys=0.00, real=0.01 secs] 
: 403508K->12451K(440896K), 0.0131320 secs] 5464831K->5076060K(12533952K), 0.0133290 secs] [Times: user=0.23 sys=0.00, real=0.01 secs] 
: 404387K->12698K(440896K), 0.0093130 secs] 5467996K->5078823K(12533952K), 0.0095320 secs] [Times: user=0.17 sys=0.00, real=0.01 secs] 
: 404634K->12656K(440896K), 0.0116830 secs] 5470759K->5081588K(12533952K), 0.0118700 secs] [Times: user=0.19 sys=0.00, real=0.01 secs] 
: 404592K->12286K(440896K), 0.0121250 secs] 5473524K->5083940K(12533952K), 0.0123380 secs] [Times: user=0.21 sys=0.00, real=0.01 secs] 
: 404222K->11084K(440896K), 0.0118500 secs] 5475876K->5085834K(12533952K), 0.0120130 secs] [Times: user=0.23 sys=0.00, real=0.01 secs] 
: 403020K->12108K(440896K), 0.0095820 secs] 5477770K->5089697K(12533952K), 0.0097870 secs] [Times: user=0.17 sys=0.00, real=0.01 secs] 
: 404026K->11729K(440896K), 0.0129880 secs] 5481614K->5092183K(12533952K), 0.0131720 secs] [Times: user=0.26 sys=0.00, real=0.01 secs] 
: 403665K->11160K(440896K), 0.0088370 secs] 5484119K->5094063K(12533952K), 0.0090440 secs] [Times: user=0.17 sys=0.00, real=0.01 secs] 
: 403096K->14160K(440896K), 0.0105930 secs] 5485999K->5098806K(12533952K), 0.0107190 secs] [Times: user=0.20 sys=0.00, real=0.01 secs] 
: 406096K->15027K(440896K), 0.0098380 secs] 5490742K->5103493K(12533952K), 0.0100260 secs] [Times: user=0.17 sys=0.01, real=0.01 secs] 
: 406963K->16128K(440896K), 0.0144820 secs] 5495429K->5107139K(12533952K), 0.0146910 secs] [Times: user=0.26 sys=0.00, real=0.01 secs] 
: 408064K->16848K(440896K), 0.0097020 secs] 5499075K->5109806K(12533952K), 0.0099080 secs] [Times: user=0.19 sys=0.00, real=0.01 secs] 
: 408784K->13572K(440896K), 0.0132950 secs] 5501742K->5111192K(12533952K), 0.0137200 secs] [Times: user=0.25 sys=0.00, real=0.02 secs] 
: 405434K->10034K(440896K), 0.0106040 secs] 5503054K->5112324K(12533952K), 0.0108090 secs] [Times: user=0.18 sys=0.01, real=0.01 secs] 
: 401970K->8555K(440896K), 0.0109400 secs] 5504260K->5114417K(12533952K), 0.0111810 secs] [Times: user=0.17 sys=0.00, real=0.01 secs] 
: 400491K->8132K(440896K), 0.0092040 secs] 5506353K->5116612K(12533952K), 0.0094000 secs] [Times: user=0.16 sys=0.00, real=0.01 secs] 
: 400068K->7878K(440896K), 0.0117100 secs] 5508548K->5117807K(12533952K), 0.0119060 secs] [Times: user=0.21 sys=0.01, real=0.01 secs] 
: 399814K->8210K(440896K), 0.0086020 secs] 5509743K->5119495K(12533952K), 0.0087860 secs] [Times: user=0.16 sys=0.00, real=0.01 secs] 
: 400146K->8226K(440896K), 0.0108260 secs] 5511431K->5121322K(12533952K), 0.0110240 secs] [Times: user=0.22 sys=0.00, real=0.01 secs] 
: 400162K->6901K(440896K), 0.0111740 secs] 5513258K->5122315K(12533952K), 0.0113560 secs] [Times: user=0.21 sys=0.00, real=0.01 secs] 
: 398837K->6723K(440896K), 0.0131140 secs] 5514251K->5123439K(12533952K), 0.0133020 secs] [Times: user=0.25 sys=0.00, real=0.02 secs] 
: 398659K->6726K(440896K), 0.0150750 secs] 5515375K->5125184K(12533952K), 0.0152850 secs] [Times: user=0.23 sys=0.00, real=0.02 secs] 
: 398662K->5521K(440896K), 0.0138050 secs] 5517120K->5125439K(12533952K), 0.0140370 secs] [Times: user=0.25 sys=0.00, real=0.01 secs] 
: 397457K->5317K(440896K), 0.0088660 secs] 5517375K->5126384K(12533952K), 0.0090800 secs] [Times: user=0.16 sys=0.00, real=0.01 secs] 
: 397253K->5688K(440896K), 0.0104090 secs] 5518320K->5127450K(12533952K), 0.0105910 secs] [Times: user=0.19 sys=0.00, real=0.01 secs] 
: 397624K->4688K(440896K), 0.0095000 secs] 5519386K->5128068K(12533952K), 0.0097090 secs] [Times: user=0.16 sys=0.00, real=0.01 secs] 
: 396624K->4926K(440896K), 0.0142360 secs] 5520004K->5129173K(12533952K), 0.0144730 secs] [Times: user=0.26 sys=0.00, real=0.02 secs] 
: 396785K->4875K(440896K), 0.0099580 secs] 5521033K->5130100K(12533952K), 0.0101970 secs] [Times: user=0.16 sys=0.00, real=0.01 secs] 
: 396811K->4636K(440896K), 0.0119440 secs] 5522036K->5130899K(12533952K), 0.0120940 secs] [Times: user=0.24 sys=0.00, real=0.01 secs] 
: 396572K->5692K(440896K), 0.0099560 secs] 5522835K->5132551K(12533952K), 0.0101350 secs] [Times: user=0.17 sys=0.00, real=0.01 secs] 
: 397628K->5423K(440896K), 0.0120120 secs] 5524487K->5133324K(12533952K), 0.0122500 secs] [Times: user=0.21 sys=0.00, real=0.01 secs] 
: 397359K->5900K(440896K), 0.0133350 secs] 5525260K->5134714K(12533952K), 0.0135390 secs] [Times: user=0.25 sys=0.00, real=0.02 secs] 
: 397836K->5874K(440896K), 0.0132520 secs] 5526650K->5135666K(12533952K), 0.0134160 secs] [Times: user=0.25 sys=0.01, real=0.02 secs] 
: 397810K->5128K(440896K), 0.0099320 secs] 5527602K->5136599K(12533952K), 0.0101650 secs] [Times: user=0.18 sys=0.00, real=0.01 secs] 
: 397064K->5688K(440896K), 0.0112170 secs] 5528535K->5137936K(12533952K), 0.0114140 secs] [Times: user=0.21 sys=0.00, real=0.01 secs] 
: 397624K->5212K(440896K), 0.0121830 secs] 5529872K->5138694K(12533952K), 0.0123600 secs] [Times: user=0.22 sys=0.00, real=0.02 secs] 
: 397148K->5223K(440896K), 0.0110890 secs] 5530630K->5139546K(12533952K), 0.0112630 secs] [Times: user=0.20 sys=0.00, real=0.01 secs] 
: 397159K->5586K(440896K), 0.0096910 secs] 5531482K->5140929K(12533952K), 0.0098990 secs] [Times: user=0.17 sys=0.00, real=0.01 secs] 
: 397522K->4619K(440896K), 0.0127380 secs] 5532865K->5141458K(12533952K), 0.0129550 secs] [Times: user=0.24 sys=0.00, real=0.02 secs] 
: 396555K->4348K(440896K), 0.0120640 secs] 5533394K->5142035K(12533952K), 0.0122910 secs] [Times: user=0.22 sys=0.00, real=0.02 secs] 
: 396284K->4182K(440896K), 0.0133280 secs] 5533971K->5142758K(12533952K), 0.0134690 secs] [Times: user=0.26 sys=0.00, real=0.02 secs] 
: 396118K->3447K(440896K), 0.0103160 secs] 5534694K->5143257K(12533952K), 0.0105420 secs] [Times: user=0.19 sys=0.00, real=0.01 secs] 
: 395383K->4467K(440896K), 0.0126270 secs] 5535193K->5144797K(12533952K), 0.0128240 secs] [Times: user=0.23 sys=0.00, real=0.01 secs] 
: 396403K->5988K(440896K), 0.0107770 secs] 5536733K->5146902K(12533952K), 0.0110050 secs] [Times: user=0.19 sys=0.01, real=0.01 secs] 
: 397924K->6436K(440896K), 0.0111800 secs] 5538838K->5148069K(12533952K), 0.0113870 secs] [Times: user=0.19 sys=0.00, real=0.01 secs] 
: 398372K->7239K(440896K), 0.0127150 secs] 5540005K->5149454K(12533952K), 0.0129340 secs] [Times: user=0.23 sys=0.00, real=0.02 secs] 
: 399175K->8548K(440896K), 0.0120800 secs] 5541390K->5152381K(12533952K), 0.0123030 secs] [Times: user=0.24 sys=0.00, real=0.01 secs] 
: 400467K->8868K(440896K), 0.0117550 secs] 5544300K->5154571K(12533952K), 0.0119920 secs] [Times: user=0.22 sys=0.00, real=0.01 secs] 
: 400804K->9743K(440896K), 0.0146130 secs] 5546507K->5156681K(12533952K), 0.0147520 secs] [Times: user=0.23 sys=0.01, real=0.02 secs] 
: 401679K->9733K(440896K), 0.0103380 secs] 5548617K->5158094K(12533952K), 0.0106030 secs] [Times: user=0.20 sys=0.00, real=0.01 secs] 
: 401669K->9320K(440896K), 0.0113870 secs] 5550030K->5160541K(12533952K), 0.0116150 secs] [Times: user=0.19 sys=0.00, real=0.01 secs] 
: 401256K->8118K(440896K), 0.0110170 secs] 5552477K->5161684K(12533952K), 0.0112580 secs] [Times: user=0.20 sys=0.00, real=0.01 secs] 
: 400054K->7705K(440896K), 0.0092180 secs] 5553620K->5162851K(12533952K), 0.0094370 secs] [Times: user=0.15 sys=0.00, real=0.01 secs] 
: 399641K->8140K(440896K), 0.0130540 secs] 5554787K->5164970K(12533952K), 0.0135220 secs] [Times: user=0.23 sys=0.00, real=0.02 secs] 
: 400076K->8212K(440896K), 0.0134980 secs] 5556906K->5167304K(12533952K), 0.0137360 secs] [Times: user=0.26 sys=0.00, real=0.01 secs] 
: 400148K->7531K(440896K), 0.0096950 secs] 5559240K->5168176K(12533952K), 0.0098890 secs] [Times: user=0.19 sys=0.00, real=0.01 secs] 
: 399467K->7145K(440896K), 0.0126590 secs] 5560112K->5168951K(12533952K), 0.0128570 secs] [Times: user=0.24 sys=0.00, real=0.01 secs] 
: 399081K->6676K(440896K), 0.0083620 secs] 5560887K->5170421K(12533952K), 0.0085540 secs] [Times: user=0.16 sys=0.00, real=0.01 secs] 
: 398612K->5622K(440896K), 0.0115100 secs] 5562357K->5171630K(12533952K), 0.0117620 secs] [Times: user=0.19 sys=0.00, real=0.01 secs] 
: 397558K->7211K(440896K), 0.0129240 secs] 5563566K->5174258K(12533952K), 0.0131300 secs] [Times: user=0.25 sys=0.00, real=0.01 secs] 
: 399147K->8499K(440896K), 0.0091250 secs] 5566194K->5176332K(12533952K), 0.0093470 secs] [Times: user=0.17 sys=0.00, real=0.01 secs] 
: 400255K->9678K(440896K), 0.0120030 secs] 5568089K->5178996K(12533952K), 0.0122290 secs] [Times: user=0.21 sys=0.00, real=0.01 secs] 
: 401614K->11980K(440896K), 0.0094730 secs] 5570932K->5182591K(12533952K), 0.0096920 secs] [Times: user=0.17 sys=0.00, real=0.01 secs] 
: 403916K->11830K(440896K), 0.0100000 secs] 5574527K->5184962K(12533952K), 0.0101670 secs] [Times: user=0.18 sys=0.01, real=0.01 secs] 
: 403766K->11238K(440896K), 0.0132680 secs] 5576898K->5186312K(12533952K), 0.0134810 secs] [Times: user=0.24 sys=0.00, real=0.01 secs] 
: 403133K->9461K(440896K), 0.0095200 secs] 5578207K->5187285K(12533952K), 0.0097480 secs] [Times: user=0.17 sys=0.00, real=0.01 secs] 
: 401397K->6837K(440896K), 0.0124870 secs] 5579221K->5188385K(12533952K), 0.0127050 secs] [Times: user=0.22 sys=0.00, real=0.02 secs] 
: 398773K->5752K(440896K), 0.0098180 secs] 5580321K->5189463K(12533952K), 0.0100980 secs] [Times: user=0.17 sys=0.00, real=0.01 secs] 
: 397688K->5503K(440896K), 0.0119510 secs] 5581399K->5190571K(12533952K), 0.0121380 secs] [Times: user=0.21 sys=0.00, real=0.01 secs] 
: 397437K->5811K(440896K), 0.0125130 secs] 5582505K->5191722K(12533952K), 0.0127240 secs] [Times: user=0.21 sys=0.00, real=0.02 secs] 
: 397629K->6058K(440896K), 0.0103330 secs] 5583540K->5193139K(12533952K), 0.0105650 secs] [Times: user=0.18 sys=0.00, real=0.01 secs] 
: 397994K->6174K(440896K), 0.0107390 secs] 5585075K->5194486K(12533952K), 0.0109710 secs] [Times: user=0.16 sys=0.01, real=0.01 secs] 
: 398110K->6443K(440896K), 0.0104690 secs] 5586422K->5196044K(12533952K), 0.0106850 secs] [Times: user=0.19 sys=0.01, real=0.01 secs] 
: 398379K->6747K(440896K), 0.0110670 secs] 5587980K->5197515K(12533952K), 0.0112420 secs] [Times: user=0.22 sys=0.00, real=0.01 secs] 
: 398683K->7007K(440896K), 0.0114880 secs] 5589451K->5199008K(12533952K), 0.0116360 secs] [Times: user=0.20 sys=0.00, real=0.02 secs] 
: 398943K->7909K(440896K), 0.0121880 secs] 5590944K->5201349K(12533952K), 0.0123210 secs] [Times: user=0.17 sys=0.00, real=0.01 secs] 
: 399845K->8857K(440896K), 0.0102860 secs] 5593285K->5203784K(12533952K), 0.0105320 secs] [Times: user=0.17 sys=0.01, real=0.01 secs] 
: 400793K->10398K(440896K), 0.0107230 secs] 5595720K->5206745K(12533952K), 0.0109530 secs] [Times: user=0.19 sys=0.00, real=0.02 secs] 
: 402334K->11094K(440896K), 0.0098670 secs] 5598681K->5208994K(12533952K), 0.0100580 secs] [Times: user=0.17 sys=0.00, real=0.01 secs] 
: 403030K->11299K(440896K), 0.0106170 secs] 5600930K->5211443K(12533952K), 0.0107990 secs] [Times: user=0.19 sys=0.00, real=0.01 secs] 
: 403235K->11967K(440896K), 0.0107800 secs] 5603379K->5214368K(12533952K), 0.0109950 secs] [Times: user=0.21 sys=0.00, real=0.01 secs] 
: 403903K->13977K(440896K), 0.0126780 secs] 5606304K->5219476K(12533952K), 0.0128910 secs] [Times: user=0.22 sys=0.00, real=0.02 secs] 
: 405913K->14935K(440896K), 0.0138960 secs] 5611412K->5222820K(12533952K), 0.0141100 secs] [Times: user=0.25 sys=0.00, real=0.01 secs] 
: 406871K->16729K(440896K), 0.0120970 secs] 5614756K->5227007K(12533952K), 0.0122870 secs] [Times: user=0.22 sys=0.00, real=0.01 secs] 
: 408665K->16243K(440896K), 0.0134430 secs] 5618943K->5229549K(12533952K), 0.0136280 secs] [Times: user=0.25 sys=0.00, real=0.01 secs] 
: 408179K->14112K(440896K), 0.0121230 secs] 5621485K->5232452K(12533952K), 0.0123340 secs] [Times: user=0.21 sys=0.00, real=0.01 secs] 
: 406048K->14220K(440896K), 0.0125060 secs] 5624388K->5235886K(12533952K), 0.0129150 secs] [Times: user=0.25 sys=0.00, real=0.01 secs] 
: 406156K->13811K(440896K), 0.0136270 secs] 5627822K->5239605K(12533952K), 0.0137770 secs] [Times: user=0.27 sys=0.00, real=0.01 secs] 
: 405747K->12828K(440896K), 0.0119270 secs] 5631541K->5241245K(12533952K), 0.0120750 secs] [Times: user=0.21 sys=0.00, real=0.02 secs] 
: 404764K->11580K(440896K), 0.0122280 secs] 5633181K->5242641K(12533952K), 0.0124030 secs] [Times: user=0.24 sys=0.00, real=0.01 secs] 
: 403516K->9178K(440896K), 0.0126340 secs] 5634577K->5243767K(12533952K), 0.0127910 secs] [Times: user=0.24 sys=0.00, real=0.01 secs] 
: 401114K->7377K(440896K), 0.0120700 secs] 5635703K->5245449K(12533952K), 0.0122340 secs] [Times: user=0.22 sys=0.00, real=0.01 secs] 
: 399198K->6711K(440896K), 0.0131150 secs] 5637270K->5246808K(12533952K), 0.0132940 secs] [Times: user=0.24 sys=0.00, real=0.01 secs] 
: 398647K->6189K(440896K), 0.0084940 secs] 5638744K->5247706K(12533952K), 0.0087130 secs] [Times: user=0.15 sys=0.00, real=0.01 secs] 
: 398125K->6156K(440896K), 0.0105630 secs] 5639642K->5248782K(12533952K), 0.0107760 secs] [Times: user=0.20 sys=0.00, real=0.01 secs] 
: 398092K->5556K(440896K), 0.0107090 secs] 5640718K->5249862K(12533952K), 0.0109130 secs] [Times: user=0.20 sys=0.00, real=0.01 secs] 
: 397492K->6441K(440896K), 0.0141600 secs] 5641798K->5251923K(12533952K), 0.0143730 secs] [Times: user=0.26 sys=0.00, real=0.01 secs] 
: 398377K->8265K(440896K), 0.0147290 secs] 5643859K->5254851K(12533952K), 0.0149360 secs] [Times: user=0.28 sys=0.00, real=0.01 secs] 
: 400201K->8939K(440896K), 0.0140340 secs] 5646787K->5256627K(12533952K), 0.0142410 secs] [Times: user=0.26 sys=0.00, real=0.01 secs] 
: 400875K->9549K(440896K), 0.0104750 secs] 5648563K->5258338K(12533952K), 0.0106950 secs] [Times: user=0.19 sys=0.00, real=0.01 secs] 
: 401485K->8788K(440896K), 0.0102750 secs] 5650274K->5259528K(12533952K), 0.0104490 secs] [Times: user=0.20 sys=0.00, real=0.01 secs] 
: 400724K->6457K(440896K), 0.0094670 secs] 5651464K->5260019K(12533952K), 0.0096300 secs] [Times: user=0.17 sys=0.00, real=0.01 secs] 
: 398393K->6004K(440896K), 0.0088730 secs] 5651955K->5261405K(12533952K), 0.0090760 secs] [Times: user=0.16 sys=0.00, real=0.01 secs] 
: 397940K->5477K(440896K), 0.0091830 secs] 5653341K->5262719K(12533952K), 0.0093490 secs] [Times: user=0.16 sys=0.00, real=0.01 secs] 
: 397413K->5096K(440896K), 0.0113650 secs] 5654655K->5263588K(12533952K), 0.0115850 secs] [Times: user=0.21 sys=0.00, real=0.01 secs] 
: 397032K->5800K(440896K), 0.0130400 secs] 5655524K->5264819K(12533952K), 0.0132130 secs] [Times: user=0.22 sys=0.00, real=0.01 secs] 
: 397736K->5941K(440896K), 0.0118640 secs] 5656755K->5266325K(12533952K), 0.0120500 secs] [Times: user=0.21 sys=0.00, real=0.01 secs] 
: 397877K->6609K(440896K), 0.0095550 secs] 5658261K->5268158K(12533952K), 0.0097700 secs] [Times: user=0.17 sys=0.00, real=0.01 secs] 
: 398545K->8558K(440896K), 0.0140120 secs] 5660094K->5271105K(12533952K), 0.0142230 secs] [Times: user=0.25 sys=0.00, real=0.01 secs] 
: 400494K->9956K(440896K), 0.0093630 secs] 5663041K->5273668K(12533952K), 0.0096050 secs] [Times: user=0.17 sys=0.00, real=0.01 secs] 
: 401892K->11270K(440896K), 0.0091860 secs] 5665604K->5276523K(12533952K), 0.0094050 secs] [Times: user=0.17 sys=0.00, real=0.01 secs] 
: 403206K->12051K(440896K), 0.0090580 secs] 5668459K->5279059K(12533952K), 0.0092780 secs] [Times: user=0.17 sys=0.00, real=0.01 secs] 
: 403980K->10958K(440896K), 0.0120010 secs] 5670988K->5280743K(12533952K), 0.0122420 secs] [Times: user=0.22 sys=0.00, real=0.01 secs] 
: 402894K->10571K(440896K), 0.0099510 secs] 5672679K->5282686K(12533952K), 0.0101680 secs] [Times: user=0.17 sys=0.00, real=0.01 secs] 
: 402507K->10138K(440896K), 0.0107670 secs] 5674622K->5285531K(12533952K), 0.0109330 secs] [Times: user=0.20 sys=0.01, real=0.01 secs] 
: 402074K->10024K(440896K), 0.0131230 secs] 5677467K->5288094K(12533952K), 0.0133110 secs] [Times: user=0.24 sys=0.01, real=0.01 secs] 
: 401960K->11867K(440896K), 0.0121660 secs] 5680030K->5291184K(12533952K), 0.0123770 secs] [Times: user=0.22 sys=0.00, real=0.01 secs] 
: 403803K->11803K(440896K), 0.0120810 secs] 5683120K->5293404K(12533952K), 0.0123010 secs] [Times: user=0.22 sys=0.00, real=0.01 secs] 
: 403739K->10563K(440896K), 0.0108870 secs] 5685340K->5295158K(12533952K), 0.0111220 secs] [Times: user=0.19 sys=0.00, real=0.01 secs] 
: 402499K->10011K(440896K), 0.0132860 secs] 5687094K->5297118K(12533952K), 0.0134980 secs] [Times: user=0.21 sys=0.00, real=0.02 secs] 
: 401947K->8273K(440896K), 0.0127760 secs] 5689054K->5298153K(12533952K), 0.0129750 secs] [Times: user=0.20 sys=0.00, real=0.01 secs] 
: 400209K->7415K(440896K), 0.0098030 secs] 5690089K->5299500K(12533952K), 0.0101420 secs] [Times: user=0.17 sys=0.00, real=0.01 secs] 
: 399351K->7591K(440896K), 0.0111400 secs] 5691436K->5301495K(12533952K), 0.0113470 secs] [Times: user=0.21 sys=0.00, real=0.01 secs] 
: 399527K->7996K(440896K), 0.0112650 secs] 5693431K->5303498K(12533952K), 0.0115430 secs] [Times: user=0.21 sys=0.00, real=0.01 secs] 
: 399932K->7262K(440896K), 0.0094510 secs] 5695434K->5304191K(12533952K), 0.0096640 secs] [Times: user=0.16 sys=0.00, real=0.01 secs] 
: 399194K->6849K(440896K), 0.0126650 secs] 5696123K->5305367K(12533952K), 0.0128800 secs] [Times: user=0.22 sys=0.01, real=0.01 secs] 
: 398785K->5441K(440896K), 0.0123430 secs] 5697303K->5305831K(12533952K), 0.0125630 secs] [Times: user=0.23 sys=0.00, real=0.01 secs] 
: 397377K->5235K(440896K), 0.0113810 secs] 5697767K->5307100K(12533952K), 0.0115650 secs] [Times: user=0.20 sys=0.00, real=0.01 secs] 
: 397171K->6291K(440896K), 0.0120480 secs] 5699036K->5309359K(12533952K), 0.0122690 secs] [Times: user=0.21 sys=0.00, real=0.01 secs] 
: 398227K->6228K(440896K), 0.0099590 secs] 5701295K->5310402K(12533952K), 0.0101750 secs] [Times: user=0.17 sys=0.00, real=0.01 secs] 
: 398164K->6789K(440896K), 0.0092740 secs] 5702338K->5311663K(12533952K), 0.0094930 secs] [Times: user=0.17 sys=0.00, real=0.01 secs] 
: 398725K->7572K(440896K), 0.0132220 secs] 5703599K->5313617K(12533952K), 0.0134440 secs] [Times: user=0.24 sys=0.00, real=0.01 secs] 
: 399508K->9342K(440896K), 0.0109680 secs] 5705553K->5317361K(12533952K), 0.0111790 secs] [Times: user=0.20 sys=0.00, real=0.01 secs] 
: 401278K->10970K(440896K), 0.0094900 secs] 5709297K->5319990K(12533952K), 0.0096810 secs] [Times: user=0.16 sys=0.00, real=0.01 secs] 
: 402906K->10701K(440896K), 0.0116390 secs] 5711926K->5321272K(12533952K), 0.0118670 secs] [Times: user=0.19 sys=0.00, real=0.01 secs] 
: 402637K->12194K(440896K), 0.0109090 secs] 5713208K->5324505K(12533952K), 0.0111260 secs] [Times: user=0.19 sys=0.00, real=0.01 secs] 
: 404130K->10831K(440896K), 0.0105340 secs] 5716441K->5326516K(12533952K), 0.0107600 secs] [Times: user=0.18 sys=0.00, real=0.01 secs] 
: 402767K->9656K(440896K), 0.0106540 secs] 5718452K->5328309K(12533952K), 0.0108420 secs] [Times: user=0.19 sys=0.00, real=0.01 secs] 
: 401592K->10762K(440896K), 0.0130760 secs] 5720245K->5330917K(12533952K), 0.0132710 secs] [Times: user=0.24 sys=0.00, real=0.02 secs] 
: 402698K->9790K(440896K), 0.0096310 secs] 5722853K->5333285K(12533952K), 0.0098530 secs] [Times: user=0.17 sys=0.00, real=0.01 secs] 
: 401726K->9753K(440896K), 0.0129250 secs] 5725221K->5335183K(12533952K), 0.0130980 secs] [Times: user=0.25 sys=0.00, real=0.02 secs] 
: 401689K->9729K(440896K), 0.0101460 secs] 5727119K->5337163K(12533952K), 0.0103370 secs] [Times: user=0.18 sys=0.00, real=0.01 secs] 
: 401665K->9327K(440896K), 0.0116360 secs] 5729099K->5339217K(12533952K), 0.0118340 secs] [Times: user=0.23 sys=0.00, real=0.01 secs] 
: 401067K->8814K(440896K), 0.0097780 secs] 5730957K->5340897K(12533952K), 0.0099770 secs] [Times: user=0.17 sys=0.00, real=0.01 secs] 
: 400750K->7374K(440896K), 0.0116020 secs] 5732833K->5341601K(12533952K), 0.0118110 secs] [Times: user=0.21 sys=0.00, real=0.01 secs] 
: 399310K->8083K(440896K), 0.0097100 secs] 5733537K->5344181K(12533952K), 0.0098760 secs] [Times: user=0.17 sys=0.00, real=0.01 secs] 
: 400019K->8340K(440896K), 0.0118110 secs] 5736117K->5346585K(12533952K), 0.0120230 secs] [Times: user=0.22 sys=0.00, real=0.01 secs] 
: 400276K->9455K(440896K), 0.0131550 secs] 5738521K->5349195K(12533952K), 0.0133680 secs] [Times: user=0.25 sys=0.00, real=0.02 secs] 
: 401391K->10042K(440896K), 0.0112920 secs] 5741131K->5350623K(12533952K), 0.0115110 secs] [Times: user=0.20 sys=0.00, real=0.01 secs] 
: 401978K->8312K(440896K), 0.0100450 secs] 5742559K->5351529K(12533952K), 0.0102620 secs] [Times: user=0.16 sys=0.00, real=0.01 secs] 
: 400248K->7587K(440896K), 0.0135380 secs] 5743465K->5353125K(12533952K), 0.0137590 secs] [Times: user=0.27 sys=0.00, real=0.02 secs] 
: 399523K->6803K(440896K), 0.0116600 secs] 5745061K->5354589K(12533952K), 0.0118620 secs] [Times: user=0.21 sys=0.00, real=0.01 secs] 
: 398739K->6098K(440896K), 0.0095700 secs] 5746525K->5355693K(12533952K), 0.0098030 secs] [Times: user=0.17 sys=0.00, real=0.01 secs] 
: 398034K->5863K(440896K), 0.0126030 secs] 5747629K->5356431K(12533952K), 0.0128460 secs] [Times: user=0.22 sys=0.01, real=0.01 secs] 
: 397799K->5654K(440896K), 0.0098370 secs] 5748367K->5357710K(12533952K), 0.0100180 secs] [Times: user=0.18 sys=0.00, real=0.01 secs] 
: 397590K->4667K(440896K), 0.0098180 secs] 5749646K->5358131K(12533952K), 0.0100320 secs] [Times: user=0.16 sys=0.00, real=0.01 secs] 
: 396603K->4971K(440896K), 0.0138350 secs] 5750067K->5359739K(12533952K), 0.0140340 secs] [Times: user=0.27 sys=0.00, real=0.02 secs] 
: 396907K->4891K(440896K), 0.0138100 secs] 5751675K->5360433K(12533952K), 0.0139700 secs] [Times: user=0.27 sys=0.01, real=0.02 secs] 
: 396827K->5194K(440896K), 0.0122590 secs] 5752369K->5361587K(12533952K), 0.0124830 secs] [Times: user=0.22 sys=0.00, real=0.01 secs] 
: 397130K->5882K(440896K), 0.0099450 secs] 5753523K->5362923K(12533952K), 0.0101630 secs] [Times: user=0.20 sys=0.00, real=0.01 secs] 
: 397818K->7293K(440896K), 0.0106200 secs] 5754859K->5366080K(12533952K), 0.0108320 secs] [Times: user=0.19 sys=0.00, real=0.01 secs] 
: 399229K->9357K(440896K), 0.0099870 secs] 5758016K->5368922K(12533952K), 0.0101150 secs] [Times: user=0.19 sys=0.00, real=0.01 secs] 
: 401293K->11600K(440896K), 0.0133150 secs] 5760858K->5372271K(12533952K), 0.0135440 secs] [Times: user=0.24 sys=0.00, real=0.01 secs] 
: 403536K->13233K(440896K), 0.0138960 secs] 5764207K->5375138K(12533952K), 0.0141140 secs] [Times: user=0.26 sys=0.00, real=0.02 secs] 
: 405169K->12582K(440896K), 0.0118810 secs] 5767074K->5377764K(12533952K), 0.0121190 secs] [Times: user=0.22 sys=0.01, real=0.01 secs] 
: 404518K->13036K(440896K), 0.0135310 secs] 5769700K->5380901K(12533952K), 0.0137590 secs] [Times: user=0.26 sys=0.00, real=0.02 secs] 
: 404972K->12664K(440896K), 0.0122350 secs] 5772837K->5383791K(12533952K), 0.0124520 secs] [Times: user=0.24 sys=0.00, real=0.01 secs] 
: 404600K->12228K(440896K), 0.0137040 secs] 5775727K->5386266K(12533952K), 0.0139500 secs] [Times: user=0.25 sys=0.00, real=0.02 secs] 
: 404164K->11632K(440896K), 0.0108110 secs] 5778202K->5388446K(12533952K), 0.0110060 secs] [Times: user=0.20 sys=0.01, real=0.01 secs] 
: 403568K->11943K(440896K), 0.0111490 secs] 5780382K->5391730K(12533952K), 0.0113710 secs] [Times: user=0.19 sys=0.00, real=0.01 secs] 
: 403879K->12784K(440896K), 0.0090860 secs] 5783666K->5395351K(12533952K), 0.0092590 secs] [Times: user=0.17 sys=0.00, real=0.01 secs] 
: 404720K->13960K(440896K), 0.0114850 secs] 5787287K->5399238K(12533952K), 0.0117030 secs] [Times: user=0.18 sys=0.00, real=0.01 secs] 
: 405896K->15392K(440896K), 0.0118380 secs] 5791174K->5402928K(12533952K), 0.0119890 secs] [Times: user=0.21 sys=0.00, real=0.01 secs] 
: 407328K->15128K(440896K), 0.0116220 secs] 5794864K->5405761K(12533952K), 0.0118520 secs] [Times: user=0.21 sys=0.00, real=0.01 secs] 
: 407064K->13127K(440896K), 0.0112030 secs] 5797697K->5407509K(12533952K), 0.0114080 secs] [Times: user=0.20 sys=0.01, real=0.01 secs] 
: 405063K->10667K(440896K), 0.0118500 secs] 5799445K->5408980K(12533952K), 0.0120560 secs] [Times: user=0.23 sys=0.00, real=0.02 secs] 
: 402603K->8361K(440896K), 0.0117120 secs] 5800916K->5410220K(12533952K), 0.0119510 secs] [Times: user=0.21 sys=0.00, real=0.02 secs] 
: 400297K->6724K(440896K), 0.0109220 secs] 5802156K->5411037K(12533952K), 0.0111150 secs] [Times: user=0.21 sys=0.00, real=0.01 secs] 
: 398660K->5450K(440896K), 0.0130360 secs] 5802973K->5411896K(12533952K), 0.0132440 secs] [Times: user=0.24 sys=0.01, real=0.02 secs] 
: 397386K->4800K(440896K), 0.0117200 secs] 5803832K->5412863K(12533952K), 0.0119300 secs] [Times: user=0.21 sys=0.00, real=0.01 secs] 
: 396736K->4977K(440896K), 0.0105330 secs] 5804799K->5414230K(12533952K), 0.0107450 secs] [Times: user=0.19 sys=0.00, real=0.01 secs] 
: 396913K->5977K(440896K), 0.0106720 secs] 5806166K->5415918K(12533952K), 0.0108980 secs] [Times: user=0.19 sys=0.00, real=0.01 secs] 
: 397913K->7384K(440896K), 0.0108500 secs] 5807854K->5418232K(12533952K), 0.0110540 secs] [Times: user=0.21 sys=0.00, real=0.01 secs] 
: 399320K->7462K(440896K), 0.0127010 secs] 5810168K->5419407K(12533952K), 0.0129500 secs] [Times: user=0.23 sys=0.00, real=0.02 secs] 
: 399398K->8602K(440896K), 0.0123740 secs] 5811343K->5421710K(12533952K), 0.0125550 secs] [Times: user=0.21 sys=0.00, real=0.02 secs] 
: 400538K->8240K(440896K), 0.0109330 secs] 5813646K->5423028K(12533952K), 0.0111870 secs] [Times: user=0.21 sys=0.00, real=0.01 secs] 
: 400176K->6088K(440896K), 0.0097920 secs] 5814964K->5423371K(12533952K), 0.0100110 secs] [Times: user=0.18 sys=0.00, real=0.01 secs] 
: 398024K->5554K(440896K), 0.0129130 secs] 5815307K->5424065K(12533952K), 0.0131230 secs] [Times: user=0.25 sys=0.00, real=0.01 secs] 
: 397490K->4472K(440896K), 0.0141760 secs] 5816001K->5425077K(12533952K), 0.0143800 secs] [Times: user=0.20 sys=0.00, real=0.02 secs] 
: 396408K->4043K(440896K), 0.0093550 secs] 5817013K->5425894K(12533952K), 0.0095600 secs] [Times: user=0.17 sys=0.01, real=0.01 secs] 
: 395979K->5199K(440896K), 0.0106470 secs] 5817830K->5427506K(12533952K), 0.0108640 secs] [Times: user=0.19 sys=0.00, real=0.01 secs] 
: 397026K->4835K(440896K), 0.0117360 secs] 5819333K->5427985K(12533952K), 0.0119340 secs] [Times: user=0.21 sys=0.00, real=0.02 secs] 
: 396771K->4391K(440896K), 0.0100860 secs] 5819921K->5428308K(12533952K), 0.0102630 secs] [Times: user=0.18 sys=0.00, real=0.01 secs] 
: 396327K->45588K(440896K), 0.0131370 secs] 5820244K->5470350K(12533952K), 0.0133330 secs] [Times: user=0.24 sys=0.00, real=0.02 secs] 
: 437524K->1725K(440896K), 0.0103310 secs] 5862286K->5432126K(12533952K), 0.0105500 secs] [Times: user=0.18 sys=0.00, real=0.01 secs] 
: 393661K->1984K(440896K), 0.0131840 secs] 5824062K->5432385K(12533952K), 0.0134090 secs] [Times: user=0.24 sys=0.00, real=0.02 secs] 
: 393920K->2617K(440896K), 0.0101320 secs] 5824321K->5433019K(12533952K), 0.0103740 secs] [Times: user=0.18 sys=0.00, real=0.01 secs] 
: 394553K->2937K(440896K), 0.0123990 secs] 5824955K->5433338K(12533952K), 0.0126070 secs] [Times: user=0.22 sys=0.00, real=0.02 secs] 
: 394873K->2856K(440896K), 0.0128340 secs] 5825274K->5433954K(12533952K), 0.0130300 secs] [Times: user=0.23 sys=0.00, real=0.01 secs] 
: 394792K->3248K(440896K), 0.0134720 secs] 5825890K->5434673K(12533952K), 0.0136260 secs] [Times: user=0.26 sys=0.00, real=0.01 secs] 
: 395184K->3679K(440896K), 0.0131640 secs] 5826609K->5435697K(12533952K), 0.0133200 secs] [Times: user=0.20 sys=0.00, real=0.02 secs] 
: 395615K->4067K(440896K), 0.0114870 secs] 5827633K->5436347K(12533952K), 0.0116100 secs] [Times: user=0.21 sys=0.00, real=0.01 secs] 
: 396003K->4595K(440896K), 0.0086540 secs] 5828283K->5437638K(12533952K), 0.0088670 secs] [Times: user=0.15 sys=0.00, real=0.01 secs] 
: 396531K->4846K(440896K), 0.0118790 secs] 5829574K->5438626K(12533952K), 0.0121050 secs] [Times: user=0.23 sys=0.00, real=0.01 secs] 
: 396782K->6130K(440896K), 0.0094150 secs] 5830562K->5440686K(12533952K), 0.0096440 secs] [Times: user=0.17 sys=0.00, real=0.01 secs] 
: 398066K->7311K(440896K), 0.0110060 secs] 5832622K->5442601K(12533952K), 0.0111970 secs] [Times: user=0.21 sys=0.00, real=0.02 secs] 
: 399247K->8306K(440896K), 0.0108310 secs] 5834537K->5444825K(12533952K), 0.0109680 secs] [Times: user=0.21 sys=0.00, real=0.02 secs] 
: 400242K->10292K(440896K), 0.0138520 secs] 5836761K->5447962K(12533952K), 0.0140540 secs] [Times: user=0.26 sys=0.01, real=0.01 secs] 
: 402228K->10297K(440896K), 0.0138160 secs] 5839898K->5449947K(12533952K), 0.0140130 secs] [Times: user=0.27 sys=0.00, real=0.01 secs] 
: 402233K->10671K(440896K), 0.0142750 secs] 5841883K->5452195K(12533952K), 0.0144440 secs] [Times: user=0.28 sys=0.00, real=0.01 secs] 
: 402607K->12670K(440896K), 0.0130310 secs] 5844131K->5456395K(12533952K), 0.0132160 secs] [Times: user=0.24 sys=0.00, real=0.02 secs] 
: 404606K->10268K(440896K), 0.0104330 secs] 5848331K->5457279K(12533952K), 0.0106420 secs] [Times: user=0.18 sys=0.00, real=0.01 secs] 
: 402204K->10058K(440896K), 0.0088390 secs] 5849215K->5458967K(12533952K), 0.0090580 secs] [Times: user=0.16 sys=0.00, real=0.01 secs] 
: 401994K->9436K(440896K), 0.0130100 secs] 5850903K->5460661K(12533952K), 0.0132480 secs] [Times: user=0.22 sys=0.00, real=0.01 secs] 
: 401372K->9858K(440896K), 0.0130190 secs] 5852597K->5463137K(12533952K), 0.0132460 secs] [Times: user=0.25 sys=0.00, real=0.01 secs] 
: 401794K->8874K(440896K), 0.0104380 secs] 5855073K->5465124K(12533952K), 0.0106510 secs] [Times: user=0.19 sys=0.00, real=0.02 secs] 
: 400810K->8755K(440896K), 0.0115190 secs] 5857060K->5466759K(12533952K), 0.0117220 secs] [Times: user=0.20 sys=0.00, real=0.01 secs] 
: 400691K->7703K(440896K), 0.0108320 secs] 5858695K->5467324K(12533952K), 0.0110580 secs] [Times: user=0.19 sys=0.00, real=0.01 secs] 
: 399639K->5946K(440896K), 0.0106730 secs] 5859260K->5468084K(12533952K), 0.0108870 secs] [Times: user=0.20 sys=0.00, real=0.01 secs] 
: 397882K->5393K(440896K), 0.0119450 secs] 5860020K->5469466K(12533952K), 0.0121730 secs] [Times: user=0.22 sys=0.01, real=0.01 secs] 
: 397329K->4381K(440896K), 0.0117870 secs] 5861402K->5470103K(12533952K), 0.0120160 secs] [Times: user=0.22 sys=0.00, real=0.01 secs] 
: 396317K->4203K(440896K), 0.0109640 secs] 5862039K->5470446K(12533952K), 0.0111540 secs] [Times: user=0.20 sys=0.00, real=0.02 secs] 
: 396139K->4238K(440896K), 0.0086750 secs] 5862382K->5471387K(12533952K), 0.0089250 secs] [Times: user=0.15 sys=0.00, real=0.01 secs] 
: 396174K->3631K(440896K), 0.0108070 secs] 5863323K->5471945K(12533952K), 0.0109660 secs] [Times: user=0.20 sys=0.00, real=0.01 secs] 
: 395567K->4718K(440896K), 0.0125970 secs] 5863881K->5473559K(12533952K), 0.0127660 secs] [Times: user=0.23 sys=0.00, real=0.01 secs] 
: 396507K->6830K(440896K), 0.0119080 secs] 5865348K->5476293K(12533952K), 0.0121140 secs] [Times: user=0.21 sys=0.00, real=0.01 secs] 
: 398766K->7080K(440896K), 0.0129020 secs] 5868229K->5477537K(12533952K), 0.0131340 secs] [Times: user=0.23 sys=0.00, real=0.01 secs] 
: 399002K->9078K(440896K), 0.0111410 secs] 5869459K->5479922K(12533952K), 0.0113460 secs] [Times: user=0.21 sys=0.00, real=0.01 secs] 
: 401014K->9163K(440896K), 0.0112900 secs] 5871858K->5481621K(12533952K), 0.0115050 secs] [Times: user=0.20 sys=0.00, real=0.01 secs] 
: 401099K->9534K(440896K), 0.0120690 secs] 5873557K->5484852K(12533952K), 0.0122820 secs] [Times: user=0.23 sys=0.00, real=0.01 secs] 
: 401470K->10873K(440896K), 0.0121940 secs] 5876788K->5487549K(12533952K), 0.0124220 secs] [Times: user=0.22 sys=0.00, real=0.01 secs] 
: 402646K->11444K(440896K), 0.0134150 secs] 5879322K->5490403K(12533952K), 0.0136770 secs] [Times: user=0.25 sys=0.00, real=0.01 secs] 
: 403380K->11530K(440896K), 0.0115290 secs] 5882339K->5491973K(12533952K), 0.0117700 secs] [Times: user=0.23 sys=0.00, real=0.01 secs] 
: 403466K->9491K(440896K), 0.0123180 secs] 5883909K->5493335K(12533952K), 0.0125430 secs] [Times: user=0.21 sys=0.00, real=0.01 secs] 
: 401427K->8125K(440896K), 0.0137770 secs] 5885271K->5494487K(12533952K), 0.0140070 secs] [Times: user=0.24 sys=0.00, real=0.01 secs] 
: 400061K->6379K(440896K), 0.0099250 secs] 5886423K->5495621K(12533952K), 0.0101430 secs] [Times: user=0.17 sys=0.00, real=0.01 secs] 
: 398315K->5894K(440896K), 0.0105520 secs] 5887557K->5496640K(12533952K), 0.0108000 secs] [Times: user=0.17 sys=0.00, real=0.01 secs] 
: 397830K->4810K(440896K), 0.0125260 secs] 5888576K->5497046K(12533952K), 0.0127510 secs] [Times: user=0.23 sys=0.00, real=0.01 secs] 
: 396746K->4311K(440896K), 0.0123580 secs] 5888982K->5497850K(12533952K), 0.0125800 secs] [Times: user=0.23 sys=0.00, real=0.01 secs] 
: 396247K->5521K(440896K), 0.0112960 secs] 5889786K->5500100K(12533952K), 0.0114730 secs] [Times: user=0.21 sys=0.00, real=0.01 secs] 
: 397457K->7821K(440896K), 0.0128280 secs] 5892036K->5503177K(12533952K), 0.0130450 secs] [Times: user=0.23 sys=0.00, real=0.01 secs] 
: 399757K->9260K(440896K), 0.0090260 secs] 5895113K->5505335K(12533952K), 0.0092280 secs] [Times: user=0.15 sys=0.00, real=0.00 secs] 
: 401196K->10830K(440896K), 0.0083830 secs] 5897271K->5507811K(12533952K), 0.0085310 secs] [Times: user=0.15 sys=0.01, real=0.01 secs] 
: 402766K->10964K(440896K), 0.0107460 secs] 5899747K->5509949K(12533952K), 0.0109260 secs] [Times: user=0.20 sys=0.00, real=0.01 secs] 
: 402900K->11092K(440896K), 0.0091490 secs] 5901885K->5512399K(12533952K), 0.0093850 secs] [Times: user=0.17 sys=0.00, real=0.01 secs] 
: 403028K->12074K(440896K), 0.0107500 secs] 5904335K->5515322K(12533952K), 0.0109620 secs] [Times: user=0.20 sys=0.00, real=0.01 secs] 
: 404010K->12756K(440896K), 0.0117170 secs] 5907258K->5518074K(12533952K), 0.0118990 secs] [Times: user=0.22 sys=0.00, real=0.01 secs] 
: 404692K->13381K(440896K), 0.0107720 secs] 5910010K->5522290K(12533952K), 0.0109910 secs] [Times: user=0.19 sys=0.00, real=0.01 secs] 
: 405317K->14130K(440896K), 0.0121030 secs] 5914226K->5525127K(12533952K), 0.0123130 secs] [Times: user=0.24 sys=0.00, real=0.01 secs] 
: 406066K->13505K(440896K), 0.0091660 secs] 5917063K->5527548K(12533952K), 0.0093460 secs] [Times: user=0.15 sys=0.01, real=0.01 secs] 
: 405441K->13489K(440896K), 0.0128730 secs] 5919484K->5530497K(12533952K), 0.0130940 secs] [Times: user=0.24 sys=0.00, real=0.01 secs] 
: 405425K->11382K(440896K), 0.0097560 secs] 5922433K->5532542K(12533952K), 0.0099460 secs] [Times: user=0.17 sys=0.00, real=0.01 secs] 
: 403318K->11935K(440896K), 0.0102260 secs] 5924478K->5535933K(12533952K), 0.0104620 secs] [Times: user=0.18 sys=0.00, real=0.01 secs] 
: 403871K->13058K(440896K), 0.0097320 secs] 5927869K->5539270K(12533952K), 0.0099460 secs] [Times: user=0.19 sys=0.00, real=0.01 secs] 
: 404994K->12886K(440896K), 0.0100710 secs] 5931206K->5542460K(12533952K), 0.0103030 secs] [Times: user=0.16 sys=0.00, real=0.01 secs] 
: 404822K->14554K(440896K), 0.0110180 secs] 5934396K->5546129K(12533952K), 0.0111960 secs] [Times: user=0.22 sys=0.00, real=0.01 secs] 
: 406490K->13587K(440896K), 0.0098290 secs] 5938065K->5548129K(12533952K), 0.0100160 secs] [Times: user=0.16 sys=0.00, real=0.01 secs] 
: 405523K->13235K(440896K), 0.0095540 secs] 5940065K->5551192K(12533952K), 0.0097860 secs] [Times: user=0.17 sys=0.00, real=0.01 secs] 
: 405171K->13361K(440896K), 0.0125770 secs] 5943128K->5554363K(12533952K), 0.0128150 secs] [Times: user=0.21 sys=0.00, real=0.01 secs] 
: 405297K->11766K(440896K), 0.0097110 secs] 5946299K->5556209K(12533952K), 0.0099280 secs] [Times: user=0.16 sys=0.00, real=0.01 secs] 
: 403702K->11255K(440896K), 0.0118650 secs] 5948145K->5558055K(12533952K), 0.0120570 secs] [Times: user=0.21 sys=0.00, real=0.01 secs] 
: 403191K->10901K(440896K), 0.0121560 secs] 5949991K->5560712K(12533952K), 0.0123820 secs] [Times: user=0.21 sys=0.00, real=0.01 secs] 
: 402837K->10624K(440896K), 0.0130230 secs] 5952648K->5563425K(12533952K), 0.0132380 secs] [Times: user=0.25 sys=0.00, real=0.01 secs] 
: 402560K->10825K(440896K), 0.0133710 secs] 5955361K->5565861K(12533952K), 0.0135820 secs] [Times: user=0.25 sys=0.00, real=0.01 secs] 
: 402761K->11771K(440896K), 0.0134370 secs] 5957797K->5568561K(12533952K), 0.0136550 secs] [Times: user=0.25 sys=0.00, real=0.01 secs] 
: 403707K->11939K(440896K), 0.0136020 secs] 5960497K->5571618K(12533952K), 0.0138230 secs] [Times: user=0.25 sys=0.00, real=0.01 secs] 
: 403875K->12130K(440896K), 0.0137340 secs] 5963554K->5574539K(12533952K), 0.0138690 secs] [Times: user=0.19 sys=0.00, real=0.01 secs] 
: 404066K->13371K(440896K), 0.0095430 secs] 5966475K->5578165K(12533952K), 0.0098020 secs] [Times: user=0.16 sys=0.00, real=0.01 secs] 
: 405307K->13892K(440896K), 0.0115720 secs] 5970101K->5581274K(12533952K), 0.0117670 secs] [Times: user=0.21 sys=0.00, real=0.01 secs] 
: 405828K->12804K(440896K), 0.0122620 secs] 5973210K->5583124K(12533952K), 0.0124540 secs] [Times: user=0.25 sys=0.00, real=0.01 secs] 
: 404740K->11419K(440896K), 0.0138270 secs] 5975060K->5584646K(12533952K), 0.0140490 secs] [Times: user=0.27 sys=0.00, real=0.01 secs] 
: 403355K->10496K(440896K), 0.0093250 secs] 5976582K->5587271K(12533952K), 0.0095940 secs] [Times: user=0.16 sys=0.00, real=0.01 secs] 
: 402432K->9262K(440896K), 0.0091450 secs] 5979207K->5589007K(12533952K), 0.0093560 secs] [Times: user=0.14 sys=0.01, real=0.01 secs] 
: 401198K->9423K(440896K), 0.0111800 secs] 5980943K->5591249K(12533952K), 0.0114020 secs] [Times: user=0.20 sys=0.00, real=0.01 secs] 
: 401359K->9549K(440896K), 0.0103970 secs] 5983185K->5592894K(12533952K), 0.0106080 secs] [Times: user=0.19 sys=0.00, real=0.01 secs] 
: 401485K->9110K(440896K), 0.0118520 secs] 5984830K->5595290K(12533952K), 0.0120720 secs] [Times: user=0.21 sys=0.00, real=0.01 secs] 
: 401046K->9583K(440896K), 0.0121020 secs] 5987226K->5597634K(12533952K), 0.0123580 secs] [Times: user=0.22 sys=0.00, real=0.01 secs] 
: 401519K->7869K(440896K), 0.0109610 secs] 5989570K->5598183K(12533952K), 0.0111800 secs] [Times: user=0.20 sys=0.01, real=0.01 secs] 
: 399805K->10185K(440896K), 0.0105070 secs] 5990119K->5602047K(12533952K), 0.0107400 secs] [Times: user=0.18 sys=0.00, real=0.01 secs] 
: 402121K->10940K(440896K), 0.0094680 secs] 5993983K->5605194K(12533952K), 0.0096820 secs] [Times: user=0.17 sys=0.00, real=0.01 secs] 
: 402876K->11004K(440896K), 0.0104170 secs] 5997130K->5607708K(12533952K), 0.0106430 secs] [Times: user=0.19 sys=0.00, real=0.01 secs] 
: 402940K->12260K(440896K), 0.0124300 secs] 5999644K->5609555K(12533952K), 0.0126340 secs] [Times: user=0.24 sys=0.00, real=0.01 secs] 
: 404196K->9801K(440896K), 0.0120060 secs] 6001491K->5610846K(12533952K), 0.0122000 secs] [Times: user=0.21 sys=0.00, real=0.01 secs] 
: 401588K->9052K(440896K), 0.0117690 secs] 6002634K->5613256K(12533952K), 0.0119600 secs] [Times: user=0.21 sys=0.00, real=0.01 secs] 
: 400988K->8182K(440896K), 0.0095080 secs] 6005192K->5614967K(12533952K), 0.0096950 secs] [Times: user=0.16 sys=0.00, real=0.01 secs] 
: 400118K->8699K(440896K), 0.0094880 secs] 6006903K->5617112K(12533952K), 0.0097040 secs] [Times: user=0.17 sys=0.00, real=0.01 secs] 
: 400635K->8849K(440896K), 0.0114660 secs] 6009048K->5618582K(12533952K), 0.0115770 secs] [Times: user=0.21 sys=0.00, real=0.01 secs] 
: 400785K->7751K(440896K), 0.0123670 secs] 6010518K->5620004K(12533952K), 0.0125590 secs] [Times: user=0.23 sys=0.00, real=0.01 secs] 
: 399687K->6970K(440896K), 0.0136430 secs] 6011940K->5621029K(12533952K), 0.0138070 secs] [Times: user=0.25 sys=0.00, real=0.02 secs] 
: 398906K->5422K(440896K), 0.0116510 secs] 6012965K->5621485K(12533952K), 0.0118060 secs] [Times: user=0.22 sys=0.00, real=0.01 secs] 
: 397358K->4771K(440896K), 0.0107310 secs] 6013421K->5622194K(12533952K), 0.0109230 secs] [Times: user=0.21 sys=0.00, real=0.01 secs] 
: 396707K->3246K(440896K), 0.0126370 secs] 6014130K->5622282K(12533952K), 0.0128590 secs] [Times: user=0.24 sys=0.00, real=0.02 secs] 
: 395182K->4535K(440896K), 0.0134380 secs] 6014218K->5624648K(12533952K), 0.0136760 secs] [Times: user=0.25 sys=0.00, real=0.02 secs] 
: 396471K->4878K(440896K), 0.0099560 secs] 6016584K->5625319K(12533952K), 0.0101350 secs] [Times: user=0.18 sys=0.00, real=0.01 secs] 
: 396814K->4615K(440896K), 0.0130220 secs] 6017255K->5625708K(12533952K), 0.0132110 secs] [Times: user=0.24 sys=0.01, real=0.02 secs] 
: 396551K->4714K(440896K), 0.0104480 secs] 6017644K->5625938K(12533952K), 0.0107000 secs] [Times: user=0.18 sys=0.01, real=0.01 secs] 
: 396650K->3234K(440896K), 0.0112550 secs] 6017874K->5626950K(12533952K), 0.0114680 secs] [Times: user=0.20 sys=0.00, real=0.01 secs] 
: 395170K->3232K(440896K), 0.0109870 secs] 6018886K->5627535K(12533952K), 0.0111110 secs] [Times: user=0.20 sys=0.00, real=0.01 secs] 
: 395168K->4059K(440896K), 0.0118110 secs] 6019471K->5628621K(12533952K), 0.0120230 secs] [Times: user=0.22 sys=0.01, real=0.01 secs] 
: 395995K->4309K(440896K), 0.0134510 secs] 6020557K->5629230K(12533952K), 0.0136320 secs] [Times: user=0.26 sys=0.00, real=0.02 secs] 
: 396245K->3606K(440896K), 0.0113590 secs] 6021166K->5629508K(12533952K), 0.0115770 secs] [Times: user=0.21 sys=0.00, real=0.01 secs] 
: 395542K->3342K(440896K), 0.0113080 secs] 6021444K->5630018K(12533952K), 0.0115070 secs] [Times: user=0.20 sys=0.00, real=0.01 secs] 
: 395278K->3172K(440896K), 0.0136420 secs] 6021954K->5630820K(12533952K), 0.0138160 secs] [Times: user=0.26 sys=0.00, real=0.02 secs] 
: 395108K->2956K(440896K), 0.0120230 secs] 6022756K->5631139K(12533952K), 0.0122780 secs] [Times: user=0.22 sys=0.00, real=0.01 secs] 
: 394892K->3160K(440896K), 0.0121810 secs] 6023075K->5631736K(12533952K), 0.0123760 secs] [Times: user=0.22 sys=0.00, real=0.01 secs] 
: 395096K->3196K(440896K), 0.0087390 secs] 6023672K->5632366K(12533952K), 0.0089640 secs] [Times: user=0.15 sys=0.00, real=0.01 secs] 
: 395132K->3044K(440896K), 0.0091720 secs] 6024302K->5632802K(12533952K), 0.0093960 secs] [Times: user=0.16 sys=0.00, real=0.01 secs] 
: 394980K->3034K(440896K), 0.0093730 secs] 6024738K->5633122K(12533952K), 0.0096110 secs] [Times: user=0.16 sys=0.00, real=0.01 secs] 
: 394970K->3302K(440896K), 0.0131450 secs] 6025058K->5634108K(12533952K), 0.0133610 secs] [Times: user=0.24 sys=0.00, real=0.02 secs] 
: 395238K->3908K(440896K), 0.0112040 secs] 6026044K->5635306K(12533952K), 0.0114420 secs] [Times: user=0.20 sys=0.00, real=0.01 secs] 
: 395844K->4344K(440896K), 0.0099620 secs] 6027242K->5636140K(12533952K), 0.0101930 secs] [Times: user=0.18 sys=0.00, real=0.01 secs] 
: 396280K->5065K(440896K), 0.0096610 secs] 6028076K->5637124K(12533952K), 0.0098170 secs] [Times: user=0.18 sys=0.00, real=0.01 secs] 
: 397001K->4680K(440896K), 0.0105080 secs] 6029060K->5637773K(12533952K), 0.0106950 secs] [Times: user=0.19 sys=0.00, real=0.01 secs] 
: 396616K->4202K(440896K), 0.0091020 secs] 6029709K->5638594K(12533952K), 0.0093270 secs] [Times: user=0.16 sys=0.00, real=0.01 secs] 
: 396138K->4200K(440896K), 0.0112700 secs] 6030530K->5639333K(12533952K), 0.0115030 secs] [Times: user=0.20 sys=0.01, real=0.01 secs] 
: 396136K->4527K(440896K), 0.0118290 secs] 6031269K->5640577K(12533952K), 0.0120310 secs] [Times: user=0.22 sys=0.00, real=0.02 secs] 
: 396463K->4220K(440896K), 0.0096600 secs] 6032513K->5640996K(12533952K), 0.0098690 secs] [Times: user=0.17 sys=0.00, real=0.01 secs] 
: 396156K->3954K(440896K), 0.0103480 secs] 6032932K->5641707K(12533952K), 0.0105390 secs] [Times: user=0.19 sys=0.00, real=0.01 secs] 
: 395890K->4239K(440896K), 0.0124210 secs] 6033643K->5642445K(12533952K), 0.0126300 secs] [Times: user=0.23 sys=0.00, real=0.02 secs] 
: 396175K->4487K(440896K), 0.0115520 secs] 6034381K->5643672K(12533952K), 0.0117420 secs] [Times: user=0.19 sys=0.00, real=0.01 secs] 
: 396423K->4353K(440896K), 0.0097520 secs] 6035608K->5644154K(12533952K), 0.0099710 secs] [Times: user=0.17 sys=0.01, real=0.01 secs] 
: 396289K->4551K(440896K), 0.0098210 secs] 6036090K->5645006K(12533952K), 0.0100280 secs] [Times: user=0.17 sys=0.00, real=0.01 secs] 
: 396487K->4723K(440896K), 0.0118320 secs] 6036942K->5645960K(12533952K), 0.0120420 secs] [Times: user=0.21 sys=0.00, real=0.02 secs] 
: 396659K->4558K(440896K), 0.0093660 secs] 6037896K->5646895K(12533952K), 0.0095790 secs] [Times: user=0.17 sys=0.00, real=0.01 secs] 
: 396494K->4351K(440896K), 0.0107690 secs] 6038831K->5647539K(12533952K), 0.0110050 secs] [Times: user=0.19 sys=0.00, real=0.01 secs] 
: 396287K->4110K(440896K), 0.0114920 secs] 6039475K->5648203K(12533952K), 0.0116870 secs] [Times: user=0.20 sys=0.00, real=0.02 secs] 
: 396046K->4254K(440896K), 0.0102940 secs] 6040139K->5649125K(12533952K), 0.0104790 secs] [Times: user=0.21 sys=0.00, real=0.01 secs] 
: 396190K->3786K(440896K), 0.0109300 secs] 6041061K->5649634K(12533952K), 0.0111220 secs] [Times: user=0.21 sys=0.00, real=0.01 secs] 
: 395722K->3410K(440896K), 0.0120440 secs] 6041570K->5649974K(12533952K), 0.0122590 secs] [Times: user=0.22 sys=0.00, real=0.02 secs] 
: 395346K->3364K(440896K), 0.0103580 secs] 6041910K->5650643K(12533952K), 0.0105750 secs] [Times: user=0.18 sys=0.00, real=0.01 secs] 
: 395300K->3237K(440896K), 0.0131540 secs] 6042579K->5651259K(12533952K), 0.0133570 secs] [Times: user=0.24 sys=0.00, real=0.02 secs] 
: 395173K->3741K(440896K), 0.0112040 secs] 6043195K->5652280K(12533952K), 0.0114680 secs] [Times: user=0.22 sys=0.00, real=0.01 secs] 
: 395677K->4182K(440896K), 0.0110520 secs] 6044216K->5653176K(12533952K), 0.0112580 secs] [Times: user=0.20 sys=0.00, real=0.01 secs] 
: 396118K->5090K(440896K), 0.0138270 secs] 6045112K->5654795K(12533952K), 0.0140420 secs] [Times: user=0.23 sys=0.00, real=0.02 secs] 
: 397026K->7685K(440896K), 0.0105820 secs] 6046731K->5657895K(12533952K), 0.0107910 secs] [Times: user=0.18 sys=0.00, real=0.01 secs] 
: 399621K->8295K(440896K), 0.0120630 secs] 6049831K->5659552K(12533952K), 0.0122730 secs] [Times: user=0.22 sys=0.00, real=0.02 secs] 
: 400231K->9302K(440896K), 0.0134060 secs] 6051488K->5661425K(12533952K), 0.0136060 secs] [Times: user=0.26 sys=0.00, real=0.01 secs] 
: 401238K->9260K(440896K), 0.0131030 secs] 6053361K->5663192K(12533952K), 0.0133160 secs] [Times: user=0.24 sys=0.00, real=0.02 secs] 
: 401196K->8865K(440896K), 0.0119980 secs] 6055128K->5665602K(12533952K), 0.0122070 secs] [Times: user=0.22 sys=0.00, real=0.02 secs] 
: 400801K->10499K(440896K), 0.0113640 secs] 6057538K->5668981K(12533952K), 0.0115930 secs] [Times: user=0.22 sys=0.00, real=0.02 secs] 
: 402435K->10948K(440896K), 0.0101850 secs] 6060917K->5671374K(12533952K), 0.0104250 secs] [Times: user=0.19 sys=0.00, real=0.01 secs] 
: 402884K->11157K(440896K), 0.0139020 secs] 6063310K->5673460K(12533952K), 0.0141010 secs] [Times: user=0.25 sys=0.00, real=0.02 secs] 
: 403093K->11822K(440896K), 0.0100900 secs] 6065396K->5676445K(12533952K), 0.0103060 secs] [Times: user=0.18 sys=0.00, real=0.01 secs] 
: 403758K->12288K(440896K), 0.0138180 secs] 6068381K->5680163K(12533952K), 0.0140580 secs] [Times: user=0.26 sys=0.01, real=0.01 secs] 
: 404224K->12762K(440896K), 0.0124260 secs] 6072099K->5683091K(12533952K), 0.0126650 secs] [Times: user=0.23 sys=0.00, real=0.02 secs] 
: 404698K->14089K(440896K), 0.0129540 secs] 6075027K->5686702K(12533952K), 0.0131650 secs] [Times: user=0.23 sys=0.00, real=0.02 secs] 
: 406025K->14218K(440896K), 0.0099060 secs] 6078638K->5689674K(12533952K), 0.0101300 secs] [Times: user=0.18 sys=0.01, real=0.01 secs] 
: 406154K->13403K(440896K), 0.0110530 secs] 6081610K->5692558K(12533952K), 0.0112610 secs] [Times: user=0.18 sys=0.00, real=0.01 secs] 
: 405339K->14301K(440896K), 0.0121770 secs] 6084494K->5696357K(12533952K), 0.0124270 secs] [Times: user=0.23 sys=0.00, real=0.01 secs] 
: 406237K->13295K(440896K), 0.0131090 secs] 6088293K->5699174K(12533952K), 0.0136980 secs] [Times: user=0.23 sys=0.00, real=0.02 secs] 
: 405231K->12903K(440896K), 0.0084310 secs] 6091110K->5701618K(12533952K), 0.0086800 secs] [Times: user=0.16 sys=0.00, real=0.01 secs] 
: 404839K->13765K(440896K), 0.0106250 secs] 6093554K->5705259K(12533952K), 0.0108120 secs] [Times: user=0.19 sys=0.00, real=0.02 secs] 
: 405701K->12911K(440896K), 0.0106550 secs] 6097195K->5708405K(12533952K), 0.0108470 secs] [Times: user=0.17 sys=0.01, real=0.01 secs] 
: 404847K->13842K(440896K), 0.0102730 secs] 6100341K->5711856K(12533952K), 0.0104630 secs] [Times: user=0.19 sys=0.00, real=0.01 secs] 
: 405778K->14098K(440896K), 0.0142540 secs] 6103792K->5714568K(12533952K), 0.0144670 secs] [Times: user=0.26 sys=0.00, real=0.01 secs] 
: 405887K->12765K(440896K), 0.0113040 secs] 6106357K->5716782K(12533952K), 0.0115170 secs] [Times: user=0.20 sys=0.00, real=0.02 secs] 
: 404701K->13579K(440896K), 0.0129950 secs] 6108718K->5720903K(12533952K), 0.0132030 secs] [Times: user=0.21 sys=0.01, real=0.02 secs] 
: 405515K->13162K(440896K), 0.0105630 secs] 6112839K->5723662K(12533952K), 0.0107870 secs] [Times: user=0.18 sys=0.00, real=0.01 secs] 
: 405098K->13331K(440896K), 0.0117500 secs] 6115598K->5726488K(12533952K), 0.0119870 secs] [Times: user=0.20 sys=0.00, real=0.02 secs] 
: 405267K->13487K(440896K), 0.0102280 secs] 6118424K->5729033K(12533952K), 0.0104590 secs] [Times: user=0.18 sys=0.00, real=0.01 secs] 
: 405423K->12265K(440896K), 0.0124020 secs] 6120969K->5732073K(12533952K), 0.0126120 secs] [Times: user=0.22 sys=0.00, real=0.02 secs] 
: 404201K->12603K(440896K), 0.0087050 secs] 6124009K->5735061K(12533952K), 0.0089410 secs] [Times: user=0.16 sys=0.00, real=0.01 secs] 
: 404539K->12685K(440896K), 0.0113300 secs] 6126997K->5738178K(12533952K), 0.0115400 secs] [Times: user=0.20 sys=0.00, real=0.02 secs] 
: 404621K->13316K(440896K), 0.0131920 secs] 6130114K->5741414K(12533952K), 0.0134060 secs] [Times: user=0.25 sys=0.00, real=0.01 secs] 
: 405252K->14338K(440896K), 0.0109400 secs] 6133350K->5745286K(12533952K), 0.0111580 secs] [Times: user=0.20 sys=0.00, real=0.01 secs] 
: 406274K->15000K(440896K), 0.0132760 secs] 6137222K->5748990K(12533952K), 0.0134370 secs] [Times: user=0.24 sys=0.00, real=0.01 secs] 
: 406936K->13670K(440896K), 0.0099750 secs] 6140926K->5750882K(12533952K), 0.0101580 secs] [Times: user=0.18 sys=0.00, real=0.01 secs] 
: 405606K->12952K(440896K), 0.0126000 secs] 6142818K->5753470K(12533952K), 0.0128150 secs] [Times: user=0.23 sys=0.00, real=0.01 secs] 
: 404888K->10835K(440896K), 0.0128730 secs] 6145406K->5755090K(12533952K), 0.0131040 secs] [Times: user=0.24 sys=0.00, real=0.01 secs] 
: 402771K->10298K(440896K), 0.0102520 secs] 6147026K->5758250K(12533952K), 0.0106420 secs] [Times: user=0.18 sys=0.00, real=0.01 secs] 
: 402128K->11117K(440896K), 0.0118500 secs] 6150079K->5761067K(12533952K), 0.0121370 secs] [Times: user=0.22 sys=0.00, real=0.02 secs] 
: 403053K->12392K(440896K), 0.0133570 secs] 6153003K->5764785K(12533952K), 0.0135960 secs] [Times: user=0.25 sys=0.00, real=0.01 secs] 
: 404328K->15096K(440896K), 0.0099410 secs] 6156721K->5769048K(12533952K), 0.0101720 secs] [Times: user=0.19 sys=0.00, real=0.01 secs] 
: 407032K->14580K(440896K), 0.0134680 secs] 6160984K->5771421K(12533952K), 0.0136880 secs] [Times: user=0.21 sys=0.00, real=0.01 secs] 
: 406516K->14175K(440896K), 0.0129070 secs] 6163357K->5774101K(12533952K), 0.0131190 secs] [Times: user=0.22 sys=0.00, real=0.01 secs] 
: 406111K->13791K(440896K), 0.0108550 secs] 6166037K->5777137K(12533952K), 0.0110540 secs] [Times: user=0.18 sys=0.00, real=0.01 secs] 
: 405727K->12006K(440896K), 0.0103540 secs] 6169073K->5779671K(12533952K), 0.0105410 secs] [Times: user=0.19 sys=0.00, real=0.01 secs] 
: 403942K->12607K(440896K), 0.0132530 secs] 6171607K->5782731K(12533952K), 0.0134920 secs] [Times: user=0.25 sys=0.00, real=0.01 secs] 
: 404543K->12190K(440896K), 0.0115490 secs] 6174667K->5785155K(12533952K), 0.0118280 secs] [Times: user=0.21 sys=0.00, real=0.01 secs] 
: 404023K->35255K(440896K), 0.0158070 secs] 6176989K->5810804K(12533952K), 0.0160310 secs] [Times: user=0.29 sys=0.00, real=0.01 secs] 
: 427112K->48960K(440896K), 0.0183300 secs] 6202660K->5880790K(12533952K), 0.0185100 secs] [Times: user=0.25 sys=0.00, real=0.02 secs] 
: 440851K->48945K(440896K), 0.0210140 secs] 6272681K->5943512K(12533952K), 0.0212390 secs] [Times: user=0.29 sys=0.01, real=0.02 secs] 
: 440881K->48960K(440896K), 0.0224100 secs] 6335448K->6008615K(12533952K), 0.0225890 secs] [Times: user=0.31 sys=0.01, real=0.03 secs] 
: 440896K->48960K(440896K), 0.0202370 secs] 6400551K->6071837K(12533952K), 0.0204690 secs] [Times: user=0.31 sys=0.00, real=0.02 secs] 
: 440719K->48908K(440896K), 0.0241690 secs] 6463596K->6139228K(12533952K), 0.0243720 secs] [Times: user=0.34 sys=0.00, real=0.03 secs] 
: 440841K->48960K(440896K), 0.0215600 secs] 6531162K->6195915K(12533952K), 0.0217590 secs] [Times: user=0.31 sys=0.00, real=0.03 secs] 
: 440881K->48960K(440896K), 0.0239450 secs] 6587837K->6263931K(12533952K), 0.0245190 secs] [Times: user=0.30 sys=0.00, real=0.03 secs] 
: 440839K->48960K(440896K), 0.0214280 secs] 6655811K->6325746K(12533952K), 0.0216110 secs] [Times: user=0.33 sys=0.00, real=0.03 secs] 
: 440767K->48960K(440896K), 0.0225680 secs] 6717554K->6394718K(12533952K), 0.0228080 secs] [Times: user=0.30 sys=0.01, real=0.02 secs] 
: 440711K->48933K(440896K), 0.0223820 secs] 6786469K->6457529K(12533952K), 0.0226150 secs] [Times: user=0.28 sys=0.00, real=0.02 secs] 
: 440687K->48960K(440896K), 0.0227780 secs] 6849283K->6521731K(12533952K), 0.0230130 secs] [Times: user=0.27 sys=0.01, real=0.02 secs] 
: 440642K->48960K(440896K), 0.0192200 secs] 6913413K->6586020K(12533952K), 0.0194550 secs] [Times: user=0.28 sys=0.00, real=0.02 secs] 
: 440729K->48960K(440896K), 0.0219820 secs] 6977789K->6655298K(12533952K), 0.0221940 secs] [Times: user=0.33 sys=0.00, real=0.02 secs] 
: 440749K->48959K(440896K), 0.0231560 secs] 7047087K->6714019K(12533952K), 0.0233810 secs] [Times: user=0.34 sys=0.00, real=0.02 secs] 
: 440862K->48960K(440896K), 0.0188380 secs] 7105921K->6778124K(12533952K), 0.0191040 secs] [Times: user=0.28 sys=0.00, real=0.02 secs] 
: 440841K->48960K(440896K), 0.0228270 secs] 7170005K->6843046K(12533952K), 0.0230510 secs] [Times: user=0.33 sys=0.00, real=0.02 secs] 
: 440652K->48960K(440896K), 0.0212940 secs] 7234738K->6905955K(12533952K), 0.0214860 secs] [Times: user=0.28 sys=0.00, real=0.02 secs] 
: 440754K->48937K(440896K), 0.0208980 secs] 7297750K->6968711K(12533952K), 0.0211080 secs] [Times: user=0.27 sys=0.00, real=0.03 secs] 
: 440873K->48960K(440896K), 0.0221810 secs] 7360647K->7032249K(12533952K), 0.0223770 secs] [Times: user=0.31 sys=0.00, real=0.02 secs] 
: 440887K->48960K(440896K), 0.0217290 secs] 7424177K->7093638K(12533952K), 0.0219370 secs] [Times: user=0.30 sys=0.00, real=0.02 secs] 
: 440734K->48960K(440896K), 0.0212540 secs] 7485413K->7156311K(12533952K), 0.0214020 secs] [Times: user=0.31 sys=0.00, real=0.02 secs] 
: 440768K->48960K(440896K), 0.0258510 secs] 7548119K->7245981K(12533952K), 0.0260490 secs] [Times: user=0.35 sys=0.00, real=0.03 secs] 
: 440896K->48960K(440896K), 0.0188540 secs] 7637917K->7289718K(12533952K), 0.0190050 secs] [Times: user=0.29 sys=0.00, real=0.02 secs] 
: 440896K->48960K(440896K), 0.0202660 secs] 7681654K->7347619K(12533952K), 0.0204590 secs] [Times: user=0.32 sys=0.00, real=0.02 secs] 
: 440759K->48960K(440896K), 0.0231120 secs] 7739419K->7414208K(12533952K), 0.0233190 secs] [Times: user=0.33 sys=0.01, real=0.02 secs] 
: 440795K->48960K(440896K), 0.0217890 secs] 7806044K->7475516K(12533952K), 0.0220970 secs] [Times: user=0.30 sys=0.01, real=0.02 secs] 
: 440896K->48960K(440896K), 0.0219460 secs] 7867452K->7536297K(12533952K), 0.0221310 secs] [Times: user=0.28 sys=0.01, real=0.03 secs] 
: 440775K->48960K(440896K), 0.0253570 secs] 7928113K->7596407K(12533952K), 0.0255590 secs] [Times: user=0.36 sys=0.00, real=0.03 secs] 
: 440710K->48960K(440896K), 0.0211760 secs] 7988157K->7659653K(12533952K), 0.0213470 secs] [Times: user=0.28 sys=0.00, real=0.02 secs] 
: 440891K->48909K(440896K), 0.0203540 secs] 8051585K->7724299K(12533952K), 0.0205670 secs] [Times: user=0.29 sys=0.00, real=0.02 secs] 
: 440722K->48931K(440896K), 0.0234470 secs] 8116112K->7790423K(12533952K), 0.0236520 secs] [Times: user=0.35 sys=0.00, real=0.02 secs] 
: 440700K->48960K(440896K), 0.0226530 secs] 8182192K->7851273K(12533952K), 0.0228650 secs] [Times: user=0.32 sys=0.01, real=0.02 secs] 
: 440896K->48960K(440896K), 0.0262670 secs] 8243209K->7934629K(12533952K), 0.0264850 secs] [Times: user=0.33 sys=0.00, real=0.03 secs] 
: 440776K->48960K(440896K), 0.0224020 secs] 8326446K->7982394K(12533952K), 0.0226070 secs] [Times: user=0.33 sys=0.00, real=0.02 secs] 
: 440766K->48960K(440896K), 0.0219610 secs] 8374201K->8044958K(12533952K), 0.0221850 secs] [Times: user=0.29 sys=0.00, real=0.02 secs] 
: 440655K->48960K(440896K), 0.0199610 secs] 8436653K->8108777K(12533952K), 0.0201090 secs] [Times: user=0.27 sys=0.00, real=0.02 secs] 
: 440738K->48958K(440896K), 0.0238260 secs] 8500556K->8173685K(12533952K), 0.0240210 secs] [Times: user=0.33 sys=0.00, real=0.03 secs] 
: 440733K->48960K(440896K), 0.0180890 secs] 8565460K->8238425K(12533952K), 0.0182890 secs] [Times: user=0.26 sys=0.00, real=0.02 secs] 
: 440686K->48960K(440896K), 0.0204610 secs] 8630152K->8305962K(12533952K), 0.0206590 secs] [Times: user=0.25 sys=0.00, real=0.02 secs] 
: 440886K->48960K(440896K), 0.0240490 secs] 8697888K->8368244K(12533952K), 0.0242010 secs] [Times: user=0.38 sys=0.00, real=0.02 secs] 
: 440676K->48960K(440896K), 0.0221960 secs] 8759961K->8431418K(12533952K), 0.0224020 secs] [Times: user=0.35 sys=0.00, real=0.02 secs] 
: 440896K->48960K(440896K), 0.0239960 secs] 8823354K->8494436K(12533952K), 0.0242260 secs] [Times: user=0.36 sys=0.00, real=0.03 secs] 
: 440883K->48960K(440896K), 0.0226300 secs] 8886359K->8558829K(12533952K), 0.0228670 secs] [Times: user=0.36 sys=0.00, real=0.02 secs] 
2015-04-01T06:19:08.599-0700: 13190948.672: [GC [1 CMS-initial-mark: 8509869K(12093056K)] 8559085K(12533952K), 0.0056010 secs] [Times: user=0.00 sys=0.00, real=0.01 secs] 
2015-04-01T06:19:08.871-0700: 13190948.943: [CMS-concurrent-mark: 0.266/0.266 secs] [Times: user=1.61 sys=0.00, real=0.26 secs] 
2015-04-01T06:19:08.909-0700: 13190948.982: [CMS-concurrent-preclean: 0.038/0.038 secs] [Times: user=0.04 sys=0.00, real=0.04 secs] 
2015-04-01T06:19:08.911-0700: 13190948.983: [GC[YG occupancy: 49499 K (440896 K)]13190948.983: [Rescan (parallel) , 0.0052110 secs]13190948.988: [weak refs processing, 0.0068250 secs] [1 CMS-remark: 8509869K(12093056K)] 8559368K(12533952K), 0.0124070 secs] [Times: user=0.07 sys=0.00, real=0.02 secs] 
2015-04-01T06:19:09.676-0700: 13190949.749: [CMS-concurrent-sweep: 0.753/0.753 secs] [Times: user=0.78 sys=0.00, real=0.75 secs] 
2015-04-01T06:19:09.704-0700: 13190949.776: [CMS-concurrent-reset: 0.028/0.028 secs] [Times: user=0.03 sys=0.00, real=0.03 secs] 
: 440790K->48960K(440896K), 0.0202960 secs] 3636147K->3312007K(12533952K), 0.0205040 secs] [Times: user=0.33 sys=0.00, real=0.02 secs] 
: 440896K->48960K(440896K), 0.0193980 secs] 3703943K->3371533K(12533952K), 0.0196240 secs] [Times: user=0.24 sys=0.00, real=0.02 secs] 
: 440881K->48960K(440896K), 0.0203130 secs] 3763454K->3436022K(12533952K), 0.0205050 secs] [Times: user=0.31 sys=0.00, real=0.02 secs] 
: 440896K->48947K(440896K), 0.0221430 secs] 3827958K->3497986K(12533952K), 0.0223700 secs] [Times: user=0.36 sys=0.00, real=0.02 secs] 
: 440627K->48929K(440896K), 0.0180690 secs] 3889666K->3562071K(12533952K), 0.0183070 secs] [Times: user=0.27 sys=0.00, real=0.02 secs] 
: 440847K->48910K(440896K), 0.0211030 secs] 3953989K->3627243K(12533952K), 0.0212820 secs] [Times: user=0.31 sys=0.01, real=0.03 secs] 
: 440811K->48960K(440896K), 0.0206330 secs] 4019145K->3691023K(12533952K), 0.0208650 secs] [Times: user=0.28 sys=0.00, real=0.02 secs] 
: 440896K->48931K(440896K), 0.0232170 secs] 4082959K->3753838K(12533952K), 0.0234340 secs] [Times: user=0.27 sys=0.01, real=0.03 secs] 
: 440867K->48960K(440896K), 0.0254710 secs] 4145774K->3817721K(12533952K), 0.0257100 secs] [Times: user=0.32 sys=0.00, real=0.02 secs] 
: 440648K->48960K(440896K), 0.0345870 secs] 4209410K->3881552K(12533952K), 0.0348150 secs] [Times: user=0.32 sys=0.01, real=0.03 secs] 
: 440683K->48960K(440896K), 0.0249760 secs] 4273276K->3946672K(12533952K), 0.0252170 secs] [Times: user=0.30 sys=0.01, real=0.03 secs] 
: 440896K->48960K(440896K), 0.0204380 secs] 4338608K->4010609K(12533952K), 0.0206210 secs] [Times: user=0.31 sys=0.00, real=0.02 secs] 
: 440658K->48960K(440896K), 0.0177910 secs] 4402307K->4074221K(12533952K), 0.0179920 secs] [Times: user=0.25 sys=0.00, real=0.02 secs] 
: 440878K->48902K(440896K), 0.0217020 secs] 4466139K->4138894K(12533952K), 0.0218950 secs] [Times: user=0.34 sys=0.00, real=0.02 secs] 
: 440738K->48960K(440896K), 0.0237640 secs] 4530729K->4213267K(12533952K), 0.0239530 secs] [Times: user=0.31 sys=0.01, real=0.02 secs] 
: 440678K->48960K(440896K), 0.0212610 secs] 4604986K->4277894K(12533952K), 0.0214670 secs] [Times: user=0.29 sys=0.00, real=0.02 secs] 
: 440763K->48960K(440896K), 0.0208000 secs] 4669697K->4340346K(12533952K), 0.0212790 secs] [Times: user=0.30 sys=0.00, real=0.02 secs] 
: 440683K->48960K(440896K), 0.0214840 secs] 4732069K->4400282K(12533952K), 0.0217140 secs] [Times: user=0.32 sys=0.01, real=0.02 secs] 
: 440668K->48960K(440896K), 0.0200370 secs] 4791990K->4465966K(12533952K), 0.0202080 secs] [Times: user=0.27 sys=0.00, real=0.02 secs] 
: 440705K->48906K(440896K), 0.0232210 secs] 4857711K->4530648K(12533952K), 0.0234560 secs] [Times: user=0.30 sys=0.01, real=0.02 secs] 
: 440672K->48960K(440896K), 0.0228120 secs] 4922414K->4598074K(12533952K), 0.0230420 secs] [Times: user=0.26 sys=0.01, real=0.02 secs] 
: 440768K->48899K(440896K), 0.0230940 secs] 4989882K->4661932K(12533952K), 0.0232450 secs] [Times: user=0.29 sys=0.00, real=0.03 secs] 
: 440799K->48960K(440896K), 0.0250180 secs] 5053832K->4727186K(12533952K), 0.0252170 secs] [Times: user=0.29 sys=0.00, real=0.02 secs] 
: 440896K->48902K(440896K), 0.0196890 secs] 5119122K->4791983K(12533952K), 0.0198360 secs] [Times: user=0.23 sys=0.01, real=0.02 secs] 
: 440794K->48960K(440896K), 0.0215740 secs] 5183874K->4857031K(12533952K), 0.0217740 secs] [Times: user=0.29 sys=0.01, real=0.02 secs] 
: 440753K->48903K(440896K), 0.0211220 secs] 5248825K->4922386K(12533952K), 0.0213310 secs] [Times: user=0.29 sys=0.00, real=0.02 secs] 
: 440809K->48955K(440896K), 0.0216850 secs] 5314293K->4987450K(12533952K), 0.0218190 secs] [Times: user=0.32 sys=0.00, real=0.03 secs] 
: 440850K->48918K(440896K), 0.0239470 secs] 5379345K->5050475K(12533952K), 0.0241430 secs] [Times: user=0.32 sys=0.01, real=0.02 secs] 
: 440605K->48960K(440896K), 0.0228960 secs] 5442162K->5116793K(12533952K), 0.0230880 secs] [Times: user=0.28 sys=0.01, real=0.03 secs] 
: 440738K->48920K(440896K), 0.0229360 secs] 5508571K->5179794K(12533952K), 0.0231320 secs] [Times: user=0.32 sys=0.00, real=0.02 secs] 
: 440828K->48960K(440896K), 0.0224480 secs] 5571702K->5242810K(12533952K), 0.0226360 secs] [Times: user=0.33 sys=0.00, real=0.03 secs] 
: 440648K->48960K(440896K), 0.0230580 secs] 5634499K->5306424K(12533952K), 0.0232630 secs] [Times: user=0.34 sys=0.00, real=0.02 secs] 
: 440825K->48960K(440896K), 0.0267770 secs] 5698290K->5370041K(12533952K), 0.0269840 secs] [Times: user=0.32 sys=0.01, real=0.03 secs] 
: 440873K->48960K(440896K), 0.0219370 secs] 5761955K->5434585K(12533952K), 0.0220900 secs] [Times: user=0.30 sys=0.01, real=0.02 secs] 
: 440896K->48923K(440896K), 0.0227190 secs] 5826521K->5497148K(12533952K), 0.0230450 secs] [Times: user=0.26 sys=0.01, real=0.02 secs] 
: 440859K->48960K(440896K), 0.0234670 secs] 5889084K->5563808K(12533952K), 0.0236610 secs] [Times: user=0.29 sys=0.01, real=0.02 secs] 
: 440689K->48960K(440896K), 0.0191100 secs] 5955538K->5626303K(12533952K), 0.0193050 secs] [Times: user=0.26 sys=0.00, real=0.02 secs] 
: 440763K->48960K(440896K), 0.0227210 secs] 6018106K->5694543K(12533952K), 0.0229150 secs] [Times: user=0.30 sys=0.00, real=0.02 secs] 
: 440818K->48960K(440896K), 0.0196430 secs] 6086401K->5755819K(12533952K), 0.0198380 secs] [Times: user=0.25 sys=0.00, real=0.02 secs] 
: 440647K->48910K(440896K), 0.0198330 secs] 6147506K->5820370K(12533952K), 0.0200370 secs] [Times: user=0.28 sys=0.01, real=0.02 secs] 
: 440776K->48960K(440896K), 0.0217120 secs] 6212237K->5882894K(12533952K), 0.0219200 secs] [Times: user=0.33 sys=0.00, real=0.03 secs] 
: 440814K->48960K(440896K), 0.0191320 secs] 6274749K->5946068K(12533952K), 0.0196360 secs] [Times: user=0.31 sys=0.01, real=0.02 secs] 
: 440747K->48960K(440896K), 0.0238610 secs] 6337855K->6015688K(12533952K), 0.0240610 secs] [Times: user=0.35 sys=0.00, real=0.03 secs] 
: 440818K->48960K(440896K), 0.0241420 secs] 6407547K->6073014K(12533952K), 0.0243360 secs] [Times: user=0.35 sys=0.01, real=0.02 secs] 
: 440862K->48960K(440896K), 0.0245310 secs] 6464916K->6133371K(12533952K), 0.0247420 secs] [Times: user=0.38 sys=0.00, real=0.02 secs] 
: 440805K->48960K(440896K), 0.0231970 secs] 6525217K->6207968K(12533952K), 0.0233490 secs] [Times: user=0.33 sys=0.01, real=0.03 secs] 
: 440896K->48960K(440896K), 0.0215430 secs] 6599904K->6259811K(12533952K), 0.0217360 secs] [Times: user=0.33 sys=0.00, real=0.03 secs] 
: 440878K->48960K(440896K), 0.0218960 secs] 6651729K->6318618K(12533952K), 0.0220940 secs] [Times: user=0.33 sys=0.00, real=0.02 secs] 
: 440795K->48960K(440896K), 0.0251960 secs] 6710453K->6396639K(12533952K), 0.0253900 secs] [Times: user=0.33 sys=0.00, real=0.02 secs] 
: 440741K->48960K(440896K), 0.0191240 secs] 6788421K->6450417K(12533952K), 0.0193280 secs] [Times: user=0.30 sys=0.00, real=0.02 secs] 
: 440832K->48916K(440896K), 0.0230590 secs] 6842289K->6508457K(12533952K), 0.0232620 secs] [Times: user=0.37 sys=0.00, real=0.02 secs] 
: 440774K->48960K(440896K), 0.0219910 secs] 6900315K->6572028K(12533952K), 0.0221980 secs] [Times: user=0.32 sys=0.00, real=0.02 secs] 
: 440881K->48960K(440896K), 0.0236550 secs] 6963949K->6633183K(12533952K), 0.0239220 secs] [Times: user=0.35 sys=0.01, real=0.02 secs] 
: 440896K->48960K(440896K), 0.0204000 secs] 7025119K->6694357K(12533952K), 0.0205430 secs] [Times: user=0.32 sys=0.00, real=0.02 secs] 
: 440896K->48960K(440896K), 0.0250150 secs] 7086293K->6771936K(12533952K), 0.0251820 secs] [Times: user=0.29 sys=0.00, real=0.03 secs] 
: 440889K->48960K(440896K), 0.0217670 secs] 7163866K->6854877K(12533952K), 0.0219250 secs] [Times: user=0.35 sys=0.00, real=0.02 secs] 
: 440713K->48960K(440896K), 0.0211900 secs] 7246631K->6899613K(12533952K), 0.0213910 secs] [Times: user=0.30 sys=0.00, real=0.02 secs] 
: 440846K->48960K(440896K), 0.0200110 secs] 7291499K->6952958K(12533952K), 0.0202130 secs] [Times: user=0.29 sys=0.01, real=0.02 secs] 
: 440729K->48960K(440896K), 0.0257350 secs] 7344727K->7017840K(12533952K), 0.0259400 secs] [Times: user=0.36 sys=0.00, real=0.02 secs] 
: 440670K->48919K(440896K), 0.0242660 secs] 7409551K->7082481K(12533952K), 0.0244580 secs] [Times: user=0.32 sys=0.00, real=0.02 secs] 
: 440768K->48960K(440896K), 0.0199310 secs] 7474331K->7142541K(12533952K), 0.0200870 secs] [Times: user=0.28 sys=0.00, real=0.02 secs] 
: 440895K->48960K(440896K), 0.0233360 secs] 7534476K->7206965K(12533952K), 0.0235540 secs] [Times: user=0.30 sys=0.00, real=0.03 secs] 
: 440749K->48960K(440896K), 0.0209140 secs] 7598754K->7272768K(12533952K), 0.0211390 secs] [Times: user=0.28 sys=0.01, real=0.02 secs] 
: 440896K->48960K(440896K), 0.0260420 secs] 7664704K->7336169K(12533952K), 0.0262790 secs] [Times: user=0.35 sys=0.00, real=0.03 secs] 
: 440896K->48959K(440896K), 0.0239530 secs] 7728105K->7399374K(12533952K), 0.0241830 secs] [Times: user=0.35 sys=0.00, real=0.02 secs] 
: 440872K->48916K(440896K), 0.0188940 secs] 7791286K->7463899K(12533952K), 0.0191410 secs] [Times: user=0.25 sys=0.01, real=0.02 secs] 
: 440657K->48951K(440896K), 0.0222360 secs] 7855640K->7532450K(12533952K), 0.0227540 secs] [Times: user=0.29 sys=0.00, real=0.02 secs] 
: 440887K->48960K(440896K), 0.0190850 secs] 7924386K->7595008K(12533952K), 0.0192680 secs] [Times: user=0.27 sys=0.00, real=0.02 secs] 
: 440811K->48960K(440896K), 0.0217060 secs] 7986859K->7657156K(12533952K), 0.0219370 secs] [Times: user=0.29 sys=0.00, real=0.02 secs] 
: 440688K->48928K(440896K), 0.0175580 secs] 8048885K->7721874K(12533952K), 0.0177100 secs] [Times: user=0.24 sys=0.00, real=0.02 secs] 
: 440864K->48942K(440896K), 0.0252800 secs] 8113810K->7787391K(12533952K), 0.0254710 secs] [Times: user=0.31 sys=0.01, real=0.03 secs] 
: 440714K->48960K(440896K), 0.0188190 secs] 8179162K->7851699K(12533952K), 0.0189850 secs] [Times: user=0.29 sys=0.00, real=0.02 secs] 
: 440896K->48960K(440896K), 0.0212140 secs] 8243635K->7918593K(12533952K), 0.0214180 secs] [Times: user=0.27 sys=0.00, real=0.02 secs] 
: 440660K->48960K(440896K), 0.0227680 secs] 8310293K->7977752K(12533952K), 0.0229990 secs] [Times: user=0.31 sys=0.01, real=0.02 secs] 
: 440723K->48929K(440896K), 0.0209980 secs] 8369515K->8039443K(12533952K), 0.0211690 secs] [Times: user=0.33 sys=0.01, real=0.02 secs] 
: 440861K->48960K(440896K), 0.0202330 secs] 8431376K->8102890K(12533952K), 0.0204050 secs] [Times: user=0.32 sys=0.00, real=0.02 secs] 
: 440809K->48960K(440896K), 0.0215310 secs] 8494739K->8168877K(12533952K), 0.0217780 secs] [Times: user=0.32 sys=0.00, real=0.02 secs] 
: 440896K->48914K(440896K), 0.0230350 secs] 8560813K->8231057K(12533952K), 0.0232770 secs] [Times: user=0.36 sys=0.00, real=0.02 secs] 
: 440758K->48960K(440896K), 0.0216860 secs] 8622901K->8297692K(12533952K), 0.0222450 secs] [Times: user=0.32 sys=0.00, real=0.02 secs] 
: 440643K->48960K(440896K), 0.0220780 secs] 8689376K->8360057K(12533952K), 0.0222550 secs] [Times: user=0.29 sys=0.01, real=0.02 secs] 
: 440709K->48960K(440896K), 0.0187070 secs] 8751807K->8424455K(12533952K), 0.0188770 secs] [Times: user=0.28 sys=0.00, real=0.01 secs] 
: 440675K->48960K(440896K), 0.0187100 secs] 8816170K->8488849K(12533952K), 0.0188830 secs] [Times: user=0.29 sys=0.00, real=0.02 secs] 
: 440692K->48960K(440896K), 0.0184580 secs] 8880581K->8555163K(12533952K), 0.0186610 secs] [Times: user=0.31 sys=0.00, real=0.02 secs] 
2015-04-01T06:40:12.594-0700: 13192212.667: [GC [1 CMS-initial-mark: 8506203K(12093056K)] 8555422K(12533952K), 0.0044850 secs] [Times: user=0.00 sys=0.00, real=0.01 secs] 
2015-04-01T06:40:12.906-0700: 13192212.979: [CMS-concurrent-mark: 0.307/0.307 secs] [Times: user=1.88 sys=0.00, real=0.31 secs] 
2015-04-01T06:40:12.937-0700: 13192213.010: [CMS-concurrent-preclean: 0.031/0.031 secs] [Times: user=0.04 sys=0.00, real=0.03 secs] 
2015-04-01T06:40:16.773-0700: 13192216.846: [CMS-concurrent-abortable-preclean: 2.532/3.836 secs] [Times: user=2.97 sys=0.19, real=3.83 secs] 
2015-04-01T06:40:16.775-0700: 13192216.847: [GC[YG occupancy: 246041 K (440896 K)]13192216.848: [Rescan (parallel) , 0.0056020 secs]13192216.853: [weak refs processing, 0.0063340 secs] [1 CMS-remark: 8506203K(12093056K)] 8752244K(12533952K), 0.0123470 secs] [Times: user=0.10 sys=0.00, real=0.02 secs] 
2015-04-01T06:40:17.521-0700: 13192217.594: [CMS-concurrent-sweep: 0.734/0.734 secs] [Times: user=0.83 sys=0.03, real=0.73 secs] 
2015-04-01T06:40:17.556-0700: 13192217.629: [CMS-concurrent-reset: 0.035/0.035 secs] [Times: user=0.04 sys=0.00, real=0.04 secs] 
: 440896K->48960K(440896K), 0.0181890 secs] 3923337K->3594722K(12533952K), 0.0184090 secs] [Times: user=0.30 sys=0.00, real=0.02 secs] 
: 440818K->48949K(440896K), 0.0166070 secs] 3986580K->3659233K(12533952K), 0.0167570 secs] [Times: user=0.26 sys=0.01, real=0.02 secs] 
: 440728K->48960K(440896K), 0.0165200 secs] 4051012K->3724063K(12533952K), 0.0166880 secs] [Times: user=0.25 sys=0.00, real=0.01 secs] 
: 440885K->48960K(440896K), 0.0196250 secs] 4115988K->3786988K(12533952K), 0.0201710 secs] [Times: user=0.32 sys=0.01, real=0.02 secs] 
: 440715K->48960K(440896K), 0.0224650 secs] 4178744K->3848331K(12533952K), 0.0226460 secs] [Times: user=0.32 sys=0.00, real=0.02 secs] 
: 440653K->48952K(440896K), 0.0214520 secs] 4240024K->3911249K(12533952K), 0.0216200 secs] [Times: user=0.32 sys=0.00, real=0.02 secs] 
: 440832K->48936K(440896K), 0.0223450 secs] 4303129K->3977786K(12533952K), 0.0225850 secs] [Times: user=0.34 sys=0.01, real=0.02 secs] 
: 440872K->48960K(440896K), 0.0216020 secs] 4369722K->4042077K(12533952K), 0.0218020 secs] [Times: user=0.32 sys=0.01, real=0.02 secs] 
: 440689K->48960K(440896K), 0.0224440 secs] 4433807K->4107002K(12533952K), 0.0226640 secs] [Times: user=0.29 sys=0.01, real=0.02 secs] 
: 440664K->48960K(440896K), 0.0278300 secs] 4498707K->4170912K(12533952K), 0.0280650 secs] [Times: user=0.26 sys=0.01, real=0.03 secs] 
: 440896K->48960K(440896K), 0.0225270 secs] 4562848K->4233845K(12533952K), 0.0227630 secs] [Times: user=0.29 sys=0.01, real=0.02 secs] 
: 440675K->48960K(440896K), 0.0196000 secs] 4625561K->4297332K(12533952K), 0.0197550 secs] [Times: user=0.30 sys=0.01, real=0.02 secs] 
: 440896K->48905K(440896K), 0.0204940 secs] 4689268K->4362913K(12533952K), 0.0206830 secs] [Times: user=0.27 sys=0.00, real=0.02 secs] 
: 440585K->48960K(440896K), 0.0183570 secs] 4754593K->4428898K(12533952K), 0.0185040 secs] [Times: user=0.27 sys=0.00, real=0.02 secs] 
: 440854K->48960K(440896K), 0.0184240 secs] 4820792K->4494966K(12533952K), 0.0189090 secs] [Times: user=0.27 sys=0.00, real=0.02 secs] 
: 440896K->48945K(440896K), 0.0204500 secs] 4886902K->4561517K(12533952K), 0.0206510 secs] [Times: user=0.28 sys=0.01, real=0.02 secs] 
: 440663K->48960K(440896K), 0.0227370 secs] 4953234K->4621208K(12533952K), 0.0229390 secs] [Times: user=0.40 sys=0.00, real=0.02 secs] 
: 440662K->48960K(440896K), 0.0218540 secs] 5012911K->4691045K(12533952K), 0.0223240 secs] [Times: user=0.29 sys=0.00, real=0.02 secs] 
: 440767K->48960K(440896K), 0.0201490 secs] 5082853K->4752956K(12533952K), 0.0203640 secs] [Times: user=0.32 sys=0.00, real=0.02 secs] 
: 440896K->48944K(440896K), 0.0220330 secs] 5144892K->4816791K(12533952K), 0.0222320 secs] [Times: user=0.26 sys=0.01, real=0.02 secs] 
: 440880K->48960K(440896K), 0.0243190 secs] 5208727K->4881788K(12533952K), 0.0245110 secs] [Times: user=0.34 sys=0.01, real=0.02 secs] 
: 440851K->48960K(440896K), 0.0257170 secs] 5273680K->4946515K(12533952K), 0.0259110 secs] [Times: user=0.32 sys=0.00, real=0.02 secs] 
: 440812K->48960K(440896K), 0.0252340 secs] 5338367K->5010106K(12533952K), 0.0253840 secs] [Times: user=0.31 sys=0.01, real=0.03 secs] 
: 440851K->48960K(440896K), 0.0217010 secs] 5401998K->5075553K(12533952K), 0.0219170 secs] [Times: user=0.26 sys=0.00, real=0.02 secs] 
: 440896K->48930K(440896K), 0.0215370 secs] 5467489K->5139509K(12533952K), 0.0217320 secs] [Times: user=0.33 sys=0.01, real=0.02 secs] 
: 440745K->48960K(440896K), 0.0204630 secs] 5531324K->5204121K(12533952K), 0.0206550 secs] [Times: user=0.28 sys=0.00, real=0.03 secs] 
: 440714K->48960K(440896K), 0.0173740 secs] 5595876K->5268563K(12533952K), 0.0175270 secs] [Times: user=0.25 sys=0.00, real=0.01 secs] 
: 440699K->48960K(440896K), 0.0218980 secs] 5660302K->5334002K(12533952K), 0.0221500 secs] [Times: user=0.27 sys=0.00, real=0.02 secs] 
: 440725K->48927K(440896K), 0.0179380 secs] 5725768K->5398252K(12533952K), 0.0180900 secs] [Times: user=0.24 sys=0.00, real=0.02 secs] 
: 440763K->48904K(440896K), 0.0203320 secs] 5790087K->5462729K(12533952K), 0.0208680 secs] [Times: user=0.27 sys=0.01, real=0.02 secs] 
: 440699K->48907K(440896K), 0.0203610 secs] 5854524K->5525662K(12533952K), 0.0205620 secs] [Times: user=0.26 sys=0.00, real=0.02 secs] 
: 440778K->48960K(440896K), 0.0212730 secs] 5917532K->5589903K(12533952K), 0.0214630 secs] [Times: user=0.27 sys=0.00, real=0.03 secs] 
: 440697K->48960K(440896K), 0.0191360 secs] 5981640K->5653742K(12533952K), 0.0193240 secs] [Times: user=0.25 sys=0.01, real=0.02 secs] 
: 440863K->48960K(440896K), 0.0269290 secs] 6045645K->5734162K(12533952K), 0.0270920 secs] [Times: user=0.36 sys=0.01, real=0.03 secs] 
: 440861K->48960K(440896K), 0.0206080 secs] 6126063K->5779883K(12533952K), 0.0208410 secs] [Times: user=0.31 sys=0.01, real=0.02 secs] 
: 440780K->48960K(440896K), 0.0191020 secs] 6171703K->5840826K(12533952K), 0.0192920 secs] [Times: user=0.27 sys=0.01, real=0.01 secs] 
: 440725K->48960K(440896K), 0.0234800 secs] 6232591K->5904415K(12533952K), 0.0237060 secs] [Times: user=0.32 sys=0.01, real=0.02 secs] 
: 440875K->48920K(440896K), 0.0240450 secs] 6296330K->5967575K(12533952K), 0.0242490 secs] [Times: user=0.31 sys=0.00, real=0.02 secs] 
: 440847K->48904K(440896K), 0.0200240 secs] 6359501K->6030655K(12533952K), 0.0202320 secs] [Times: user=0.27 sys=0.01, real=0.02 secs] 
: 440783K->48907K(440896K), 0.0209900 secs] 6422534K->6091571K(12533952K), 0.0211920 secs] [Times: user=0.29 sys=0.00, real=0.02 secs] 
: 440793K->48960K(440896K), 0.0235010 secs] 6483457K->6165701K(12533952K), 0.0236800 secs] [Times: user=0.35 sys=0.01, real=0.03 secs] 
: 440654K->48960K(440896K), 0.0224190 secs] 6557395K->6220528K(12533952K), 0.0226180 secs] [Times: user=0.31 sys=0.00, real=0.02 secs] 
: 440892K->48960K(440896K), 0.0243870 secs] 6612460K->6289159K(12533952K), 0.0246170 secs] [Times: user=0.34 sys=0.00, real=0.03 secs] 
: 440868K->48922K(440896K), 0.0233120 secs] 6681068K->6346613K(12533952K), 0.0235000 secs] [Times: user=0.33 sys=0.00, real=0.02 secs] 
: 440844K->48960K(440896K), 0.0225530 secs] 6738534K->6414071K(12533952K), 0.0227450 secs] [Times: user=0.26 sys=0.00, real=0.02 secs] 
: 440862K->48960K(440896K), 0.0259300 secs] 6805973K->6478046K(12533952K), 0.0261320 secs] [Times: user=0.31 sys=0.00, real=0.02 secs] 
: 440896K->48899K(440896K), 0.0211860 secs] 6869982K->6537478K(12533952K), 0.0213960 secs] [Times: user=0.31 sys=0.00, real=0.02 secs] 
: 440787K->48960K(440896K), 0.0224710 secs] 6929366K->6601174K(12533952K), 0.0226760 secs] [Times: user=0.30 sys=0.00, real=0.02 secs] 
: 440846K->48960K(440896K), 0.0237080 secs] 6993061K->6664579K(12533952K), 0.0239340 secs] [Times: user=0.37 sys=0.00, real=0.02 secs] 
: 440896K->48960K(440896K), 0.0222550 secs] 7056515K->6729048K(12533952K), 0.0224070 secs] [Times: user=0.34 sys=0.00, real=0.02 secs] 
: 440811K->48960K(440896K), 0.0230670 secs] 7120899K->6791699K(12533952K), 0.0232780 secs] [Times: user=0.31 sys=0.00, real=0.02 secs] 
: 440808K->48960K(440896K), 0.0199870 secs] 7183548K->6855811K(12533952K), 0.0201910 secs] [Times: user=0.28 sys=0.01, real=0.02 secs] 
: 440677K->48960K(440896K), 0.0226520 secs] 7247528K->6918799K(12533952K), 0.0228510 secs] [Times: user=0.33 sys=0.00, real=0.03 secs] 
: 440820K->48899K(440896K), 0.0241120 secs] 7310660K->6983618K(12533952K), 0.0243090 secs] [Times: user=0.29 sys=0.00, real=0.03 secs] 
: 440587K->48960K(440896K), 0.0188710 secs] 7375306K->7049069K(12533952K), 0.0190240 secs] [Times: user=0.25 sys=0.00, real=0.02 secs] 
: 440896K->48951K(440896K), 0.0180730 secs] 7441005K->7111600K(12533952K), 0.0182410 secs] [Times: user=0.26 sys=0.00, real=0.02 secs] 
: 440887K->48960K(440896K), 0.0243910 secs] 7503536K->7192884K(12533952K), 0.0245790 secs] [Times: user=0.34 sys=0.00, real=0.02 secs] 
: 440714K->48955K(440896K), 0.0223500 secs] 7584638K->7240353K(12533952K), 0.0225430 secs] [Times: user=0.30 sys=0.01, real=0.02 secs] 
: 440880K->48960K(440896K), 0.0213490 secs] 7632277K->7308841K(12533952K), 0.0215480 secs] [Times: user=0.25 sys=0.00, real=0.02 secs] 
: 440684K->48960K(440896K), 0.0237890 secs] 7700565K->7372868K(12533952K), 0.0239830 secs] [Times: user=0.31 sys=0.00, real=0.03 secs] 
: 440780K->48916K(440896K), 0.0209790 secs] 7764689K->7435986K(12533952K), 0.0211280 secs] [Times: user=0.28 sys=0.01, real=0.02 secs] 
: 440638K->48913K(440896K), 0.0212920 secs] 7827708K->7499904K(12533952K), 0.0214830 secs] [Times: user=0.29 sys=0.00, real=0.02 secs] 
: 440826K->48960K(440896K), 0.0236050 secs] 7891816K->7565300K(12533952K), 0.0238000 secs] [Times: user=0.33 sys=0.01, real=0.03 secs] 
: 440740K->48960K(440896K), 0.0198820 secs] 7957081K->7629574K(12533952K), 0.0200740 secs] [Times: user=0.26 sys=0.00, real=0.02 secs] 
: 440896K->48960K(440896K), 0.0267210 secs] 8021510K->7695508K(12533952K), 0.0269320 secs] [Times: user=0.35 sys=0.00, real=0.03 secs] 
: 440896K->48960K(440896K), 0.0210470 secs] 8087444K->7759184K(12533952K), 0.0212980 secs] [Times: user=0.28 sys=0.00, real=0.03 secs] 
: 440845K->48960K(440896K), 0.0241940 secs] 8151069K->7822545K(12533952K), 0.0244000 secs] [Times: user=0.37 sys=0.00, real=0.02 secs] 
: 440685K->48960K(440896K), 0.0251190 secs] 8214270K->7905654K(12533952K), 0.0252750 secs] [Times: user=0.33 sys=0.00, real=0.02 secs] 
: 440799K->48960K(440896K), 0.0212050 secs] 8297493K->7945676K(12533952K), 0.0214460 secs] [Times: user=0.29 sys=0.00, real=0.02 secs] 
: 440772K->48960K(440896K), 0.0233510 secs] 8337489K->8005908K(12533952K), 0.0235480 secs] [Times: user=0.35 sys=0.01, real=0.02 secs] 
: 440844K->48960K(440896K), 0.0248350 secs] 8397792K->8068867K(12533952K), 0.0250320 secs] [Times: user=0.37 sys=0.00, real=0.03 secs] 
: 440797K->48960K(440896K), 0.0206950 secs] 8460705K->8134783K(12533952K), 0.0208430 secs] [Times: user=0.29 sys=0.00, real=0.02 secs] 
: 440724K->48960K(440896K), 0.0235860 secs] 8526547K->8196970K(12533952K), 0.0237810 secs] [Times: user=0.35 sys=0.00, real=0.02 secs] 
: 440835K->48960K(440896K), 0.0234120 secs] 8588845K->8261668K(12533952K), 0.0235580 secs] [Times: user=0.32 sys=0.00, real=0.03 secs] 
: 440689K->48960K(440896K), 0.0226950 secs] 8653397K->8321754K(12533952K), 0.0228990 secs] [Times: user=0.36 sys=0.00, real=0.02 secs] 
: 440789K->48960K(440896K), 0.0230540 secs] 8713583K->8383501K(12533952K), 0.0232750 secs] [Times: user=0.35 sys=0.00, real=0.02 secs] 
: 440833K->48930K(440896K), 0.0250690 secs] 8775374K->8448491K(12533952K), 0.0253130 secs] [Times: user=0.34 sys=0.00, real=0.02 secs] 
: 440714K->48960K(440896K), 0.0234030 secs] 8840274K->8513232K(12533952K), 0.0236030 secs] [Times: user=0.36 sys=0.00, real=0.02 secs] 
: 440649K->48960K(440896K), 0.0210990 secs] 8904921K->8577995K(12533952K), 0.0213050 secs] [Times: user=0.32 sys=0.00, real=0.02 secs] 
2015-04-01T06:58:05.043-0700: 13193285.116: [GC [1 CMS-initial-mark: 8529035K(12093056K)] 8578254K(12533952K), 0.0048420 secs] [Times: user=0.01 sys=0.00, real=0.01 secs] 
2015-04-01T06:58:05.330-0700: 13193285.402: [CMS-concurrent-mark: 0.281/0.281 secs] [Times: user=1.72 sys=0.00, real=0.28 secs] 
2015-04-01T06:58:05.364-0700: 13193285.437: [CMS-concurrent-preclean: 0.035/0.035 secs] [Times: user=0.04 sys=0.00, real=0.03 secs] 
2015-04-01T06:58:09.577-0700: 13193289.650: [CMS-concurrent-abortable-preclean: 2.708/4.213 secs] [Times: user=3.19 sys=0.18, real=4.21 secs] 
2015-04-01T06:58:09.578-0700: 13193289.651: [GC[YG occupancy: 247981 K (440896 K)]13193289.651: [Rescan (parallel) , 0.0061630 secs]13193289.657: [weak refs processing, 0.0046140 secs] [1 CMS-remark: 8529035K(12093056K)] 8777017K(12533952K), 0.0111400 secs] [Times: user=0.11 sys=0.00, real=0.02 secs] 
2015-04-01T06:58:10.436-0700: 13193290.509: [CMS-concurrent-sweep: 0.846/0.846 secs] [Times: user=0.94 sys=0.02, real=0.84 secs] 
2015-04-01T06:58:10.467-0700: 13193290.539: [CMS-concurrent-reset: 0.030/0.030 secs] [Times: user=0.03 sys=0.00, real=0.03 secs] 
: 440644K->48960K(440896K), 0.0183240 secs] 3752502K->3425801K(12533952K), 0.0189220 secs] [Times: user=0.26 sys=0.00, real=0.02 secs] 
: 440757K->48960K(440896K), 0.0202050 secs] 3817598K->3488498K(12533952K), 0.0204080 secs] [Times: user=0.29 sys=0.00, real=0.02 secs] 
: 440784K->48960K(440896K), 0.0199600 secs] 3880322K->3552559K(12533952K), 0.0201660 secs] [Times: user=0.32 sys=0.00, real=0.02 secs] 
: 440865K->48960K(440896K), 0.0184910 secs] 3944464K->3622713K(12533952K), 0.0186960 secs] [Times: user=0.30 sys=0.00, real=0.02 secs] 
: 440896K->48921K(440896K), 0.0210840 secs] 4014649K->3683052K(12533952K), 0.0212710 secs] [Times: user=0.31 sys=0.00, real=0.02 secs] 
: 440857K->48960K(440896K), 0.0212700 secs] 4074988K->3753172K(12533952K), 0.0214620 secs] [Times: user=0.27 sys=0.01, real=0.02 secs] 
: 440696K->48960K(440896K), 0.0213150 secs] 4144908K->3816024K(12533952K), 0.0215260 secs] [Times: user=0.33 sys=0.01, real=0.03 secs] 
: 440896K->48959K(440896K), 0.0216000 secs] 4207960K->3884791K(12533952K), 0.0217460 secs] [Times: user=0.25 sys=0.01, real=0.02 secs] 
: 440895K->48960K(440896K), 0.0228600 secs] 4276727K->3949740K(12533952K), 0.0230080 secs] [Times: user=0.30 sys=0.01, real=0.03 secs] 
: 440856K->48959K(440896K), 0.0276710 secs] 4341637K->4011720K(12533952K), 0.0278770 secs] [Times: user=0.26 sys=0.00, real=0.02 secs] 
: 440879K->48958K(440896K), 0.0263130 secs] 4403640K->4075934K(12533952K), 0.0265050 secs] [Times: user=0.28 sys=0.00, real=0.03 secs] 
: 440747K->48960K(440896K), 0.0219000 secs] 4467723K->4135802K(12533952K), 0.0220920 secs] [Times: user=0.29 sys=0.01, real=0.02 secs] 
: 440896K->48960K(440896K), 0.0255650 secs] 4527738K->4198128K(12533952K), 0.0257660 secs] [Times: user=0.39 sys=0.00, real=0.03 secs] 
: 440896K->48960K(440896K), 0.0240690 secs] 4590064K->4262726K(12533952K), 0.0242610 secs] [Times: user=0.32 sys=0.00, real=0.03 secs] 
: 440756K->48933K(440896K), 0.0196000 secs] 4654523K->4326988K(12533952K), 0.0197830 secs] [Times: user=0.29 sys=0.00, real=0.02 secs] 
: 440794K->48960K(440896K), 0.0210920 secs] 4718849K->4388384K(12533952K), 0.0212450 secs] [Times: user=0.30 sys=0.01, real=0.02 secs] 
: 440896K->48949K(440896K), 0.0219750 secs] 4780320K->4452578K(12533952K), 0.0221770 secs] [Times: user=0.31 sys=0.00, real=0.03 secs] 
: 440700K->48960K(440896K), 0.0190370 secs] 4844330K->4516526K(12533952K), 0.0192270 secs] [Times: user=0.29 sys=0.00, real=0.02 secs] 
: 440670K->48916K(440896K), 0.0225160 secs] 4908237K->4580891K(12533952K), 0.0226540 secs] [Times: user=0.34 sys=0.00, real=0.02 secs] 
: 440815K->48960K(440896K), 0.0198750 secs] 4972789K->4643912K(12533952K), 0.0200810 secs] [Times: user=0.26 sys=0.01, real=0.02 secs] 
: 440896K->48917K(440896K), 0.0242410 secs] 5035848K->4706072K(12533952K), 0.0243880 secs] [Times: user=0.33 sys=0.00, real=0.03 secs] 
: 440853K->48943K(440896K), 0.0229360 secs] 5098008K->4772615K(12533952K), 0.0231730 secs] [Times: user=0.26 sys=0.01, real=0.02 secs] 
: 440697K->48904K(440896K), 0.0291280 secs] 5164369K->4834484K(12533952K), 0.0293690 secs] [Times: user=0.27 sys=0.01, real=0.03 secs] 
: 440598K->48960K(440896K), 0.0248670 secs] 5226178K->4898522K(12533952K), 0.0251270 secs] [Times: user=0.29 sys=0.00, real=0.03 secs] 
: 440896K->48960K(440896K), 0.0218440 secs] 5290458K->4959160K(12533952K), 0.0220690 secs] [Times: user=0.27 sys=0.01, real=0.02 secs] 
: 440785K->48960K(440896K), 0.0217350 secs] 5350986K->5026992K(12533952K), 0.0219110 secs] [Times: user=0.33 sys=0.00, real=0.03 secs] 
: 440746K->48960K(440896K), 0.0224590 secs] 5418779K->5085993K(12533952K), 0.0226930 secs] [Times: user=0.32 sys=0.00, real=0.02 secs] 
: 440876K->48960K(440896K), 0.0230570 secs] 5477909K->5147218K(12533952K), 0.0232810 secs] [Times: user=0.27 sys=0.00, real=0.03 secs] 
: 440868K->48960K(440896K), 0.0270820 secs] 5539126K->5226010K(12533952K), 0.0273010 secs] [Times: user=0.37 sys=0.00, real=0.02 secs] 
: 440896K->48960K(440896K), 0.0172110 secs] 5617946K->5275712K(12533952K), 0.0174270 secs] [Times: user=0.26 sys=0.00, real=0.02 secs] 
: 440872K->48951K(440896K), 0.0213060 secs] 5667625K->5340109K(12533952K), 0.0215310 secs] [Times: user=0.32 sys=0.00, real=0.02 secs] 
: 440849K->48915K(440896K), 0.0202570 secs] 5732008K->5400792K(12533952K), 0.0204290 secs] [Times: user=0.32 sys=0.00, real=0.02 secs] 
: 440851K->48960K(440896K), 0.0235690 secs] 5792728K->5471890K(12533952K), 0.0237640 secs] [Times: user=0.32 sys=0.00, real=0.02 secs] 
: 440868K->48920K(440896K), 0.0218020 secs] 5863799K->5531156K(12533952K), 0.0219990 secs] [Times: user=0.30 sys=0.01, real=0.02 secs] 
: 440812K->48960K(440896K), 0.0220210 secs] 5923048K->5595003K(12533952K), 0.0222520 secs] [Times: user=0.30 sys=0.00, real=0.02 secs] 
: 440700K->48960K(440896K), 0.0242190 secs] 5986744K->5664338K(12533952K), 0.0243920 secs] [Times: user=0.26 sys=0.01, real=0.02 secs] 
: 440776K->48960K(440896K), 0.0190020 secs] 6056154K->5722656K(12533952K), 0.0192310 secs] [Times: user=0.26 sys=0.00, real=0.01 secs] 
: 440817K->48960K(440896K), 0.0203080 secs] 6114513K->5784763K(12533952K), 0.0204560 secs] [Times: user=0.32 sys=0.00, real=0.02 secs] 
: 440786K->48960K(440896K), 0.0237380 secs] 6176589K->5854571K(12533952K), 0.0239680 secs] [Times: user=0.33 sys=0.00, real=0.03 secs] 
: 440896K->48960K(440896K), 0.0195370 secs] 6246507K->5916642K(12533952K), 0.0197220 secs] [Times: user=0.31 sys=0.00, real=0.02 secs] 
: 440809K->48960K(440896K), 0.0203670 secs] 6308492K->5978701K(12533952K), 0.0205830 secs] [Times: user=0.27 sys=0.00, real=0.02 secs] 
: 440776K->48960K(440896K), 0.0248270 secs] 6370517K->6045369K(12533952K), 0.0250520 secs] [Times: user=0.35 sys=0.00, real=0.02 secs] 
: 440666K->48960K(440896K), 0.0196640 secs] 6437076K->6107426K(12533952K), 0.0198760 secs] [Times: user=0.27 sys=0.00, real=0.02 secs] 
: 440896K->48960K(440896K), 0.0213330 secs] 6499362K->6168045K(12533952K), 0.0215330 secs] [Times: user=0.30 sys=0.00, real=0.02 secs] 
: 440872K->48960K(440896K), 0.0222150 secs] 6559958K->6234972K(12533952K), 0.0224120 secs] [Times: user=0.32 sys=0.00, real=0.03 secs] 
: 440883K->48960K(440896K), 0.0193300 secs] 6626895K->6289942K(12533952K), 0.0194740 secs] [Times: user=0.25 sys=0.00, real=0.02 secs] 
: 440644K->48960K(440896K), 0.0219430 secs] 6681626K->6354218K(12533952K), 0.0221590 secs] [Times: user=0.31 sys=0.00, real=0.02 secs] 
: 440780K->48960K(440896K), 0.0225210 secs] 6746038K->6427179K(12533952K), 0.0227540 secs] [Times: user=0.33 sys=0.00, real=0.02 secs] 
: 440855K->48960K(440896K), 0.0221900 secs] 6819075K->6476944K(12533952K), 0.0224190 secs] [Times: user=0.34 sys=0.00, real=0.03 secs] 
: 440707K->48960K(440896K), 0.0234740 secs] 6868692K->6541438K(12533952K), 0.0237120 secs] [Times: user=0.36 sys=0.00, real=0.02 secs] 
: 440870K->48960K(440896K), 0.0188040 secs] 6933348K->6599751K(12533952K), 0.0189780 secs] [Times: user=0.29 sys=0.01, real=0.01 secs] 
: 440802K->48960K(440896K), 0.0196710 secs] 6991594K->6664930K(12533952K), 0.0198330 secs] [Times: user=0.29 sys=0.01, real=0.02 secs] 
: 440778K->48960K(440896K), 0.0256810 secs] 7056749K->6728815K(12533952K), 0.0258960 secs] [Times: user=0.35 sys=0.00, real=0.02 secs] 
: 440808K->48960K(440896K), 0.0213760 secs] 7120663K->6792975K(12533952K), 0.0216190 secs] [Times: user=0.23 sys=0.01, real=0.02 secs] 
: 440770K->48960K(440896K), 0.0249450 secs] 7184785K->6857462K(12533952K), 0.0251190 secs] [Times: user=0.29 sys=0.00, real=0.03 secs] 
: 440896K->48960K(440896K), 0.0251410 secs] 7249398K->6918406K(12533952K), 0.0255660 secs] [Times: user=0.33 sys=0.00, real=0.02 secs] 
: 440661K->48960K(440896K), 0.0220120 secs] 7310108K->6985610K(12533952K), 0.0222130 secs] [Times: user=0.30 sys=0.01, real=0.02 secs] 
: 440896K->48960K(440896K), 0.0204830 secs] 7377546K->7047749K(12533952K), 0.0206740 secs] [Times: user=0.27 sys=0.01, real=0.02 secs] 
: 440642K->48960K(440896K), 0.0231950 secs] 7439431K->7113894K(12533952K), 0.0234010 secs] [Times: user=0.36 sys=0.00, real=0.02 secs] 
: 440896K->48960K(440896K), 0.0295410 secs] 7505830K->7176537K(12533952K), 0.0297420 secs] [Times: user=0.34 sys=0.01, real=0.03 secs] 
: 440658K->48960K(440896K), 0.0185000 secs] 7568236K->7238147K(12533952K), 0.0186950 secs] [Times: user=0.24 sys=0.00, real=0.02 secs] 
: 440767K->48960K(440896K), 0.0242160 secs] 7629955K->7302652K(12533952K), 0.0244140 secs] [Times: user=0.32 sys=0.01, real=0.02 secs] 
: 440889K->48960K(440896K), 0.0226580 secs] 7694581K->7368472K(12533952K), 0.0228680 secs] [Times: user=0.31 sys=0.01, real=0.02 secs] 
: 440642K->48960K(440896K), 0.0200370 secs] 7760154K->7436849K(12533952K), 0.0202510 secs] [Times: user=0.28 sys=0.00, real=0.02 secs] 
: 440756K->48960K(440896K), 0.0196500 secs] 7828645K->7500134K(12533952K), 0.0198030 secs] [Times: user=0.27 sys=0.00, real=0.02 secs] 
: 440776K->48960K(440896K), 0.0228220 secs] 7891951K->7561829K(12533952K), 0.0230420 secs] [Times: user=0.30 sys=0.01, real=0.03 secs] 
: 440728K->48960K(440896K), 0.0243970 secs] 7953597K->7629231K(12533952K), 0.0245980 secs] [Times: user=0.39 sys=0.00, real=0.02 secs] 
: 440895K->48960K(440896K), 0.0194160 secs] 8021166K->7692995K(12533952K), 0.0195660 secs] [Times: user=0.30 sys=0.00, real=0.02 secs] 
: 440754K->48960K(440896K), 0.0188840 secs] 8084789K->7755186K(12533952K), 0.0190860 secs] [Times: user=0.26 sys=0.01, real=0.02 secs] 
: 440896K->48960K(440896K), 0.0218910 secs] 8147122K->7819278K(12533952K), 0.0220730 secs] [Times: user=0.33 sys=0.00, real=0.02 secs] 
: 440840K->48960K(440896K), 0.0229630 secs] 8211159K->7881172K(12533952K), 0.0231710 secs] [Times: user=0.31 sys=0.01, real=0.03 secs] 
: 440666K->48960K(440896K), 0.0212990 secs] 8272878K->7943094K(12533952K), 0.0215340 secs] [Times: user=0.31 sys=0.01, real=0.02 secs] 
: 440896K->48960K(440896K), 0.0231730 secs] 8335030K->8006102K(12533952K), 0.0233070 secs] [Times: user=0.32 sys=0.01, real=0.02 secs] 
: 440896K->48960K(440896K), 0.0224150 secs] 8398038K->8069439K(12533952K), 0.0226430 secs] [Times: user=0.35 sys=0.00, real=0.02 secs] 
: 440896K->48960K(440896K), 0.0181610 secs] 8461375K->8131330K(12533952K), 0.0183630 secs] [Times: user=0.24 sys=0.02, real=0.02 secs] 
: 440896K->48960K(440896K), 0.0190560 secs] 8523266K->8200216K(12533952K), 0.0193000 secs] [Times: user=0.30 sys=0.00, real=0.02 secs] 
: 440877K->48960K(440896K), 0.0240100 secs] 8592133K->8263762K(12533952K), 0.0242230 secs] [Times: user=0.36 sys=0.00, real=0.02 secs] 
: 440896K->48960K(440896K), 0.0196770 secs] 8655698K->8320764K(12533952K), 0.0198410 secs] [Times: user=0.30 sys=0.00, real=0.02 secs] 
: 440896K->48960K(440896K), 0.0229510 secs] 8712700K->8389781K(12533952K), 0.0231930 secs] [Times: user=0.37 sys=0.00, real=0.03 secs] 
: 440728K->48960K(440896K), 0.0212690 secs] 8781549K->8453598K(12533952K), 0.0214430 secs] [Times: user=0.32 sys=0.00, real=0.02 secs] 
: 440668K->48960K(440896K), 0.0176880 secs] 8845306K->8511305K(12533952K), 0.0178450 secs] [Times: user=0.27 sys=0.00, real=0.02 secs] 
: 440844K->48960K(440896K), 0.0236200 secs] 8903190K->8572983K(12533952K), 0.0238450 secs] [Times: user=0.32 sys=0.00, real=0.03 secs] 
2015-04-01T07:16:34.561-0700: 13194394.633: [GC [1 CMS-initial-mark: 8524023K(12093056K)] 8573462K(12533952K), 0.0066410 secs] [Times: user=0.01 sys=0.00, real=0.01 secs] 
2015-04-01T07:16:34.866-0700: 13194394.939: [CMS-concurrent-mark: 0.299/0.299 secs] [Times: user=1.82 sys=0.00, real=0.29 secs] 
2015-04-01T07:16:34.908-0700: 13194394.980: [CMS-concurrent-preclean: 0.041/0.041 secs] [Times: user=0.04 sys=0.00, real=0.05 secs] 
 CMS: abort preclean due to time 2015-04-01T07:16:39.958-0700: 13194400.031: [CMS-concurrent-abortable-preclean: 2.845/5.050 secs] [Times: user=3.23 sys=0.15, real=5.05 secs] 
2015-04-01T07:16:39.960-0700: 13194400.032: [GC[YG occupancy: 197533 K (440896 K)]13194400.032: [Rescan (parallel) , 0.0395840 secs]13194400.072: [weak refs processing, 0.0053190 secs] [1 CMS-remark: 8524023K(12093056K)] 8721557K(12533952K), 0.0452650 secs] [Times: user=0.73 sys=0.00, real=0.04 secs] 
2015-04-01T07:16:40.781-0700: 13194400.854: [CMS-concurrent-sweep: 0.776/0.776 secs] [Times: user=0.83 sys=0.01, real=0.78 secs] 
2015-04-01T07:16:40.809-0700: 13194400.882: [CMS-concurrent-reset: 0.028/0.028 secs] [Times: user=0.02 sys=0.00, real=0.03 secs] 
: 440838K->48960K(440896K), 0.0197800 secs] 3842803K->3521793K(12533952K), 0.0199930 secs] [Times: user=0.32 sys=0.00, real=0.02 secs] 
: 440864K->48960K(440896K), 0.0229820 secs] 3913698K->3578728K(12533952K), 0.0232160 secs] [Times: user=0.36 sys=0.00, real=0.03 secs] 
: 440896K->48960K(440896K), 0.0221550 secs] 3970664K->3643819K(12533952K), 0.0224190 secs] [Times: user=0.32 sys=0.01, real=0.03 secs] 
: 440839K->48960K(440896K), 0.0196900 secs] 4035698K->3705361K(12533952K), 0.0199220 secs] [Times: user=0.29 sys=0.00, real=0.02 secs] 
: 440816K->48960K(440896K), 0.0209550 secs] 4097218K->3772908K(12533952K), 0.0211770 secs] [Times: user=0.29 sys=0.00, real=0.02 secs] 
: 440765K->48960K(440896K), 0.0232500 secs] 4164714K->3829118K(12533952K), 0.0235030 secs] [Times: user=0.34 sys=0.00, real=0.02 secs] 
: 440891K->48960K(440896K), 0.0235660 secs] 4221049K->3894965K(12533952K), 0.0237820 secs] [Times: user=0.31 sys=0.01, real=0.02 secs] 
: 440659K->48960K(440896K), 0.0247000 secs] 4286664K->3958497K(12533952K), 0.0249390 secs] [Times: user=0.33 sys=0.01, real=0.02 secs] 
: 440746K->48960K(440896K), 0.0204300 secs] 4350284K->4021694K(12533952K), 0.0206070 secs] [Times: user=0.26 sys=0.00, real=0.02 secs] 
: 440896K->48960K(440896K), 0.0285130 secs] 4413630K->4078764K(12533952K), 0.0287450 secs] [Times: user=0.33 sys=0.01, real=0.02 secs] 
: 440860K->48960K(440896K), 0.0321440 secs] 4470664K->4139566K(12533952K), 0.0323280 secs] [Times: user=0.34 sys=0.01, real=0.03 secs] 
: 440892K->48960K(440896K), 0.0215790 secs] 4531499K->4208646K(12533952K), 0.0217920 secs] [Times: user=0.26 sys=0.00, real=0.02 secs] 
: 440854K->48960K(440896K), 0.0178760 secs] 4600540K->4271424K(12533952K), 0.0180970 secs] [Times: user=0.24 sys=0.01, real=0.02 secs] 
: 440882K->48960K(440896K), 0.0181040 secs] 4663346K->4338770K(12533952K), 0.0183160 secs] [Times: user=0.28 sys=0.01, real=0.02 secs] 
: 440889K->48960K(440896K), 0.0192220 secs] 4730700K->4399819K(12533952K), 0.0194260 secs] [Times: user=0.27 sys=0.01, real=0.02 secs] 
: 440682K->48960K(440896K), 0.0205220 secs] 4791541K->4460438K(12533952K), 0.0207190 secs] [Times: user=0.34 sys=0.01, real=0.02 secs] 
: 440896K->48960K(440896K), 0.0244830 secs] 4852374K->4529539K(12533952K), 0.0247150 secs] [Times: user=0.35 sys=0.00, real=0.03 secs] 
: 440658K->48960K(440896K), 0.0232380 secs] 4921238K->4590005K(12533952K), 0.0234570 secs] [Times: user=0.29 sys=0.00, real=0.02 secs] 
: 440896K->48960K(440896K), 0.0183710 secs] 4981941K->4656218K(12533952K), 0.0186000 secs] [Times: user=0.24 sys=0.00, real=0.02 secs] 
: 440896K->48960K(440896K), 0.0175240 secs] 5048154K->4720238K(12533952K), 0.0177480 secs] [Times: user=0.27 sys=0.00, real=0.02 secs] 
: 440681K->48960K(440896K), 0.0190170 secs] 5111960K->4782336K(12533952K), 0.0192450 secs] [Times: user=0.25 sys=0.01, real=0.02 secs] 
: 440896K->48960K(440896K), 0.0224060 secs] 5174272K->4848027K(12533952K), 0.0226240 secs] [Times: user=0.27 sys=0.00, real=0.02 secs] 
: 440841K->48960K(440896K), 0.0225580 secs] 5239909K->4914165K(12533952K), 0.0229110 secs] [Times: user=0.32 sys=0.01, real=0.02 secs] 
: 440854K->48960K(440896K), 0.0208570 secs] 5306059K->4984716K(12533952K), 0.0210680 secs] [Times: user=0.25 sys=0.01, real=0.02 secs] 
: 440856K->48960K(440896K), 0.0204250 secs] 5376613K->5045938K(12533952K), 0.0206560 secs] [Times: user=0.26 sys=0.00, real=0.02 secs] 
: 440716K->48960K(440896K), 0.0201460 secs] 5437695K->5111331K(12533952K), 0.0203650 secs] [Times: user=0.31 sys=0.00, real=0.02 secs] 
: 440663K->48960K(440896K), 0.0199900 secs] 5503035K->5172552K(12533952K), 0.0202240 secs] [Times: user=0.27 sys=0.00, real=0.02 secs] 
: 440716K->48960K(440896K), 0.0201600 secs] 5564309K->5236088K(12533952K), 0.0204000 secs] [Times: user=0.31 sys=0.01, real=0.02 secs] 
: 440684K->48960K(440896K), 0.0196430 secs] 5627813K->5296949K(12533952K), 0.0198620 secs] [Times: user=0.30 sys=0.00, real=0.02 secs] 
: 440896K->48960K(440896K), 0.0195000 secs] 5688885K->5367762K(12533952K), 0.0197040 secs] [Times: user=0.27 sys=0.00, real=0.02 secs] 
: 440896K->48960K(440896K), 0.0193230 secs] 5759698K->5423270K(12533952K), 0.0195600 secs] [Times: user=0.30 sys=0.00, real=0.02 secs] 
: 440816K->48960K(440896K), 0.0151180 secs] 5815126K->5489069K(12533952K), 0.0153300 secs] [Times: user=0.23 sys=0.00, real=0.02 secs] 
: 440714K->48960K(440896K), 0.0197120 secs] 5880823K->5551948K(12533952K), 0.0199330 secs] [Times: user=0.31 sys=0.00, real=0.02 secs] 
: 440655K->48960K(440896K), 0.0195950 secs] 5943644K->5615196K(12533952K), 0.0201110 secs] [Times: user=0.25 sys=0.00, real=0.03 secs] 
: 440660K->48960K(440896K), 0.0235910 secs] 6006897K->5679066K(12533952K), 0.0238090 secs] [Times: user=0.32 sys=0.00, real=0.02 secs] 
: 440896K->48960K(440896K), 0.0224310 secs] 6071002K->5742213K(12533952K), 0.0226440 secs] [Times: user=0.31 sys=0.01, real=0.02 secs] 
: 440896K->48960K(440896K), 0.0229520 secs] 6134149K->5812094K(12533952K), 0.0231460 secs] [Times: user=0.33 sys=0.01, real=0.02 secs] 
: 440770K->48960K(440896K), 0.0237540 secs] 6203904K->5867623K(12533952K), 0.0239020 secs] [Times: user=0.31 sys=0.00, real=0.03 secs] 
: 440653K->48960K(440896K), 0.0214550 secs] 6259317K->5920955K(12533952K), 0.0216830 secs] [Times: user=0.27 sys=0.00, real=0.02 secs] 
: 440836K->48960K(440896K), 0.0219040 secs] 6312831K->5989003K(12533952K), 0.0221070 secs] [Times: user=0.29 sys=0.00, real=0.02 secs] 
: 440896K->48960K(440896K), 0.0236590 secs] 6380939K->6046168K(12533952K), 0.0238210 secs] [Times: user=0.35 sys=0.00, real=0.02 secs] 
: 440651K->48960K(440896K), 0.0284400 secs] 6437860K->6101442K(12533952K), 0.0286130 secs] [Times: user=0.37 sys=0.00, real=0.03 secs] 
: 440846K->48960K(440896K), 0.0337370 secs] 6493329K->6157025K(12533952K), 0.0338890 secs] [Times: user=0.37 sys=0.00, real=0.03 secs] 
: 440896K->48960K(440896K), 0.0206160 secs] 6548961K->6211520K(12533952K), 0.0208410 secs] [Times: user=0.31 sys=0.00, real=0.02 secs] 
: 440896K->48960K(440896K), 0.0198840 secs] 6603456K->6278296K(12533952K), 0.0200290 secs] [Times: user=0.27 sys=0.01, real=0.02 secs] 
: 440774K->48960K(440896K), 0.0210890 secs] 6670110K->6342421K(12533952K), 0.0212840 secs] [Times: user=0.26 sys=0.01, real=0.02 secs] 
: 440783K->48960K(440896K), 0.0201310 secs] 6734245K->6407668K(12533952K), 0.0203350 secs] [Times: user=0.28 sys=0.00, real=0.02 secs] 
: 440780K->48960K(440896K), 0.0249580 secs] 6799489K->6464013K(12533952K), 0.0251580 secs] [Times: user=0.31 sys=0.01, real=0.02 secs] 
: 440896K->48960K(440896K), 0.0198540 secs] 6855949K->6529978K(12533952K), 0.0200460 secs] [Times: user=0.27 sys=0.01, real=0.02 secs] 
: 440872K->48960K(440896K), 0.0199340 secs] 6921890K->6604624K(12533952K), 0.0201460 secs] [Times: user=0.27 sys=0.01, real=0.02 secs] 
: 440896K->48960K(440896K), 0.0183450 secs] 6996560K->6658478K(12533952K), 0.0185400 secs] [Times: user=0.28 sys=0.00, real=0.01 secs] 
: 440680K->48960K(440896K), 0.0210810 secs] 7050198K->6720587K(12533952K), 0.0212980 secs] [Times: user=0.32 sys=0.00, real=0.03 secs] 
: 440886K->48960K(440896K), 0.0195930 secs] 7112514K->6786523K(12533952K), 0.0197470 secs] [Times: user=0.32 sys=0.00, real=0.02 secs] 
: 440896K->48960K(440896K), 0.0248770 secs] 7178459K->6846560K(12533952K), 0.0250820 secs] [Times: user=0.31 sys=0.01, real=0.02 secs] 
: 440860K->48960K(440896K), 0.0232370 secs] 7238460K->6913098K(12533952K), 0.0234780 secs] [Times: user=0.28 sys=0.00, real=0.03 secs] 
: 440737K->48960K(440896K), 0.0193510 secs] 7304875K->6977367K(12533952K), 0.0195270 secs] [Times: user=0.26 sys=0.00, real=0.02 secs] 
: 440764K->48960K(440896K), 0.0255440 secs] 7369171K->7040075K(12533952K), 0.0257620 secs] [Times: user=0.30 sys=0.00, real=0.03 secs] 
: 440896K->48960K(440896K), 0.0235050 secs] 7432011K->7103183K(12533952K), 0.0236950 secs] [Times: user=0.24 sys=0.01, real=0.03 secs] 
: 440896K->48960K(440896K), 0.0216690 secs] 7495119K->7172168K(12533952K), 0.0218650 secs] [Times: user=0.30 sys=0.00, real=0.02 secs] 
: 440813K->48960K(440896K), 0.0189860 secs] 7564022K->7239744K(12533952K), 0.0191400 secs] [Times: user=0.27 sys=0.00, real=0.02 secs] 
: 440679K->48960K(440896K), 0.0197670 secs] 7631463K->7306656K(12533952K), 0.0199300 secs] [Times: user=0.27 sys=0.00, real=0.02 secs] 
: 440736K->48960K(440896K), 0.0215030 secs] 7698432K->7369327K(12533952K), 0.0216970 secs] [Times: user=0.28 sys=0.00, real=0.02 secs] 
: 440704K->48960K(440896K), 0.0228100 secs] 7761072K->7433462K(12533952K), 0.0230140 secs] [Times: user=0.25 sys=0.00, real=0.03 secs] 
: 440896K->48960K(440896K), 0.0221660 secs] 7825398K->7507076K(12533952K), 0.0223290 secs] [Times: user=0.29 sys=0.01, real=0.02 secs] 
: 440821K->48960K(440896K), 0.0216950 secs] 7898938K->7566907K(12533952K), 0.0218880 secs] [Times: user=0.33 sys=0.00, real=0.02 secs] 
: 440758K->48960K(440896K), 0.0171820 secs] 7958705K->7633278K(12533952K), 0.0173390 secs] [Times: user=0.26 sys=0.00, real=0.02 secs] 
: 440896K->48960K(440896K), 0.0233810 secs] 8025214K->7699408K(12533952K), 0.0235740 secs] [Times: user=0.37 sys=0.00, real=0.02 secs] 
: 440726K->48960K(440896K), 0.0224930 secs] 8091174K->7756054K(12533952K), 0.0227200 secs] [Times: user=0.37 sys=0.00, real=0.02 secs] 
: 440759K->48960K(440896K), 0.0194600 secs] 8147853K->7821426K(12533952K), 0.0196660 secs] [Times: user=0.29 sys=0.01, real=0.02 secs] 
: 440767K->48960K(440896K), 0.0242700 secs] 8213233K->7889225K(12533952K), 0.0244440 secs] [Times: user=0.33 sys=0.00, real=0.03 secs] 
: 440680K->48960K(440896K), 0.0203430 secs] 8280945K->7952012K(12533952K), 0.0206160 secs] [Times: user=0.29 sys=0.00, real=0.02 secs] 
: 440896K->48960K(440896K), 0.0220050 secs] 8343948K->8013598K(12533952K), 0.0222250 secs] [Times: user=0.28 sys=0.00, real=0.02 secs] 
: 440817K->48960K(440896K), 0.0231690 secs] 8405456K->8083073K(12533952K), 0.0233430 secs] [Times: user=0.38 sys=0.01, real=0.03 secs] 
: 440834K->48960K(440896K), 0.0214560 secs] 8474948K->8141493K(12533952K), 0.0217000 secs] [Times: user=0.34 sys=0.00, real=0.02 secs] 
: 440856K->48960K(440896K), 0.0215740 secs] 8533389K->8207627K(12533952K), 0.0217600 secs] [Times: user=0.34 sys=0.00, real=0.02 secs] 
: 440679K->48960K(440896K), 0.0226550 secs] 8599347K->8271153K(12533952K), 0.0228580 secs] [Times: user=0.35 sys=0.00, real=0.03 secs] 
: 440816K->48960K(440896K), 0.0218310 secs] 8663010K->8334178K(12533952K), 0.0220390 secs] [Times: user=0.32 sys=0.01, real=0.02 secs] 
: 440746K->48960K(440896K), 0.0226320 secs] 8725964K->8392738K(12533952K), 0.0228280 secs] [Times: user=0.31 sys=0.00, real=0.02 secs] 
: 440896K->48960K(440896K), 0.0212260 secs] 8784674K->8463409K(12533952K), 0.0214350 secs] [Times: user=0.32 sys=0.01, real=0.02 secs] 
: 440445K->48960K(440896K), 0.0186940 secs] 8854894K->8522176K(12533952K), 0.0189140 secs] [Times: user=0.28 sys=0.00, real=0.02 secs] 
2015-04-01T07:37:20.883-0700: 13195640.955: [GC [1 CMS-initial-mark: 8473216K(12093056K)] 8522793K(12533952K), 0.0055810 secs] [Times: user=0.01 sys=0.00, real=0.01 secs] 
2015-04-01T07:37:21.243-0700: 13195641.315: [CMS-concurrent-mark: 0.352/0.354 secs] [Times: user=2.14 sys=0.00, real=0.35 secs] 
2015-04-01T07:37:21.276-0700: 13195641.349: [CMS-concurrent-preclean: 0.033/0.033 secs] [Times: user=0.03 sys=0.00, real=0.04 secs] 
 CMS: abort preclean due to time 2015-04-01T07:37:26.287-0700: 13195646.359: [CMS-concurrent-abortable-preclean: 2.443/5.011 secs] [Times: user=2.92 sys=0.15, real=5.01 secs] 
2015-04-01T07:37:26.288-0700: 13195646.361: [GC[YG occupancy: 200667 K (440896 K)]13195646.361: [Rescan (parallel) , 0.0060330 secs]13195646.367: [weak refs processing, 0.0070850 secs] [1 CMS-remark: 8473216K(12093056K)] 8673883K(12533952K), 0.0135470 secs] [Times: user=0.10 sys=0.00, real=0.01 secs] 
2015-04-01T07:37:26.926-0700: 13195646.998: [CMS-concurrent-sweep: 0.624/0.624 secs] [Times: user=0.68 sys=0.02, real=0.62 secs] 
2015-04-01T07:37:26.953-0700: 13195647.026: [CMS-concurrent-reset: 0.027/0.027 secs] [Times: user=0.04 sys=0.00, real=0.03 secs] 
: 440806K->48960K(440896K), 0.0171860 secs] 3870347K->3549081K(12533952K), 0.0173850 secs] [Times: user=0.26 sys=0.00, real=0.01 secs] 
: 440735K->48960K(440896K), 0.0212160 secs] 3940857K->3604138K(12533952K), 0.0214340 secs] [Times: user=0.31 sys=0.01, real=0.02 secs] 
: 440800K->48960K(440896K), 0.0191230 secs] 3995979K->3669865K(12533952K), 0.0193220 secs] [Times: user=0.29 sys=0.01, real=0.02 secs] 
: 440737K->48960K(440896K), 0.0187480 secs] 4061643K->3736249K(12533952K), 0.0189010 secs] [Times: user=0.29 sys=0.00, real=0.02 secs] 
: 440707K->48960K(440896K), 0.0203640 secs] 4127997K->3802035K(12533952K), 0.0205580 secs] [Times: user=0.30 sys=0.00, real=0.02 secs] 
: 440750K->48960K(440896K), 0.0202220 secs] 4193826K->3854777K(12533952K), 0.0204170 secs] [Times: user=0.28 sys=0.00, real=0.02 secs] 
: 440655K->48960K(440896K), 0.0234530 secs] 4246473K->3916725K(12533952K), 0.0236510 secs] [Times: user=0.31 sys=0.00, real=0.02 secs] 
: 440824K->48960K(440896K), 0.0236640 secs] 4308590K->3984478K(12533952K), 0.0238650 secs] [Times: user=0.34 sys=0.00, real=0.03 secs] 
: 440896K->48960K(440896K), 0.0235870 secs] 4376414K->4045310K(12533952K), 0.0238120 secs] [Times: user=0.32 sys=0.00, real=0.02 secs] 
: 440878K->48960K(440896K), 0.0238800 secs] 4437228K->4101128K(12533952K), 0.0240300 secs] [Times: user=0.34 sys=0.01, real=0.02 secs] 
: 440896K->48960K(440896K), 0.0376890 secs] 4493064K->4161038K(12533952K), 0.0378980 secs] [Times: user=0.38 sys=0.00, real=0.04 secs] 
: 440881K->48960K(440896K), 0.0237610 secs] 4552960K->4229350K(12533952K), 0.0239670 secs] [Times: user=0.35 sys=0.01, real=0.03 secs] 
: 440734K->48960K(440896K), 0.0220960 secs] 4621124K->4287650K(12533952K), 0.0222520 secs] [Times: user=0.38 sys=0.01, real=0.02 secs] 
: 440782K->48960K(440896K), 0.0227200 secs] 4679472K->4349226K(12533952K), 0.0228770 secs] [Times: user=0.36 sys=0.01, real=0.02 secs] 
: 440896K->48960K(440896K), 0.0279070 secs] 4741162K->4412736K(12533952K), 0.0281590 secs] [Times: user=0.38 sys=0.01, real=0.03 secs] 
: 440709K->48960K(440896K), 0.0196400 secs] 4804485K->4471443K(12533952K), 0.0198420 secs] [Times: user=0.28 sys=0.00, real=0.02 secs] 
: 440896K->48960K(440896K), 0.0204850 secs] 4863379K->4537896K(12533952K), 0.0207060 secs] [Times: user=0.33 sys=0.01, real=0.02 secs] 
: 440720K->48960K(440896K), 0.0220900 secs] 4929657K->4597950K(12533952K), 0.0223030 secs] [Times: user=0.31 sys=0.01, real=0.03 secs] 
: 440783K->48960K(440896K), 0.0239890 secs] 4989774K->4665716K(12533952K), 0.0241860 secs] [Times: user=0.32 sys=0.00, real=0.02 secs] 
: 440710K->48960K(440896K), 0.0210220 secs] 5057467K->4725088K(12533952K), 0.0212140 secs] [Times: user=0.26 sys=0.01, real=0.02 secs] 
: 440860K->48960K(440896K), 0.0193620 secs] 5116989K->4792962K(12533952K), 0.0194810 secs] [Times: user=0.32 sys=0.00, real=0.01 secs] 
: 440728K->48960K(440896K), 0.0216370 secs] 5184731K->4856911K(12533952K), 0.0218700 secs] [Times: user=0.28 sys=0.01, real=0.02 secs] 
: 440705K->48960K(440896K), 0.0207910 secs] 5248657K->4920963K(12533952K), 0.0209950 secs] [Times: user=0.26 sys=0.01, real=0.02 secs] 
: 440896K->48960K(440896K), 0.0254610 secs] 5312899K->4984477K(12533952K), 0.0256670 secs] [Times: user=0.31 sys=0.00, real=0.03 secs] 
: 440808K->48960K(440896K), 0.0229850 secs] 5376325K->5049230K(12533952K), 0.0231920 secs] [Times: user=0.29 sys=0.00, real=0.02 secs] 
: 440691K->48960K(440896K), 0.0185710 secs] 5440961K->5111347K(12533952K), 0.0187660 secs] [Times: user=0.25 sys=0.00, real=0.02 secs] 
: 440896K->48960K(440896K), 0.0215760 secs] 5503283K->5172043K(12533952K), 0.0217880 secs] [Times: user=0.31 sys=0.01, real=0.03 secs] 
: 440805K->48960K(440896K), 0.0242720 secs] 5563889K->5236022K(12533952K), 0.0244720 secs] [Times: user=0.36 sys=0.00, real=0.02 secs] 
: 440896K->48960K(440896K), 0.0215520 secs] 5627958K->5300665K(12533952K), 0.0217720 secs] [Times: user=0.32 sys=0.00, real=0.02 secs] 
: 440857K->48960K(440896K), 0.0177140 secs] 5692562K->5359272K(12533952K), 0.0179190 secs] [Times: user=0.29 sys=0.00, real=0.02 secs] 
: 440896K->48960K(440896K), 0.0228710 secs] 5751208K->5420598K(12533952K), 0.0230730 secs] [Times: user=0.34 sys=0.01, real=0.02 secs] 
: 440818K->48960K(440896K), 0.0214730 secs] 5812456K->5488999K(12533952K), 0.0216280 secs] [Times: user=0.38 sys=0.00, real=0.02 secs] 
: 440868K->48960K(440896K), 0.0197790 secs] 5880908K->5543841K(12533952K), 0.0199270 secs] [Times: user=0.30 sys=0.00, real=0.02 secs] 
: 440800K->48960K(440896K), 0.0173570 secs] 5935682K->5604768K(12533952K), 0.0175100 secs] [Times: user=0.26 sys=0.00, real=0.01 secs] 
: 440858K->48960K(440896K), 0.0212190 secs] 5996666K->5673092K(12533952K), 0.0214600 secs] [Times: user=0.32 sys=0.00, real=0.02 secs] 
: 440868K->48960K(440896K), 0.0204750 secs] 6065001K->5729995K(12533952K), 0.0206780 secs] [Times: user=0.31 sys=0.01, real=0.02 secs] 
: 440844K->48960K(440896K), 0.0220810 secs] 6121880K->5793798K(12533952K), 0.0223170 secs] [Times: user=0.30 sys=0.00, real=0.03 secs] 
: 440896K->48960K(440896K), 0.0251310 secs] 6185734K->5853362K(12533952K), 0.0253470 secs] [Times: user=0.34 sys=0.01, real=0.03 secs] 
: 440896K->48960K(440896K), 0.0260870 secs] 6245298K->5921519K(12533952K), 0.0263180 secs] [Times: user=0.33 sys=0.01, real=0.02 secs] 
: 440896K->48960K(440896K), 0.0221760 secs] 6313455K->5982649K(12533952K), 0.0224030 secs] [Times: user=0.28 sys=0.00, real=0.02 secs] 
: 440894K->48960K(440896K), 0.0225300 secs] 6374583K->6051042K(12533952K), 0.0227610 secs] [Times: user=0.36 sys=0.01, real=0.02 secs] 
: 440661K->48960K(440896K), 0.0227320 secs] 6442743K->6115048K(12533952K), 0.0229520 secs] [Times: user=0.34 sys=0.00, real=0.02 secs] 
: 440780K->48960K(440896K), 0.0213700 secs] 6506868K->6176929K(12533952K), 0.0215670 secs] [Times: user=0.31 sys=0.00, real=0.02 secs] 
: 440856K->48960K(440896K), 0.0199350 secs] 6568826K->6247932K(12533952K), 0.0203170 secs] [Times: user=0.31 sys=0.01, real=0.02 secs] 
: 440896K->48960K(440896K), 0.0204380 secs] 6639868K->6313649K(12533952K), 0.0206570 secs] [Times: user=0.31 sys=0.00, real=0.02 secs] 
: 440896K->48960K(440896K), 0.0186740 secs] 6705585K->6378511K(12533952K), 0.0188600 secs] [Times: user=0.26 sys=0.00, real=0.02 secs] 
: 440846K->48960K(440896K), 0.0213450 secs] 6770397K->6438360K(12533952K), 0.0215800 secs] [Times: user=0.30 sys=0.01, real=0.02 secs] 
: 440896K->48960K(440896K), 0.0199770 secs] 6830296K->6498370K(12533952K), 0.0202060 secs] [Times: user=0.32 sys=0.00, real=0.02 secs] 
: 440896K->48960K(440896K), 0.0262140 secs] 6890306K->6561629K(12533952K), 0.0264430 secs] [Times: user=0.30 sys=0.01, real=0.03 secs] 
: 440697K->48960K(440896K), 0.0217370 secs] 6953367K->6625996K(12533952K), 0.0219640 secs] [Times: user=0.32 sys=0.00, real=0.02 secs] 
: 440786K->48960K(440896K), 0.0229800 secs] 7017822K->6690222K(12533952K), 0.0232080 secs] [Times: user=0.30 sys=0.00, real=0.03 secs] 
: 440780K->48960K(440896K), 0.0223990 secs] 7082043K->6752942K(12533952K), 0.0226260 secs] [Times: user=0.30 sys=0.01, real=0.02 secs] 
: 440830K->48960K(440896K), 0.0228680 secs] 7144812K->6821693K(12533952K), 0.0230860 secs] [Times: user=0.32 sys=0.00, real=0.02 secs] 
: 440886K->48960K(440896K), 0.0177430 secs] 7213620K->6887689K(12533952K), 0.0181310 secs] [Times: user=0.24 sys=0.00, real=0.01 secs] 
: 440804K->48960K(440896K), 0.0226750 secs] 7279534K->6948383K(12533952K), 0.0228980 secs] [Times: user=0.32 sys=0.01, real=0.02 secs] 
: 440832K->48960K(440896K), 0.0211820 secs] 7340256K->7014612K(12533952K), 0.0214350 secs] [Times: user=0.30 sys=0.00, real=0.02 secs] 
: 440896K->48960K(440896K), 0.0202760 secs] 7406548K->7077837K(12533952K), 0.0204960 secs] [Times: user=0.27 sys=0.00, real=0.02 secs] 
: 440896K->48960K(440896K), 0.0220460 secs] 7469773K->7141419K(12533952K), 0.0222770 secs] [Times: user=0.32 sys=0.01, real=0.03 secs] 
: 440874K->48960K(440896K), 0.0212690 secs] 7533333K->7210191K(12533952K), 0.0214890 secs] [Times: user=0.36 sys=0.00, real=0.02 secs] 
: 440895K->48960K(440896K), 0.0206840 secs] 7602127K->7274927K(12533952K), 0.0209170 secs] [Times: user=0.34 sys=0.00, real=0.02 secs] 
: 440827K->48960K(440896K), 0.0234630 secs] 7666794K->7336401K(12533952K), 0.0236770 secs] [Times: user=0.35 sys=0.01, real=0.02 secs] 
: 440670K->48960K(440896K), 0.0201360 secs] 7728111K->7401170K(12533952K), 0.0203290 secs] [Times: user=0.29 sys=0.00, real=0.02 secs] 
: 440887K->48960K(440896K), 0.0188910 secs] 7793098K->7462817K(12533952K), 0.0190860 secs] [Times: user=0.28 sys=0.00, real=0.02 secs] 
: 440778K->48960K(440896K), 0.0222290 secs] 7854636K->7527701K(12533952K), 0.0224980 secs] [Times: user=0.35 sys=0.00, real=0.03 secs] 
: 440896K->48960K(440896K), 0.0252000 secs] 7919637K->7592686K(12533952K), 0.0253560 secs] [Times: user=0.34 sys=0.00, real=0.03 secs] 
: 440840K->48960K(440896K), 0.0268800 secs] 7984566K->7657728K(12533952K), 0.0270810 secs] [Times: user=0.30 sys=0.01, real=0.03 secs] 
: 440824K->48960K(440896K), 0.0208340 secs] 8049593K->7721592K(12533952K), 0.0210500 secs] [Times: user=0.26 sys=0.01, real=0.03 secs] 
: 440699K->48960K(440896K), 0.0224960 secs] 8113332K->7793299K(12533952K), 0.0227000 secs] [Times: user=0.30 sys=0.00, real=0.02 secs] 
: 440748K->48960K(440896K), 0.0233930 secs] 8185087K->7851919K(12533952K), 0.0238760 secs] [Times: user=0.30 sys=0.00, real=0.02 secs] 
: 440786K->48960K(440896K), 0.0201440 secs] 8243745K->7920498K(12533952K), 0.0202970 secs] [Times: user=0.26 sys=0.01, real=0.02 secs] 
: 440896K->48960K(440896K), 0.0227550 secs] 8312434K->7977431K(12533952K), 0.0229100 secs] [Times: user=0.34 sys=0.01, real=0.02 secs] 
: 440896K->48960K(440896K), 0.0247870 secs] 8369367K->8043782K(12533952K), 0.0249830 secs] [Times: user=0.36 sys=0.00, real=0.03 secs] 
: 440896K->48960K(440896K), 0.0210470 secs] 8435718K->8106507K(12533952K), 0.0212480 secs] [Times: user=0.27 sys=0.00, real=0.02 secs] 
: 440896K->48960K(440896K), 0.0235860 secs] 8498443K->8162937K(12533952K), 0.0238140 secs] [Times: user=0.32 sys=0.01, real=0.02 secs] 
: 440894K->48960K(440896K), 0.0214670 secs] 8554872K->8228341K(12533952K), 0.0216180 secs] [Times: user=0.35 sys=0.01, real=0.03 secs] 
: 440676K->48960K(440896K), 0.0249920 secs] 8620058K->8291361K(12533952K), 0.0251560 secs] [Times: user=0.38 sys=0.01, real=0.02 secs] 
: 440896K->48960K(440896K), 0.0196990 secs] 8683297K->8367442K(12533952K), 0.0198890 secs] [Times: user=0.32 sys=0.00, real=0.02 secs] 
: 440695K->48960K(440896K), 0.0178010 secs] 8759177K->8420727K(12533952K), 0.0179600 secs] [Times: user=0.27 sys=0.00, real=0.02 secs] 
: 440896K->48960K(440896K), 0.0257520 secs] 8812663K->8481899K(12533952K), 0.0259520 secs] [Times: user=0.32 sys=0.00, real=0.03 secs] 
: 440896K->48960K(440896K), 0.0200960 secs] 8873835K->8547743K(12533952K), 0.0202980 secs] [Times: user=0.26 sys=0.01, real=0.02 secs] 
2015-04-01T07:57:50.756-0700: 13196870.829: [GC [1 CMS-initial-mark: 8498783K(12093056K)] 8547840K(12533952K), 0.0039990 secs] [Times: user=0.01 sys=0.00, real=0.00 secs] 
2015-04-01T07:57:51.117-0700: 13196871.189: [CMS-concurrent-mark: 0.356/0.356 secs] [Times: user=2.16 sys=0.00, real=0.36 secs] 
2015-04-01T07:57:51.154-0700: 13196871.227: [CMS-concurrent-preclean: 0.037/0.038 secs] [Times: user=0.04 sys=0.00, real=0.04 secs] 
 CMS: abort preclean due to time 2015-04-01T07:57:56.159-0700: 13196876.232: [CMS-concurrent-abortable-preclean: 2.400/5.005 secs] [Times: user=2.75 sys=0.12, real=5.00 secs] 
2015-04-01T07:57:56.160-0700: 13196876.233: [GC[YG occupancy: 175488 K (440896 K)]13196876.233: [Rescan (parallel) , 0.0056500 secs]13196876.239: [weak refs processing, 0.0068220 secs] [1 CMS-remark: 8498783K(12093056K)] 8674271K(12533952K), 0.0128600 secs] [Times: user=0.09 sys=0.00, real=0.01 secs] 
2015-04-01T07:57:56.965-0700: 13196877.038: [CMS-concurrent-sweep: 0.791/0.791 secs] [Times: user=0.83 sys=0.01, real=0.80 secs] 
2015-04-01T07:57:56.993-0700: 13196877.065: [CMS-concurrent-reset: 0.028/0.028 secs] [Times: user=0.04 sys=0.00, real=0.02 secs] 
: 440896K->48960K(440896K), 0.0168360 secs] 4135037K->3797711K(12533952K), 0.0170360 secs] [Times: user=0.24 sys=0.01, real=0.02 secs] 
: 440896K->22520K(440896K), 0.0135280 secs] 4189647K->3795123K(12533952K), 0.0137210 secs] [Times: user=0.22 sys=0.00, real=0.01 secs] 
: 414331K->13306K(440896K), 0.0116240 secs] 4186934K->3785910K(12533952K), 0.0118190 secs] [Times: user=0.22 sys=0.00, real=0.01 secs] 
: 405242K->13308K(440896K), 0.0120410 secs] 4177846K->3785911K(12533952K), 0.0122620 secs] [Times: user=0.22 sys=0.00, real=0.01 secs] 
: 405244K->16322K(440896K), 0.0122880 secs] 4177847K->3788925K(12533952K), 0.0124900 secs] [Times: user=0.24 sys=0.01, real=0.01 secs] 
: 408004K->13898K(440896K), 0.0097650 secs] 4180607K->3790820K(12533952K), 0.0099580 secs] [Times: user=0.16 sys=0.01, real=0.01 secs] 
: 405602K->48960K(440896K), 0.0154930 secs] 4182523K->3844299K(12533952K), 0.0156950 secs] [Times: user=0.23 sys=0.00, real=0.01 secs] 
: 440697K->48960K(440896K), 0.0245850 secs] 4236037K->3907546K(12533952K), 0.0247770 secs] [Times: user=0.37 sys=0.01, real=0.03 secs] 
: 440763K->48960K(440896K), 0.0214600 secs] 4299350K->3968115K(12533952K), 0.0216630 secs] [Times: user=0.30 sys=0.00, real=0.02 secs] 
: 440776K->48960K(440896K), 0.0187140 secs] 4359931K->4029045K(12533952K), 0.0189070 secs] [Times: user=0.31 sys=0.00, real=0.02 secs] 
: 440896K->48913K(440896K), 0.0171990 secs] 4420981K->4090453K(12533952K), 0.0173550 secs] [Times: user=0.27 sys=0.00, real=0.02 secs] 
: 440789K->48960K(440896K), 0.0187220 secs] 4482329K->4155673K(12533952K), 0.0189240 secs] [Times: user=0.26 sys=0.00, real=0.02 secs] 
: 440844K->48960K(440896K), 0.0236630 secs] 4547557K->4214781K(12533952K), 0.0238670 secs] [Times: user=0.34 sys=0.01, real=0.03 secs] 
: 440877K->48960K(440896K), 0.0207600 secs] 4606698K->4277725K(12533952K), 0.0209490 secs] [Times: user=0.25 sys=0.00, real=0.02 secs] 
: 440875K->48901K(440896K), 0.0259140 secs] 4669641K->4342290K(12533952K), 0.0261180 secs] [Times: user=0.29 sys=0.00, real=0.03 secs] 
: 440789K->48960K(440896K), 0.0318660 secs] 4734179K->4401944K(12533952K), 0.0320640 secs] [Times: user=0.33 sys=0.00, real=0.03 secs] 
: 440798K->48905K(440896K), 0.0285360 secs] 4793783K->4467668K(12533952K), 0.0286920 secs] [Times: user=0.28 sys=0.01, real=0.03 secs] 
: 440840K->48914K(440896K), 0.0223370 secs] 4859603K->4532217K(12533952K), 0.0224970 secs] [Times: user=0.26 sys=0.00, real=0.02 secs] 
: 440770K->48960K(440896K), 0.0208560 secs] 4924073K->4597065K(12533952K), 0.0211010 secs] [Times: user=0.27 sys=0.00, real=0.03 secs] 
: 440849K->48960K(440896K), 0.0209410 secs] 4988955K->4664909K(12533952K), 0.0211430 secs] [Times: user=0.26 sys=0.00, real=0.02 secs] 
: 440871K->48960K(440896K), 0.0207770 secs] 5056821K->4733101K(12533952K), 0.0209910 secs] [Times: user=0.27 sys=0.01, real=0.02 secs] 
: 440752K->48960K(440896K), 0.0226120 secs] 5124893K->4795071K(12533952K), 0.0227640 secs] [Times: user=0.31 sys=0.00, real=0.02 secs] 
: 440735K->48960K(440896K), 0.0223200 secs] 5186847K->4859807K(12533952K), 0.0225140 secs] [Times: user=0.31 sys=0.01, real=0.03 secs] 
: 440884K->48960K(440896K), 0.0232150 secs] 5251732K->4924829K(12533952K), 0.0234140 secs] [Times: user=0.32 sys=0.01, real=0.02 secs] 
: 440813K->48960K(440896K), 0.0196220 secs] 5316682K->4989245K(12533952K), 0.0197760 secs] [Times: user=0.27 sys=0.00, real=0.02 secs] 
: 440896K->48915K(440896K), 0.0193850 secs] 5381181K->5057091K(12533952K), 0.0195210 secs] [Times: user=0.26 sys=0.00, real=0.02 secs] 
: 440787K->48960K(440896K), 0.0241050 secs] 5448962K->5119466K(12533952K), 0.0243450 secs] [Times: user=0.31 sys=0.00, real=0.02 secs] 
: 440844K->48960K(440896K), 0.0229080 secs] 5511350K->5183427K(12533952K), 0.0230330 secs] [Times: user=0.29 sys=0.01, real=0.03 secs] 
: 440679K->48960K(440896K), 0.0288570 secs] 5575147K->5248454K(12533952K), 0.0291360 secs] [Times: user=0.26 sys=0.01, real=0.03 secs] 
: 440888K->48960K(440896K), 0.0254260 secs] 5640382K->5312779K(12533952K), 0.0256270 secs] [Times: user=0.27 sys=0.01, real=0.03 secs] 
: 440739K->48960K(440896K), 0.0299060 secs] 5704559K->5382747K(12533952K), 0.0301080 secs] [Times: user=0.35 sys=0.01, real=0.03 secs] 
: 440724K->48960K(440896K), 0.0179640 secs] 5774511K->5438863K(12533952K), 0.0181180 secs] [Times: user=0.25 sys=0.01, real=0.02 secs] 
: 440698K->48960K(440896K), 0.0253810 secs] 5830602K->5519254K(12533952K), 0.0258240 secs] [Times: user=0.31 sys=0.00, real=0.03 secs] 
: 440896K->48960K(440896K), 0.0228430 secs] 5911190K->5563937K(12533952K), 0.0230630 secs] [Times: user=0.29 sys=0.00, real=0.02 secs] 
: 440816K->48960K(440896K), 0.0227040 secs] 5955794K->5634032K(12533952K), 0.0229720 secs] [Times: user=0.30 sys=0.00, real=0.02 secs] 
: 440881K->48960K(440896K), 0.0233160 secs] 6025954K->5689976K(12533952K), 0.0235420 secs] [Times: user=0.35 sys=0.00, real=0.02 secs] 
: 440896K->48945K(440896K), 0.0179700 secs] 6081912K->5742799K(12533952K), 0.0182120 secs] [Times: user=0.25 sys=0.00, real=0.02 secs] 
: 440667K->48960K(440896K), 0.0223390 secs] 6134522K->5797079K(12533952K), 0.0225100 secs] [Times: user=0.33 sys=0.00, real=0.02 secs] 
: 440896K->48960K(440896K), 0.0201230 secs] 6189015K->5858253K(12533952K), 0.0203570 secs] [Times: user=0.26 sys=0.00, real=0.02 secs] 
: 440846K->48944K(440896K), 0.0208940 secs] 6250140K->5921678K(12533952K), 0.0211060 secs] [Times: user=0.28 sys=0.01, real=0.02 secs] 
: 440848K->48960K(440896K), 0.0198440 secs] 6313582K->5983256K(12533952K), 0.0200290 secs] [Times: user=0.28 sys=0.00, real=0.02 secs] 
: 440896K->48960K(440896K), 0.0272410 secs] 6375192K->6045348K(12533952K), 0.0274450 secs] [Times: user=0.31 sys=0.01, real=0.03 secs] 
: 440866K->48960K(440896K), 0.0275420 secs] 6437254K->6107099K(12533952K), 0.0277000 secs] [Times: user=0.33 sys=0.00, real=0.03 secs] 
: 440896K->48912K(440896K), 0.0256590 secs] 6499035K->6172382K(12533952K), 0.0258700 secs] [Times: user=0.34 sys=0.00, real=0.03 secs] 
: 440794K->48960K(440896K), 0.0252110 secs] 6564265K->6236915K(12533952K), 0.0254290 secs] [Times: user=0.34 sys=0.00, real=0.03 secs] 
: 440896K->48960K(440896K), 0.0227650 secs] 6628851K->6302051K(12533952K), 0.0229590 secs] [Times: user=0.30 sys=0.00, real=0.03 secs] 
: 440695K->48905K(440896K), 0.0209560 secs] 6693786K->6366141K(12533952K), 0.0211550 secs] [Times: user=0.29 sys=0.01, real=0.02 secs] 
: 440716K->48960K(440896K), 0.0230860 secs] 6757951K->6430763K(12533952K), 0.0232890 secs] [Times: user=0.29 sys=0.01, real=0.02 secs] 
: 440830K->48960K(440896K), 0.0227190 secs] 6822634K->6491815K(12533952K), 0.0229820 secs] [Times: user=0.37 sys=0.00, real=0.02 secs] 
: 440707K->48960K(440896K), 0.0211860 secs] 6883563K->6556295K(12533952K), 0.0214260 secs] [Times: user=0.27 sys=0.01, real=0.02 secs] 
: 440837K->48960K(440896K), 0.0265850 secs] 6948173K->6623059K(12533952K), 0.0268040 secs] [Times: user=0.34 sys=0.00, real=0.03 secs] 
: 440896K->48960K(440896K), 0.0239230 secs] 7014995K->6688185K(12533952K), 0.0241000 secs] [Times: user=0.28 sys=0.00, real=0.02 secs] 
: 440896K->48948K(440896K), 0.0277110 secs] 7080121K->6752915K(12533952K), 0.0279820 secs] [Times: user=0.30 sys=0.01, real=0.02 secs] 
: 440884K->48906K(440896K), 0.0206740 secs] 7144851K->6815918K(12533952K), 0.0209070 secs] [Times: user=0.26 sys=0.00, real=0.02 secs] 
: 440740K->48951K(440896K), 0.0208030 secs] 7207752K->6880842K(12533952K), 0.0210380 secs] [Times: user=0.25 sys=0.01, real=0.02 secs] 
: 440887K->48960K(440896K), 0.0256050 secs] 7272778K->6944647K(12533952K), 0.0258360 secs] [Times: user=0.35 sys=0.00, real=0.03 secs] 
: 440861K->48905K(440896K), 0.0226360 secs] 7336548K->7009895K(12533952K), 0.0228490 secs] [Times: user=0.27 sys=0.00, real=0.02 secs] 
: 440739K->48960K(440896K), 0.0211920 secs] 7401729K->7072957K(12533952K), 0.0213990 secs] [Times: user=0.26 sys=0.00, real=0.03 secs] 
: 440896K->48960K(440896K), 0.0210120 secs] 7464893K->7137021K(12533952K), 0.0211850 secs] [Times: user=0.31 sys=0.00, real=0.02 secs] 
: 440896K->48960K(440896K), 0.0229330 secs] 7528957K->7202139K(12533952K), 0.0233170 secs] [Times: user=0.32 sys=0.01, real=0.02 secs] 
: 440759K->48960K(440896K), 0.0225600 secs] 7593939K->7264396K(12533952K), 0.0227850 secs] [Times: user=0.29 sys=0.00, real=0.02 secs] 
: 440896K->48960K(440896K), 0.0227270 secs] 7656332K->7325872K(12533952K), 0.0229530 secs] [Times: user=0.32 sys=0.00, real=0.02 secs] 
: 440843K->48960K(440896K), 0.0208950 secs] 7717755K->7388961K(12533952K), 0.0210940 secs] [Times: user=0.31 sys=0.00, real=0.02 secs] 
: 440896K->48905K(440896K), 0.0235040 secs] 7780897K->7452814K(12533952K), 0.0237240 secs] [Times: user=0.29 sys=0.00, real=0.03 secs] 
: 440841K->48960K(440896K), 0.0267210 secs] 7844750K->7517598K(12533952K), 0.0269550 secs] [Times: user=0.30 sys=0.00, real=0.03 secs] 
: 440691K->48960K(440896K), 0.0228840 secs] 7909329K->7579125K(12533952K), 0.0231480 secs] [Times: user=0.35 sys=0.00, real=0.02 secs] 
: 440896K->48960K(440896K), 0.0260530 secs] 7971061K->7647266K(12533952K), 0.0262830 secs] [Times: user=0.30 sys=0.01, real=0.02 secs] 
: 440803K->48960K(440896K), 0.0215860 secs] 8039109K->7703507K(12533952K), 0.0218150 secs] [Times: user=0.30 sys=0.00, real=0.02 secs] 
: 440882K->48947K(440896K), 0.0243860 secs] 8095430K->7767286K(12533952K), 0.0245820 secs] [Times: user=0.34 sys=0.01, real=0.03 secs] 
: 440883K->48960K(440896K), 0.0194570 secs] 8159222K->7835376K(12533952K), 0.0196070 secs] [Times: user=0.25 sys=0.01, real=0.02 secs] 
: 440896K->48960K(440896K), 0.0195300 secs] 8227312K->7895877K(12533952K), 0.0196700 secs] [Times: user=0.28 sys=0.01, real=0.02 secs] 
: 440833K->48960K(440896K), 0.0209850 secs] 8287750K->7957231K(12533952K), 0.0211870 secs] [Times: user=0.30 sys=0.00, real=0.02 secs] 
: 440896K->48960K(440896K), 0.0223860 secs] 8349167K->8024234K(12533952K), 0.0225800 secs] [Times: user=0.32 sys=0.00, real=0.02 secs] 
: 440896K->48960K(440896K), 0.0190380 secs] 8416170K->8084763K(12533952K), 0.0192370 secs] [Times: user=0.29 sys=0.01, real=0.02 secs] 
: 440896K->48960K(440896K), 0.0220710 secs] 8476699K->8149280K(12533952K), 0.0222740 secs] [Times: user=0.30 sys=0.00, real=0.03 secs] 
: 440896K->48929K(440896K), 0.0237000 secs] 8541216K->8211476K(12533952K), 0.0239140 secs] [Times: user=0.33 sys=0.00, real=0.03 secs] 
: 440788K->48948K(440896K), 0.0239020 secs] 8603335K->8276437K(12533952K), 0.0240970 secs] [Times: user=0.31 sys=0.01, real=0.03 secs] 
: 440865K->48926K(440896K), 0.0271940 secs] 8668353K->8340454K(12533952K), 0.0273430 secs] [Times: user=0.35 sys=0.00, real=0.02 secs] 
: 440862K->48960K(440896K), 0.0251170 secs] 8732390K->8404764K(12533952K), 0.0253480 secs] [Times: user=0.31 sys=0.01, real=0.02 secs] 
: 440738K->48960K(440896K), 0.0250230 secs] 8796543K->8470922K(12533952K), 0.0252300 secs] [Times: user=0.34 sys=0.00, real=0.03 secs] 
: 440886K->48960K(440896K), 0.0230400 secs] 8862849K->8535548K(12533952K), 0.0232440 secs] [Times: user=0.28 sys=0.00, real=0.02 secs] 
2015-04-01T08:17:12.998-0700: 13198033.070: [GC [1 CMS-initial-mark: 8486588K(12093056K)] 8535807K(12533952K), 0.0031940 secs] [Times: user=0.00 sys=0.00, real=0.01 secs] 
2015-04-01T08:17:13.317-0700: 13198033.389: [CMS-concurrent-mark: 0.316/0.316 secs] [Times: user=1.93 sys=0.00, real=0.31 secs] 
2015-04-01T08:17:13.359-0700: 13198033.431: [CMS-concurrent-preclean: 0.041/0.042 secs] [Times: user=0.05 sys=0.00, real=0.04 secs] 
2015-04-01T08:17:17.622-0700: 13198037.694: [CMS-concurrent-abortable-preclean: 2.758/4.263 secs] [Times: user=3.23 sys=0.20, real=4.27 secs] 
2015-04-01T08:17:17.623-0700: 13198037.696: [GC[YG occupancy: 245407 K (440896 K)]13198037.696: [Rescan (parallel) , 0.0079880 secs]13198037.704: [weak refs processing, 0.0062010 secs] [1 CMS-remark: 8486588K(12093056K)] 8731996K(12533952K), 0.0147260 secs] [Times: user=0.12 sys=0.01, real=0.01 secs] 
2015-04-01T08:17:18.528-0700: 13198038.600: [CMS-concurrent-sweep: 0.889/0.889 secs] [Times: user=0.98 sys=0.03, real=0.89 secs] 
2015-04-01T08:17:18.555-0700: 13198038.628: [CMS-concurrent-reset: 0.028/0.028 secs] [Times: user=0.03 sys=0.00, real=0.03 secs] 
: 440873K->48960K(440896K), 0.0182440 secs] 4033601K->3707349K(12533952K), 0.0184460 secs] [Times: user=0.25 sys=0.01, real=0.02 secs] 
: 440773K->48960K(440896K), 0.0199960 secs] 4099163K->3768817K(12533952K), 0.0201960 secs] [Times: user=0.32 sys=0.01, real=0.02 secs] 
: 440760K->48960K(440896K), 0.0183090 secs] 4160618K->3832817K(12533952K), 0.0185200 secs] [Times: user=0.26 sys=0.00, real=0.02 secs] 
: 440896K->48934K(440896K), 0.0216680 secs] 4224753K->3896612K(12533952K), 0.0218780 secs] [Times: user=0.31 sys=0.00, real=0.02 secs] 
: 440870K->48960K(440896K), 0.0178520 secs] 4288548K->3971239K(12533952K), 0.0180290 secs] [Times: user=0.24 sys=0.00, real=0.02 secs] 
: 440780K->48960K(440896K), 0.0180050 secs] 4363059K->4028222K(12533952K), 0.0181930 secs] [Times: user=0.27 sys=0.00, real=0.02 secs] 
: 440642K->48948K(440896K), 0.0212150 secs] 4419904K->4090966K(12533952K), 0.0214210 secs] [Times: user=0.29 sys=0.00, real=0.03 secs] 
: 440840K->48932K(440896K), 0.0238710 secs] 4482858K->4155494K(12533952K), 0.0240750 secs] [Times: user=0.27 sys=0.01, real=0.03 secs] 
: 440799K->48960K(440896K), 0.0259420 secs] 4547361K->4220523K(12533952K), 0.0261520 secs] [Times: user=0.28 sys=0.01, real=0.03 secs] 
: 440896K->48960K(440896K), 0.0314660 secs] 4612459K->4286051K(12533952K), 0.0316700 secs] [Times: user=0.29 sys=0.00, real=0.03 secs] 
: 440661K->48922K(440896K), 0.0295740 secs] 4677753K->4350633K(12533952K), 0.0297710 secs] [Times: user=0.31 sys=0.00, real=0.03 secs] 
: 440851K->48957K(440896K), 0.0247290 secs] 4742562K->4415274K(12533952K), 0.0249240 secs] [Times: user=0.32 sys=0.01, real=0.03 secs] 
: 440868K->48960K(440896K), 0.0199720 secs] 4807185K->4479913K(12533952K), 0.0201610 secs] [Times: user=0.25 sys=0.01, real=0.02 secs] 
: 440843K->48960K(440896K), 0.0196420 secs] 4871797K->4545199K(12533952K), 0.0198610 secs] [Times: user=0.23 sys=0.01, real=0.02 secs] 
: 440896K->48960K(440896K), 0.0220980 secs] 4937135K->4611342K(12533952K), 0.0223020 secs] [Times: user=0.32 sys=0.00, real=0.02 secs] 
: 440789K->48949K(440896K), 0.0205420 secs] 5003172K->4675392K(12533952K), 0.0207490 secs] [Times: user=0.26 sys=0.01, real=0.02 secs] 
: 440748K->48960K(440896K), 0.0242950 secs] 5067191K->4740712K(12533952K), 0.0244710 secs] [Times: user=0.33 sys=0.00, real=0.03 secs] 
: 440786K->48960K(440896K), 0.0181470 secs] 5132538K->4802308K(12533952K), 0.0182960 secs] [Times: user=0.25 sys=0.00, real=0.02 secs] 
: 440839K->48960K(440896K), 0.0215560 secs] 5194187K->4867615K(12533952K), 0.0220220 secs] [Times: user=0.28 sys=0.01, real=0.03 secs] 
: 440640K->48952K(440896K), 0.0203620 secs] 5259296K->4931717K(12533952K), 0.0205550 secs] [Times: user=0.25 sys=0.01, real=0.02 secs] 
: 440888K->48960K(440896K), 0.0227960 secs] 5323653K->4999888K(12533952K), 0.0229880 secs] [Times: user=0.25 sys=0.01, real=0.03 secs] 
: 440856K->48909K(440896K), 0.0233680 secs] 5391784K->5062044K(12533952K), 0.0235710 secs] [Times: user=0.34 sys=0.00, real=0.02 secs] 
: 440634K->48960K(440896K), 0.0235500 secs] 5453769K->5124360K(12533952K), 0.0237660 secs] [Times: user=0.24 sys=0.01, real=0.03 secs] 
: 440881K->48960K(440896K), 0.0248510 secs] 5516282K->5189213K(12533952K), 0.0250520 secs] [Times: user=0.25 sys=0.01, real=0.03 secs] 
: 440896K->48954K(440896K), 0.0203920 secs] 5581149K->5251832K(12533952K), 0.0206130 secs] [Times: user=0.24 sys=0.00, real=0.02 secs] 
: 440666K->48960K(440896K), 0.0223320 secs] 5643544K->5313792K(12533952K), 0.0225160 secs] [Times: user=0.30 sys=0.00, real=0.02 secs] 
: 440843K->48960K(440896K), 0.0242830 secs] 5705675K->5374512K(12533952K), 0.0245400 secs] [Times: user=0.34 sys=0.00, real=0.02 secs] 
: 440878K->48960K(440896K), 0.0249520 secs] 5766431K->5447444K(12533952K), 0.0251480 secs] [Times: user=0.31 sys=0.00, real=0.03 secs] 
: 440873K->48960K(440896K), 0.0183390 secs] 5839357K->5507746K(12533952K), 0.0184960 secs] [Times: user=0.27 sys=0.00, real=0.01 secs] 
: 440693K->48941K(440896K), 0.0199110 secs] 5899479K->5560579K(12533952K), 0.0201070 secs] [Times: user=0.28 sys=0.00, real=0.02 secs] 
: 440811K->48960K(440896K), 0.0230240 secs] 5952449K->5623035K(12533952K), 0.0232230 secs] [Times: user=0.32 sys=0.01, real=0.03 secs] 
: 440733K->48950K(440896K), 0.0258230 secs] 6014809K->5687313K(12533952K), 0.0260240 secs] [Times: user=0.32 sys=0.00, real=0.03 secs] 
: 440851K->48934K(440896K), 0.0236760 secs] 6079214K->5752456K(12533952K), 0.0238760 secs] [Times: user=0.33 sys=0.00, real=0.02 secs] 
: 440870K->48912K(440896K), 0.0213760 secs] 6144392K->5815979K(12533952K), 0.0215680 secs] [Times: user=0.28 sys=0.00, real=0.02 secs] 
: 440760K->48903K(440896K), 0.0248920 secs] 6207827K->5879821K(12533952K), 0.0250850 secs] [Times: user=0.30 sys=0.01, real=0.02 secs] 
: 440811K->48960K(440896K), 0.0282790 secs] 6271729K->5944807K(12533952K), 0.0284870 secs] [Times: user=0.31 sys=0.01, real=0.02 secs] 
: 440896K->48942K(440896K), 0.0249260 secs] 6336743K->6011550K(12533952K), 0.0251260 secs] [Times: user=0.30 sys=0.01, real=0.03 secs] 
: 440836K->48960K(440896K), 0.0207020 secs] 6403444K->6075806K(12533952K), 0.0209050 secs] [Times: user=0.28 sys=0.01, real=0.02 secs] 
: 440680K->48960K(440896K), 0.0219100 secs] 6467527K->6139642K(12533952K), 0.0220640 secs] [Times: user=0.27 sys=0.01, real=0.03 secs] 
: 440681K->48960K(440896K), 0.0196880 secs] 6531363K->6200397K(12533952K), 0.0199000 secs] [Times: user=0.28 sys=0.00, real=0.02 secs] 
: 440754K->48952K(440896K), 0.0238170 secs] 6592191K->6264878K(12533952K), 0.0240280 secs] [Times: user=0.33 sys=0.01, real=0.02 secs] 
: 440881K->48945K(440896K), 0.0200200 secs] 6656806K->6321473K(12533952K), 0.0202150 secs] [Times: user=0.26 sys=0.00, real=0.02 secs] 
: 440833K->48938K(440896K), 0.0228680 secs] 6713362K->6386002K(12533952K), 0.0230730 secs] [Times: user=0.26 sys=0.00, real=0.02 secs] 
: 440801K->48960K(440896K), 0.0210490 secs] 6777865K->6451333K(12533952K), 0.0212090 secs] [Times: user=0.26 sys=0.00, real=0.02 secs] 
: 440896K->48950K(440896K), 0.0225100 secs] 6843269K->6512205K(12533952K), 0.0227100 secs] [Times: user=0.30 sys=0.01, real=0.02 secs] 
: 440707K->48904K(440896K), 0.0257320 secs] 6903963K->6584938K(12533952K), 0.0258960 secs] [Times: user=0.28 sys=0.00, real=0.03 secs] 
: 440709K->48960K(440896K), 0.0234850 secs] 6976743K->6650881K(12533952K), 0.0236870 secs] [Times: user=0.29 sys=0.01, real=0.02 secs] 
: 440896K->48960K(440896K), 0.0201620 secs] 7042817K->6712852K(12533952K), 0.0203160 secs] [Times: user=0.30 sys=0.01, real=0.02 secs] 
: 440679K->48918K(440896K), 0.0218540 secs] 7104572K->6774543K(12533952K), 0.0220520 secs] [Times: user=0.28 sys=0.00, real=0.03 secs] 
: 440649K->48960K(440896K), 0.0221200 secs] 7166275K->6845011K(12533952K), 0.0223190 secs] [Times: user=0.30 sys=0.00, real=0.03 secs] 
: 440728K->48959K(440896K), 0.0211640 secs] 7236779K->6904669K(12533952K), 0.0213860 secs] [Times: user=0.27 sys=0.00, real=0.02 secs] 
: 440721K->48960K(440896K), 0.0257350 secs] 7296430K->6967270K(12533952K), 0.0259410 secs] [Times: user=0.34 sys=0.01, real=0.03 secs] 
: 440812K->48960K(440896K), 0.0266150 secs] 7359122K->7046698K(12533952K), 0.0268170 secs] [Times: user=0.32 sys=0.00, real=0.02 secs] 
: 440670K->48960K(440896K), 0.0193680 secs] 7438409K->7096257K(12533952K), 0.0195760 secs] [Times: user=0.27 sys=0.01, real=0.02 secs] 
: 440744K->48960K(440896K), 0.0257080 secs] 7488041K->7166972K(12533952K), 0.0258680 secs] [Times: user=0.30 sys=0.00, real=0.03 secs] 
: 440835K->48930K(440896K), 0.0228150 secs] 7558848K->7222747K(12533952K), 0.0230180 secs] [Times: user=0.32 sys=0.00, real=0.02 secs] 
: 440866K->48951K(440896K), 0.0194680 secs] 7614683K->7270922K(12533952K), 0.0196250 secs] [Times: user=0.29 sys=0.00, real=0.02 secs] 
: 440657K->48930K(440896K), 0.0237820 secs] 7662629K->7324821K(12533952K), 0.0239620 secs] [Times: user=0.33 sys=0.01, real=0.03 secs] 
: 440779K->48960K(440896K), 0.0260830 secs] 7716671K->7385835K(12533952K), 0.0263020 secs] [Times: user=0.31 sys=0.01, real=0.03 secs] 
: 440660K->48905K(440896K), 0.0252190 secs] 7777536K->7448728K(12533952K), 0.0257500 secs] [Times: user=0.30 sys=0.01, real=0.02 secs] 
: 440813K->48960K(440896K), 0.0249990 secs] 7840635K->7509168K(12533952K), 0.0252210 secs] [Times: user=0.34 sys=0.00, real=0.03 secs] 
: 440896K->48938K(440896K), 0.0224380 secs] 7901104K->7570046K(12533952K), 0.0226540 secs] [Times: user=0.27 sys=0.00, real=0.03 secs] 
: 440809K->48960K(440896K), 0.0245980 secs] 7961917K->7635936K(12533952K), 0.0248120 secs] [Times: user=0.34 sys=0.01, real=0.02 secs] 
: 440896K->48941K(440896K), 0.0206700 secs] 8027872K->7698577K(12533952K), 0.0209130 secs] [Times: user=0.29 sys=0.00, real=0.02 secs] 
: 440877K->48901K(440896K), 0.0268450 secs] 8090513K->7760621K(12533952K), 0.0270740 secs] [Times: user=0.40 sys=0.00, real=0.03 secs] 
: 440740K->48929K(440896K), 0.0246670 secs] 8152459K->7822001K(12533952K), 0.0250150 secs] [Times: user=0.32 sys=0.01, real=0.02 secs] 
: 440865K->48960K(440896K), 0.0263940 secs] 8213937K->7885792K(12533952K), 0.0266280 secs] [Times: user=0.34 sys=0.00, real=0.02 secs] 
: 440896K->48960K(440896K), 0.0221710 secs] 8277728K->7948665K(12533952K), 0.0223830 secs] [Times: user=0.29 sys=0.00, real=0.02 secs] 
: 440891K->48960K(440896K), 0.0243810 secs] 8340596K->8012066K(12533952K), 0.0246070 secs] [Times: user=0.33 sys=0.00, real=0.02 secs] 
: 440896K->48960K(440896K), 0.0219910 secs] 8404002K->8073098K(12533952K), 0.0222110 secs] [Times: user=0.35 sys=0.01, real=0.02 secs] 
: 440758K->48960K(440896K), 0.0239290 secs] 8464897K->8135545K(12533952K), 0.0241380 secs] [Times: user=0.28 sys=0.01, real=0.02 secs] 
: 440677K->48960K(440896K), 0.0237860 secs] 8527263K->8200596K(12533952K), 0.0240340 secs] [Times: user=0.35 sys=0.00, real=0.03 secs] 
: 440673K->48960K(440896K), 0.0260650 secs] 8592309K->8259546K(12533952K), 0.0262700 secs] [Times: user=0.31 sys=0.00, real=0.03 secs] 
: 440896K->48960K(440896K), 0.0232030 secs] 8651482K->8328631K(12533952K), 0.0234340 secs] [Times: user=0.33 sys=0.00, real=0.03 secs] 
: 440863K->48960K(440896K), 0.0219880 secs] 8720534K->8390200K(12533952K), 0.0221690 secs] [Times: user=0.28 sys=0.00, real=0.02 secs] 
: 440743K->48960K(440896K), 0.0206150 secs] 8781983K->8455797K(12533952K), 0.0208430 secs] [Times: user=0.28 sys=0.01, real=0.02 secs] 
: 440896K->48960K(440896K), 0.0249570 secs] 8847733K->8526368K(12533952K), 0.0251710 secs] [Times: user=0.38 sys=0.01, real=0.03 secs] 
2015-04-01T08:35:42.483-0700: 13199142.556: [GC [1 CMS-initial-mark: 8477408K(12093056K)] 8526631K(12533952K), 0.0055740 secs] [Times: user=0.00 sys=0.00, real=0.01 secs] 
2015-04-01T08:35:42.765-0700: 13199142.838: [CMS-concurrent-mark: 0.276/0.276 secs] [Times: user=1.67 sys=0.00, real=0.27 secs] 
2015-04-01T08:35:42.801-0700: 13199142.874: [CMS-concurrent-preclean: 0.036/0.036 secs] [Times: user=0.04 sys=0.00, real=0.04 secs] 
 CMS: abort preclean due to time 2015-04-01T08:35:47.809-0700: 13199147.882: [CMS-concurrent-abortable-preclean: 2.704/5.008 secs] [Times: user=3.00 sys=0.10, real=5.01 secs] 
2015-04-01T08:35:47.811-0700: 13199147.883: [GC[YG occupancy: 163229 K (440896 K)]13199147.883: [Rescan (parallel) , 0.0078900 secs]13199147.891: [weak refs processing, 0.0063270 secs] [1 CMS-remark: 8477408K(12093056K)] 8640637K(12533952K), 0.0145240 secs] [Times: user=0.14 sys=0.00, real=0.01 secs] 
2015-04-01T08:35:48.718-0700: 13199148.791: [CMS-concurrent-sweep: 0.892/0.892 secs] [Times: user=0.92 sys=0.00, real=0.89 secs] 
2015-04-01T08:35:48.751-0700: 13199148.824: [CMS-concurrent-reset: 0.033/0.033 secs] [Times: user=0.04 sys=0.00, real=0.04 secs] 
: 440875K->48960K(440896K), 0.0189480 secs] 3973687K->3633788K(12533952K), 0.0191990 secs] [Times: user=0.29 sys=0.01, real=0.02 secs] 
: 440712K->48960K(440896K), 0.0202710 secs] 4025541K->3698709K(12533952K), 0.0205020 secs] [Times: user=0.34 sys=0.00, real=0.02 secs] 
: 440896K->48960K(440896K), 0.0185570 secs] 4090645K->3756235K(12533952K), 0.0187660 secs] [Times: user=0.26 sys=0.00, real=0.02 secs] 
: 440823K->48960K(440896K), 0.0184410 secs] 4148098K->3824449K(12533952K), 0.0186750 secs] [Times: user=0.28 sys=0.00, real=0.02 secs] 
: 440837K->48960K(440896K), 0.0180400 secs] 4216327K->3880600K(12533952K), 0.0182710 secs] [Times: user=0.25 sys=0.01, real=0.01 secs] 
: 440873K->48960K(440896K), 0.0187910 secs] 4272514K->3941562K(12533952K), 0.0190150 secs] [Times: user=0.27 sys=0.00, real=0.02 secs] 
: 440801K->48960K(440896K), 0.0202800 secs] 4333403K->3999961K(12533952K), 0.0204860 secs] [Times: user=0.30 sys=0.00, real=0.02 secs] 
: 440809K->48960K(440896K), 0.0212750 secs] 4391810K->4060348K(12533952K), 0.0214990 secs] [Times: user=0.33 sys=0.00, real=0.02 secs] 
: 440896K->48960K(440896K), 0.0242470 secs] 4452284K->4120398K(12533952K), 0.0244280 secs] [Times: user=0.32 sys=0.00, real=0.02 secs] 
: 440686K->48960K(440896K), 0.0267330 secs] 4512125K->4182242K(12533952K), 0.0269730 secs] [Times: user=0.29 sys=0.01, real=0.03 secs] 
: 440896K->48960K(440896K), 0.0295050 secs] 4574178K->4250559K(12533952K), 0.0296860 secs] [Times: user=0.32 sys=0.00, real=0.03 secs] 
: 440702K->48960K(440896K), 0.0259370 secs] 4642301K->4310321K(12533952K), 0.0261530 secs] [Times: user=0.24 sys=0.00, real=0.03 secs] 
: 440896K->48960K(440896K), 0.0208330 secs] 4702257K->4379070K(12533952K), 0.0210860 secs] [Times: user=0.31 sys=0.01, real=0.02 secs] 
: 440746K->48960K(440896K), 0.0208350 secs] 4770856K->4445308K(12533952K), 0.0210050 secs] [Times: user=0.30 sys=0.01, real=0.02 secs] 
: 440896K->48960K(440896K), 0.0222810 secs] 4837244K->4504622K(12533952K), 0.0225120 secs] [Times: user=0.28 sys=0.01, real=0.02 secs] 
: 440827K->48960K(440896K), 0.0183580 secs] 4896490K->4568139K(12533952K), 0.0185850 secs] [Times: user=0.25 sys=0.00, real=0.02 secs] 
: 440753K->48960K(440896K), 0.0231900 secs] 4959932K->4632654K(12533952K), 0.0234170 secs] [Times: user=0.31 sys=0.00, real=0.03 secs] 
: 440800K->48960K(440896K), 0.0194270 secs] 5024494K->4698781K(12533952K), 0.0198980 secs] [Times: user=0.29 sys=0.01, real=0.02 secs] 
: 440693K->48960K(440896K), 0.0218740 secs] 5090514K->4764670K(12533952K), 0.0221140 secs] [Times: user=0.29 sys=0.01, real=0.02 secs] 
: 440719K->48960K(440896K), 0.0231230 secs] 5156430K->4827689K(12533952K), 0.0233370 secs] [Times: user=0.33 sys=0.00, real=0.02 secs] 
: 440747K->48960K(440896K), 0.0236180 secs] 5219477K->4890818K(12533952K), 0.0238400 secs] [Times: user=0.31 sys=0.01, real=0.02 secs] 
: 440851K->48960K(440896K), 0.0243520 secs] 5282710K->4956854K(12533952K), 0.0245770 secs] [Times: user=0.33 sys=0.00, real=0.03 secs] 
: 440733K->48960K(440896K), 0.0262480 secs] 5348628K->5017137K(12533952K), 0.0264680 secs] [Times: user=0.32 sys=0.00, real=0.03 secs] 
: 440896K->48960K(440896K), 0.0240450 secs] 5409073K->5088348K(12533952K), 0.0242160 secs] [Times: user=0.31 sys=0.00, real=0.02 secs] 
: 440896K->48960K(440896K), 0.0252910 secs] 5480284K->5146557K(12533952K), 0.0255150 secs] [Times: user=0.28 sys=0.01, real=0.03 secs] 
: 440861K->48960K(440896K), 0.0242770 secs] 5538459K->5211550K(12533952K), 0.0244960 secs] [Times: user=0.32 sys=0.00, real=0.03 secs] 
: 440853K->48960K(440896K), 0.0213710 secs] 5603443K->5281048K(12533952K), 0.0216030 secs] [Times: user=0.28 sys=0.00, real=0.02 secs] 
: 440667K->48960K(440896K), 0.0218050 secs] 5672755K->5332246K(12533952K), 0.0220270 secs] [Times: user=0.32 sys=0.00, real=0.03 secs] 
: 440842K->48960K(440896K), 0.0233000 secs] 5724128K->5397925K(12533952K), 0.0235270 secs] [Times: user=0.34 sys=0.00, real=0.02 secs] 
: 440733K->48960K(440896K), 0.0214030 secs] 5789698K->5461838K(12533952K), 0.0216310 secs] [Times: user=0.35 sys=0.00, real=0.02 secs] 
: 440662K->48960K(440896K), 0.0221470 secs] 5853541K->5517095K(12533952K), 0.0223510 secs] [Times: user=0.25 sys=0.00, real=0.03 secs] 
: 440896K->48960K(440896K), 0.0237300 secs] 5909031K->5580539K(12533952K), 0.0239540 secs] [Times: user=0.32 sys=0.00, real=0.03 secs] 
: 440893K->48960K(440896K), 0.0188140 secs] 5972473K->5643142K(12533952K), 0.0190410 secs] [Times: user=0.26 sys=0.00, real=0.02 secs] 
: 440896K->48960K(440896K), 0.0222550 secs] 6035078K->5707633K(12533952K), 0.0224770 secs] [Times: user=0.25 sys=0.00, real=0.03 secs] 
: 440726K->48960K(440896K), 0.0216550 secs] 6099400K->5767114K(12533952K), 0.0218640 secs] [Times: user=0.25 sys=0.00, real=0.03 secs] 
: 440892K->48960K(440896K), 0.0211380 secs] 6159047K->5829064K(12533952K), 0.0213430 secs] [Times: user=0.27 sys=0.01, real=0.02 secs] 
: 440896K->48960K(440896K), 0.0318890 secs] 6221000K->5891946K(12533952K), 0.0321530 secs] [Times: user=0.34 sys=0.00, real=0.03 secs] 
: 440748K->48960K(440896K), 0.0247220 secs] 6283734K->5954885K(12533952K), 0.0249230 secs] [Times: user=0.29 sys=0.00, real=0.03 secs] 
: 440641K->48960K(440896K), 0.0255130 secs] 6346566K->6016577K(12533952K), 0.0256830 secs] [Times: user=0.27 sys=0.01, real=0.02 secs] 
: 440883K->48960K(440896K), 0.0236990 secs] 6408501K->6080838K(12533952K), 0.0239300 secs] [Times: user=0.31 sys=0.01, real=0.03 secs] 
: 440853K->48960K(440896K), 0.0240710 secs] 6472732K->6144823K(12533952K), 0.0243030 secs] [Times: user=0.34 sys=0.01, real=0.02 secs] 
: 440677K->48960K(440896K), 0.0241710 secs] 6536540K->6208113K(12533952K), 0.0244200 secs] [Times: user=0.29 sys=0.00, real=0.02 secs] 
: 440896K->48960K(440896K), 0.0243460 secs] 6600049K->6269050K(12533952K), 0.0245630 secs] [Times: user=0.32 sys=0.01, real=0.03 secs] 
: 440797K->48960K(440896K), 0.0215640 secs] 6660888K->6333863K(12533952K), 0.0217830 secs] [Times: user=0.25 sys=0.01, real=0.02 secs] 
: 440652K->48960K(440896K), 0.0244520 secs] 6725556K->6393599K(12533952K), 0.0247290 secs] [Times: user=0.30 sys=0.00, real=0.02 secs] 
: 440828K->48960K(440896K), 0.0269640 secs] 6785468K->6459983K(12533952K), 0.0272150 secs] [Times: user=0.30 sys=0.00, real=0.02 secs] 
: 440895K->48960K(440896K), 0.0235000 secs] 6851918K->6522302K(12533952K), 0.0237520 secs] [Times: user=0.28 sys=0.01, real=0.03 secs] 
: 440735K->48960K(440896K), 0.0268780 secs] 6914078K->6584855K(12533952K), 0.0270920 secs] [Times: user=0.30 sys=0.01, real=0.03 secs] 
: 440652K->48960K(440896K), 0.0272000 secs] 6976547K->6647764K(12533952K), 0.0275820 secs] [Times: user=0.27 sys=0.00, real=0.03 secs] 
: 440780K->48960K(440896K), 0.0214830 secs] 7039584K->6713499K(12533952K), 0.1086890 secs] [Times: user=0.25 sys=0.01, real=0.11 secs] 
: 440896K->48960K(440896K), 0.0226820 secs] 7105435K->6783612K(12533952K), 0.0228760 secs] [Times: user=0.31 sys=0.01, real=0.03 secs] 
: 440896K->45147K(440896K), 0.0162160 secs] 7175548K->6821385K(12533952K), 0.0164210 secs] [Times: user=0.20 sys=0.01, real=0.01 secs] 
: 437083K->27008K(440896K), 0.0150800 secs] 7213321K->6803246K(12533952K), 0.0152830 secs] [Times: user=0.22 sys=0.00, real=0.02 secs] 
: 418944K->30945K(440896K), 0.0130310 secs] 7195182K->6807183K(12533952K), 0.0131480 secs] [Times: user=0.23 sys=0.00, real=0.02 secs] 
: 422881K->36283K(440896K), 0.0116030 secs] 7199119K->6812521K(12533952K), 0.0118010 secs] [Times: user=0.21 sys=0.00, real=0.01 secs] 
: 428219K->27740K(440896K), 0.0139060 secs] 7204457K->6818215K(12533952K), 0.0140710 secs] [Times: user=0.23 sys=0.00, real=0.01 secs] 
: 419676K->14257K(440896K), 0.0111100 secs] 7210151K->6806387K(12533952K), 0.0112850 secs] [Times: user=0.22 sys=0.00, real=0.02 secs] 
: 406193K->12667K(440896K), 0.0105790 secs] 7198323K->6806793K(12533952K), 0.0107900 secs] [Times: user=0.18 sys=0.01, real=0.01 secs] 
: 404603K->14587K(440896K), 0.0117000 secs] 7198729K->6811397K(12533952K), 0.0119240 secs] [Times: user=0.23 sys=0.00, real=0.02 secs] 
: 406523K->11219K(440896K), 0.0107680 secs] 7203333K->6810028K(12533952K), 0.0109460 secs] [Times: user=0.20 sys=0.00, real=0.01 secs] 
: 403155K->15819K(440896K), 0.0119590 secs] 7201964K->6816542K(12533952K), 0.0121560 secs] [Times: user=0.22 sys=0.00, real=0.02 secs] 
: 407755K->9377K(440896K), 0.0133130 secs] 7208478K->6811931K(12533952K), 0.0134630 secs] [Times: user=0.26 sys=0.00, real=0.01 secs] 
: 401313K->8997K(440896K), 0.0133550 secs] 7203867K->6813485K(12533952K), 0.0135510 secs] [Times: user=0.26 sys=0.00, real=0.01 secs] 
: 400933K->9348K(440896K), 0.0131850 secs] 7205421K->6815598K(12533952K), 0.0133790 secs] [Times: user=0.24 sys=0.01, real=0.01 secs] 
: 401284K->9653K(440896K), 0.0149450 secs] 7207534K->6818216K(12533952K), 0.0150970 secs] [Times: user=0.29 sys=0.00, real=0.01 secs] 
: 401589K->9597K(440896K), 0.0136400 secs] 7210152K->6819512K(12533952K), 0.0138430 secs] [Times: user=0.26 sys=0.00, real=0.01 secs] 
: 401533K->10230K(440896K), 0.0134190 secs] 7211448K->6821434K(12533952K), 0.0136380 secs] [Times: user=0.25 sys=0.00, real=0.01 secs] 
: 402166K->10159K(440896K), 0.0099790 secs] 7213370K->6823229K(12533952K), 0.0102460 secs] [Times: user=0.17 sys=0.00, real=0.01 secs] 
: 402095K->9924K(440896K), 0.0095880 secs] 7215165K->6825758K(12533952K), 0.0097730 secs] [Times: user=0.17 sys=0.00, real=0.01 secs] 
: 401860K->9747K(440896K), 0.0142110 secs] 7217694K->6827210K(12533952K), 0.0145680 secs] [Times: user=0.28 sys=0.00, real=0.01 secs] 
: 401683K->9007K(440896K), 0.0098250 secs] 7219146K->6828410K(12533952K), 0.0100590 secs] [Times: user=0.17 sys=0.00, real=0.01 secs] 
: 400734K->8888K(440896K), 0.0094090 secs] 7220136K->6829978K(12533952K), 0.0096720 secs] [Times: user=0.17 sys=0.00, real=0.01 secs] 
: 400824K->8381K(440896K), 0.0120530 secs] 7221914K->6831997K(12533952K), 0.0123110 secs] [Times: user=0.23 sys=0.00, real=0.02 secs] 
: 400317K->8938K(440896K), 0.0129390 secs] 7223933K->6833851K(12533952K), 0.0131850 secs] [Times: user=0.25 sys=0.00, real=0.01 secs] 
: 400874K->8797K(440896K), 0.0133720 secs] 7225787K->6835196K(12533952K), 0.0135360 secs] [Times: user=0.25 sys=0.00, real=0.02 secs] 
: 400733K->9436K(440896K), 0.0142870 secs] 7227132K->6837550K(12533952K), 0.0145010 secs] [Times: user=0.27 sys=0.00, real=0.02 secs] 
: 401372K->9075K(440896K), 0.0111990 secs] 7229486K->6839189K(12533952K), 0.0114200 secs] [Times: user=0.20 sys=0.00, real=0.02 secs] 
: 401011K->8942K(440896K), 0.0116450 secs] 7231125K->6840804K(12533952K), 0.0118920 secs] [Times: user=0.21 sys=0.00, real=0.02 secs] 
: 400657K->9604K(440896K), 0.0139960 secs] 7232519K->6842699K(12533952K), 0.0142190 secs] [Times: user=0.26 sys=0.00, real=0.01 secs] 
: 401540K->9522K(440896K), 0.0118080 secs] 7234635K->6844757K(12533952K), 0.0120120 secs] [Times: user=0.21 sys=0.00, real=0.01 secs] 
: 401458K->9009K(440896K), 0.0133430 secs] 7236693K->6846120K(12533952K), 0.0135390 secs] [Times: user=0.27 sys=0.00, real=0.01 secs] 
: 400945K->8494K(440896K), 0.0101970 secs] 7238056K->6847210K(12533952K), 0.0104160 secs] [Times: user=0.17 sys=0.01, real=0.01 secs] 
: 400430K->8949K(440896K), 0.0100810 secs] 7239146K->6849546K(12533952K), 0.0102950 secs] [Times: user=0.18 sys=0.00, real=0.01 secs] 
: 400885K->9259K(440896K), 0.0113670 secs] 7241482K->6851636K(12533952K), 0.0116450 secs] [Times: user=0.19 sys=0.00, real=0.02 secs] 
: 401195K->8756K(440896K), 0.0104190 secs] 7243572K->6852773K(12533952K), 0.0106540 secs] [Times: user=0.20 sys=0.00, real=0.02 secs] 
: 400692K->9082K(440896K), 0.0118310 secs] 7244709K->6854263K(12533952K), 0.0120300 secs] [Times: user=0.19 sys=0.00, real=0.02 secs] 
: 401018K->13165K(440896K), 0.0138630 secs] 7246199K->6860538K(12533952K), 0.0140900 secs] [Times: user=0.23 sys=0.00, real=0.02 secs] 
: 405101K->14744K(440896K), 0.0124370 secs] 7252474K->6864196K(12533952K), 0.0126390 secs] [Times: user=0.21 sys=0.00, real=0.02 secs] 
: 406680K->15821K(440896K), 0.0096290 secs] 7256132K->6866309K(12533952K), 0.0098660 secs] [Times: user=0.17 sys=0.01, real=0.01 secs] 
: 407675K->10786K(440896K), 0.0093430 secs] 7258163K->6863016K(12533952K), 0.0095950 secs] [Times: user=0.16 sys=0.00, real=0.01 secs] 
: 402722K->10234K(440896K), 0.0098460 secs] 7254952K->6863762K(12533952K), 0.0100140 secs] [Times: user=0.19 sys=0.00, real=0.01 secs] 
: 402170K->8369K(440896K), 0.0097950 secs] 7255698K->6865186K(12533952K), 0.0100460 secs] [Times: user=0.19 sys=0.00, real=0.01 secs] 
: 400305K->7818K(440896K), 0.0093000 secs] 7257122K->6867167K(12533952K), 0.0095750 secs] [Times: user=0.16 sys=0.00, real=0.01 secs] 
: 399754K->7749K(440896K), 0.0117620 secs] 7259103K->6868660K(12533952K), 0.0120280 secs] [Times: user=0.20 sys=0.00, real=0.01 secs] 
: 399685K->8521K(440896K), 0.0096220 secs] 7260596K->6870213K(12533952K), 0.0098840 secs] [Times: user=0.17 sys=0.00, real=0.01 secs] 
: 400457K->8663K(440896K), 0.0096960 secs] 7262149K->6871650K(12533952K), 0.0100970 secs] [Times: user=0.18 sys=0.00, real=0.01 secs] 
: 400599K->8224K(440896K), 0.0117340 secs] 7263586K->6873126K(12533952K), 0.0120290 secs] [Times: user=0.22 sys=0.00, real=0.01 secs] 
: 400160K->8210K(440896K), 0.0101480 secs] 7265062K->6874920K(12533952K), 0.0103860 secs] [Times: user=0.19 sys=0.00, real=0.01 secs] 
: 400146K->7854K(440896K), 0.0091870 secs] 7266856K->6876046K(12533952K), 0.0094300 secs] [Times: user=0.17 sys=0.00, real=0.01 secs] 
: 399790K->8273K(440896K), 0.0100450 secs] 7267982K->6877633K(12533952K), 0.0102420 secs] [Times: user=0.19 sys=0.00, real=0.01 secs] 
: 400209K->7598K(440896K), 0.0112250 secs] 7269569K->6878477K(12533952K), 0.0113800 secs] [Times: user=0.20 sys=0.01, real=0.01 secs] 
: 399534K->7519K(440896K), 0.0106560 secs] 7270413K->6880367K(12533952K), 0.0108540 secs] [Times: user=0.18 sys=0.00, real=0.01 secs] 
: 399455K->7423K(440896K), 0.0119460 secs] 7272303K->6881502K(12533952K), 0.0121630 secs] [Times: user=0.23 sys=0.00, real=0.01 secs] 
: 399359K->7516K(440896K), 0.0125760 secs] 7273438K->6882951K(12533952K), 0.0127730 secs] [Times: user=0.24 sys=0.00, real=0.01 secs] 
: 399242K->7818K(440896K), 0.0125260 secs] 7274676K->6884230K(12533952K), 0.0126980 secs] [Times: user=0.23 sys=0.01, real=0.01 secs] 
: 399754K->7055K(440896K), 0.0134480 secs] 7276166K->6885586K(12533952K), 0.0136340 secs] [Times: user=0.26 sys=0.00, real=0.01 secs] 
: 398991K->6748K(440896K), 0.0091130 secs] 7277522K->6886345K(12533952K), 0.0093180 secs] [Times: user=0.17 sys=0.00, real=0.01 secs] 
: 398684K->7039K(440896K), 0.0108470 secs] 7278281K->6887933K(12533952K), 0.0110330 secs] [Times: user=0.17 sys=0.01, real=0.02 secs] 
: 398975K->7944K(440896K), 0.0125190 secs] 7279869K->6889814K(12533952K), 0.0127450 secs] [Times: user=0.24 sys=0.00, real=0.01 secs] 
: 399880K->7932K(440896K), 0.0099490 secs] 7281750K->6891223K(12533952K), 0.0101590 secs] [Times: user=0.18 sys=0.00, real=0.01 secs] 
: 399868K->9691K(440896K), 0.0120830 secs] 7283159K->6893889K(12533952K), 0.0123060 secs] [Times: user=0.24 sys=0.00, real=0.01 secs] 
: 401627K->9722K(440896K), 0.0131970 secs] 7285825K->6895674K(12533952K), 0.0133780 secs] [Times: user=0.25 sys=0.00, real=0.01 secs] 
: 401658K->9267K(440896K), 0.0123450 secs] 7287610K->6896898K(12533952K), 0.0125460 secs] [Times: user=0.22 sys=0.00, real=0.01 secs] 
: 401203K->10581K(440896K), 0.0134020 secs] 7288834K->6899709K(12533952K), 0.0136380 secs] [Times: user=0.24 sys=0.00, real=0.01 secs] 
: 402517K->10391K(440896K), 0.0111600 secs] 7291645K->6901908K(12533952K), 0.0113900 secs] [Times: user=0.23 sys=0.00, real=0.01 secs] 
: 402295K->10580K(440896K), 0.0093790 secs] 7293812K->6904084K(12533952K), 0.0095740 secs] [Times: user=0.16 sys=0.01, real=0.01 secs] 
: 402516K->10749K(440896K), 0.0095860 secs] 7296020K->6905732K(12533952K), 0.0097790 secs] [Times: user=0.16 sys=0.01, real=0.01 secs] 
: 402685K->10295K(440896K), 0.0095980 secs] 7297668K->6907988K(12533952K), 0.0097950 secs] [Times: user=0.18 sys=0.00, real=0.01 secs] 
: 402231K->10806K(440896K), 0.0094080 secs] 7299924K->6910826K(12533952K), 0.0096080 secs] [Times: user=0.17 sys=0.00, real=0.01 secs] 
: 402742K->10182K(440896K), 0.0105310 secs] 7302762K->6912271K(12533952K), 0.0107240 secs] [Times: user=0.19 sys=0.00, real=0.01 secs] 
: 402118K->10039K(440896K), 0.0097860 secs] 7304207K->6913874K(12533952K), 0.0100460 secs] [Times: user=0.18 sys=0.00, real=0.01 secs] 
: 401975K->10169K(440896K), 0.0106980 secs] 7305810K->6916198K(12533952K), 0.0109360 secs] [Times: user=0.20 sys=0.00, real=0.01 secs] 
: 402105K->8631K(440896K), 0.0100660 secs] 7308134K->6917412K(12533952K), 0.0103260 secs] [Times: user=0.18 sys=0.00, real=0.01 secs] 
: 400567K->8608K(440896K), 0.0146310 secs] 7309348K->6919108K(12533952K), 0.0148210 secs] [Times: user=0.28 sys=0.00, real=0.01 secs] 
: 400544K->8684K(440896K), 0.0118200 secs] 7311044K->6920809K(12533952K), 0.0120510 secs] [Times: user=0.24 sys=0.00, real=0.01 secs] 
: 400620K->8938K(440896K), 0.0131410 secs] 7312745K->6923052K(12533952K), 0.0133700 secs] [Times: user=0.25 sys=0.00, real=0.01 secs] 
: 400874K->9356K(440896K), 0.0105860 secs] 7314988K->6924803K(12533952K), 0.0107700 secs] [Times: user=0.19 sys=0.00, real=0.02 secs] 
: 401292K->8852K(440896K), 0.0093120 secs] 7316739K->6925913K(12533952K), 0.0095520 secs] [Times: user=0.17 sys=0.00, real=0.01 secs] 
: 400788K->9211K(440896K), 0.0091070 secs] 7317849K->6927827K(12533952K), 0.0093380 secs] [Times: user=0.17 sys=0.00, real=0.01 secs] 
: 401147K->8442K(440896K), 0.0111070 secs] 7319763K->6929458K(12533952K), 0.0113280 secs] [Times: user=0.19 sys=0.00, real=0.01 secs] 
: 400378K->8989K(440896K), 0.0083690 secs] 7321394K->6931811K(12533952K), 0.0086010 secs] [Times: user=0.16 sys=0.00, real=0.01 secs] 
: 400925K->9639K(440896K), 0.0089270 secs] 7323747K->6933691K(12533952K), 0.0091420 secs] [Times: user=0.16 sys=0.00, real=0.00 secs] 
: 401349K->9494K(440896K), 0.0091410 secs] 7325401K->6935482K(12533952K), 0.0093920 secs] [Times: user=0.16 sys=0.00, real=0.01 secs] 
: 401430K->9197K(440896K), 0.0126670 secs] 7327418K->6936627K(12533952K), 0.0128440 secs] [Times: user=0.24 sys=0.00, real=0.01 secs] 
: 401133K->8190K(440896K), 0.0161650 secs] 7328563K->6937981K(12533952K), 0.0163690 secs] [Times: user=0.32 sys=0.00, real=0.02 secs] 
: 400126K->8097K(440896K), 0.0092650 secs] 7329917K->6939506K(12533952K), 0.0095270 secs] [Times: user=0.17 sys=0.00, real=0.01 secs] 
: 399941K->7090K(440896K), 0.0083990 secs] 7331350K->6940450K(12533952K), 0.0086110 secs] [Times: user=0.16 sys=0.00, real=0.01 secs] 
: 399026K->8397K(440896K), 0.0092320 secs] 7332386K->6942938K(12533952K), 0.0094360 secs] [Times: user=0.17 sys=0.00, real=0.01 secs] 
: 400333K->8873K(440896K), 0.0124560 secs] 7334874K->6944965K(12533952K), 0.0125790 secs] [Times: user=0.25 sys=0.00, real=0.01 secs] 
: 400809K->9590K(440896K), 0.0105030 secs] 7336901K->6946977K(12533952K), 0.0107030 secs] [Times: user=0.19 sys=0.00, real=0.01 secs] 
: 401526K->10658K(440896K), 0.0126120 secs] 7338913K->6949403K(12533952K), 0.0128080 secs] [Times: user=0.24 sys=0.00, real=0.01 secs] 
: 402594K->10207K(440896K), 0.0129020 secs] 7341339K->6951228K(12533952K), 0.0130850 secs] [Times: user=0.22 sys=0.00, real=0.02 secs] 
: 402143K->9352K(440896K), 0.0093530 secs] 7343164K->6952314K(12533952K), 0.0095460 secs] [Times: user=0.16 sys=0.00, real=0.01 secs] 
: 401288K->9067K(440896K), 0.0097050 secs] 7344250K->6954289K(12533952K), 0.0099320 secs] [Times: user=0.19 sys=0.01, real=0.01 secs] 
: 401003K->9079K(440896K), 0.0091620 secs] 7346225K->6956558K(12533952K), 0.0093990 secs] [Times: user=0.17 sys=0.00, real=0.01 secs] 
: 401015K->8560K(440896K), 0.0092350 secs] 7348494K->6957927K(12533952K), 0.0093860 secs] [Times: user=0.17 sys=0.00, real=0.01 secs] 
: 400496K->10215K(440896K), 0.0102020 secs] 7349863K->6960812K(12533952K), 0.0104100 secs] [Times: user=0.18 sys=0.00, real=0.01 secs] 
: 402151K->10587K(440896K), 0.0120840 secs] 7352748K->6962998K(12533952K), 0.0122390 secs] [Times: user=0.22 sys=0.00, real=0.01 secs] 
: 402523K->9969K(440896K), 0.0097790 secs] 7354934K->6964703K(12533952K), 0.0099630 secs] [Times: user=0.17 sys=0.00, real=0.01 secs] 
: 401905K->10518K(440896K), 0.0095220 secs] 7356639K->6966543K(12533952K), 0.0096700 secs] [Times: user=0.17 sys=0.00, real=0.01 secs] 
: 402454K->8503K(440896K), 0.0097740 secs] 7358479K->6967428K(12533952K), 0.0099820 secs] [Times: user=0.17 sys=0.00, real=0.01 secs] 
: 400433K->8179K(440896K), 0.0094420 secs] 7359358K->6968924K(12533952K), 0.0096790 secs] [Times: user=0.17 sys=0.00, real=0.01 secs] 
: 400115K->7144K(440896K), 0.0092820 secs] 7360860K->6969803K(12533952K), 0.0094800 secs] [Times: user=0.17 sys=0.00, real=0.01 secs] 
: 399080K->6455K(440896K), 0.0093300 secs] 7361739K->6970926K(12533952K), 0.0095370 secs] [Times: user=0.17 sys=0.00, real=0.01 secs] 
: 398391K->7199K(440896K), 0.0115530 secs] 7362862K->6972710K(12533952K), 0.0118020 secs] [Times: user=0.23 sys=0.00, real=0.01 secs] 
: 399135K->8014K(440896K), 0.0127990 secs] 7364646K->6975009K(12533952K), 0.0132520 secs] [Times: user=0.25 sys=0.00, real=0.01 secs] 
: 399950K->9357K(440896K), 0.0093600 secs] 7366945K->6977194K(12533952K), 0.0095640 secs] [Times: user=0.17 sys=0.00, real=0.01 secs] 
: 401293K->10809K(440896K), 0.0127710 secs] 7369130K->6979812K(12533952K), 0.0130080 secs] [Times: user=0.24 sys=0.01, real=0.01 secs] 
: 402745K->11647K(440896K), 0.0138040 secs] 7371748K->6982332K(12533952K), 0.0140070 secs] [Times: user=0.26 sys=0.00, real=0.02 secs] 
: 403583K->11113K(440896K), 0.0106990 secs] 7374268K->6984129K(12533952K), 0.0108960 secs] [Times: user=0.19 sys=0.00, real=0.01 secs] 
: 403049K->10398K(440896K), 0.0087340 secs] 7376065K->6985941K(12533952K), 0.0088490 secs] [Times: user=0.17 sys=0.00, real=0.01 secs] 
: 402334K->10394K(440896K), 0.0105040 secs] 7377877K->6987960K(12533952K), 0.0107050 secs] [Times: user=0.18 sys=0.00, real=0.01 secs] 
: 402330K->9673K(440896K), 0.0122860 secs] 7379896K->6989565K(12533952K), 0.0125390 secs] [Times: user=0.23 sys=0.00, real=0.01 secs] 
: 401609K->8036K(440896K), 0.0132050 secs] 7381501K->6990142K(12533952K), 0.0134040 secs] [Times: user=0.24 sys=0.01, real=0.01 secs] 
: 399972K->7178K(440896K), 0.0097070 secs] 7382078K->6991092K(12533952K), 0.0099290 secs] [Times: user=0.17 sys=0.00, real=0.01 secs] 
: 399114K->6159K(440896K), 0.0147910 secs] 7383028K->6991956K(12533952K), 0.0150050 secs] [Times: user=0.28 sys=0.00, real=0.02 secs] 
: 398095K->4814K(440896K), 0.0114870 secs] 7383892K->6992440K(12533952K), 0.0117120 secs] [Times: user=0.21 sys=0.00, real=0.01 secs] 
: 396750K->4744K(440896K), 0.0111430 secs] 7384376K->6992997K(12533952K), 0.0113620 secs] [Times: user=0.19 sys=0.00, real=0.01 secs] 
: 396680K->4449K(440896K), 0.0125280 secs] 7384933K->6993398K(12533952K), 0.0126730 secs] [Times: user=0.25 sys=0.00, real=0.01 secs] 
: 396385K->4290K(440896K), 0.0095170 secs] 7385334K->6994148K(12533952K), 0.0097250 secs] [Times: user=0.16 sys=0.00, real=0.01 secs] 
: 396226K->4389K(440896K), 0.0100200 secs] 7386084K->6994960K(12533952K), 0.0102650 secs] [Times: user=0.18 sys=0.00, real=0.01 secs] 
: 396294K->4420K(440896K), 0.0106280 secs] 7386865K->6995641K(12533952K), 0.0111620 secs] [Times: user=0.18 sys=0.00, real=0.01 secs] 
: 396356K->4552K(440896K), 0.0094320 secs] 7387577K->6996168K(12533952K), 0.0096560 secs] [Times: user=0.17 sys=0.00, real=0.01 secs] 
: 396488K->4336K(440896K), 0.0092060 secs] 7388104K->6996472K(12533952K), 0.0094190 secs] [Times: user=0.17 sys=0.00, real=0.01 secs] 
: 396272K->3760K(440896K), 0.0090540 secs] 7388408K->6996929K(12533952K), 0.0092660 secs] [Times: user=0.17 sys=0.00, real=0.01 secs] 
: 395696K->3745K(440896K), 0.0098520 secs] 7388865K->6997499K(12533952K), 0.0100660 secs] [Times: user=0.17 sys=0.00, real=0.01 secs] 
: 395681K->3632K(440896K), 0.0120820 secs] 7389435K->6997843K(12533952K), 0.0122660 secs] [Times: user=0.19 sys=0.00, real=0.01 secs] 
: 395568K->3154K(440896K), 0.0128050 secs] 7389779K->6998141K(12533952K), 0.0129580 secs] [Times: user=0.25 sys=0.00, real=0.02 secs] 
: 395090K->4413K(440896K), 0.0090370 secs] 7390077K->6999660K(12533952K), 0.0091720 secs] [Times: user=0.17 sys=0.00, real=0.00 secs] 
: 396349K->4653K(440896K), 0.0097840 secs] 7391596K->7000546K(12533952K), 0.0099710 secs] [Times: user=0.16 sys=0.00, real=0.01 secs] 
: 396589K->4885K(440896K), 0.0094980 secs] 7392482K->7001101K(12533952K), 0.0096840 secs] [Times: user=0.17 sys=0.00, real=0.01 secs] 
: 396821K->4998K(440896K), 0.0094030 secs] 7393037K->7001479K(12533952K), 0.0095490 secs] [Times: user=0.16 sys=0.00, real=0.01 secs] 
: 396934K->4258K(440896K), 0.0103210 secs] 7393415K->7002040K(12533952K), 0.0104990 secs] [Times: user=0.18 sys=0.00, real=0.01 secs] 
: 396194K->4017K(440896K), 0.0116980 secs] 7393976K->7002642K(12533952K), 0.0118750 secs] [Times: user=0.23 sys=0.00, real=0.02 secs] 
: 395953K->3808K(440896K), 0.0093760 secs] 7394578K->7003018K(12533952K), 0.0096000 secs] [Times: user=0.17 sys=0.01, real=0.01 secs] 
: 395744K->3497K(440896K), 0.0103630 secs] 7394954K->7003294K(12533952K), 0.0105480 secs] [Times: user=0.18 sys=0.00, real=0.01 secs] 
: 395433K->3631K(440896K), 0.0096780 secs] 7395230K->7003695K(12533952K), 0.0097940 secs] [Times: user=0.17 sys=0.00, real=0.01 secs] 
: 395567K->3640K(440896K), 0.0098470 secs] 7395631K->7004159K(12533952K), 0.0100410 secs] [Times: user=0.17 sys=0.00, real=0.01 secs] 
: 395576K->3569K(440896K), 0.0094540 secs] 7396095K->7004798K(12533952K), 0.0096410 secs] [Times: user=0.16 sys=0.01, real=0.01 secs] 
: 395335K->3942K(440896K), 0.0115610 secs] 7396564K->7005300K(12533952K), 0.0117520 secs] [Times: user=0.23 sys=0.00, real=0.01 secs] 
: 395878K->3664K(440896K), 0.0101760 secs] 7397236K->7005672K(12533952K), 0.0103690 secs] [Times: user=0.18 sys=0.01, real=0.01 secs] 
: 395600K->21122K(440896K), 0.0088460 secs] 7397608K->7023461K(12533952K), 0.0089620 secs] [Times: user=0.16 sys=0.00, real=0.01 secs] 
: 413058K->7011K(440896K), 0.0119530 secs] 7415397K->7010062K(12533952K), 0.0121030 secs] [Times: user=0.22 sys=0.00, real=0.01 secs] 
: 398947K->7698K(440896K), 0.0096640 secs] 7401998K->7011139K(12533952K), 0.0098800 secs] [Times: user=0.17 sys=0.00, real=0.01 secs] 
: 399634K->22427K(440896K), 0.0118880 secs] 7403075K->7026256K(12533952K), 0.0120860 secs] [Times: user=0.24 sys=0.00, real=0.02 secs] 
: 414363K->6233K(440896K), 0.0101730 secs] 7418192K->7013477K(12533952K), 0.0103660 secs] [Times: user=0.17 sys=0.00, real=0.01 secs] 
: 398169K->6820K(440896K), 0.0183340 secs] 7405413K->7014967K(12533952K), 0.0185590 secs] [Times: user=0.24 sys=0.00, real=0.02 secs] 
: 398756K->6289K(440896K), 0.0099330 secs] 7406903K->7015674K(12533952K), 0.0100830 secs] [Times: user=0.18 sys=0.00, real=0.01 secs] 
: 398225K->6480K(440896K), 0.0138700 secs] 7407610K->7016579K(12533952K), 0.0140570 secs] [Times: user=0.27 sys=0.00, real=0.02 secs] 
: 398416K->6573K(440896K), 0.0110400 secs] 7408515K->7018418K(12533952K), 0.0112390 secs] [Times: user=0.21 sys=0.00, real=0.01 secs] 
: 398509K->6681K(440896K), 0.0128490 secs] 7410354K->7019953K(12533952K), 0.0130430 secs] [Times: user=0.22 sys=0.00, real=0.01 secs] 
: 398617K->8647K(440896K), 0.0124610 secs] 7411889K->7022443K(12533952K), 0.0126720 secs] [Times: user=0.23 sys=0.00, real=0.01 secs] 
: 400583K->9860K(440896K), 0.0120330 secs] 7414379K->7024508K(12533952K), 0.0122460 secs] [Times: user=0.21 sys=0.00, real=0.01 secs] 
: 401796K->9795K(440896K), 0.0098380 secs] 7416444K->7026106K(12533952K), 0.0099920 secs] [Times: user=0.19 sys=0.00, real=0.01 secs] 
: 401731K->9984K(440896K), 0.0100310 secs] 7418042K->7027470K(12533952K), 0.0101790 secs] [Times: user=0.17 sys=0.00, real=0.01 secs] 
: 401880K->8758K(440896K), 0.0098490 secs] 7419366K->7029055K(12533952K), 0.0100410 secs] [Times: user=0.18 sys=0.00, real=0.01 secs] 
: 400694K->8650K(440896K), 0.0113150 secs] 7420991K->7030804K(12533952K), 0.0114750 secs] [Times: user=0.21 sys=0.00, real=0.01 secs] 
: 400586K->7840K(440896K), 0.0128780 secs] 7422740K->7031690K(12533952K), 0.0130690 secs] [Times: user=0.23 sys=0.00, real=0.01 secs] 
: 399776K->7784K(440896K), 0.0150500 secs] 7423626K->7033275K(12533952K), 0.0151860 secs] [Times: user=0.23 sys=0.00, real=0.02 secs] 
: 399720K->7152K(440896K), 0.0133650 secs] 7425211K->7034402K(12533952K), 0.0135520 secs] [Times: user=0.27 sys=0.00, real=0.01 secs] 
: 399088K->7278K(440896K), 0.0113240 secs] 7426338K->7036080K(12533952K), 0.0115120 secs] [Times: user=0.22 sys=0.00, real=0.01 secs] 
: 399214K->7368K(440896K), 0.0092600 secs] 7428016K->7037269K(12533952K), 0.0094060 secs] [Times: user=0.17 sys=0.00, real=0.01 secs] 
: 399304K->7507K(440896K), 0.0106620 secs] 7429205K->7038937K(12533952K), 0.0108480 secs] [Times: user=0.19 sys=0.00, real=0.01 secs] 
: 399443K->8623K(440896K), 0.0115350 secs] 7430873K->7041412K(12533952K), 0.0117300 secs] [Times: user=0.19 sys=0.00, real=0.01 secs] 
: 400559K->8240K(440896K), 0.0110490 secs] 7433348K->7042455K(12533952K), 0.0112410 secs] [Times: user=0.21 sys=0.00, real=0.01 secs] 
: 400176K->8728K(440896K), 0.0152750 secs] 7434391K->7044105K(12533952K), 0.0153890 secs] [Times: user=0.32 sys=0.00, real=0.02 secs] 
: 400664K->11606K(440896K), 0.0099500 secs] 7436041K->7048855K(12533952K), 0.0100670 secs] [Times: user=0.19 sys=0.00, real=0.01 secs] 
: 403542K->10624K(440896K), 0.0132630 secs] 7440791K->7050154K(12533952K), 0.0134740 secs] [Times: user=0.26 sys=0.00, real=0.01 secs] 
: 402560K->10357K(440896K), 0.0110730 secs] 7442090K->7051053K(12533952K), 0.0112600 secs] [Times: user=0.21 sys=0.00, real=0.01 secs] 
: 402293K->11275K(440896K), 0.0132600 secs] 7442989K->7053532K(12533952K), 0.0133810 secs] [Times: user=0.26 sys=0.00, real=0.01 secs] 
: 403211K->8933K(440896K), 0.0097790 secs] 7445468K->7056029K(12533952K), 0.0099640 secs] [Times: user=0.18 sys=0.00, real=0.01 secs] 
: 400869K->10654K(440896K), 0.0125730 secs] 7447965K->7058975K(12533952K), 0.0127720 secs] [Times: user=0.24 sys=0.00, real=0.01 secs] 
: 402590K->12086K(440896K), 0.0123590 secs] 7450911K->7061377K(12533952K), 0.0125890 secs] [Times: user=0.21 sys=0.00, real=0.02 secs] 
: 404022K->11644K(440896K), 0.0138990 secs] 7453313K->7063260K(12533952K), 0.0140100 secs] [Times: user=0.30 sys=0.00, real=0.02 secs] 
: 403325K->10472K(440896K), 0.0112290 secs] 7454941K->7064665K(12533952K), 0.0113520 secs] [Times: user=0.20 sys=0.00, real=0.01 secs] 
: 402408K->9502K(440896K), 0.0221090 secs] 7456601K->7066620K(12533952K), 0.0222530 secs] [Times: user=0.37 sys=0.00, real=0.03 secs] 
: 401438K->8897K(440896K), 0.0107170 secs] 7458556K->7068121K(12533952K), 0.0108880 secs] [Times: user=0.20 sys=0.00, real=0.01 secs] 
: 400833K->8830K(440896K), 0.0125770 secs] 7460057K->7069710K(12533952K), 0.0127560 secs] [Times: user=0.24 sys=0.00, real=0.02 secs] 
: 400766K->8614K(440896K), 0.0095930 secs] 7461646K->7070706K(12533952K), 0.0097110 secs] [Times: user=0.17 sys=0.00, real=0.01 secs] 
: 400550K->10125K(440896K), 0.0108790 secs] 7462642K->7074025K(12533952K), 0.0110260 secs] [Times: user=0.21 sys=0.00, real=0.01 secs] 
: 402061K->10252K(440896K), 0.0135860 secs] 7465961K->7076270K(12533952K), 0.0138540 secs] [Times: user=0.25 sys=0.00, real=0.02 secs] 
: 402188K->10621K(440896K), 0.0135090 secs] 7468206K->7078361K(12533952K), 0.0136770 secs] [Times: user=0.25 sys=0.00, real=0.01 secs] 
: 402557K->11154K(440896K), 0.0143080 secs] 7470297K->7080060K(12533952K), 0.0144890 secs] [Times: user=0.28 sys=0.00, real=0.01 secs] 
: 403090K->10333K(440896K), 0.0143810 secs] 7471996K->7082410K(12533952K), 0.0145760 secs] [Times: user=0.27 sys=0.00, real=0.02 secs] 
: 402269K->10056K(440896K), 0.0095650 secs] 7474346K->7084393K(12533952K), 0.0097500 secs] [Times: user=0.17 sys=0.00, real=0.01 secs] 
: 401992K->10140K(440896K), 0.0102810 secs] 7476329K->7086748K(12533952K), 0.0104700 secs] [Times: user=0.18 sys=0.00, real=0.01 secs] 
: 402076K->10294K(440896K), 0.0090960 secs] 7478684K->7088717K(12533952K), 0.0092940 secs] [Times: user=0.17 sys=0.01, real=0.01 secs] 
: 402230K->11137K(440896K), 0.0104850 secs] 7480653K->7091825K(12533952K), 0.0106770 secs] [Times: user=0.19 sys=0.01, real=0.01 secs] 
: 403073K->11245K(440896K), 0.0130540 secs] 7483761K->7093875K(12533952K), 0.0132500 secs] [Times: user=0.26 sys=0.00, real=0.01 secs] 
: 403181K->9998K(440896K), 0.0114240 secs] 7485811K->7095078K(12533952K), 0.0116260 secs] [Times: user=0.21 sys=0.00, real=0.01 secs] 
: 401934K->10515K(440896K), 0.0113010 secs] 7487014K->7097523K(12533952K), 0.0114860 secs] [Times: user=0.21 sys=0.00, real=0.01 secs] 
: 402451K->8886K(440896K), 0.0094850 secs] 7489459K->7098974K(12533952K), 0.0096320 secs] [Times: user=0.17 sys=0.00, real=0.01 secs] 
: 400822K->9610K(440896K), 0.0122830 secs] 7490910K->7101347K(12533952K), 0.0124330 secs] [Times: user=0.24 sys=0.00, real=0.01 secs] 
: 401546K->12222K(440896K), 0.0128730 secs] 7493283K->7105451K(12533952K), 0.0130240 secs] [Times: user=0.26 sys=0.00, real=0.01 secs] 
: 404158K->11555K(440896K), 0.0102010 secs] 7497387K->7107403K(12533952K), 0.0105530 secs] [Times: user=0.19 sys=0.00, real=0.01 secs] 
: 403491K->13106K(440896K), 0.0127380 secs] 7499339K->7110242K(12533952K), 0.0128720 secs] [Times: user=0.24 sys=0.00, real=0.01 secs] 
: 405042K->12877K(440896K), 0.0104550 secs] 7502178K->7112335K(12533952K), 0.0106670 secs] [Times: user=0.17 sys=0.01, real=0.01 secs] 
: 404813K->11324K(440896K), 0.0107230 secs] 7504271K->7114779K(12533952K), 0.0108670 secs] [Times: user=0.19 sys=0.01, real=0.01 secs] 
: 403260K->11358K(440896K), 0.0122030 secs] 7506715K->7116876K(12533952K), 0.0123980 secs] [Times: user=0.23 sys=0.00, real=0.02 secs] 
: 403294K->11121K(440896K), 0.0125370 secs] 7508812K->7119588K(12533952K), 0.0127450 secs] [Times: user=0.24 sys=0.00, real=0.02 secs] 
: 403057K->10612K(440896K), 0.0122270 secs] 7511524K->7121141K(12533952K), 0.0124200 secs] [Times: user=0.22 sys=0.00, real=0.02 secs] 
: 402548K->10048K(440896K), 0.0107980 secs] 7513077K->7123033K(12533952K), 0.0109690 secs] [Times: user=0.19 sys=0.00, real=0.01 secs] 
: 401984K->10134K(440896K), 0.0138210 secs] 7514969K->7124932K(12533952K), 0.0140500 secs] [Times: user=0.26 sys=0.00, real=0.01 secs] 
: 402070K->8506K(440896K), 0.0117320 secs] 7516868K->7126058K(12533952K), 0.0119580 secs] [Times: user=0.22 sys=0.00, real=0.01 secs] 
: 400442K->7544K(440896K), 0.0109930 secs] 7517994K->7126836K(12533952K), 0.0111420 secs] [Times: user=0.19 sys=0.00, real=0.01 secs] 
: 399480K->7210K(440896K), 0.0128980 secs] 7518772K->7128310K(12533952K), 0.0130620 secs] [Times: user=0.24 sys=0.00, real=0.02 secs] 
: 399146K->6005K(440896K), 0.0113590 secs] 7520246K->7129109K(12533952K), 0.0115360 secs] [Times: user=0.21 sys=0.00, real=0.01 secs] 
: 397941K->6025K(440896K), 0.0124150 secs] 7521045K->7130199K(12533952K), 0.0125730 secs] [Times: user=0.23 sys=0.00, real=0.02 secs] 
: 397961K->6404K(440896K), 0.0110890 secs] 7522135K->7131295K(12533952K), 0.0112980 secs] [Times: user=0.21 sys=0.00, real=0.01 secs] 
: 398340K->5257K(440896K), 0.0095500 secs] 7523231K->7131631K(12533952K), 0.0097370 secs] [Times: user=0.17 sys=0.00, real=0.01 secs] 
: 397193K->5560K(440896K), 0.0097360 secs] 7523567K->7132846K(12533952K), 0.0099180 secs] [Times: user=0.18 sys=0.00, real=0.01 secs] 
: 397496K->5159K(440896K), 0.0097560 secs] 7524782K->7133606K(12533952K), 0.0099510 secs] [Times: user=0.17 sys=0.01, real=0.01 secs] 
: 397095K->5690K(440896K), 0.0122660 secs] 7525542K->7134919K(12533952K), 0.0123990 secs] [Times: user=0.25 sys=0.00, real=0.01 secs] 
: 397626K->5327K(440896K), 0.0106040 secs] 7526855K->7135145K(12533952K), 0.0107930 secs] [Times: user=0.19 sys=0.00, real=0.01 secs] 
: 397263K->5437K(440896K), 0.0107670 secs] 7527081K->7135966K(12533952K), 0.0109800 secs] [Times: user=0.20 sys=0.01, real=0.01 secs] 
: 397373K->4762K(440896K), 0.0112200 secs] 7527902K->7136460K(12533952K), 0.0114070 secs] [Times: user=0.21 sys=0.00, real=0.01 secs] 
: 396698K->5114K(440896K), 0.0129100 secs] 7528396K->7138042K(12533952K), 0.0130940 secs] [Times: user=0.25 sys=0.00, real=0.01 secs] 
: 397050K->6395K(440896K), 0.0109110 secs] 7529978K->7139844K(12533952K), 0.0110740 secs] [Times: user=0.21 sys=0.00, real=0.02 secs] 
: 398331K->7654K(440896K), 0.0157890 secs] 7531780K->7141754K(12533952K), 0.0159400 secs] [Times: user=0.28 sys=0.00, real=0.02 secs] 
: 399590K->8223K(440896K), 0.0125750 secs] 7533690K->7143040K(12533952K), 0.0127330 secs] [Times: user=0.23 sys=0.00, real=0.01 secs] 
: 400159K->8126K(440896K), 0.0132030 secs] 7534976K->7144301K(12533952K), 0.0133200 secs] [Times: user=0.27 sys=0.01, real=0.01 secs] 
: 400062K->7956K(440896K), 0.0135160 secs] 7536237K->7146073K(12533952K), 0.0136590 secs] [Times: user=0.26 sys=0.00, real=0.01 secs] 
: 399892K->8314K(440896K), 0.0105690 secs] 7538009K->7148239K(12533952K), 0.0107680 secs] [Times: user=0.18 sys=0.00, real=0.01 secs] 
: 400250K->8335K(440896K), 0.0111920 secs] 7540175K->7149627K(12533952K), 0.0113900 secs] [Times: user=0.20 sys=0.00, real=0.02 secs] 
: 400271K->8247K(440896K), 0.0098960 secs] 7541563K->7150900K(12533952K), 0.0100140 secs] [Times: user=0.18 sys=0.00, real=0.01 secs] 
: 400183K->8385K(440896K), 0.0125730 secs] 7542836K->7152821K(12533952K), 0.0127670 secs] [Times: user=0.23 sys=0.00, real=0.02 secs] 
: 400321K->7770K(440896K), 0.0142620 secs] 7544757K->7153694K(12533952K), 0.0144540 secs] [Times: user=0.28 sys=0.00, real=0.01 secs] 
: 399706K->6950K(440896K), 0.0126480 secs] 7545630K->7154748K(12533952K), 0.0128400 secs] [Times: user=0.23 sys=0.00, real=0.02 secs] 
: 398840K->6029K(440896K), 0.0094180 secs] 7546639K->7155124K(12533952K), 0.0095750 secs] [Times: user=0.17 sys=0.00, real=0.01 secs] 
: 397965K->5889K(440896K), 0.0122100 secs] 7547060K->7156889K(12533952K), 0.0124120 secs] [Times: user=0.23 sys=0.00, real=0.01 secs] 
: 397825K->5775K(440896K), 0.0098470 secs] 7548825K->7157617K(12533952K), 0.0100660 secs] [Times: user=0.16 sys=0.00, real=0.01 secs] 
: 397711K->6099K(440896K), 0.0124700 secs] 7549553K->7158659K(12533952K), 0.0126800 secs] [Times: user=0.20 sys=0.00, real=0.01 secs] 
: 398035K->7489K(440896K), 0.0135190 secs] 7550595K->7160634K(12533952K), 0.0137240 secs] [Times: user=0.25 sys=0.00, real=0.01 secs] 
: 399425K->8780K(440896K), 0.0136430 secs] 7552570K->7163543K(12533952K), 0.0138370 secs] [Times: user=0.25 sys=0.00, real=0.01 secs] 
: 400716K->11678K(440896K), 0.0143620 secs] 7555479K->7167319K(12533952K), 0.0145190 secs] [Times: user=0.29 sys=0.00, real=0.01 secs] 
: 403614K->14931K(440896K), 0.0127320 secs] 7559255K->7171714K(12533952K), 0.0129020 secs] [Times: user=0.25 sys=0.00, real=0.01 secs] 
: 406867K->16187K(440896K), 0.0095300 secs] 7563650K->7175662K(12533952K), 0.0097090 secs] [Times: user=0.18 sys=0.00, real=0.01 secs] 
: 408123K->15638K(440896K), 0.0129900 secs] 7567598K->7178024K(12533952K), 0.0131200 secs] [Times: user=0.24 sys=0.00, real=0.01 secs] 
: 407574K->14957K(440896K), 0.0118660 secs] 7569960K->7181092K(12533952K), 0.0120760 secs] [Times: user=0.22 sys=0.00, real=0.01 secs] 
: 406893K->14868K(440896K), 0.0105730 secs] 7573028K->7185329K(12533952K), 0.0107680 secs] [Times: user=0.18 sys=0.01, real=0.01 secs] 
: 406804K->14162K(440896K), 0.0115210 secs] 7577265K->7188692K(12533952K), 0.0117640 secs] [Times: user=0.22 sys=0.00, real=0.02 secs] 
: 406098K->14379K(440896K), 0.0126970 secs] 7580628K->7191296K(12533952K), 0.0128950 secs] [Times: user=0.24 sys=0.00, real=0.01 secs] 
: 400473K->13650K(440896K), 0.0106300 secs] 7577390K->7193730K(12533952K), 0.0108250 secs] [Times: user=0.19 sys=0.00, real=0.01 secs] 
: 405586K->13263K(440896K), 0.0141440 secs] 7585666K->7197472K(12533952K), 0.0143520 secs] [Times: user=0.27 sys=0.00, real=0.01 secs] 
: 405199K->14566K(440896K), 0.0126350 secs] 7589408K->7202071K(12533952K), 0.0128670 secs] [Times: user=0.23 sys=0.00, real=0.01 secs] 
: 406502K->14410K(440896K), 0.0105500 secs] 7594007K->7204563K(12533952K), 0.0107720 secs] [Times: user=0.20 sys=0.00, real=0.01 secs] 
: 406346K->15538K(440896K), 0.0131350 secs] 7596499K->7208210K(12533952K), 0.0133290 secs] [Times: user=0.22 sys=0.01, real=0.02 secs] 
: 407416K->14340K(440896K), 0.0101150 secs] 7600088K->7210822K(12533952K), 0.0103230 secs] [Times: user=0.18 sys=0.01, real=0.01 secs] 
: 406276K->13592K(440896K), 0.0112510 secs] 7602758K->7214528K(12533952K), 0.0114740 secs] [Times: user=0.21 sys=0.00, real=0.01 secs] 
: 405528K->14572K(440896K), 0.0139730 secs] 7606464K->7217968K(12533952K), 0.0141830 secs] [Times: user=0.27 sys=0.00, real=0.01 secs] 
: 406508K->14394K(440896K), 0.0113750 secs] 7609904K->7221403K(12533952K), 0.0115880 secs] [Times: user=0.21 sys=0.00, real=0.01 secs] 
: 406330K->15088K(440896K), 0.0098830 secs] 7613339K->7224757K(12533952K), 0.0100750 secs] [Times: user=0.19 sys=0.00, real=0.01 secs] 
: 407024K->13177K(440896K), 0.0148340 secs] 7616693K->7226682K(12533952K), 0.0150500 secs] [Times: user=0.26 sys=0.00, real=0.01 secs] 
: 405113K->12503K(440896K), 0.0103210 secs] 7618618K->7229257K(12533952K), 0.0105480 secs] [Times: user=0.19 sys=0.00, real=0.01 secs] 
: 404439K->12531K(440896K), 0.0107980 secs] 7621193K->7232643K(12533952K), 0.0110100 secs] [Times: user=0.20 sys=0.00, real=0.01 secs] 
: 404467K->11955K(440896K), 0.0121420 secs] 7624579K->7235515K(12533952K), 0.0123480 secs] [Times: user=0.21 sys=0.01, real=0.02 secs] 
: 403891K->12348K(440896K), 0.0118360 secs] 7627451K->7237787K(12533952K), 0.0120680 secs] [Times: user=0.22 sys=0.00, real=0.01 secs] 
: 404284K->12051K(440896K), 0.0115100 secs] 7629723K->7240264K(12533952K), 0.0117340 secs] [Times: user=0.19 sys=0.00, real=0.01 secs] 
: 403987K->9804K(440896K), 0.0112770 secs] 7632200K->7241309K(12533952K), 0.0115030 secs] [Times: user=0.22 sys=0.00, real=0.01 secs] 
: 401740K->8851K(440896K), 0.0140280 secs] 7633245K->7243080K(12533952K), 0.0142420 secs] [Times: user=0.24 sys=0.00, real=0.01 secs] 
: 400787K->9450K(440896K), 0.0121260 secs] 7635016K->7246138K(12533952K), 0.0123200 secs] [Times: user=0.22 sys=0.00, real=0.01 secs] 
: 401386K->8486K(440896K), 0.0093630 secs] 7638074K->7247669K(12533952K), 0.0094960 secs] [Times: user=0.17 sys=0.00, real=0.01 secs] 
: 400422K->8482K(440896K), 0.0137190 secs] 7639605K->7248783K(12533952K), 0.0139320 secs] [Times: user=0.26 sys=0.00, real=0.01 secs] 
: 400418K->7454K(440896K), 0.0125560 secs] 7640719K->7249360K(12533952K), 0.0127710 secs] [Times: user=0.22 sys=0.00, real=0.01 secs] 
: 399390K->4860K(440896K), 0.0136220 secs] 7641296K->7249744K(12533952K), 0.0138630 secs] [Times: user=0.27 sys=0.00, real=0.02 secs] 
: 396796K->5079K(440896K), 0.0106920 secs] 7641680K->7251425K(12533952K), 0.0109400 secs] [Times: user=0.20 sys=0.00, real=0.01 secs] 
: 397015K->4720K(440896K), 0.0145710 secs] 7643361K->7252296K(12533952K), 0.0147740 secs] [Times: user=0.27 sys=0.00, real=0.02 secs] 
: 396656K->5117K(440896K), 0.0118930 secs] 7644232K->7253407K(12533952K), 0.0120940 secs] [Times: user=0.24 sys=0.00, real=0.01 secs] 
: 397053K->5317K(440896K), 0.0098460 secs] 7645343K->7254001K(12533952K), 0.0100520 secs] [Times: user=0.17 sys=0.00, real=0.01 secs] 
: 397253K->4299K(440896K), 0.0122910 secs] 7645937K->7254414K(12533952K), 0.0125410 secs] [Times: user=0.22 sys=0.00, real=0.01 secs] 
: 396235K->4659K(440896K), 0.0121480 secs] 7646350K->7255617K(12533952K), 0.0123800 secs] [Times: user=0.24 sys=0.00, real=0.01 secs] 
: 396595K->5064K(440896K), 0.0116490 secs] 7647553K->7257126K(12533952K), 0.0118110 secs] [Times: user=0.22 sys=0.00, real=0.02 secs] 
: 397000K->4917K(440896K), 0.0097180 secs] 7649062K->7257580K(12533952K), 0.0098580 secs] [Times: user=0.17 sys=0.00, real=0.01 secs] 
: 396853K->5040K(440896K), 0.0096790 secs] 7649516K->7258302K(12533952K), 0.0098820 secs] [Times: user=0.16 sys=0.00, real=0.01 secs] 
: 396976K->4499K(440896K), 0.0140500 secs] 7650238K->7258815K(12533952K), 0.0142610 secs] [Times: user=0.26 sys=0.00, real=0.01 secs] 
: 396435K->4626K(440896K), 0.0131880 secs] 7650751K->7260192K(12533952K), 0.0133610 secs] [Times: user=0.26 sys=0.00, real=0.02 secs] 
: 396562K->5093K(440896K), 0.0100360 secs] 7652128K->7261310K(12533952K), 0.0102110 secs] [Times: user=0.19 sys=0.00, real=0.01 secs] 
: 397029K->5280K(440896K), 0.0108940 secs] 7653246K->7262547K(12533952K), 0.0111210 secs] [Times: user=0.18 sys=0.00, real=0.01 secs] 
: 397216K->5353K(440896K), 0.0115550 secs] 7654483K->7263077K(12533952K), 0.0117640 secs] [Times: user=0.21 sys=0.00, real=0.01 secs] 
: 397289K->5128K(440896K), 0.0128340 secs] 7655013K->7264165K(12533952K), 0.0130520 secs] [Times: user=0.25 sys=0.00, real=0.01 secs] 
: 397064K->5827K(440896K), 0.0112000 secs] 7656101K->7265918K(12533952K), 0.0114420 secs] [Times: user=0.22 sys=0.00, real=0.01 secs] 
: 397763K->6824K(440896K), 0.0145610 secs] 7657854K->7267891K(12533952K), 0.0148260 secs] [Times: user=0.30 sys=0.00, real=0.02 secs] 
: 398760K->7435K(440896K), 0.0103250 secs] 7659827K->7269419K(12533952K), 0.0105730 secs] [Times: user=0.20 sys=0.00, real=0.01 secs] 
: 399371K->7822K(440896K), 0.0109090 secs] 7661355K->7270852K(12533952K), 0.0111220 secs] [Times: user=0.21 sys=0.00, real=0.01 secs] 
: 399758K->7709K(440896K), 0.0103100 secs] 7662788K->7272558K(12533952K), 0.0105410 secs] [Times: user=0.18 sys=0.00, real=0.01 secs] 
: 399645K->6896K(440896K), 0.0098600 secs] 7664494K->7273569K(12533952K), 0.0100630 secs] [Times: user=0.18 sys=0.00, real=0.01 secs] 
: 398832K->6947K(440896K), 0.0139220 secs] 7665505K->7275074K(12533952K), 0.0141460 secs] [Times: user=0.24 sys=0.00, real=0.01 secs] 
: 398883K->5855K(440896K), 0.0118080 secs] 7667010K->7275573K(12533952K), 0.0119980 secs] [Times: user=0.20 sys=0.00, real=0.01 secs] 
: 397791K->5433K(440896K), 0.0139990 secs] 7667509K->7276843K(12533952K), 0.0141840 secs] [Times: user=0.26 sys=0.00, real=0.02 secs] 
: 397369K->8030K(440896K), 0.0107900 secs] 7668779K->7280497K(12533952K), 0.0109770 secs] [Times: user=0.21 sys=0.00, real=0.01 secs] 
: 399966K->9357K(440896K), 0.0097090 secs] 7672433K->7283200K(12533952K), 0.0098910 secs] [Times: user=0.17 sys=0.00, real=0.01 secs] 
: 401293K->10549K(440896K), 0.0127990 secs] 7675136K->7284849K(12533952K), 0.0129930 secs] [Times: user=0.24 sys=0.00, real=0.02 secs] 
: 402485K->10651K(440896K), 0.0146180 secs] 7676785K->7286330K(12533952K), 0.0148160 secs] [Times: user=0.28 sys=0.00, real=0.02 secs] 
: 402587K->11671K(440896K), 0.0146720 secs] 7678266K->7291033K(12533952K), 0.0148710 secs] [Times: user=0.29 sys=0.00, real=0.02 secs] 
: 403607K->10160K(440896K), 0.0127280 secs] 7682969K->7292438K(12533952K), 0.0129360 secs] [Times: user=0.23 sys=0.00, real=0.01 secs] 
: 402096K->10282K(440896K), 0.0146150 secs] 7684374K->7294189K(12533952K), 0.0148350 secs] [Times: user=0.29 sys=0.00, real=0.02 secs] 
: 402218K->10043K(440896K), 0.0149610 secs] 7686125K->7295314K(12533952K), 0.0151570 secs] [Times: user=0.26 sys=0.01, real=0.02 secs] 
: 401979K->6228K(440896K), 0.0106380 secs] 7687250K->7296002K(12533952K), 0.0108280 secs] [Times: user=0.19 sys=0.00, real=0.01 secs] 
: 398164K->6217K(440896K), 0.0113110 secs] 7687938K->7297288K(12533952K), 0.0115240 secs] [Times: user=0.22 sys=0.00, real=0.01 secs] 
: 398153K->5091K(440896K), 0.0130640 secs] 7689224K->7298079K(12533952K), 0.0132650 secs] [Times: user=0.22 sys=0.00, real=0.01 secs] 
: 397027K->4576K(440896K), 0.0149270 secs] 7690015K->7298523K(12533952K), 0.0151820 secs] [Times: user=0.28 sys=0.00, real=0.02 secs] 
: 396512K->4534K(440896K), 0.0123970 secs] 7690459K->7299046K(12533952K), 0.0125930 secs] [Times: user=0.23 sys=0.00, real=0.01 secs] 
: 396470K->9461K(440896K), 0.0141590 secs] 7690982K->7305131K(12533952K), 0.0143680 secs] [Times: user=0.27 sys=0.00, real=0.02 secs] 
: 401397K->9142K(440896K), 0.0117950 secs] 7697067K->7305565K(12533952K), 0.0119840 secs] [Times: user=0.23 sys=0.00, real=0.01 secs] 
: 401078K->8946K(440896K), 0.0106200 secs] 7697501K->7306252K(12533952K), 0.0107960 secs] [Times: user=0.18 sys=0.00, real=0.01 secs] 
: 400882K->10289K(440896K), 0.0110710 secs] 7698188K->7308250K(12533952K), 0.0112430 secs] [Times: user=0.20 sys=0.00, real=0.01 secs] 
: 402225K->8184K(440896K), 0.0113630 secs] 7700186K->7310172K(12533952K), 0.0115610 secs] [Times: user=0.20 sys=0.00, real=0.01 secs] 
: 400120K->7382K(440896K), 0.0136130 secs] 7702108K->7311690K(12533952K), 0.0138280 secs] [Times: user=0.25 sys=0.00, real=0.02 secs] 
: 399318K->9811K(440896K), 0.0125740 secs] 7703626K->7314833K(12533952K), 0.0127850 secs] [Times: user=0.22 sys=0.00, real=0.01 secs] 
: 401747K->10959K(440896K), 0.0150820 secs] 7706769K->7317648K(12533952K), 0.0152920 secs] [Times: user=0.26 sys=0.01, real=0.02 secs] 
: 402895K->11256K(440896K), 0.0113690 secs] 7709584K->7320207K(12533952K), 0.0115810 secs] [Times: user=0.20 sys=0.00, real=0.01 secs] 
: 403192K->11892K(440896K), 0.0102050 secs] 7712143K->7322462K(12533952K), 0.0104020 secs] [Times: user=0.19 sys=0.00, real=0.01 secs] 
: 403828K->11559K(440896K), 0.0128680 secs] 7714398K->7325177K(12533952K), 0.0131340 secs] [Times: user=0.24 sys=0.00, real=0.02 secs] 
: 403495K->12345K(440896K), 0.0109920 secs] 7717113K->7328748K(12533952K), 0.0111630 secs] [Times: user=0.22 sys=0.01, real=0.01 secs] 
: 404281K->14028K(440896K), 0.0151650 secs] 7720684K->7333024K(12533952K), 0.0153890 secs] [Times: user=0.29 sys=0.00, real=0.02 secs] 
: 405964K->14405K(440896K), 0.0092740 secs] 7724960K->7335659K(12533952K), 0.0094410 secs] [Times: user=0.18 sys=0.00, real=0.01 secs] 
: 406341K->15720K(440896K), 0.0113470 secs] 7727595K->7339882K(12533952K), 0.0115700 secs] [Times: user=0.21 sys=0.00, real=0.01 secs] 
: 407656K->15961K(440896K), 0.0121620 secs] 7731818K->7343530K(12533952K), 0.0123810 secs] [Times: user=0.21 sys=0.00, real=0.01 secs] 
: 407897K->16354K(440896K), 0.0147550 secs] 7735466K->7348151K(12533952K), 0.0149880 secs] [Times: user=0.28 sys=0.00, real=0.02 secs] 
: 408290K->18446K(440896K), 0.0130940 secs] 7740087K->7352825K(12533952K), 0.0133570 secs] [Times: user=0.23 sys=0.00, real=0.02 secs] 
: 410187K->17647K(440896K), 0.0115300 secs] 7744566K->7356225K(12533952K), 0.0117740 secs] [Times: user=0.22 sys=0.00, real=0.01 secs] 
: 409583K->16566K(440896K), 0.0142690 secs] 7748161K->7358952K(12533952K), 0.0145950 secs] [Times: user=0.26 sys=0.00, real=0.02 secs] 
: 408502K->15805K(440896K), 0.0105540 secs] 7750888K->7362629K(12533952K), 0.0107550 secs] [Times: user=0.19 sys=0.00, real=0.01 secs] 
: 407741K->13960K(440896K), 0.0109960 secs] 7754565K->7365380K(12533952K), 0.0112400 secs] [Times: user=0.21 sys=0.00, real=0.01 secs] 
: 405896K->14829K(440896K), 0.0145150 secs] 7757316K->7369740K(12533952K), 0.0147110 secs] [Times: user=0.30 sys=0.00, real=0.01 secs] 
: 406765K->13867K(440896K), 0.0113220 secs] 7761676K->7371750K(12533952K), 0.0115520 secs] [Times: user=0.20 sys=0.00, real=0.01 secs] 
: 405803K->13485K(440896K), 0.0134660 secs] 7763686K->7375046K(12533952K), 0.0136860 secs] [Times: user=0.26 sys=0.00, real=0.01 secs] 
: 405421K->14086K(440896K), 0.0117460 secs] 7766982K->7378375K(12533952K), 0.0119510 secs] [Times: user=0.21 sys=0.00, real=0.02 secs] 
: 406022K->13166K(440896K), 0.0111050 secs] 7770311K->7381379K(12533952K), 0.0113050 secs] [Times: user=0.19 sys=0.00, real=0.01 secs] 
: 405102K->13741K(440896K), 0.0105900 secs] 7773315K->7384238K(12533952K), 0.0108120 secs] [Times: user=0.18 sys=0.00, real=0.01 secs] 
: 405677K->13185K(440896K), 0.0109240 secs] 7776174K->7387106K(12533952K), 0.0111650 secs] [Times: user=0.20 sys=0.00, real=0.01 secs] 
: 405121K->13829K(440896K), 0.0121080 secs] 7779042K->7390974K(12533952K), 0.0123220 secs] [Times: user=0.22 sys=0.00, real=0.02 secs] 
: 405765K->12844K(440896K), 0.0126300 secs] 7782910K->7393030K(12533952K), 0.0128450 secs] [Times: user=0.19 sys=0.00, real=0.01 secs] 
: 404753K->13780K(440896K), 0.0119540 secs] 7784938K->7396806K(12533952K), 0.0121810 secs] [Times: user=0.21 sys=0.00, real=0.01 secs] 
: 405716K->13631K(440896K), 0.0131860 secs] 7788742K->7399635K(12533952K), 0.0133900 secs] [Times: user=0.25 sys=0.01, real=0.01 secs] 
: 405567K->13248K(440896K), 0.0110170 secs] 7791571K->7403073K(12533952K), 0.0111770 secs] [Times: user=0.20 sys=0.00, real=0.01 secs] 
: 405184K->14733K(440896K), 0.0115180 secs] 7795009K->7406758K(12533952K), 0.0117340 secs] [Times: user=0.20 sys=0.00, real=0.02 secs] 
: 406669K->15172K(440896K), 0.0096440 secs] 7798694K->7410874K(12533952K), 0.0098600 secs] [Times: user=0.18 sys=0.00, real=0.01 secs] 
: 407108K->16642K(440896K), 0.0143150 secs] 7802810K->7415058K(12533952K), 0.0145270 secs] [Times: user=0.27 sys=0.00, real=0.02 secs] 
: 408578K->17054K(440896K), 0.0149590 secs] 7806994K->7419043K(12533952K), 0.0152050 secs] [Times: user=0.28 sys=0.00, real=0.01 secs] 
: 408990K->16832K(440896K), 0.0100840 secs] 7810979K->7422446K(12533952K), 0.0102590 secs] [Times: user=0.18 sys=0.01, real=0.01 secs] 
: 408768K->15067K(440896K), 0.0112560 secs] 7814382K->7424623K(12533952K), 0.0114200 secs] [Times: user=0.19 sys=0.00, real=0.02 secs] 
: 407003K->13760K(440896K), 0.0135720 secs] 7816559K->7427586K(12533952K), 0.0137880 secs] [Times: user=0.25 sys=0.00, real=0.01 secs] 
: 405696K->12939K(440896K), 0.0129720 secs] 7819522K->7430856K(12533952K), 0.0131890 secs] [Times: user=0.23 sys=0.00, real=0.02 secs] 
: 404875K->14083K(440896K), 0.0134950 secs] 7822792K->7435425K(12533952K), 0.0137130 secs] [Times: user=0.26 sys=0.00, real=0.01 secs] 
: 406019K->19665K(440896K), 0.0129830 secs] 7827361K->7443268K(12533952K), 0.0131730 secs] [Times: user=0.24 sys=0.00, real=0.01 secs] 
: 411601K->19443K(440896K), 0.0116600 secs] 7835204K->7445820K(12533952K), 0.0118730 secs] [Times: user=0.22 sys=0.00, real=0.01 secs] 
: 411379K->20240K(440896K), 0.0136930 secs] 7837756K->7449875K(12533952K), 0.0138580 secs] [Times: user=0.26 sys=0.00, real=0.01 secs] 
: 412176K->19526K(440896K), 0.0118670 secs] 7841811K->7453752K(12533952K), 0.0121430 secs] [Times: user=0.23 sys=0.00, real=0.02 secs] 
: 411462K->17332K(440896K), 0.0127370 secs] 7845688K->7457245K(12533952K), 0.0129470 secs] [Times: user=0.24 sys=0.00, real=0.01 secs] 
: 409268K->16522K(440896K), 0.0140540 secs] 7849181K->7461099K(12533952K), 0.0143700 secs] [Times: user=0.26 sys=0.00, real=0.01 secs] 
: 408458K->17858K(440896K), 0.0112990 secs] 7853035K->7466301K(12533952K), 0.0115100 secs] [Times: user=0.20 sys=0.00, real=0.01 secs] 
: 409794K->17244K(440896K), 0.0104800 secs] 7858237K->7469692K(12533952K), 0.0106750 secs] [Times: user=0.21 sys=0.00, real=0.02 secs] 
: 409180K->17575K(440896K), 0.0133220 secs] 7861628K->7473572K(12533952K), 0.0135730 secs] [Times: user=0.24 sys=0.00, real=0.01 secs] 
: 409511K->16041K(440896K), 0.0127940 secs] 7865508K->7475985K(12533952K), 0.0129880 secs] [Times: user=0.24 sys=0.00, real=0.01 secs] 
: 407977K->12924K(440896K), 0.0121250 secs] 7867921K->7478169K(12533952K), 0.0123810 secs] [Times: user=0.21 sys=0.01, real=0.01 secs] 
: 404860K->12550K(440896K), 0.0108630 secs] 7870105K->7481096K(12533952K), 0.0110700 secs] [Times: user=0.18 sys=0.01, real=0.01 secs] 
: 404486K->12630K(440896K), 0.0115100 secs] 7873032K->7484920K(12533952K), 0.0117430 secs] [Times: user=0.19 sys=0.00, real=0.02 secs] 
: 404566K->13266K(440896K), 0.0121670 secs] 7876856K->7487871K(12533952K), 0.0123800 secs] [Times: user=0.22 sys=0.01, real=0.01 secs] 
: 405202K->12190K(440896K), 0.0125790 secs] 7879807K->7489223K(12533952K), 0.0131030 secs] [Times: user=0.25 sys=0.00, real=0.01 secs] 
: 404126K->9999K(440896K), 0.0115920 secs] 7881159K->7489876K(12533952K), 0.0118050 secs] [Times: user=0.19 sys=0.00, real=0.01 secs] 
: 401935K->7145K(440896K), 0.0129070 secs] 7881812K->7490890K(12533952K), 0.0131300 secs] [Times: user=0.25 sys=0.00, real=0.01 secs] 
: 399081K->5963K(440896K), 0.0136710 secs] 7882826K->7492489K(12533952K), 0.0138820 secs] [Times: user=0.26 sys=0.00, real=0.01 secs] 
: 397899K->5318K(440896K), 0.0156580 secs] 7884425K->7493394K(12533952K), 0.0158410 secs] [Times: user=0.29 sys=0.00, real=0.01 secs] 
: 397254K->5204K(440896K), 0.0115840 secs] 7885330K->7494016K(12533952K), 0.0118410 secs] [Times: user=0.20 sys=0.00, real=0.01 secs] 
: 397140K->4557K(440896K), 0.0104100 secs] 7885952K->7494407K(12533952K), 0.0106740 secs] [Times: user=0.19 sys=0.00, real=0.01 secs] 
: 396493K->3573K(440896K), 0.0127940 secs] 7886343K->7495038K(12533952K), 0.0130830 secs] [Times: user=0.25 sys=0.00, real=0.01 secs] 
: 395509K->3089K(440896K), 0.0123310 secs] 7886974K->7495332K(12533952K), 0.0126080 secs] [Times: user=0.24 sys=0.00, real=0.01 secs] 
: 394818K->2962K(440896K), 0.0141110 secs] 7887060K->7495855K(12533952K), 0.0143930 secs] [Times: user=0.29 sys=0.00, real=0.02 secs] 
: 394898K->3755K(440896K), 0.0117860 secs] 7887791K->7497045K(12533952K), 0.0120490 secs] [Times: user=0.21 sys=0.00, real=0.01 secs] 
: 395691K->4195K(440896K), 0.0142040 secs] 7888981K->7498139K(12533952K), 0.0144830 secs] [Times: user=0.27 sys=0.00, real=0.01 secs] 
: 396131K->4384K(440896K), 0.0105440 secs] 7890075K->7498658K(12533952K), 0.0108110 secs] [Times: user=0.18 sys=0.00, real=0.01 secs] 
: 396320K->5120K(440896K), 0.0110890 secs] 7890594K->7499846K(12533952K), 0.0113510 secs] [Times: user=0.19 sys=0.00, real=0.01 secs] 
: 397056K->4406K(440896K), 0.0118690 secs] 7891782K->7500178K(12533952K), 0.0121160 secs] [Times: user=0.21 sys=0.00, real=0.01 secs] 
: 396342K->4447K(440896K), 0.0106950 secs] 7892114K->7501323K(12533952K), 0.0109340 secs] [Times: user=0.19 sys=0.00, real=0.02 secs] 
: 396383K->4502K(440896K), 0.0123230 secs] 7893259K->7501907K(12533952K), 0.0125130 secs] [Times: user=0.22 sys=0.00, real=0.01 secs] 
: 396438K->3923K(440896K), 0.0113290 secs] 7893843K->7502697K(12533952K), 0.0115800 secs] [Times: user=0.21 sys=0.00, real=0.01 secs] 
: 395859K->4086K(440896K), 0.0105870 secs] 7894633K->7503312K(12533952K), 0.0108180 secs] [Times: user=0.19 sys=0.00, real=0.01 secs] 
: 396022K->4922K(440896K), 0.0119210 secs] 7895248K->7505127K(12533952K), 0.0121600 secs] [Times: user=0.22 sys=0.00, real=0.01 secs] 
: 396858K->8820K(440896K), 0.0122220 secs] 7897063K->7509673K(12533952K), 0.0124680 secs] [Times: user=0.24 sys=0.00, real=0.01 secs] 
: 400732K->11725K(440896K), 0.0133830 secs] 7901584K->7513307K(12533952K), 0.0136280 secs] [Times: user=0.26 sys=0.00, real=0.01 secs] 
: 403661K->13958K(440896K), 0.0117140 secs] 7905243K->7516317K(12533952K), 0.0119530 secs] [Times: user=0.21 sys=0.00, real=0.01 secs] 
: 405894K->15830K(440896K), 0.0148950 secs] 7908253K->7519877K(12533952K), 0.0151570 secs] [Times: user=0.28 sys=0.00, real=0.02 secs] 
: 407766K->14432K(440896K), 0.0126430 secs] 7911813K->7522912K(12533952K), 0.0129060 secs] [Times: user=0.23 sys=0.00, real=0.01 secs] 
: 406368K->13201K(440896K), 0.0154750 secs] 7914848K->7525235K(12533952K), 0.0157590 secs] [Times: user=0.29 sys=0.00, real=0.02 secs] 
: 405137K->13643K(440896K), 0.0135220 secs] 7917171K->7528656K(12533952K), 0.0136930 secs] [Times: user=0.27 sys=0.00, real=0.01 secs] 
: 405579K->12177K(440896K), 0.0120570 secs] 7920592K->7530829K(12533952K), 0.0123140 secs] [Times: user=0.22 sys=0.00, real=0.01 secs] 
: 404113K->11981K(440896K), 0.0126240 secs] 7922765K->7533660K(12533952K), 0.0129160 secs] [Times: user=0.21 sys=0.01, real=0.01 secs] 
: 403917K->12104K(440896K), 0.0111160 secs] 7925596K->7536040K(12533952K), 0.0113700 secs] [Times: user=0.20 sys=0.00, real=0.01 secs] 
: 404040K->11757K(440896K), 0.0144100 secs] 7927976K->7539115K(12533952K), 0.0146660 secs] [Times: user=0.25 sys=0.00, real=0.01 secs] 
: 403693K->12476K(440896K), 0.0150860 secs] 7931051K->7542107K(12533952K), 0.0152490 secs] [Times: user=0.28 sys=0.00, real=0.02 secs] 
: 404412K->13074K(440896K), 0.0121220 secs] 7934043K->7545608K(12533952K), 0.0123790 secs] [Times: user=0.21 sys=0.00, real=0.01 secs] 
: 405010K->16430K(440896K), 0.0135780 secs] 7937544K->7551481K(12533952K), 0.0137890 secs] [Times: user=0.24 sys=0.00, real=0.01 secs] 
: 408366K->18701K(440896K), 0.0117850 secs] 7943417K->7556721K(12533952K), 0.0119960 secs] [Times: user=0.21 sys=0.00, real=0.01 secs] 
: 410637K->19788K(440896K), 0.0130140 secs] 7948657K->7560643K(12533952K), 0.0132570 secs] [Times: user=0.25 sys=0.00, real=0.01 secs] 
: 411724K->19409K(440896K), 0.0149030 secs] 7952579K->7563816K(12533952K), 0.0151080 secs] [Times: user=0.29 sys=0.00, real=0.02 secs] 
: 411345K->16537K(440896K), 0.0114620 secs] 7955752K->7566890K(12533952K), 0.0116730 secs] [Times: user=0.20 sys=0.00, real=0.01 secs] 
: 408473K->15279K(440896K), 0.0111630 secs] 7958826K->7570859K(12533952K), 0.0114110 secs] [Times: user=0.20 sys=0.00, real=0.01 secs] 
: 407215K->14282K(440896K), 0.0126920 secs] 7962795K->7573795K(12533952K), 0.0128970 secs] [Times: user=0.21 sys=0.00, real=0.01 secs] 
: 406218K->14634K(440896K), 0.0139650 secs] 7965731K->7577153K(12533952K), 0.0141680 secs] [Times: user=0.27 sys=0.00, real=0.02 secs] 
: 406570K->14513K(440896K), 0.0126780 secs] 7969089K->7580047K(12533952K), 0.0128760 secs] [Times: user=0.24 sys=0.00, real=0.01 secs] 
: 406449K->13235K(440896K), 0.0100730 secs] 7971983K->7582742K(12533952K), 0.0102920 secs] [Times: user=0.19 sys=0.00, real=0.01 secs] 
: 405171K->14464K(440896K), 0.0119430 secs] 7974678K->7586791K(12533952K), 0.0121460 secs] [Times: user=0.20 sys=0.01, real=0.01 secs] 
: 406400K->14087K(440896K), 0.0134360 secs] 7978727K->7590006K(12533952K), 0.0136700 secs] [Times: user=0.25 sys=0.00, real=0.02 secs] 
: 406023K->14494K(440896K), 0.0148430 secs] 7981942K->7593269K(12533952K), 0.0150130 secs] [Times: user=0.30 sys=0.00, real=0.02 secs] 
: 406430K->15140K(440896K), 0.0143120 secs] 7985205K->7596629K(12533952K), 0.0145160 secs] [Times: user=0.25 sys=0.00, real=0.01 secs] 
: 407029K->14893K(440896K), 0.0106580 secs] 7988518K->7600513K(12533952K), 0.0109100 secs] [Times: user=0.18 sys=0.01, real=0.01 secs] 
: 406829K->14726K(440896K), 0.0129420 secs] 7992449K->7603590K(12533952K), 0.0131490 secs] [Times: user=0.25 sys=0.00, real=0.02 secs] 
: 406662K->14739K(440896K), 0.0132150 secs] 7995526K->7606784K(12533952K), 0.0134200 secs] [Times: user=0.24 sys=0.00, real=0.02 secs] 
: 406675K->14838K(440896K), 0.0121010 secs] 7998720K->7610325K(12533952K), 0.0123110 secs] [Times: user=0.19 sys=0.00, real=0.01 secs] 
: 406774K->13917K(440896K), 0.0152690 secs] 8002261K->7613250K(12533952K), 0.0154820 secs] [Times: user=0.30 sys=0.00, real=0.02 secs] 
: 405853K->13392K(440896K), 0.0103080 secs] 8005186K->7615757K(12533952K), 0.0105400 secs] [Times: user=0.20 sys=0.00, real=0.01 secs] 
: 405328K->12221K(440896K), 0.0145520 secs] 8007693K->7617946K(12533952K), 0.0147760 secs] [Times: user=0.28 sys=0.00, real=0.02 secs] 
: 404157K->12211K(440896K), 0.0099680 secs] 8009882K->7621295K(12533952K), 0.0101750 secs] [Times: user=0.17 sys=0.01, real=0.01 secs] 
: 404147K->11956K(440896K), 0.0136070 secs] 8013231K->7623881K(12533952K), 0.0138100 secs] [Times: user=0.24 sys=0.00, real=0.02 secs] 
: 403892K->12112K(440896K), 0.0121340 secs] 8015817K->7626686K(12533952K), 0.0123310 secs] [Times: user=0.23 sys=0.00, real=0.01 secs] 
: 404048K->13306K(440896K), 0.0104320 secs] 8018622K->7630084K(12533952K), 0.0106650 secs] [Times: user=0.18 sys=0.00, real=0.01 secs] 
: 405242K->15718K(440896K), 0.0125780 secs] 8022020K->7636004K(12533952K), 0.0127980 secs] [Times: user=0.21 sys=0.00, real=0.01 secs] 
: 407654K->28372K(440896K), 0.0118760 secs] 8027940K->7650795K(12533952K), 0.0120430 secs] [Times: user=0.22 sys=0.00, real=0.01 secs] 
: 420308K->24567K(440896K), 0.0097710 secs] 8042731K->7653415K(12533952K), 0.0099970 secs] [Times: user=0.18 sys=0.01, real=0.01 secs] 
: 416503K->8628K(440896K), 0.0107850 secs] 8045351K->7641527K(12533952K), 0.0110360 secs] [Times: user=0.21 sys=0.00, real=0.01 secs] 
: 400564K->11244K(440896K), 0.0109850 secs] 8033463K->7644143K(12533952K), 0.0112800 secs] [Times: user=0.21 sys=0.01, real=0.01 secs] 
: 403180K->11818K(440896K), 0.0117110 secs] 8036079K->7647171K(12533952K), 0.0119280 secs] [Times: user=0.20 sys=0.00, real=0.01 secs] 
: 403733K->12064K(440896K), 0.0133080 secs] 8039085K->7649936K(12533952K), 0.0135340 secs] [Times: user=0.26 sys=0.00, real=0.02 secs] 
: 404000K->13566K(440896K), 0.0127310 secs] 8041872K->7653897K(12533952K), 0.0130100 secs] [Times: user=0.25 sys=0.00, real=0.02 secs] 
: 405502K->13484K(440896K), 0.0147040 secs] 8045833K->7656531K(12533952K), 0.0148670 secs] [Times: user=0.29 sys=0.00, real=0.02 secs] 
: 405420K->13514K(440896K), 0.0152470 secs] 8048467K->7659528K(12533952K), 0.0154530 secs] [Times: user=0.29 sys=0.00, real=0.02 secs] 
: 405450K->14396K(440896K), 0.0141360 secs] 8051464K->7663384K(12533952K), 0.0143260 secs] [Times: user=0.27 sys=0.00, real=0.01 secs] 
: 406332K->14679K(440896K), 0.0118070 secs] 8055320K->7667342K(12533952K), 0.0120490 secs] [Times: user=0.23 sys=0.00, real=0.02 secs] 
: 406615K->14721K(440896K), 0.0121380 secs] 8059278K->7669973K(12533952K), 0.0123110 secs] [Times: user=0.23 sys=0.00, real=0.01 secs] 
: 406657K->13482K(440896K), 0.0108280 secs] 8061909K->7671773K(12533952K), 0.0110640 secs] [Times: user=0.21 sys=0.00, real=0.02 secs] 
: 405418K->10559K(440896K), 0.0127140 secs] 8063709K->7672660K(12533952K), 0.0129100 secs] [Times: user=0.22 sys=0.00, real=0.02 secs] 
: 402495K->7457K(440896K), 0.0095660 secs] 8064596K->7673429K(12533952K), 0.0098000 secs] [Times: user=0.17 sys=0.00, real=0.01 secs] 
: 399393K->5100K(440896K), 0.0116610 secs] 8065365K->7673531K(12533952K), 0.0118730 secs] [Times: user=0.23 sys=0.00, real=0.01 secs] 
: 397036K->3672K(440896K), 0.0113660 secs] 8065467K->7673660K(12533952K), 0.0115830 secs] [Times: user=0.21 sys=0.00, real=0.02 secs] 
: 395608K->4495K(440896K), 0.0096920 secs] 8065596K->7675475K(12533952K), 0.0099280 secs] [Times: user=0.17 sys=0.01, real=0.01 secs] 
: 396431K->5413K(440896K), 0.0098460 secs] 8067411K->7677388K(12533952K), 0.0100580 secs] [Times: user=0.18 sys=0.00, real=0.01 secs] 
: 397349K->6311K(440896K), 0.0114140 secs] 8069324K->7678615K(12533952K), 0.0116280 secs] [Times: user=0.20 sys=0.00, real=0.01 secs] 
: 398247K->9074K(440896K), 0.0116700 secs] 8070551K->7681453K(12533952K), 0.0118880 secs] [Times: user=0.22 sys=0.00, real=0.02 secs] 
: 401010K->9519K(440896K), 0.0108310 secs] 8073389K->7683656K(12533952K), 0.0110720 secs] [Times: user=0.20 sys=0.01, real=0.01 secs] 
: 401455K->10503K(440896K), 0.0102620 secs] 8075592K->7686591K(12533952K), 0.0104910 secs] [Times: user=0.18 sys=0.00, real=0.01 secs] 
: 402398K->12676K(440896K), 0.0111260 secs] 8078486K->7690127K(12533952K), 0.0113400 secs] [Times: user=0.19 sys=0.00, real=0.01 secs] 
: 404612K->12928K(440896K), 0.0104570 secs] 8082063K->7693155K(12533952K), 0.0106840 secs] [Times: user=0.20 sys=0.00, real=0.01 secs] 
: 404864K->14759K(440896K), 0.0124420 secs] 8085091K->7697265K(12533952K), 0.0126660 secs] [Times: user=0.24 sys=0.00, real=0.01 secs] 
: 406695K->16580K(440896K), 0.0150890 secs] 8089201K->7701990K(12533952K), 0.0153170 secs] [Times: user=0.29 sys=0.00, real=0.01 secs] 
: 408516K->16472K(440896K), 0.0112360 secs] 8093926K->7705400K(12533952K), 0.0114370 secs] [Times: user=0.21 sys=0.00, real=0.02 secs] 
: 408408K->17811K(440896K), 0.0130070 secs] 8097336K->7709712K(12533952K), 0.0132070 secs] [Times: user=0.24 sys=0.00, real=0.01 secs] 
: 409747K->17740K(440896K), 0.0104970 secs] 8101648K->7713657K(12533952K), 0.0107370 secs] [Times: user=0.21 sys=0.00, real=0.02 secs] 
: 409676K->16596K(440896K), 0.0104720 secs] 8105593K->7717375K(12533952K), 0.0107220 secs] [Times: user=0.18 sys=0.00, real=0.01 secs] 
: 408532K->15313K(440896K), 0.0109000 secs] 8109311K->7719514K(12533952K), 0.0111040 secs] [Times: user=0.21 sys=0.00, real=0.01 secs] 
: 407249K->13867K(440896K), 0.0099160 secs] 8111450K->7722271K(12533952K), 0.0100880 secs] [Times: user=0.18 sys=0.01, real=0.01 secs] 
: 405803K->12889K(440896K), 0.0142250 secs] 8114207K->7725256K(12533952K), 0.0144640 secs] [Times: user=0.24 sys=0.00, real=0.01 secs] 
: 404825K->12518K(440896K), 0.0114800 secs] 8117192K->7728568K(12533952K), 0.0117010 secs] [Times: user=0.20 sys=0.00, real=0.01 secs] 
: 404454K->14706K(440896K), 0.0099120 secs] 8120504K->7732631K(12533952K), 0.0101390 secs] [Times: user=0.18 sys=0.01, real=0.01 secs] 
: 406642K->14997K(440896K), 0.0122970 secs] 8124567K->7735597K(12533952K), 0.0125220 secs] [Times: user=0.24 sys=0.00, real=0.01 secs] 
: 406933K->15329K(440896K), 0.0102140 secs] 8127533K->7739376K(12533952K), 0.0103820 secs] [Times: user=0.18 sys=0.00, real=0.01 secs] 
: 407265K->15445K(440896K), 0.0109130 secs] 8131312K->7742857K(12533952K), 0.0111040 secs] [Times: user=0.19 sys=0.00, real=0.01 secs] 
: 407381K->15438K(440896K), 0.0101460 secs] 8134793K->7746803K(12533952K), 0.0105100 secs] [Times: user=0.18 sys=0.00, real=0.01 secs] 
: 407374K->23780K(440896K), 0.0149500 secs] 8138739K->7758070K(12533952K), 0.0151620 secs] [Times: user=0.28 sys=0.00, real=0.01 secs] 
: 415668K->24131K(440896K), 0.0112850 secs] 8149958K->7762259K(12533952K), 0.0115390 secs] [Times: user=0.18 sys=0.00, real=0.01 secs] 
: 416067K->23669K(440896K), 0.0110610 secs] 8154195K->7765272K(12533952K), 0.0112260 secs] [Times: user=0.20 sys=0.00, real=0.02 secs] 
: 415605K->22960K(440896K), 0.0130530 secs] 8157208K->7768442K(12533952K), 0.0132670 secs] [Times: user=0.24 sys=0.00, real=0.01 secs] 
: 414896K->15018K(440896K), 0.0136760 secs] 8160378K->7771832K(12533952K), 0.0138940 secs] [Times: user=0.25 sys=0.00, real=0.01 secs] 
: 406954K->16561K(440896K), 0.0112780 secs] 8163768K->7777467K(12533952K), 0.0115230 secs] [Times: user=0.20 sys=0.00, real=0.01 secs] 
: 408497K->16766K(440896K), 0.0137060 secs] 8169403K->7780706K(12533952K), 0.0139210 secs] [Times: user=0.25 sys=0.00, real=0.01 secs] 
: 408700K->48946K(440896K), 0.0171910 secs] 8172640K->7826326K(12533952K), 0.0174050 secs] [Times: user=0.29 sys=0.00, real=0.01 secs] 
: 440819K->48960K(440896K), 0.0267360 secs] 8218198K->7891485K(12533952K), 0.0269530 secs] [Times: user=0.33 sys=0.01, real=0.03 secs] 
: 440896K->48960K(440896K), 0.0230510 secs] 8283421K->7955973K(12533952K), 0.0232750 secs] [Times: user=0.34 sys=0.01, real=0.03 secs] 
: 440896K->48960K(440896K), 0.0240580 secs] 8347909K->8020078K(12533952K), 0.0242780 secs] [Times: user=0.31 sys=0.00, real=0.02 secs] 
: 440708K->48960K(440896K), 0.0205900 secs] 8411827K->8082821K(12533952K), 0.0211320 secs] [Times: user=0.28 sys=0.00, real=0.02 secs] 
: 440816K->48960K(440896K), 0.0219770 secs] 8474678K->8146524K(12533952K), 0.0222040 secs] [Times: user=0.27 sys=0.01, real=0.03 secs] 
: 440850K->48960K(440896K), 0.0206710 secs] 8538414K->8222670K(12533952K), 0.0212090 secs] [Times: user=0.25 sys=0.01, real=0.02 secs] 
: 440896K->48950K(440896K), 0.0217490 secs] 8614606K->8277571K(12533952K), 0.0219470 secs] [Times: user=0.32 sys=0.00, real=0.02 secs] 
: 440698K->48960K(440896K), 0.0227060 secs] 8669319K->8339847K(12533952K), 0.0228980 secs] [Times: user=0.32 sys=0.00, real=0.02 secs] 
: 440885K->48959K(440896K), 0.0218160 secs] 8731773K->8404289K(12533952K), 0.0220130 secs] [Times: user=0.27 sys=0.01, real=0.02 secs] 
: 440895K->48960K(440896K), 0.0220800 secs] 8796225K->8467471K(12533952K), 0.0222810 secs] [Times: user=0.25 sys=0.01, real=0.02 secs] 
: 440893K->48945K(440896K), 0.0182800 secs] 8859404K->8532300K(12533952K), 0.0184400 secs] [Times: user=0.27 sys=0.01, real=0.01 secs] 
2015-04-01T08:57:05.134-0700: 13200425.206: [GC [1 CMS-initial-mark: 8483354K(12093056K)] 8532969K(12533952K), 0.0033430 secs] [Times: user=0.00 sys=0.00, real=0.00 secs] 
2015-04-01T08:57:05.430-0700: 13200425.502: [CMS-concurrent-mark: 0.292/0.292 secs] [Times: user=1.79 sys=0.00, real=0.29 secs] 
2015-04-01T08:57:05.470-0700: 13200425.543: [CMS-concurrent-preclean: 0.040/0.040 secs] [Times: user=0.05 sys=0.00, real=0.04 secs] 
 CMS: abort preclean due to time 2015-04-01T08:57:10.515-0700: 13200430.587: [CMS-concurrent-abortable-preclean: 2.859/5.044 secs] [Times: user=3.29 sys=0.19, real=5.05 secs] 
2015-04-01T08:57:10.516-0700: 13200430.589: [GC[YG occupancy: 221582 K (440896 K)]13200430.589: [Rescan (parallel) , 0.0085630 secs]13200430.598: [weak refs processing, 0.0085210 secs] [1 CMS-remark: 8483354K(12093056K)] 8704936K(12533952K), 0.0177070 secs] [Times: user=0.16 sys=0.00, real=0.02 secs] 
2015-04-01T08:57:11.393-0700: 13200431.466: [CMS-concurrent-sweep: 0.859/0.859 secs] [Times: user=0.95 sys=0.02, real=0.85 secs] 
2015-04-01T08:57:11.428-0700: 13200431.501: [CMS-concurrent-reset: 0.035/0.035 secs] [Times: user=0.04 sys=0.00, real=0.04 secs] 
: 440727K->48960K(440896K), 0.0202090 secs] 3913627K->3584140K(12533952K), 0.0204420 secs] [Times: user=0.33 sys=0.00, real=0.02 secs] 
: 440896K->48960K(440896K), 0.0181650 secs] 3976076K->3655771K(12533952K), 0.0183950 secs] [Times: user=0.27 sys=0.00, real=0.02 secs] 
: 440806K->48960K(440896K), 0.0188860 secs] 4047618K->3715345K(12533952K), 0.0191020 secs] [Times: user=0.31 sys=0.01, real=0.02 secs] 
: 440651K->48960K(440896K), 0.0189850 secs] 4107036K->3780003K(12533952K), 0.0192170 secs] [Times: user=0.29 sys=0.01, real=0.02 secs] 
: 440843K->48947K(440896K), 0.0167290 secs] 4171887K->3836133K(12533952K), 0.0169280 secs] [Times: user=0.27 sys=0.00, real=0.01 secs] 
: 440883K->48960K(440896K), 0.0209160 secs] 4228069K->3902928K(12533952K), 0.0211150 secs] [Times: user=0.28 sys=0.00, real=0.02 secs] 
: 440864K->48933K(440896K), 0.0236050 secs] 4294833K->3966631K(12533952K), 0.0238130 secs] [Times: user=0.31 sys=0.00, real=0.02 secs] 
: 440640K->48960K(440896K), 0.0220810 secs] 4358339K->4038814K(12533952K), 0.0222830 secs] [Times: user=0.24 sys=0.01, real=0.02 secs] 
: 440643K->48960K(440896K), 0.0224810 secs] 4430498K->4101227K(12533952K), 0.0226860 secs] [Times: user=0.29 sys=0.00, real=0.03 secs] 
: 440754K->48960K(440896K), 0.0306150 secs] 4493021K->4168336K(12533952K), 0.0308190 secs] [Times: user=0.31 sys=0.00, real=0.03 secs] 
: 440816K->48960K(440896K), 0.0215330 secs] 4560192K->4225617K(12533952K), 0.0217320 secs] [Times: user=0.29 sys=0.01, real=0.02 secs] 
: 440896K->48960K(440896K), 0.0221850 secs] 4617553K->4289973K(12533952K), 0.0223930 secs] [Times: user=0.34 sys=0.00, real=0.02 secs] 
: 440766K->48959K(440896K), 0.0205180 secs] 4681780K->4356825K(12533952K), 0.0207340 secs] [Times: user=0.23 sys=0.01, real=0.02 secs] 
: 440715K->48960K(440896K), 0.0184890 secs] 4748581K->4413624K(12533952K), 0.0187510 secs] [Times: user=0.27 sys=0.01, real=0.02 secs] 
: 440896K->48936K(440896K), 0.0249190 secs] 4805560K->4485033K(12533952K), 0.0251180 secs] [Times: user=0.27 sys=0.00, real=0.02 secs] 
: 440826K->48958K(440896K), 0.0188910 secs] 4876923K->4555767K(12533952K), 0.0190180 secs] [Times: user=0.27 sys=0.00, real=0.02 secs] 
: 440861K->48960K(440896K), 0.0178550 secs] 4947670K->4627001K(12533952K), 0.0180590 secs] [Times: user=0.22 sys=0.00, real=0.02 secs] 
: 440729K->48959K(440896K), 0.0183420 secs] 5018770K->4697946K(12533952K), 0.0185450 secs] [Times: user=0.23 sys=0.01, real=0.01 secs] 
: 440862K->48960K(440896K), 0.0188030 secs] 5089849K->4767743K(12533952K), 0.0189990 secs] [Times: user=0.26 sys=0.01, real=0.02 secs] 
: 440842K->48960K(440896K), 0.0191770 secs] 5159626K->4839066K(12533952K), 0.0193540 secs] [Times: user=0.28 sys=0.00, real=0.02 secs] 
: 440852K->48960K(440896K), 0.0191210 secs] 5230959K->4910322K(12533952K), 0.0192730 secs] [Times: user=0.22 sys=0.00, real=0.02 secs] 
: 440896K->48960K(440896K), 0.0217360 secs] 5302258K->4982264K(12533952K), 0.0219320 secs] [Times: user=0.26 sys=0.01, real=0.02 secs] 
: 440750K->48920K(440896K), 0.0253100 secs] 5374054K->5053727K(12533952K), 0.0254950 secs] [Times: user=0.26 sys=0.01, real=0.03 secs] 
: 440667K->48960K(440896K), 0.0248390 secs] 5445474K->5125024K(12533952K), 0.0250390 secs] [Times: user=0.23 sys=0.01, real=0.03 secs] 
: 440831K->48960K(440896K), 0.0184260 secs] 5516896K->5196331K(12533952K), 0.0186400 secs] [Times: user=0.22 sys=0.00, real=0.02 secs] 
: 440838K->48960K(440896K), 0.0185940 secs] 5588210K->5267580K(12533952K), 0.0187840 secs] [Times: user=0.22 sys=0.00, real=0.02 secs] 
: 440896K->48960K(440896K), 0.0205350 secs] 5659516K->5339172K(12533952K), 0.0207250 secs] [Times: user=0.27 sys=0.01, real=0.02 secs] 
: 440799K->48960K(440896K), 0.0173640 secs] 5731012K->5411094K(12533952K), 0.0175270 secs] [Times: user=0.23 sys=0.00, real=0.02 secs] 
: 440896K->48943K(440896K), 0.0180750 secs] 5803030K->5482236K(12533952K), 0.0182330 secs] [Times: user=0.23 sys=0.01, real=0.02 secs] 
: 440799K->48960K(440896K), 0.0196130 secs] 5874092K->5553177K(12533952K), 0.0198250 secs] [Times: user=0.27 sys=0.00, real=0.02 secs] 
: 440896K->48959K(440896K), 0.0204980 secs] 5945113K->5624540K(12533952K), 0.0206490 secs] [Times: user=0.31 sys=0.00, real=0.02 secs] 
: 440669K->48960K(440896K), 0.0230010 secs] 6016250K->5696102K(12533952K), 0.0231890 secs] [Times: user=0.31 sys=0.00, real=0.02 secs] 
: 440862K->48960K(440896K), 0.0213150 secs] 6088005K->5766856K(12533952K), 0.0215250 secs] [Times: user=0.25 sys=0.00, real=0.02 secs] 
: 440869K->48958K(440896K), 0.0188930 secs] 6158766K->5835677K(12533952K), 0.0191280 secs] [Times: user=0.23 sys=0.01, real=0.02 secs] 
: 440886K->48959K(440896K), 0.0226590 secs] 6227605K->5905622K(12533952K), 0.0228840 secs] [Times: user=0.23 sys=0.00, real=0.03 secs] 
: 440849K->48960K(440896K), 0.0197170 secs] 6297511K->5976740K(12533952K), 0.0199100 secs] [Times: user=0.26 sys=0.00, real=0.02 secs] 
: 440896K->48960K(440896K), 0.0214310 secs] 6368676K->6049267K(12533952K), 0.0216190 secs] [Times: user=0.29 sys=0.00, real=0.02 secs] 
: 440790K->48947K(440896K), 0.0174970 secs] 6441098K->6120401K(12533952K), 0.0177310 secs] [Times: user=0.21 sys=0.00, real=0.01 secs] 
: 440812K->48959K(440896K), 0.0194310 secs] 6512266K->6191525K(12533952K), 0.0195910 secs] [Times: user=0.28 sys=0.00, real=0.02 secs] 
: 440792K->48960K(440896K), 0.0164410 secs] 6583358K->6263134K(12533952K), 0.0165820 secs] [Times: user=0.23 sys=0.00, real=0.02 secs] 
: 440896K->48960K(440896K), 0.0199770 secs] 6655070K->6334448K(12533952K), 0.0201790 secs] [Times: user=0.28 sys=0.01, real=0.02 secs] 
: 440728K->48956K(440896K), 0.0193750 secs] 6726217K->6405369K(12533952K), 0.0196050 secs] [Times: user=0.23 sys=0.01, real=0.02 secs] 
: 440817K->48955K(440896K), 0.0245260 secs] 6797230K->6474699K(12533952K), 0.0247280 secs] [Times: user=0.34 sys=0.00, real=0.03 secs] 
: 440850K->48945K(440896K), 0.0252050 secs] 6866594K->6543223K(12533952K), 0.0254450 secs] [Times: user=0.33 sys=0.00, real=0.03 secs] 
: 440878K->48960K(440896K), 0.0172190 secs] 6935155K->6614012K(12533952K), 0.0173850 secs] [Times: user=0.23 sys=0.00, real=0.01 secs] 
: 440886K->48960K(440896K), 0.0196060 secs] 7005939K->6684030K(12533952K), 0.0198060 secs] [Times: user=0.30 sys=0.00, real=0.02 secs] 
: 440896K->48931K(440896K), 0.0186470 secs] 7075966K->6754054K(12533952K), 0.0188490 secs] [Times: user=0.28 sys=0.01, real=0.02 secs] 
: 440862K->48960K(440896K), 0.0174680 secs] 7145986K->6825925K(12533952K), 0.0176760 secs] [Times: user=0.25 sys=0.00, real=0.02 secs] 
: 440827K->48960K(440896K), 0.0181050 secs] 7217792K->6895134K(12533952K), 0.0182920 secs] [Times: user=0.24 sys=0.01, real=0.02 secs] 
: 440888K->48960K(440896K), 0.0227250 secs] 7287062K->6960011K(12533952K), 0.0229260 secs] [Times: user=0.31 sys=0.01, real=0.03 secs] 
: 440799K->48960K(440896K), 0.0222620 secs] 7351850K->7022678K(12533952K), 0.0224940 secs] [Times: user=0.31 sys=0.01, real=0.02 secs] 
: 440896K->48960K(440896K), 0.0205880 secs] 7414614K->7084146K(12533952K), 0.0208030 secs] [Times: user=0.31 sys=0.00, real=0.02 secs] 
: 440665K->48960K(440896K), 0.0230840 secs] 7475851K->7162333K(12533952K), 0.0233100 secs] [Times: user=0.34 sys=0.00, real=0.02 secs] 
: 440896K->48960K(440896K), 0.0226670 secs] 7554269K->7211190K(12533952K), 0.0228740 secs] [Times: user=0.35 sys=0.00, real=0.03 secs] 
: 440835K->48940K(440896K), 0.0196300 secs] 7603065K->7275365K(12533952K), 0.0200900 secs] [Times: user=0.25 sys=0.00, real=0.02 secs] 
: 440876K->48960K(440896K), 0.0214170 secs] 7667301K->7335892K(12533952K), 0.0216500 secs] [Times: user=0.31 sys=0.00, real=0.03 secs] 
: 440896K->48960K(440896K), 0.0225020 secs] 7727828K->7396998K(12533952K), 0.0227070 secs] [Times: user=0.33 sys=0.01, real=0.03 secs] 
: 440885K->48915K(440896K), 0.0200410 secs] 7788923K->7460395K(12533952K), 0.0202420 secs] [Times: user=0.26 sys=0.00, real=0.02 secs] 
: 440700K->48939K(440896K), 0.0195840 secs] 7852179K->7523307K(12533952K), 0.0197320 secs] [Times: user=0.28 sys=0.00, real=0.02 secs] 
: 440875K->48960K(440896K), 0.0209580 secs] 7915243K->7587508K(12533952K), 0.0211570 secs] [Times: user=0.29 sys=0.00, real=0.02 secs] 
: 440748K->48960K(440896K), 0.0248970 secs] 7979297K->7653068K(12533952K), 0.0250960 secs] [Times: user=0.33 sys=0.00, real=0.02 secs] 
: 440785K->48949K(440896K), 0.0219620 secs] 8044893K->7713561K(12533952K), 0.0221560 secs] [Times: user=0.34 sys=0.01, real=0.03 secs] 
: 440823K->48960K(440896K), 0.0232370 secs] 8105436K->7775752K(12533952K), 0.0234440 secs] [Times: user=0.36 sys=0.01, real=0.03 secs] 
: 440751K->48960K(440896K), 0.0224110 secs] 8167544K->7841494K(12533952K), 0.0226630 secs] [Times: user=0.32 sys=0.00, real=0.02 secs] 
: 440793K->48960K(440896K), 0.0201220 secs] 8233327K->7900112K(12533952K), 0.0203380 secs] [Times: user=0.33 sys=0.00, real=0.02 secs] 
: 440686K->48913K(440896K), 0.0248630 secs] 8291839K->7964054K(12533952K), 0.0250600 secs] [Times: user=0.40 sys=0.00, real=0.03 secs] 
: 440786K->48955K(440896K), 0.0219620 secs] 8355927K->8026662K(12533952K), 0.0221590 secs] [Times: user=0.32 sys=0.00, real=0.02 secs] 
: 440891K->48960K(440896K), 0.0215690 secs] 8418598K->8089557K(12533952K), 0.0217720 secs] [Times: user=0.32 sys=0.00, real=0.02 secs] 
: 440707K->48960K(440896K), 0.0220620 secs] 8481304K->8149600K(12533952K), 0.0222690 secs] [Times: user=0.35 sys=0.01, real=0.02 secs] 
: 440783K->48960K(440896K), 0.0205010 secs] 8541423K->8214798K(12533952K), 0.0206290 secs] [Times: user=0.32 sys=0.00, real=0.02 secs] 
: 440893K->48960K(440896K), 0.0213960 secs] 8606732K->8273800K(12533952K), 0.0215970 secs] [Times: user=0.31 sys=0.00, real=0.02 secs] 
: 440896K->48960K(440896K), 0.0181660 secs] 8665736K->8340058K(12533952K), 0.0183010 secs] [Times: user=0.26 sys=0.00, real=0.02 secs] 
: 440688K->48960K(440896K), 0.0216370 secs] 8731786K->8404413K(12533952K), 0.0218620 secs] [Times: user=0.34 sys=0.00, real=0.02 secs] 
: 440896K->48960K(440896K), 0.0204500 secs] 8796349K->8465252K(12533952K), 0.0206830 secs] [Times: user=0.31 sys=0.01, real=0.02 secs] 
: 440729K->48953K(440896K), 0.0211100 secs] 8857022K->8537016K(12533952K), 0.0213300 secs] [Times: user=0.27 sys=0.00, real=0.02 secs] 
2015-04-01T09:08:53.757-0700: 13201133.829: [GC [1 CMS-initial-mark: 8488063K(12093056K)] 8537276K(12533952K), 0.0076970 secs] [Times: user=0.00 sys=0.00, real=0.01 secs] 
2015-04-01T09:08:54.068-0700: 13201134.140: [CMS-concurrent-mark: 0.303/0.303 secs] [Times: user=1.84 sys=0.00, real=0.30 secs] 
2015-04-01T09:08:54.108-0700: 13201134.181: [CMS-concurrent-preclean: 0.041/0.041 secs] [Times: user=0.04 sys=0.00, real=0.04 secs] 
 CMS: abort preclean due to time 2015-04-01T09:08:59.110-0700: 13201139.183: [CMS-concurrent-abortable-preclean: 2.597/5.002 secs] [Times: user=2.99 sys=0.15, real=5.00 secs] 
2015-04-01T09:08:59.111-0700: 13201139.184: [GC[YG occupancy: 200496 K (440896 K)]13201139.184: [Rescan (parallel) , 0.0056940 secs]13201139.190: [weak refs processing, 0.0045260 secs] [1 CMS-remark: 8488063K(12093056K)] 8688560K(12533952K), 0.0105570 secs] [Times: user=0.09 sys=0.00, real=0.02 secs] 
2015-04-01T09:08:59.775-0700: 13201139.847: [CMS-concurrent-sweep: 0.653/0.653 secs] [Times: user=0.70 sys=0.02, real=0.65 secs] 
2015-04-01T09:08:59.802-0700: 13201139.875: [CMS-concurrent-reset: 0.027/0.027 secs] [Times: user=0.03 sys=0.00, real=0.03 secs] 
: 440825K->48960K(440896K), 0.0167550 secs] 3874609K->3544588K(12533952K), 0.0169270 secs] [Times: user=0.26 sys=0.00, real=0.02 secs] 
: 440873K->48960K(440896K), 0.0172190 secs] 3936501K->3599894K(12533952K), 0.0174410 secs] [Times: user=0.27 sys=0.00, real=0.01 secs] 
: 440817K->48960K(440896K), 0.0250680 secs] 3991751K->3662897K(12533952K), 0.0252380 secs] [Times: user=0.35 sys=0.00, real=0.03 secs] 
: 440697K->48960K(440896K), 0.0204380 secs] 4054634K->3727229K(12533952K), 0.0205980 secs] [Times: user=0.28 sys=0.00, real=0.02 secs] 
: 440857K->48960K(440896K), 0.0205850 secs] 4119126K->3791157K(12533952K), 0.0208450 secs] [Times: user=0.28 sys=0.00, real=0.03 secs] 
: 440682K->48960K(440896K), 0.0200430 secs] 4182880K->3854325K(12533952K), 0.0202590 secs] [Times: user=0.27 sys=0.00, real=0.02 secs] 
: 440819K->48960K(440896K), 0.0240620 secs] 4246185K->3920548K(12533952K), 0.0243430 secs] [Times: user=0.32 sys=0.00, real=0.02 secs] 
: 440885K->48960K(440896K), 0.0240180 secs] 4312473K->3983771K(12533952K), 0.0242330 secs] [Times: user=0.33 sys=0.00, real=0.03 secs] 
: 440896K->48960K(440896K), 0.0286740 secs] 4375707K->4044983K(12533952K), 0.0289060 secs] [Times: user=0.34 sys=0.01, real=0.03 secs] 
: 440826K->48960K(440896K), 0.0262110 secs] 4436850K->4111275K(12533952K), 0.0264240 secs] [Times: user=0.34 sys=0.00, real=0.02 secs] 
: 440896K->48945K(440896K), 0.0360820 secs] 4503211K->4182456K(12533952K), 0.0362960 secs] [Times: user=0.31 sys=0.00, real=0.03 secs] 
: 440670K->48960K(440896K), 0.0207670 secs] 4574180K->4232194K(12533952K), 0.0209450 secs] [Times: user=0.30 sys=0.01, real=0.02 secs] 
: 440885K->48960K(440896K), 0.0207070 secs] 4624119K->4292984K(12533952K), 0.0209410 secs] [Times: user=0.25 sys=0.00, real=0.02 secs] 
: 440724K->48960K(440896K), 0.0194270 secs] 4684749K->4356660K(12533952K), 0.0195760 secs] [Times: user=0.31 sys=0.00, real=0.02 secs] 
: 440896K->48960K(440896K), 0.0213120 secs] 4748596K->4420719K(12533952K), 0.0218750 secs] [Times: user=0.30 sys=0.00, real=0.03 secs] 
: 440742K->48935K(440896K), 0.0209440 secs] 4812502K->4482088K(12533952K), 0.0211200 secs] [Times: user=0.33 sys=0.01, real=0.02 secs] 
: 440827K->48960K(440896K), 0.0215540 secs] 4873980K->4544528K(12533952K), 0.0217640 secs] [Times: user=0.31 sys=0.00, real=0.02 secs] 
: 440662K->48960K(440896K), 0.0222200 secs] 4936230K->4618783K(12533952K), 0.0224560 secs] [Times: user=0.29 sys=0.01, real=0.03 secs] 
: 440767K->48960K(440896K), 0.0197220 secs] 5010591K->4669957K(12533952K), 0.0199180 secs] [Times: user=0.29 sys=0.00, real=0.02 secs] 
: 440885K->48930K(440896K), 0.0221890 secs] 5061883K->4731309K(12533952K), 0.0224000 secs] [Times: user=0.34 sys=0.00, real=0.02 secs] 
: 440633K->48950K(440896K), 0.0189340 secs] 5123012K->4793401K(12533952K), 0.0191300 secs] [Times: user=0.26 sys=0.01, real=0.02 secs] 
: 440806K->48960K(440896K), 0.0231870 secs] 5185258K->4860228K(12533952K), 0.0233610 secs] [Times: user=0.28 sys=0.01, real=0.02 secs] 
: 440787K->48960K(440896K), 0.0186350 secs] 5252056K->4920049K(12533952K), 0.0188720 secs] [Times: user=0.24 sys=0.00, real=0.02 secs] 
: 440748K->48960K(440896K), 0.0275030 secs] 5311838K->4983869K(12533952K), 0.0276980 secs] [Times: user=0.33 sys=0.01, real=0.03 secs] 
: 440896K->48960K(440896K), 0.0272000 secs] 5375805K->5056357K(12533952K), 0.0273980 secs] [Times: user=0.28 sys=0.00, real=0.02 secs] 
: 440650K->48901K(440896K), 0.0215720 secs] 5448047K->5113909K(12533952K), 0.0217500 secs] [Times: user=0.30 sys=0.00, real=0.02 secs] 
: 440837K->48960K(440896K), 0.0217390 secs] 5505845K->5176867K(12533952K), 0.0219320 secs] [Times: user=0.31 sys=0.00, real=0.02 secs] 
: 440703K->48960K(440896K), 0.0200400 secs] 5568611K->5238179K(12533952K), 0.0202540 secs] [Times: user=0.27 sys=0.00, real=0.02 secs] 
: 440740K->48960K(440896K), 0.0216860 secs] 5629960K->5300816K(12533952K), 0.0218840 secs] [Times: user=0.28 sys=0.00, real=0.03 secs] 
: 440866K->48960K(440896K), 0.0224030 secs] 5692722K->5361885K(12533952K), 0.0226420 secs] [Times: user=0.31 sys=0.01, real=0.03 secs] 
: 440643K->48905K(440896K), 0.0210280 secs] 5753569K->5424458K(12533952K), 0.0212670 secs] [Times: user=0.26 sys=0.01, real=0.02 secs] 
: 440773K->48919K(440896K), 0.0191160 secs] 5816326K->5488953K(12533952K), 0.0193740 secs] [Times: user=0.26 sys=0.00, real=0.02 secs] 
: 440736K->48960K(440896K), 0.0226990 secs] 5880770K->5557358K(12533952K), 0.0229420 secs] [Times: user=0.35 sys=0.00, real=0.02 secs] 
: 440787K->48960K(440896K), 0.0230250 secs] 5949185K->5615915K(12533952K), 0.0232580 secs] [Times: user=0.33 sys=0.00, real=0.02 secs] 
: 440896K->48960K(440896K), 0.0205620 secs] 6007851K->5678837K(12533952K), 0.0207220 secs] [Times: user=0.30 sys=0.00, real=0.02 secs] 
: 440885K->48943K(440896K), 0.0209980 secs] 6070763K->5742401K(12533952K), 0.0212510 secs] [Times: user=0.29 sys=0.01, real=0.02 secs] 
: 440879K->48960K(440896K), 0.0260380 secs] 6134337K->5806076K(12533952K), 0.0262300 secs] [Times: user=0.34 sys=0.01, real=0.03 secs] 
: 440688K->48960K(440896K), 0.0269870 secs] 6197805K->5869975K(12533952K), 0.0271950 secs] [Times: user=0.33 sys=0.00, real=0.03 secs] 
: 440754K->48960K(440896K), 0.0237430 secs] 6261769K->5933126K(12533952K), 0.0239450 secs] [Times: user=0.32 sys=0.01, real=0.02 secs] 
: 440850K->48960K(440896K), 0.0193410 secs] 6325017K->5993834K(12533952K), 0.0194640 secs] [Times: user=0.31 sys=0.00, real=0.02 secs] 
: 440896K->48960K(440896K), 0.0208080 secs] 6385770K->6059267K(12533952K), 0.0210090 secs] [Times: user=0.29 sys=0.00, real=0.02 secs] 
: 440896K->48960K(440896K), 0.0228680 secs] 6451203K->6127255K(12533952K), 0.0230210 secs] [Times: user=0.36 sys=0.00, real=0.02 secs] 
: 440878K->48960K(440896K), 0.0238450 secs] 6519173K->6195152K(12533952K), 0.0240430 secs] [Times: user=0.34 sys=0.01, real=0.02 secs] 
: 440680K->48960K(440896K), 0.0208200 secs] 6586873K->6254667K(12533952K), 0.0210390 secs] [Times: user=0.30 sys=0.00, real=0.02 secs] 
: 440834K->48960K(440896K), 0.0193590 secs] 6646541K->6319119K(12533952K), 0.0195130 secs] [Times: user=0.28 sys=0.00, real=0.02 secs] 
: 440659K->48960K(440896K), 0.0234280 secs] 6710818K->6385567K(12533952K), 0.0236240 secs] [Times: user=0.31 sys=0.00, real=0.03 secs] 
: 440850K->48934K(440896K), 0.0237780 secs] 6777458K->6453224K(12533952K), 0.0239330 secs] [Times: user=0.32 sys=0.00, real=0.03 secs] 
: 440870K->48960K(440896K), 0.0233790 secs] 6845160K->6515836K(12533952K), 0.0235450 secs] [Times: user=0.30 sys=0.00, real=0.02 secs] 
: 440896K->48960K(440896K), 0.0178170 secs] 6907772K->6578179K(12533952K), 0.0180480 secs] [Times: user=0.25 sys=0.00, real=0.02 secs] 
: 440896K->48960K(440896K), 0.0211900 secs] 6970115K->6641391K(12533952K), 0.0213870 secs] [Times: user=0.32 sys=0.00, real=0.02 secs] 
: 440896K->48960K(440896K), 0.0239950 secs] 7033327K->6712388K(12533952K), 0.0242060 secs] [Times: user=0.31 sys=0.00, real=0.02 secs] 
: 440645K->48960K(440896K), 0.0198160 secs] 7104073K->6784114K(12533952K), 0.0199770 secs] [Times: user=0.30 sys=0.00, real=0.02 secs] 
: 440640K->48960K(440896K), 0.0207150 secs] 7175795K->6828920K(12533952K), 0.0209130 secs] [Times: user=0.34 sys=0.00, real=0.02 secs] 
: 440862K->48959K(440896K), 0.0233870 secs] 7220822K->6885762K(12533952K), 0.0235840 secs] [Times: user=0.33 sys=0.01, real=0.03 secs] 
: 440885K->48952K(440896K), 0.0237370 secs] 7277687K->6947489K(12533952K), 0.0239510 secs] [Times: user=0.30 sys=0.00, real=0.03 secs] 
: 440709K->48960K(440896K), 0.0225860 secs] 7339247K->7008680K(12533952K), 0.0228040 secs] [Times: user=0.31 sys=0.00, real=0.03 secs] 
: 440871K->48960K(440896K), 0.0257390 secs] 7400592K->7070218K(12533952K), 0.0259790 secs] [Times: user=0.32 sys=0.00, real=0.02 secs] 
: 440758K->48960K(440896K), 0.0221380 secs] 7462017K->7131473K(12533952K), 0.0223190 secs] [Times: user=0.33 sys=0.01, real=0.02 secs] 
: 440783K->48960K(440896K), 0.0196890 secs] 7523296K->7189451K(12533952K), 0.0200420 secs] [Times: user=0.27 sys=0.00, real=0.02 secs] 
: 440643K->48959K(440896K), 0.0226760 secs] 7581134K->7252449K(12533952K), 0.0228680 secs] [Times: user=0.35 sys=0.01, real=0.02 secs] 
: 440738K->48960K(440896K), 0.0242540 secs] 7644227K->7321183K(12533952K), 0.0244790 secs] [Times: user=0.34 sys=0.00, real=0.03 secs] 
: 440781K->48960K(440896K), 0.0232370 secs] 7713004K->7378585K(12533952K), 0.0234730 secs] [Times: user=0.31 sys=0.00, real=0.02 secs] 
: 440823K->48960K(440896K), 0.0215060 secs] 7770448K->7440973K(12533952K), 0.0217100 secs] [Times: user=0.27 sys=0.01, real=0.02 secs] 
: 439086K->48960K(440896K), 0.0196440 secs] 7831099K->7497525K(12533952K), 0.0198240 secs] [Times: user=0.29 sys=0.00, real=0.02 secs] 
: 439838K->8001K(440896K), 0.0174200 secs] 7888403K->7504458K(12533952K), 0.0176400 secs] [Times: user=0.24 sys=0.00, real=0.02 secs] 
: 398031K->2615K(440896K), 0.0104410 secs] 7894488K->7499072K(12533952K), 0.0106580 secs] [Times: user=0.18 sys=0.00, real=0.01 secs] 
: 393275K->4524K(440896K), 0.0127070 secs] 7889732K->7500981K(12533952K), 0.0128450 secs] [Times: user=0.25 sys=0.00, real=0.02 secs] 
: 395576K->2868K(440896K), 0.0110010 secs] 7892033K->7499325K(12533952K), 0.0111790 secs] [Times: user=0.19 sys=0.00, real=0.01 secs] 
: 394804K->48959K(440896K), 0.0139140 secs] 7891261K->7551153K(12533952K), 0.0141040 secs] [Times: user=0.25 sys=0.00, real=0.02 secs] 
: 439331K->33005K(440896K), 0.0168560 secs] 7941526K->7581505K(12533952K), 0.0170070 secs] [Times: user=0.22 sys=0.00, real=0.02 secs] 
: 423259K->3134K(440896K), 0.0138720 secs] 7971758K->7581938K(12533952K), 0.0140600 secs] [Times: user=0.23 sys=0.00, real=0.02 secs] 
: 393283K->1256K(440896K), 0.0137740 secs] 7972088K->7580061K(12533952K), 0.0139800 secs] [Times: user=0.25 sys=0.00, real=0.01 secs] 
: 392247K->1514K(440896K), 0.0114990 secs] 7971051K->7580318K(12533952K), 0.0117100 secs] [Times: user=0.19 sys=0.00, real=0.01 secs] 
: 393330K->12629K(440896K), 0.0147660 secs] 7972135K->7591433K(12533952K), 0.0149540 secs] [Times: user=0.27 sys=0.00, real=0.01 secs] 
: 404562K->48960K(440896K), 0.0209610 secs] 7983366K->7688215K(12533952K), 0.0211500 secs] [Times: user=0.30 sys=0.00, real=0.02 secs] 
: 440892K->48960K(440896K), 0.0222180 secs] 8080147K->7730181K(12533952K), 0.0224170 secs] [Times: user=0.32 sys=0.00, real=0.02 secs] 
: 440851K->48960K(440896K), 0.0197400 secs] 8122073K->7788213K(12533952K), 0.0198950 secs] [Times: user=0.28 sys=0.00, real=0.02 secs] 
: 440868K->48960K(440896K), 0.0194180 secs] 8180121K->7850230K(12533952K), 0.0198540 secs] [Times: user=0.26 sys=0.00, real=0.02 secs] 
: 440868K->48960K(440896K), 0.0192890 secs] 8242138K->7909926K(12533952K), 0.0195190 secs] [Times: user=0.28 sys=0.00, real=0.02 secs] 
: 440735K->48960K(440896K), 0.0259410 secs] 8301701K->7971500K(12533952K), 0.0260930 secs] [Times: user=0.39 sys=0.00, real=0.03 secs] 
: 440896K->48960K(440896K), 0.0247890 secs] 8363436K->8033191K(12533952K), 0.0250250 secs] [Times: user=0.37 sys=0.00, real=0.02 secs] 
: 440896K->48960K(440896K), 0.0255090 secs] 8425127K->8106351K(12533952K), 0.0257370 secs] [Times: user=0.38 sys=0.00, real=0.02 secs] 
: 440848K->48951K(440896K), 0.0240110 secs] 8498239K->8162323K(12533952K), 0.0242020 secs] [Times: user=0.37 sys=0.00, real=0.03 secs] 
: 440842K->48960K(440896K), 0.0205500 secs] 8554214K->8230376K(12533952K), 0.0207650 secs] [Times: user=0.25 sys=0.00, real=0.02 secs] 
: 440845K->48915K(440896K), 0.0230980 secs] 8622261K->8289786K(12533952K), 0.0233040 secs] [Times: user=0.33 sys=0.00, real=0.03 secs] 
: 440719K->48960K(440896K), 0.0213600 secs] 8681590K->8355808K(12533952K), 0.0215560 secs] [Times: user=0.28 sys=0.00, real=0.03 secs] 
: 440729K->48939K(440896K), 0.0207890 secs] 8747578K->8420538K(12533952K), 0.0209880 secs] [Times: user=0.27 sys=0.01, real=0.02 secs] 
: 440875K->48944K(440896K), 0.0178700 secs] 8812474K->8477260K(12533952K), 0.0180920 secs] [Times: user=0.26 sys=0.00, real=0.02 secs] 
: 440863K->48960K(440896K), 0.0261280 secs] 8869179K->8534893K(12533952K), 0.0263210 secs] [Times: user=0.36 sys=0.00, real=0.02 secs] 
2015-04-01T09:31:00.693-0700: 13202460.765: [GC [1 CMS-initial-mark: 8485933K(12093056K)] 8535308K(12533952K), 0.0081900 secs] [Times: user=0.01 sys=0.00, real=0.01 secs] 
2015-04-01T09:31:01.023-0700: 13202461.095: [CMS-concurrent-mark: 0.321/0.321 secs] [Times: user=1.95 sys=0.00, real=0.32 secs] 
2015-04-01T09:31:01.056-0700: 13202461.128: [CMS-concurrent-preclean: 0.033/0.033 secs] [Times: user=0.03 sys=0.00, real=0.04 secs] 
 CMS: abort preclean due to time 2015-04-01T09:31:06.196-0700: 13202466.269: [CMS-concurrent-abortable-preclean: 2.535/5.140 secs] [Times: user=2.79 sys=0.07, real=5.14 secs] 
2015-04-01T09:31:06.198-0700: 13202466.270: [GC[YG occupancy: 125733 K (440896 K)]13202466.270: [Rescan (parallel) , 0.0083140 secs]13202466.279: [weak refs processing, 0.0079370 secs] [1 CMS-remark: 8485933K(12093056K)] 8611666K(12533952K), 0.0167620 secs] [Times: user=0.14 sys=0.00, real=0.02 secs] 
2015-04-01T09:31:07.070-0700: 13202467.142: [CMS-concurrent-sweep: 0.855/0.855 secs] [Times: user=0.92 sys=0.02, real=0.85 secs] 
2015-04-01T09:31:07.097-0700: 13202467.170: [CMS-concurrent-reset: 0.028/0.028 secs] [Times: user=0.03 sys=0.00, real=0.03 secs] 
: 440857K->48960K(440896K), 0.0233050 secs] 4112538K->3782172K(12533952K), 0.0235480 secs] [Times: user=0.30 sys=0.00, real=0.02 secs] 
: 440757K->48960K(440896K), 0.0214270 secs] 4173970K->3844450K(12533952K), 0.0216170 secs] [Times: user=0.33 sys=0.00, real=0.02 secs] 
: 440843K->48915K(440896K), 0.0205450 secs] 4236334K->3911391K(12533952K), 0.0207500 secs] [Times: user=0.31 sys=0.00, real=0.02 secs] 
: 440614K->48960K(440896K), 0.0198180 secs] 4303090K->3973511K(12533952K), 0.0200480 secs] [Times: user=0.29 sys=0.00, real=0.02 secs] 
: 440881K->48941K(440896K), 0.0213150 secs] 4365432K->4037052K(12533952K), 0.0215690 secs] [Times: user=0.32 sys=0.00, real=0.02 secs] 
: 440852K->48960K(440896K), 0.0241800 secs] 4428963K->4107067K(12533952K), 0.0243710 secs] [Times: user=0.33 sys=0.01, real=0.02 secs] 
: 440768K->48960K(440896K), 0.0202160 secs] 4498875K->4165333K(12533952K), 0.0204270 secs] [Times: user=0.29 sys=0.00, real=0.02 secs] 
: 440713K->48960K(440896K), 0.0220010 secs] 4557086K->4228502K(12533952K), 0.0222930 secs] [Times: user=0.27 sys=0.00, real=0.02 secs] 
: 440807K->48960K(440896K), 0.0211690 secs] 4620349K->4292093K(12533952K), 0.0213690 secs] [Times: user=0.28 sys=0.01, real=0.02 secs] 
: 440869K->48959K(440896K), 0.0368080 secs] 4684003K->4366055K(12533952K), 0.0370330 secs] [Times: user=0.34 sys=0.01, real=0.03 secs] 
: 440669K->48960K(440896K), 0.0244930 secs] 4757765K->4422369K(12533952K), 0.0247290 secs] [Times: user=0.36 sys=0.00, real=0.02 secs] 
: 440888K->48960K(440896K), 0.0252830 secs] 4814297K->4485355K(12533952K), 0.0254780 secs] [Times: user=0.33 sys=0.01, real=0.03 secs] 
: 440896K->48960K(440896K), 0.0234480 secs] 4877291K->4545623K(12533952K), 0.0236450 secs] [Times: user=0.29 sys=0.00, real=0.03 secs] 
: 440653K->48959K(440896K), 0.0221780 secs] 4937317K->4606638K(12533952K), 0.0223860 secs] [Times: user=0.30 sys=0.00, real=0.02 secs] 
: 440811K->48960K(440896K), 0.0195080 secs] 4998489K->4667594K(12533952K), 0.0197010 secs] [Times: user=0.29 sys=0.00, real=0.02 secs] 
: 440759K->48960K(440896K), 0.0244850 secs] 5059394K->4738993K(12533952K), 0.0246820 secs] [Times: user=0.29 sys=0.00, real=0.02 secs] 
: 440878K->48960K(440896K), 0.0208670 secs] 5130912K->4791786K(12533952K), 0.0210610 secs] [Times: user=0.27 sys=0.01, real=0.03 secs] 
: 440761K->48946K(440896K), 0.0241030 secs] 5183587K->4856035K(12533952K), 0.0243570 secs] [Times: user=0.33 sys=0.00, real=0.03 secs] 
: 440882K->48960K(440896K), 0.0216340 secs] 5247971K->4919863K(12533952K), 0.0217820 secs] [Times: user=0.32 sys=0.00, real=0.02 secs] 
: 440663K->48960K(440896K), 0.0221160 secs] 5311566K->4992378K(12533952K), 0.0222720 secs] [Times: user=0.33 sys=0.01, real=0.02 secs] 
: 440796K->48960K(440896K), 0.0210750 secs] 5384214K->5044779K(12533952K), 0.0212730 secs] [Times: user=0.30 sys=0.01, real=0.02 secs] 
: 440858K->48960K(440896K), 0.0220680 secs] 5436678K->5115255K(12533952K), 0.0222700 secs] [Times: user=0.27 sys=0.00, real=0.03 secs] 
: 440869K->48960K(440896K), 0.0210210 secs] 5507164K->5176179K(12533952K), 0.0212210 secs] [Times: user=0.27 sys=0.00, real=0.02 secs] 
: 440880K->48960K(440896K), 0.0221850 secs] 5568100K->5243424K(12533952K), 0.0223400 secs] [Times: user=0.31 sys=0.01, real=0.02 secs] 
: 440896K->48960K(440896K), 0.0235890 secs] 5635360K->5307469K(12533952K), 0.0237950 secs] [Times: user=0.28 sys=0.00, real=0.03 secs] 
: 440766K->48960K(440896K), 0.0208160 secs] 5699276K->5367142K(12533952K), 0.0209730 secs] [Times: user=0.31 sys=0.01, real=0.03 secs] 
: 440896K->48960K(440896K), 0.0228660 secs] 5759078K->5422973K(12533952K), 0.0230110 secs] [Times: user=0.27 sys=0.00, real=0.02 secs] 
: 440896K->48960K(440896K), 0.0217990 secs] 5814909K->5490348K(12533952K), 0.0220020 secs] [Times: user=0.26 sys=0.00, real=0.02 secs] 
: 440896K->48960K(440896K), 0.0234570 secs] 5882284K->5547588K(12533952K), 0.0236110 secs] [Times: user=0.39 sys=0.00, real=0.02 secs] 
: 440896K->48960K(440896K), 0.0225510 secs] 5939524K->5608117K(12533952K), 0.0227600 secs] [Times: user=0.28 sys=0.00, real=0.02 secs] 
: 440727K->48960K(440896K), 0.0225310 secs] 5999885K->5671785K(12533952K), 0.0227920 secs] [Times: user=0.33 sys=0.00, real=0.03 secs] 
: 440788K->48960K(440896K), 0.0206750 secs] 6063614K->5732833K(12533952K), 0.0208690 secs] [Times: user=0.30 sys=0.01, real=0.02 secs] 
: 440752K->48960K(440896K), 0.0214560 secs] 6124626K->5794303K(12533952K), 0.0216140 secs] [Times: user=0.30 sys=0.01, real=0.03 secs] 
: 440896K->48960K(440896K), 0.0247740 secs] 6186239K->5845581K(12533952K), 0.0251470 secs] [Times: user=0.34 sys=0.00, real=0.03 secs] 
: 440896K->48960K(440896K), 0.0225200 secs] 6237517K->5909368K(12533952K), 0.0227210 secs] [Times: user=0.31 sys=0.00, real=0.03 secs] 
: 440896K->48960K(440896K), 0.0214390 secs] 6301304K->5969587K(12533952K), 0.0216650 secs] [Times: user=0.27 sys=0.00, real=0.02 secs] 
: 440878K->48960K(440896K), 0.0199050 secs] 6361506K->6032521K(12533952K), 0.0201120 secs] [Times: user=0.31 sys=0.01, real=0.02 secs] 
: 440896K->48960K(440896K), 0.0246380 secs] 6424457K->6087609K(12533952K), 0.0248540 secs] [Times: user=0.35 sys=0.01, real=0.03 secs] 
: 440896K->48960K(440896K), 0.0250420 secs] 6479545K->6150038K(12533952K), 0.0252360 secs] [Times: user=0.34 sys=0.01, real=0.02 secs] 
: 440790K->48960K(440896K), 0.0221540 secs] 6541868K->6213732K(12533952K), 0.0223750 secs] [Times: user=0.34 sys=0.00, real=0.02 secs] 
: 440896K->48960K(440896K), 0.0204590 secs] 6605668K->6280962K(12533952K), 0.0206200 secs] [Times: user=0.32 sys=0.00, real=0.02 secs] 
: 440753K->48960K(440896K), 0.0167860 secs] 6672755K->6344154K(12533952K), 0.0169410 secs] [Times: user=0.25 sys=0.01, real=0.02 secs] 
: 440896K->48960K(440896K), 0.0196870 secs] 6736090K->6410779K(12533952K), 0.0198550 secs] [Times: user=0.29 sys=0.01, real=0.02 secs] 
: 440853K->48960K(440896K), 0.0180690 secs] 6802673K->6474990K(12533952K), 0.0182570 secs] [Times: user=0.30 sys=0.00, real=0.02 secs] 
: 440808K->48960K(440896K), 0.0231620 secs] 6866838K->6540768K(12533952K), 0.0233650 secs] [Times: user=0.32 sys=0.00, real=0.02 secs] 
: 440807K->48960K(440896K), 0.0231900 secs] 6932615K->6600630K(12533952K), 0.0233930 secs] [Times: user=0.30 sys=0.00, real=0.03 secs] 
: 440875K->48960K(440896K), 0.0218910 secs] 6992545K->6668241K(12533952K), 0.0221070 secs] [Times: user=0.32 sys=0.00, real=0.02 secs] 
: 440806K->48960K(440896K), 0.0205550 secs] 7060087K->6729675K(12533952K), 0.0207670 secs] [Times: user=0.28 sys=0.00, real=0.02 secs] 
: 440724K->48960K(440896K), 0.0231790 secs] 7121439K->6802127K(12533952K), 0.0233780 secs] [Times: user=0.30 sys=0.00, real=0.03 secs] 
: 440849K->48960K(440896K), 0.0234690 secs] 7194016K->6856076K(12533952K), 0.0236600 secs] [Times: user=0.31 sys=0.01, real=0.03 secs] 
: 440783K->48960K(440896K), 0.0230930 secs] 7247899K->6928448K(12533952K), 0.0232880 secs] [Times: user=0.34 sys=0.00, real=0.02 secs] 
: 440896K->48960K(440896K), 0.0213120 secs] 7320384K->6989845K(12533952K), 0.0215180 secs] [Times: user=0.32 sys=0.00, real=0.02 secs] 
: 440688K->48960K(440896K), 0.0193560 secs] 7381574K->7046622K(12533952K), 0.0195570 secs] [Times: user=0.26 sys=0.01, real=0.02 secs] 
: 440672K->48960K(440896K), 0.0226720 secs] 7438334K->7112088K(12533952K), 0.0228470 secs] [Times: user=0.35 sys=0.01, real=0.02 secs] 
: 440896K->48960K(440896K), 0.0209440 secs] 7504024K->7174501K(12533952K), 0.0211440 secs] [Times: user=0.33 sys=0.00, real=0.02 secs] 
: 440791K->48960K(440896K), 0.0220570 secs] 7566333K->7237636K(12533952K), 0.0222140 secs] [Times: user=0.34 sys=0.01, real=0.02 secs] 
: 440887K->48960K(440896K), 0.0250810 secs] 7629563K->7293792K(12533952K), 0.0252620 secs] [Times: user=0.35 sys=0.01, real=0.02 secs] 
: 440709K->48960K(440896K), 0.0196410 secs] 7685541K->7357111K(12533952K), 0.0198340 secs] [Times: user=0.26 sys=0.00, real=0.02 secs] 
: 440896K->48960K(440896K), 0.0204950 secs] 7749047K->7417158K(12533952K), 0.0207080 secs] [Times: user=0.25 sys=0.00, real=0.02 secs] 
: 440896K->48960K(440896K), 0.0218820 secs] 7809094K->7464289K(12533952K), 0.0220840 secs] [Times: user=0.24 sys=0.00, real=0.02 secs] 
: 440818K->48960K(440896K), 0.0243930 secs] 7856148K->7523736K(12533952K), 0.0245990 secs] [Times: user=0.32 sys=0.00, real=0.02 secs] 
: 440658K->48960K(440896K), 0.0265860 secs] 7915434K->7588649K(12533952K), 0.0268040 secs] [Times: user=0.32 sys=0.01, real=0.03 secs] 
: 440770K->48960K(440896K), 0.0214450 secs] 7980459K->7651759K(12533952K), 0.0216320 secs] [Times: user=0.24 sys=0.00, real=0.02 secs] 
: 440812K->48960K(440896K), 0.0205480 secs] 8043611K->7718692K(12533952K), 0.0207140 secs] [Times: user=0.27 sys=0.00, real=0.02 secs] 
: 440847K->48960K(440896K), 0.0229980 secs] 8110580K->7780144K(12533952K), 0.0231980 secs] [Times: user=0.34 sys=0.00, real=0.02 secs] 
: 440798K->48960K(440896K), 0.0233650 secs] 8171982K->7843210K(12533952K), 0.0235820 secs] [Times: user=0.27 sys=0.00, real=0.03 secs] 
: 440730K->48960K(440896K), 0.0210650 secs] 8234980K->7906376K(12533952K), 0.0212800 secs] [Times: user=0.25 sys=0.01, real=0.03 secs] 
: 440806K->48960K(440896K), 0.0211360 secs] 8298222K->7972433K(12533952K), 0.0213380 secs] [Times: user=0.26 sys=0.00, real=0.02 secs] 
: 440852K->48960K(440896K), 0.0218150 secs] 8364325K->8036517K(12533952K), 0.0220110 secs] [Times: user=0.28 sys=0.00, real=0.02 secs] 
: 440869K->48960K(440896K), 0.0263730 secs] 8428426K->8097445K(12533952K), 0.0266020 secs] [Times: user=0.34 sys=0.01, real=0.03 secs] 
: 440896K->48960K(440896K), 0.0247540 secs] 8489381K->8159162K(12533952K), 0.0249530 secs] [Times: user=0.34 sys=0.00, real=0.02 secs] 
: 440713K->48960K(440896K), 0.0208270 secs] 8550915K->8227103K(12533952K), 0.0209770 secs] [Times: user=0.32 sys=0.00, real=0.02 secs] 
: 440822K->48960K(440896K), 0.0246260 secs] 8618965K->8288507K(12533952K), 0.0248230 secs] [Times: user=0.37 sys=0.01, real=0.03 secs] 
: 440896K->48960K(440896K), 0.0212200 secs] 8680443K->8357607K(12533952K), 0.0214140 secs] [Times: user=0.33 sys=0.00, real=0.02 secs] 
: 440896K->48960K(440896K), 0.0234040 secs] 8749543K->8410912K(12533952K), 0.0235970 secs] [Times: user=0.29 sys=0.00, real=0.03 secs] 
: 440822K->48960K(440896K), 0.0220490 secs] 8802774K->8478114K(12533952K), 0.0222410 secs] [Times: user=0.32 sys=0.00, real=0.02 secs] 
: 440896K->48960K(440896K), 0.0212090 secs] 8870050K->8545539K(12533952K), 0.0214060 secs] [Times: user=0.33 sys=0.01, real=0.02 secs] 
2015-04-01T09:52:16.680-0700: 13203736.752: [GC [1 CMS-initial-mark: 8496579K(12093056K)] 8545688K(12533952K), 0.0065180 secs] [Times: user=0.01 sys=0.00, real=0.00 secs] 
2015-04-01T09:52:17.029-0700: 13203737.102: [CMS-concurrent-mark: 0.343/0.343 secs] [Times: user=2.09 sys=0.00, real=0.35 secs] 
2015-04-01T09:52:17.061-0700: 13203737.133: [CMS-concurrent-preclean: 0.031/0.031 secs] [Times: user=0.03 sys=0.00, real=0.03 secs] 
 CMS: abort preclean due to time 2015-04-01T09:52:22.118-0700: 13203742.190: [CMS-concurrent-abortable-preclean: 2.450/5.057 secs] [Times: user=2.85 sys=0.12, real=5.06 secs] 
2015-04-01T09:52:22.119-0700: 13203742.191: [GC[YG occupancy: 201513 K (440896 K)]13203742.192: [Rescan (parallel) , 0.0065740 secs]13203742.198: [weak refs processing, 0.0075800 secs] [1 CMS-remark: 8496579K(12093056K)] 8698093K(12533952K), 0.0145910 secs] [Times: user=0.13 sys=0.00, real=0.01 secs] 
2015-04-01T09:52:23.007-0700: 13203743.079: [CMS-concurrent-sweep: 0.862/0.873 secs] [Times: user=0.92 sys=0.01, real=0.87 secs] 
2015-04-01T09:52:23.034-0700: 13203743.107: [CMS-concurrent-reset: 0.028/0.028 secs] [Times: user=0.03 sys=0.00, real=0.03 secs] 
: 440896K->48960K(440896K), 0.0185690 secs] 4132696K->3798830K(12533952K), 0.0187990 secs] [Times: user=0.27 sys=0.00, real=0.02 secs] 
: 440745K->48960K(440896K), 0.0155050 secs] 4190616K->3866201K(12533952K), 0.0156670 secs] [Times: user=0.25 sys=0.00, real=0.01 secs] 
: 440703K->48960K(440896K), 0.0209030 secs] 4257944K->3928149K(12533952K), 0.0211500 secs] [Times: user=0.33 sys=0.00, real=0.02 secs] 
: 440880K->48960K(440896K), 0.0206330 secs] 4320070K->3987486K(12533952K), 0.0208880 secs] [Times: user=0.34 sys=0.00, real=0.02 secs] 
: 440896K->48960K(440896K), 0.0201140 secs] 4379422K->4048452K(12533952K), 0.0203270 secs] [Times: user=0.33 sys=0.00, real=0.03 secs] 
: 440673K->48960K(440896K), 0.0171310 secs] 4440166K->4115379K(12533952K), 0.0173100 secs] [Times: user=0.27 sys=0.00, real=0.02 secs] 
: 440758K->48960K(440896K), 0.0185320 secs] 4507178K->4180030K(12533952K), 0.0187610 secs] [Times: user=0.24 sys=0.00, real=0.02 secs] 
: 440851K->48960K(440896K), 0.0236720 secs] 4571922K->4238098K(12533952K), 0.0239010 secs] [Times: user=0.26 sys=0.01, real=0.02 secs] 
: 440896K->48960K(440896K), 0.0222240 secs] 4630034K->4298737K(12533952K), 0.0224370 secs] [Times: user=0.26 sys=0.00, real=0.02 secs] 
: 440888K->48960K(440896K), 0.0206220 secs] 4690666K->4367436K(12533952K), 0.0208630 secs] [Times: user=0.29 sys=0.00, real=0.02 secs] 
: 440731K->48960K(440896K), 0.0251320 secs] 4759207K->4422564K(12533952K), 0.0253870 secs] [Times: user=0.29 sys=0.01, real=0.03 secs] 
: 440889K->48960K(440896K), 0.0219740 secs] 4814494K->4472622K(12533952K), 0.0221820 secs] [Times: user=0.26 sys=0.00, real=0.02 secs] 
: 440662K->48960K(440896K), 0.0222030 secs] 4864325K->4537417K(12533952K), 0.0224090 secs] [Times: user=0.32 sys=0.00, real=0.02 secs] 
: 440896K->48960K(440896K), 0.0273660 secs] 4929353K->4600143K(12533952K), 0.0275430 secs] [Times: user=0.34 sys=0.00, real=0.03 secs] 
: 440656K->48960K(440896K), 0.0200960 secs] 4991840K->4658896K(12533952K), 0.0203180 secs] [Times: user=0.32 sys=0.00, real=0.02 secs] 
: 440847K->48960K(440896K), 0.0210400 secs] 5050783K->4723386K(12533952K), 0.0212310 secs] [Times: user=0.31 sys=0.01, real=0.02 secs] 
: 440896K->48960K(440896K), 0.0195440 secs] 5115322K->4787329K(12533952K), 0.0196980 secs] [Times: user=0.31 sys=0.00, real=0.02 secs] 
: 440806K->48960K(440896K), 0.0223990 secs] 5179176K->4851000K(12533952K), 0.0225990 secs] [Times: user=0.34 sys=0.01, real=0.02 secs] 
: 440896K->48960K(440896K), 0.0189040 secs] 5242936K->4909160K(12533952K), 0.0190630 secs] [Times: user=0.26 sys=0.01, real=0.02 secs] 
: 440787K->48960K(440896K), 0.0227280 secs] 5300987K->4974884K(12533952K), 0.0229380 secs] [Times: user=0.34 sys=0.00, real=0.03 secs] 
: 440887K->48960K(440896K), 0.0200740 secs] 5366811K->5042628K(12533952K), 0.0202690 secs] [Times: user=0.30 sys=0.00, real=0.02 secs] 
: 440746K->48960K(440896K), 0.0209120 secs] 5434415K->5105404K(12533952K), 0.0211200 secs] [Times: user=0.31 sys=0.00, real=0.02 secs] 
: 440896K->48960K(440896K), 0.0249800 secs] 5497340K->5171702K(12533952K), 0.0251850 secs] [Times: user=0.32 sys=0.00, real=0.02 secs] 
: 440770K->48960K(440896K), 0.0213390 secs] 5563513K->5227755K(12533952K), 0.0215520 secs] [Times: user=0.25 sys=0.01, real=0.02 secs] 
: 440792K->48960K(440896K), 0.0273910 secs] 5619587K->5286168K(12533952K), 0.0276060 secs] [Times: user=0.35 sys=0.01, real=0.03 secs] 
: 440758K->48960K(440896K), 0.0264650 secs] 5677967K->5349880K(12533952K), 0.0266660 secs] [Times: user=0.34 sys=0.01, real=0.02 secs] 
: 440896K->48960K(440896K), 0.0205350 secs] 5741816K->5415588K(12533952K), 0.0207150 secs] [Times: user=0.29 sys=0.00, real=0.02 secs] 
: 440896K->48960K(440896K), 0.0193020 secs] 5807524K->5478093K(12533952K), 0.0194540 secs] [Times: user=0.29 sys=0.01, real=0.02 secs] 
: 440788K->48960K(440896K), 0.0226890 secs] 5869922K->5537773K(12533952K), 0.0228900 secs] [Times: user=0.32 sys=0.00, real=0.03 secs] 
: 440684K->48960K(440896K), 0.0215060 secs] 5929498K->5596177K(12533952K), 0.0217150 secs] [Times: user=0.31 sys=0.00, real=0.03 secs] 
: 440710K->48960K(440896K), 0.0241990 secs] 5987927K->5658049K(12533952K), 0.0243540 secs] [Times: user=0.33 sys=0.00, real=0.02 secs] 
: 440880K->48960K(440896K), 0.0199600 secs] 6049969K->5721806K(12533952K), 0.0201110 secs] [Times: user=0.28 sys=0.00, real=0.02 secs] 
: 440896K->48960K(440896K), 0.0172210 secs] 6113742K->5785304K(12533952K), 0.0173980 secs] [Times: user=0.24 sys=0.00, real=0.01 secs] 
: 440885K->48960K(440896K), 0.0199980 secs] 6177229K->5846364K(12533952K), 0.0201530 secs] [Times: user=0.29 sys=0.00, real=0.02 secs] 
: 440647K->48960K(440896K), 0.0228840 secs] 6238052K->5909721K(12533952K), 0.0230700 secs] [Times: user=0.31 sys=0.01, real=0.02 secs] 
: 440896K->48960K(440896K), 0.0203960 secs] 6301657K->5965131K(12533952K), 0.0205550 secs] [Times: user=0.28 sys=0.01, real=0.02 secs] 
: 440896K->48960K(440896K), 0.0206890 secs] 6357067K->6026254K(12533952K), 0.0208970 secs] [Times: user=0.28 sys=0.00, real=0.03 secs] 
: 440672K->48960K(440896K), 0.0244840 secs] 6417966K->6087176K(12533952K), 0.0247010 secs] [Times: user=0.28 sys=0.00, real=0.03 secs] 
: 440895K->48960K(440896K), 0.0258840 secs] 6479112K->6150658K(12533952K), 0.0260840 secs] [Times: user=0.30 sys=0.01, real=0.02 secs] 
: 440708K->48960K(440896K), 0.0192470 secs] 6542407K->6215841K(12533952K), 0.0194220 secs] [Times: user=0.26 sys=0.00, real=0.02 secs] 
: 440684K->48960K(440896K), 0.0186420 secs] 6607565K->6282508K(12533952K), 0.0188690 secs] [Times: user=0.25 sys=0.00, real=0.02 secs] 
: 440790K->48960K(440896K), 0.0192190 secs] 6674338K->6346744K(12533952K), 0.0194260 secs] [Times: user=0.27 sys=0.00, real=0.02 secs] 
: 440896K->48960K(440896K), 0.0197490 secs] 6738680K->6402070K(12533952K), 0.0199470 secs] [Times: user=0.29 sys=0.00, real=0.02 secs] 
: 440896K->48960K(440896K), 0.0186010 secs] 6794006K->6473337K(12533952K), 0.0187560 secs] [Times: user=0.31 sys=0.01, real=0.01 secs] 
: 440709K->48960K(440896K), 0.0205080 secs] 6865086K->6528802K(12533952K), 0.0207290 secs] [Times: user=0.30 sys=0.00, real=0.02 secs] 
: 440836K->48960K(440896K), 0.0240080 secs] 6920679K->6592565K(12533952K), 0.0242090 secs] [Times: user=0.35 sys=0.00, real=0.02 secs] 
: 440896K->48960K(440896K), 0.0215100 secs] 6984501K->6651288K(12533952K), 0.0217390 secs] [Times: user=0.30 sys=0.01, real=0.02 secs] 
: 440896K->48960K(440896K), 0.0217150 secs] 7043224K->6714050K(12533952K), 0.0219490 secs] [Times: user=0.31 sys=0.00, real=0.02 secs] 
: 440660K->48960K(440896K), 0.0254390 secs] 7105751K->6782227K(12533952K), 0.0256640 secs] [Times: user=0.32 sys=0.00, real=0.03 secs] 
: 440654K->48960K(440896K), 0.0221990 secs] 7173921K->6840631K(12533952K), 0.0224160 secs] [Times: user=0.30 sys=0.01, real=0.02 secs] 
: 440896K->48960K(440896K), 0.0236280 secs] 7232567K->6903467K(12533952K), 0.0238690 secs] [Times: user=0.30 sys=0.00, real=0.02 secs] 
: 440652K->48960K(440896K), 0.0225480 secs] 7295160K->6961457K(12533952K), 0.0227750 secs] [Times: user=0.29 sys=0.00, real=0.02 secs] 
: 440833K->48960K(440896K), 0.0247230 secs] 7353331K->7036679K(12533952K), 0.0249530 secs] [Times: user=0.36 sys=0.00, real=0.02 secs] 
: 440837K->48960K(440896K), 0.0269870 secs] 7428556K->7088398K(12533952K), 0.0272610 secs] [Times: user=0.40 sys=0.00, real=0.03 secs] 
: 440896K->48960K(440896K), 0.0306970 secs] 7480334K->7135370K(12533952K), 0.0309510 secs] [Times: user=0.36 sys=0.00, real=0.03 secs] 
: 440777K->48960K(440896K), 0.0185730 secs] 7527187K->7199355K(12533952K), 0.0188110 secs] [Times: user=0.25 sys=0.01, real=0.02 secs] 
: 440896K->48960K(440896K), 0.0214910 secs] 7591291K->7268899K(12533952K), 0.0217660 secs] [Times: user=0.33 sys=0.00, real=0.02 secs] 
: 440896K->48960K(440896K), 0.0169680 secs] 7660835K->7327551K(12533952K), 0.0171420 secs] [Times: user=0.27 sys=0.00, real=0.02 secs] 
: 440877K->48960K(440896K), 0.0203230 secs] 7719469K->7384073K(12533952K), 0.0205540 secs] [Times: user=0.25 sys=0.00, real=0.02 secs] 
: 440858K->48960K(440896K), 0.0225980 secs] 7775972K->7444900K(12533952K), 0.0228000 secs] [Times: user=0.35 sys=0.00, real=0.02 secs] 
: 440870K->48960K(440896K), 0.0203430 secs] 7836810K->7508914K(12533952K), 0.0205820 secs] [Times: user=0.29 sys=0.00, real=0.02 secs] 
: 440885K->48960K(440896K), 0.0272620 secs] 7900839K->7577636K(12533952K), 0.0274930 secs] [Times: user=0.39 sys=0.00, real=0.02 secs] 
: 440896K->48960K(440896K), 0.0198890 secs] 7969572K->7634803K(12533952K), 0.0201050 secs] [Times: user=0.26 sys=0.00, real=0.02 secs] 
: 440896K->48960K(440896K), 0.0237770 secs] 8026739K->7703332K(12533952K), 0.0240100 secs] [Times: user=0.31 sys=0.00, real=0.02 secs] 
: 440867K->48960K(440896K), 0.0220970 secs] 8095239K->7764256K(12533952K), 0.0222720 secs] [Times: user=0.36 sys=0.00, real=0.02 secs] 
: 440731K->48960K(440896K), 0.0218990 secs] 8156027K->7827751K(12533952K), 0.0221240 secs] [Times: user=0.32 sys=0.00, real=0.03 secs] 
: 440645K->48960K(440896K), 0.0259160 secs] 8219436K->7891110K(12533952K), 0.0261650 secs] [Times: user=0.30 sys=0.01, real=0.03 secs] 
: 440896K->48960K(440896K), 0.0196910 secs] 8283046K->7962241K(12533952K), 0.0198730 secs] [Times: user=0.27 sys=0.00, real=0.02 secs] 
: 440751K->48960K(440896K), 0.0210120 secs] 8354033K->8018600K(12533952K), 0.0212530 secs] [Times: user=0.26 sys=0.00, real=0.02 secs] 
: 440896K->48960K(440896K), 0.0235250 secs] 8410536K->8085354K(12533952K), 0.0237500 secs] [Times: user=0.35 sys=0.00, real=0.03 secs] 
: 440716K->48960K(440896K), 0.0215020 secs] 8477111K->8147139K(12533952K), 0.0217270 secs] [Times: user=0.25 sys=0.00, real=0.02 secs] 
: 440877K->48960K(440896K), 0.0242500 secs] 8539057K->8209146K(12533952K), 0.0244900 secs] [Times: user=0.34 sys=0.00, real=0.02 secs] 
: 440896K->48960K(440896K), 0.0234210 secs] 8601082K->8274752K(12533952K), 0.0236530 secs] [Times: user=0.29 sys=0.01, real=0.02 secs] 
: 440888K->48960K(440896K), 0.0256360 secs] 8666680K->8338996K(12533952K), 0.0258820 secs] [Times: user=0.35 sys=0.00, real=0.02 secs] 
: 440708K->48960K(440896K), 0.0185420 secs] 8730745K->8401164K(12533952K), 0.0187700 secs] [Times: user=0.25 sys=0.01, real=0.02 secs] 
: 440819K->48960K(440896K), 0.0234470 secs] 8793023K->8468316K(12533952K), 0.0236950 secs] [Times: user=0.31 sys=0.00, real=0.02 secs] 
: 440777K->48960K(440896K), 0.0186870 secs] 8860133K->8539642K(12533952K), 0.0188730 secs] [Times: user=0.30 sys=0.00, real=0.02 secs] 
2015-04-01T10:14:41.337-0700: 13205081.410: [GC [1 CMS-initial-mark: 8490682K(12093056K)] 8540167K(12533952K), 0.0035040 secs] [Times: user=0.00 sys=0.00, real=0.00 secs] 
2015-04-01T10:14:41.657-0700: 13205081.729: [CMS-concurrent-mark: 0.316/0.316 secs] [Times: user=1.95 sys=0.00, real=0.32 secs] 
2015-04-01T10:14:41.698-0700: 13205081.771: [CMS-concurrent-preclean: 0.041/0.042 secs] [Times: user=0.04 sys=0.00, real=0.04 secs] 
2015-04-01T10:14:46.506-0700: 13205086.579: [CMS-concurrent-abortable-preclean: 2.503/4.808 secs] [Times: user=2.99 sys=0.19, real=4.81 secs] 
2015-04-01T10:14:46.507-0700: 13205086.580: [GC[YG occupancy: 249476 K (440896 K)]13205086.580: [Rescan (parallel) , 0.0080780 secs]13205086.588: [weak refs processing, 0.0073340 secs] [1 CMS-remark: 8490682K(12093056K)] 8740158K(12533952K), 0.0157410 secs] [Times: user=0.14 sys=0.01, real=0.02 secs] 
2015-04-01T10:14:47.390-0700: 13205087.462: [CMS-concurrent-sweep: 0.866/0.866 secs] [Times: user=0.96 sys=0.04, real=0.86 secs] 
2015-04-01T10:14:47.423-0700: 13205087.495: [CMS-concurrent-reset: 0.033/0.033 secs] [Times: user=0.03 sys=0.00, real=0.04 secs] 
: 440896K->48960K(440896K), 0.0171270 secs] 4040855K->3705356K(12533952K), 0.0173470 secs] [Times: user=0.26 sys=0.01, real=0.01 secs] 
: 440830K->48960K(440896K), 0.0199230 secs] 4097226K->3773291K(12533952K), 0.0201500 secs] [Times: user=0.35 sys=0.01, real=0.02 secs] 
: 440654K->48960K(440896K), 0.0187260 secs] 4164985K->3835582K(12533952K), 0.0190000 secs] [Times: user=0.31 sys=0.01, real=0.02 secs] 
: 440855K->48960K(440896K), 0.0212640 secs] 4227478K->3900486K(12533952K), 0.0214970 secs] [Times: user=0.32 sys=0.00, real=0.02 secs] 
: 440845K->48960K(440896K), 0.0179770 secs] 4292372K->3966026K(12533952K), 0.0184040 secs] [Times: user=0.29 sys=0.00, real=0.01 secs] 
: 440691K->48960K(440896K), 0.0202520 secs] 4357758K->4027440K(12533952K), 0.0204480 secs] [Times: user=0.30 sys=0.00, real=0.02 secs] 
: 440868K->48960K(440896K), 0.0210730 secs] 4419349K->4092389K(12533952K), 0.0212790 secs] [Times: user=0.29 sys=0.00, real=0.02 secs] 
: 440896K->48960K(440896K), 0.0203460 secs] 4484325K->4159391K(12533952K), 0.0205460 secs] [Times: user=0.28 sys=0.01, real=0.02 secs] 
: 440876K->48960K(440896K), 0.0210980 secs] 4551307K->4220328K(12533952K), 0.0212760 secs] [Times: user=0.24 sys=0.01, real=0.02 secs] 
: 440860K->48960K(440896K), 0.0291240 secs] 4612228K->4284540K(12533952K), 0.0293390 secs] [Times: user=0.34 sys=0.01, real=0.03 secs] 
: 440652K->48960K(440896K), 0.0293400 secs] 4676232K->4348065K(12533952K), 0.0295790 secs] [Times: user=0.30 sys=0.01, real=0.03 secs] 
: 440754K->48960K(440896K), 0.0204510 secs] 4739859K->4419204K(12533952K), 0.0206300 secs] [Times: user=0.29 sys=0.01, real=0.02 secs] 
: 440757K->48960K(440896K), 0.0189530 secs] 4811002K->4483531K(12533952K), 0.0191560 secs] [Times: user=0.25 sys=0.00, real=0.02 secs] 
: 440895K->48960K(440896K), 0.0213080 secs] 4875467K->4543636K(12533952K), 0.0215470 secs] [Times: user=0.29 sys=0.00, real=0.02 secs] 
: 440788K->48960K(440896K), 0.0180570 secs] 4935464K->4608573K(12533952K), 0.0182510 secs] [Times: user=0.24 sys=0.00, real=0.02 secs] 
: 440764K->48960K(440896K), 0.0200670 secs] 5000378K->4672095K(12533952K), 0.0202180 secs] [Times: user=0.24 sys=0.01, real=0.02 secs] 
: 440896K->48960K(440896K), 0.0180190 secs] 5064031K->4734707K(12533952K), 0.0182220 secs] [Times: user=0.21 sys=0.00, real=0.02 secs] 
: 440896K->48960K(440896K), 0.0236900 secs] 5126643K->4798586K(12533952K), 0.0238980 secs] [Times: user=0.27 sys=0.01, real=0.03 secs] 
: 440656K->48960K(440896K), 0.0209750 secs] 5190283K->4866513K(12533952K), 0.0213510 secs] [Times: user=0.32 sys=0.00, real=0.02 secs] 
: 440829K->48960K(440896K), 0.0218200 secs] 5258382K->4926662K(12533952K), 0.0220180 secs] [Times: user=0.29 sys=0.01, real=0.02 secs] 
: 440848K->48960K(440896K), 0.0230940 secs] 5318551K->4988078K(12533952K), 0.0232940 secs] [Times: user=0.28 sys=0.00, real=0.02 secs] 
: 440896K->48960K(440896K), 0.0187350 secs] 5380014K->5052472K(12533952K), 0.0188870 secs] [Times: user=0.24 sys=0.01, real=0.02 secs] 
: 440819K->48960K(440896K), 0.0223790 secs] 5444332K->5119114K(12533952K), 0.0225730 secs] [Times: user=0.30 sys=0.01, real=0.03 secs] 
: 440896K->48960K(440896K), 0.0288670 secs] 5511050K->5178628K(12533952K), 0.0290230 secs] [Times: user=0.33 sys=0.01, real=0.03 secs] 
: 440855K->48960K(440896K), 0.0261080 secs] 5570523K->5247616K(12533952K), 0.0263030 secs] [Times: user=0.32 sys=0.01, real=0.03 secs] 
: 440839K->48960K(440896K), 0.0221970 secs] 5639495K->5315878K(12533952K), 0.0223540 secs] [Times: user=0.30 sys=0.00, real=0.03 secs] 
: 440831K->48960K(440896K), 0.0193950 secs] 5707749K->5371759K(12533952K), 0.0196090 secs] [Times: user=0.24 sys=0.00, real=0.02 secs] 
: 440863K->48960K(440896K), 0.0191900 secs] 5763663K->5434984K(12533952K), 0.0193450 secs] [Times: user=0.27 sys=0.01, real=0.01 secs] 
: 440769K->48960K(440896K), 0.0178140 secs] 5826793K->5497184K(12533952K), 0.0180150 secs] [Times: user=0.23 sys=0.00, real=0.02 secs] 
: 440642K->48960K(440896K), 0.0218090 secs] 5888867K->5562936K(12533952K), 0.0220060 secs] [Times: user=0.27 sys=0.00, real=0.02 secs] 
: 440847K->48960K(440896K), 0.0205790 secs] 5954824K->5628429K(12533952K), 0.0207760 secs] [Times: user=0.29 sys=0.00, real=0.02 secs] 
: 440896K->48960K(440896K), 0.0218120 secs] 6020365K->5690052K(12533952K), 0.0220320 secs] [Times: user=0.30 sys=0.00, real=0.02 secs] 
: 440810K->48960K(440896K), 0.0183670 secs] 6081903K->5754812K(12533952K), 0.0185820 secs] [Times: user=0.25 sys=0.00, real=0.02 secs] 
: 440896K->48960K(440896K), 0.0223050 secs] 6146748K->5810545K(12533952K), 0.0224990 secs] [Times: user=0.25 sys=0.00, real=0.02 secs] 
: 440717K->48960K(440896K), 0.0230960 secs] 6202302K->5876038K(12533952K), 0.0233130 secs] [Times: user=0.29 sys=0.00, real=0.03 secs] 
: 440896K->48960K(440896K), 0.0226590 secs] 6267974K->5937308K(12533952K), 0.0228580 secs] [Times: user=0.27 sys=0.01, real=0.02 secs] 
: 440896K->48960K(440896K), 0.0235060 secs] 6329244K->6000670K(12533952K), 0.0237080 secs] [Times: user=0.32 sys=0.00, real=0.02 secs] 
: 440896K->48960K(440896K), 0.0243140 secs] 6392606K->6064224K(12533952K), 0.0245180 secs] [Times: user=0.28 sys=0.00, real=0.03 secs] 
: 440896K->48960K(440896K), 0.0184690 secs] 6456160K->6128735K(12533952K), 0.0186350 secs] [Times: user=0.28 sys=0.00, real=0.01 secs] 
: 440646K->48960K(440896K), 0.0226820 secs] 6520421K->6202507K(12533952K), 0.0228290 secs] [Times: user=0.31 sys=0.00, real=0.02 secs] 
: 440896K->48960K(440896K), 0.0187090 secs] 6594443K->6252334K(12533952K), 0.0189170 secs] [Times: user=0.28 sys=0.00, real=0.02 secs] 
: 440662K->48960K(440896K), 0.0211380 secs] 6644036K->6322265K(12533952K), 0.0213120 secs] [Times: user=0.34 sys=0.00, real=0.02 secs] 
: 440896K->48960K(440896K), 0.0193610 secs] 6714201K->6377929K(12533952K), 0.0195500 secs] [Times: user=0.29 sys=0.01, real=0.02 secs] 
: 440686K->48960K(440896K), 0.0194610 secs] 6769655K->6442869K(12533952K), 0.0196610 secs] [Times: user=0.29 sys=0.01, real=0.02 secs] 
: 440896K->48960K(440896K), 0.0190150 secs] 6834805K->6500924K(12533952K), 0.0192570 secs] [Times: user=0.24 sys=0.01, real=0.02 secs] 
: 440822K->48960K(440896K), 0.0244980 secs] 6892787K->6564967K(12533952K), 0.0247280 secs] [Times: user=0.32 sys=0.01, real=0.03 secs] 
: 440887K->48960K(440896K), 0.0231960 secs] 6956895K->6622727K(12533952K), 0.0234050 secs] [Times: user=0.34 sys=0.00, real=0.02 secs] 
: 440896K->48960K(440896K), 0.0262520 secs] 7014663K->6685588K(12533952K), 0.0264800 secs] [Times: user=0.34 sys=0.00, real=0.02 secs] 
: 440896K->48960K(440896K), 0.0209240 secs] 7077524K->6751616K(12533952K), 0.0211210 secs] [Times: user=0.33 sys=0.00, real=0.02 secs] 
: 440821K->48960K(440896K), 0.0206700 secs] 7143477K->6807982K(12533952K), 0.0208340 secs] [Times: user=0.26 sys=0.01, real=0.02 secs] 
: 440882K->48960K(440896K), 0.0234170 secs] 7199904K->6869787K(12533952K), 0.0236440 secs] [Times: user=0.34 sys=0.01, real=0.02 secs] 
: 440846K->48960K(440896K), 0.0233750 secs] 7261674K->6936075K(12533952K), 0.0235960 secs] [Times: user=0.38 sys=0.01, real=0.02 secs] 
: 440896K->48960K(440896K), 0.0211900 secs] 7328011K->6989802K(12533952K), 0.0214090 secs] [Times: user=0.28 sys=0.00, real=0.03 secs] 
: 440896K->48960K(440896K), 0.0225170 secs] 7381738K->7052666K(12533952K), 0.0227370 secs] [Times: user=0.33 sys=0.00, real=0.02 secs] 
: 440872K->48960K(440896K), 0.0245540 secs] 7444578K->7116253K(12533952K), 0.0247690 secs] [Times: user=0.35 sys=0.01, real=0.03 secs] 
: 440640K->48960K(440896K), 0.0229350 secs] 7507934K->7173607K(12533952K), 0.0231530 secs] [Times: user=0.29 sys=0.01, real=0.03 secs] 
: 440896K->48960K(440896K), 0.0248080 secs] 7565543K->7241489K(12533952K), 0.0250350 secs] [Times: user=0.30 sys=0.01, real=0.03 secs] 
: 440896K->48960K(440896K), 0.0226750 secs] 7633425K->7292458K(12533952K), 0.0228620 secs] [Times: user=0.31 sys=0.00, real=0.03 secs] 
: 440755K->48960K(440896K), 0.0262090 secs] 7684254K->7358385K(12533952K), 0.0264230 secs] [Times: user=0.41 sys=0.00, real=0.02 secs] 
: 440868K->48960K(440896K), 0.0242880 secs] 7750293K->7417249K(12533952K), 0.0244840 secs] [Times: user=0.34 sys=0.01, real=0.03 secs] 
: 440896K->48960K(440896K), 0.0198560 secs] 7809185K->7486092K(12533952K), 0.0200480 secs] [Times: user=0.30 sys=0.00, real=0.02 secs] 
: 440896K->48960K(440896K), 0.0215010 secs] 7878028K->7537055K(12533952K), 0.0217170 secs] [Times: user=0.33 sys=0.01, real=0.02 secs] 
: 440896K->48960K(440896K), 0.0182140 secs] 7928991K->7604952K(12533952K), 0.0184290 secs] [Times: user=0.26 sys=0.00, real=0.02 secs] 
: 440793K->48960K(440896K), 0.0243380 secs] 7996785K->7658891K(12533952K), 0.0244940 secs] [Times: user=0.40 sys=0.00, real=0.03 secs] 
: 440649K->48960K(440896K), 0.0208670 secs] 8050581K->7719684K(12533952K), 0.0210610 secs] [Times: user=0.31 sys=0.00, real=0.02 secs] 
: 440872K->48960K(440896K), 0.0250180 secs] 8111597K->7779620K(12533952K), 0.0252330 secs] [Times: user=0.33 sys=0.00, real=0.02 secs] 
: 440673K->48960K(440896K), 0.0225980 secs] 8171333K->7840636K(12533952K), 0.0227990 secs] [Times: user=0.34 sys=0.01, real=0.03 secs] 
: 440896K->48960K(440896K), 0.0234990 secs] 8232572K->7904356K(12533952K), 0.0237120 secs] [Times: user=0.34 sys=0.00, real=0.02 secs] 
: 440851K->48960K(440896K), 0.0222460 secs] 8296247K->7971837K(12533952K), 0.0224240 secs] [Times: user=0.28 sys=0.00, real=0.02 secs] 
: 440846K->48960K(440896K), 0.0236010 secs] 8363723K->8030008K(12533952K), 0.0238090 secs] [Times: user=0.36 sys=0.00, real=0.02 secs] 
: 440781K->48960K(440896K), 0.0230150 secs] 8421830K->8095631K(12533952K), 0.0232150 secs] [Times: user=0.34 sys=0.00, real=0.02 secs] 
: 440741K->48960K(440896K), 0.0183000 secs] 8487413K->8159336K(12533952K), 0.0185180 secs] [Times: user=0.26 sys=0.00, real=0.02 secs] 
: 440896K->48960K(440896K), 0.0220170 secs] 8551272K->8229698K(12533952K), 0.0225780 secs] [Times: user=0.32 sys=0.00, real=0.02 secs] 
: 440741K->48960K(440896K), 0.0209810 secs] 8621480K->8281480K(12533952K), 0.0211780 secs] [Times: user=0.28 sys=0.01, real=0.02 secs] 
: 440874K->48960K(440896K), 0.0179220 secs] 8673395K->8346590K(12533952K), 0.0180870 secs] [Times: user=0.26 sys=0.00, real=0.02 secs] 
: 440868K->48960K(440896K), 0.0226130 secs] 8738499K->8406417K(12533952K), 0.0228310 secs] [Times: user=0.32 sys=0.00, real=0.03 secs] 
: 440896K->48960K(440896K), 0.0227790 secs] 8798353K->8465894K(12533952K), 0.0229260 secs] [Times: user=0.32 sys=0.01, real=0.02 secs] 
: 440896K->48960K(440896K), 0.0187910 secs] 8857830K->8518474K(12533952K), 0.0189510 secs] [Times: user=0.29 sys=0.00, real=0.02 secs] 
2015-04-01T10:38:16.064-0700: 13206496.136: [GC [1 CMS-initial-mark: 8469514K(12093056K)] 8518938K(12533952K), 0.0052930 secs] [Times: user=0.01 sys=0.00, real=0.01 secs] 
2015-04-01T10:38:16.400-0700: 13206496.473: [CMS-concurrent-mark: 0.331/0.331 secs] [Times: user=2.00 sys=0.00, real=0.33 secs] 
2015-04-01T10:38:16.429-0700: 13206496.502: [CMS-concurrent-preclean: 0.029/0.029 secs] [Times: user=0.03 sys=0.00, real=0.03 secs] 
 CMS: abort preclean due to time 2015-04-01T10:38:21.448-0700: 13206501.520: [CMS-concurrent-abortable-preclean: 2.777/5.019 secs] [Times: user=3.11 sys=0.08, real=5.02 secs] 
2015-04-01T10:38:21.449-0700: 13206501.522: [GC[YG occupancy: 147675 K (440896 K)]13206501.522: [Rescan (parallel) , 0.0062530 secs]13206501.528: [weak refs processing, 0.0059660 secs] [1 CMS-remark: 8469514K(12093056K)] 8617189K(12533952K), 0.0125290 secs] [Times: user=0.09 sys=0.00, real=0.01 secs] 
2015-04-01T10:38:22.174-0700: 13206502.246: [CMS-concurrent-sweep: 0.712/0.712 secs] [Times: user=0.78 sys=0.02, real=0.71 secs] 
2015-04-01T10:38:22.201-0700: 13206502.274: [CMS-concurrent-reset: 0.027/0.027 secs] [Times: user=0.03 sys=0.00, real=0.03 secs] 
: 440732K->48960K(440896K), 0.0177960 secs] 4102888K->3781359K(12533952K), 0.0179540 secs] [Times: user=0.26 sys=0.00, real=0.02 secs] 
: 440843K->48960K(440896K), 0.0168250 secs] 4173243K->3833171K(12533952K), 0.0170320 secs] [Times: user=0.27 sys=0.00, real=0.02 secs] 
: 440875K->48960K(440896K), 0.0173020 secs] 4225086K->3895780K(12533952K), 0.0174510 secs] [Times: user=0.31 sys=0.00, real=0.02 secs] 
: 440896K->48960K(440896K), 0.0198420 secs] 4287716K->3952636K(12533952K), 0.0200390 secs] [Times: user=0.30 sys=0.00, real=0.02 secs] 
: 440857K->48960K(440896K), 0.0184590 secs] 4344533K->4014877K(12533952K), 0.0186540 secs] [Times: user=0.28 sys=0.00, real=0.02 secs] 
: 440663K->48960K(440896K), 0.0190350 secs] 4406581K->4072844K(12533952K), 0.0192680 secs] [Times: user=0.31 sys=0.00, real=0.02 secs] 
: 440809K->48960K(440896K), 0.0214340 secs] 4464693K->4140565K(12533952K), 0.0216250 secs] [Times: user=0.32 sys=0.00, real=0.02 secs] 
: 440896K->48960K(440896K), 0.0198000 secs] 4532501K->4194805K(12533952K), 0.0200100 secs] [Times: user=0.30 sys=0.00, real=0.02 secs] 
: 440896K->48960K(440896K), 0.0245910 secs] 4586741K->4252037K(12533952K), 0.0248030 secs] [Times: user=0.33 sys=0.01, real=0.02 secs] 
: 440766K->48960K(440896K), 0.0198810 secs] 4643844K->4310806K(12533952K), 0.0200370 secs] [Times: user=0.26 sys=0.00, real=0.02 secs] 
: 440896K->48960K(440896K), 0.0267340 secs] 4702742K->4364030K(12533952K), 0.0269290 secs] [Times: user=0.27 sys=0.01, real=0.02 secs] 
: 440717K->48960K(440896K), 0.0253820 secs] 4755788K->4424335K(12533952K), 0.0255900 secs] [Times: user=0.33 sys=0.00, real=0.03 secs] 
: 440839K->48960K(440896K), 0.0212410 secs] 4816214K->4486221K(12533952K), 0.0214480 secs] [Times: user=0.29 sys=0.00, real=0.02 secs] 
: 440896K->48960K(440896K), 0.0213230 secs] 4878157K->4553403K(12533952K), 0.0215570 secs] [Times: user=0.32 sys=0.00, real=0.03 secs] 
: 440896K->48960K(440896K), 0.0198990 secs] 4945339K->4615904K(12533952K), 0.0201170 secs] [Times: user=0.28 sys=0.00, real=0.03 secs] 
: 440659K->48960K(440896K), 0.0201870 secs] 5007604K->4676420K(12533952K), 0.0203960 secs] [Times: user=0.25 sys=0.01, real=0.02 secs] 
: 440749K->48960K(440896K), 0.0200700 secs] 5068209K->4740800K(12533952K), 0.0203210 secs] [Times: user=0.29 sys=0.01, real=0.02 secs] 
: 440698K->48960K(440896K), 0.0214080 secs] 5132539K->4801490K(12533952K), 0.0216040 secs] [Times: user=0.30 sys=0.00, real=0.02 secs] 
: 440896K->48960K(440896K), 0.0180780 secs] 5193426K->4866110K(12533952K), 0.0183360 secs] [Times: user=0.25 sys=0.00, real=0.02 secs] 
: 440718K->48960K(440896K), 0.0219770 secs] 5257869K->4928794K(12533952K), 0.0221860 secs] [Times: user=0.31 sys=0.01, real=0.02 secs] 
: 440896K->48960K(440896K), 0.0209640 secs] 5320730K->4990731K(12533952K), 0.0211660 secs] [Times: user=0.27 sys=0.00, real=0.02 secs] 
: 440692K->48960K(440896K), 0.0221640 secs] 5382463K->5051357K(12533952K), 0.0223620 secs] [Times: user=0.31 sys=0.00, real=0.03 secs] 
: 440862K->48960K(440896K), 0.0232830 secs] 5443259K->5120280K(12533952K), 0.0234790 secs] [Times: user=0.27 sys=0.01, real=0.03 secs] 
: 440871K->48960K(440896K), 0.0193660 secs] 5512191K->5180824K(12533952K), 0.0195750 secs] [Times: user=0.24 sys=0.00, real=0.02 secs] 
: 440896K->48960K(440896K), 0.0275300 secs] 5572760K->5241533K(12533952K), 0.0277420 secs] [Times: user=0.30 sys=0.00, real=0.03 secs] 
: 440896K->48960K(440896K), 0.0302290 secs] 5633469K->5300878K(12533952K), 0.0304760 secs] [Times: user=0.38 sys=0.01, real=0.03 secs] 
: 440896K->48960K(440896K), 0.0199460 secs] 5692814K->5365108K(12533952K), 0.0201230 secs] [Times: user=0.32 sys=0.00, real=0.02 secs] 
: 440896K->48960K(440896K), 0.0228830 secs] 5757044K->5427637K(12533952K), 0.0231050 secs] [Times: user=0.32 sys=0.00, real=0.02 secs] 
: 440840K->48960K(440896K), 0.0262680 secs] 5819517K->5482231K(12533952K), 0.0264680 secs] [Times: user=0.35 sys=0.00, real=0.02 secs] 
: 440751K->48960K(440896K), 0.0193200 secs] 5874022K->5544394K(12533952K), 0.0195150 secs] [Times: user=0.27 sys=0.00, real=0.02 secs] 
: 440747K->48960K(440896K), 0.0218830 secs] 5936182K->5605513K(12533952K), 0.0220780 secs] [Times: user=0.26 sys=0.01, real=0.02 secs] 
: 440896K->48960K(440896K), 0.0199440 secs] 5997449K->5671201K(12533952K), 0.0201820 secs] [Times: user=0.26 sys=0.00, real=0.02 secs] 
: 440742K->48960K(440896K), 0.0180050 secs] 6062984K->5738119K(12533952K), 0.0182000 secs] [Times: user=0.25 sys=0.00, real=0.02 secs] 
: 440816K->48960K(440896K), 0.0196710 secs] 6129975K->5794465K(12533952K), 0.0198640 secs] [Times: user=0.25 sys=0.01, real=0.02 secs] 
: 440794K->48960K(440896K), 0.0212420 secs] 6186300K->5860997K(12533952K), 0.0214480 secs] [Times: user=0.34 sys=0.00, real=0.03 secs] 
: 440834K->48960K(440896K), 0.0240630 secs] 6252872K->5922540K(12533952K), 0.0242720 secs] [Times: user=0.33 sys=0.01, real=0.03 secs] 
: 440891K->48960K(440896K), 0.0197900 secs] 6314471K->5988829K(12533952K), 0.0199390 secs] [Times: user=0.29 sys=0.00, real=0.02 secs] 
: 440701K->48960K(440896K), 0.0204640 secs] 6380571K->6047644K(12533952K), 0.0206190 secs] [Times: user=0.26 sys=0.00, real=0.02 secs] 
: 440889K->48960K(440896K), 0.0238260 secs] 6439574K->6113084K(12533952K), 0.0240300 secs] [Times: user=0.30 sys=0.00, real=0.02 secs] 
: 440659K->48960K(440896K), 0.0205930 secs] 6504784K->6175822K(12533952K), 0.0207860 secs] [Times: user=0.32 sys=0.00, real=0.02 secs] 
: 440896K->48960K(440896K), 0.0198240 secs] 6567758K->6234798K(12533952K), 0.0200210 secs] [Times: user=0.28 sys=0.00, real=0.02 secs] 
: 440896K->48960K(440896K), 0.0202740 secs] 6626734K->6298473K(12533952K), 0.0204560 secs] [Times: user=0.30 sys=0.00, real=0.02 secs] 
: 440784K->48960K(440896K), 0.0213270 secs] 6690298K->6361627K(12533952K), 0.0215230 secs] [Times: user=0.28 sys=0.00, real=0.02 secs] 
: 440827K->48960K(440896K), 0.0235450 secs] 6753494K->6415529K(12533952K), 0.0237530 secs] [Times: user=0.33 sys=0.00, real=0.03 secs] 
: 440896K->48960K(440896K), 0.0232500 secs] 6807465K->6474809K(12533952K), 0.0234750 secs] [Times: user=0.32 sys=0.00, real=0.02 secs] 
: 440643K->48960K(440896K), 0.0246180 secs] 6866492K->6540194K(12533952K), 0.0248090 secs] [Times: user=0.32 sys=0.00, real=0.02 secs] 
: 440896K->48960K(440896K), 0.0197720 secs] 6932130K->6594989K(12533952K), 0.0199710 secs] [Times: user=0.27 sys=0.00, real=0.02 secs] 
: 440896K->48960K(440896K), 0.0243780 secs] 6986925K->6666791K(12533952K), 0.0246580 secs] [Times: user=0.35 sys=0.00, real=0.03 secs] 
: 440875K->48960K(440896K), 0.0247680 secs] 7058707K->6721769K(12533952K), 0.0249730 secs] [Times: user=0.33 sys=0.00, real=0.03 secs] 
: 440896K->48960K(440896K), 0.0210570 secs] 7113705K->6785450K(12533952K), 0.0212800 secs] [Times: user=0.32 sys=0.00, real=0.02 secs] 
: 440785K->48960K(440896K), 0.0229520 secs] 7177276K->6852817K(12533952K), 0.0231860 secs] [Times: user=0.34 sys=0.00, real=0.02 secs] 
: 440890K->48960K(440896K), 0.0183880 secs] 7244747K->6913509K(12533952K), 0.0186370 secs] [Times: user=0.25 sys=0.00, real=0.02 secs] 
: 440743K->48960K(440896K), 0.0193500 secs] 7305293K->6979629K(12533952K), 0.0195890 secs] [Times: user=0.28 sys=0.00, real=0.02 secs] 
: 440896K->48960K(440896K), 0.0184240 secs] 7371565K->7036936K(12533952K), 0.0186570 secs] [Times: user=0.25 sys=0.00, real=0.01 secs] 
: 440684K->48960K(440896K), 0.0206100 secs] 7428660K->7099705K(12533952K), 0.0208550 secs] [Times: user=0.32 sys=0.00, real=0.02 secs] 
: 440846K->48960K(440896K), 0.0232180 secs] 7491592K->7167040K(12533952K), 0.0234480 secs] [Times: user=0.31 sys=0.01, real=0.03 secs] 
: 440796K->48960K(440896K), 0.0199170 secs] 7558876K->7229319K(12533952K), 0.0200680 secs] [Times: user=0.28 sys=0.00, real=0.02 secs] 
: 440896K->48960K(440896K), 0.0184340 secs] 7621255K->7298088K(12533952K), 0.0186720 secs] [Times: user=0.25 sys=0.01, real=0.02 secs] 
: 440850K->48960K(440896K), 0.0190570 secs] 7689979K->7359990K(12533952K), 0.0191720 secs] [Times: user=0.29 sys=0.00, real=0.02 secs] 
: 440896K->48960K(440896K), 0.0205690 secs] 7751926K->7425540K(12533952K), 0.0207690 secs] [Times: user=0.31 sys=0.00, real=0.02 secs] 
: 440730K->48960K(440896K), 0.0182750 secs] 7817310K->7487847K(12533952K), 0.0184930 secs] [Times: user=0.27 sys=0.00, real=0.02 secs] 
: 440896K->48960K(440896K), 0.0236730 secs] 7879783K->7549946K(12533952K), 0.0238990 secs] [Times: user=0.33 sys=0.00, real=0.02 secs] 
: 440881K->48960K(440896K), 0.0216750 secs] 7941868K->7618738K(12533952K), 0.0220990 secs] [Times: user=0.28 sys=0.00, real=0.02 secs] 
: 440896K->48960K(440896K), 0.0225530 secs] 8010674K->7674169K(12533952K), 0.0227780 secs] [Times: user=0.34 sys=0.00, real=0.03 secs] 
: 440896K->48960K(440896K), 0.0214260 secs] 8066105K->7741914K(12533952K), 0.0216750 secs] [Times: user=0.34 sys=0.00, real=0.02 secs] 
: 440726K->48960K(440896K), 0.0225740 secs] 8133681K->7796692K(12533952K), 0.0228150 secs] [Times: user=0.28 sys=0.01, real=0.03 secs] 
: 440896K->48960K(440896K), 0.0211790 secs] 8188628K->7862195K(12533952K), 0.0213760 secs] [Times: user=0.31 sys=0.00, real=0.02 secs] 
: 440883K->48960K(440896K), 0.0197770 secs] 8254118K->7930273K(12533952K), 0.0199990 secs] [Times: user=0.31 sys=0.00, real=0.02 secs] 
: 440872K->48960K(440896K), 0.0188070 secs] 8322185K->7978991K(12533952K), 0.0190510 secs] [Times: user=0.27 sys=0.00, real=0.02 secs] 
: 440896K->48960K(440896K), 0.0236780 secs] 8370927K->8028533K(12533952K), 0.0239160 secs] [Times: user=0.35 sys=0.01, real=0.02 secs] 
: 440836K->48960K(440896K), 0.0230710 secs] 8420409K->8094489K(12533952K), 0.0232490 secs] [Times: user=0.37 sys=0.00, real=0.02 secs] 
: 440896K->48960K(440896K), 0.0214710 secs] 8486425K->8154375K(12533952K), 0.0216960 secs] [Times: user=0.30 sys=0.00, real=0.02 secs] 
: 440719K->48960K(440896K), 0.0207400 secs] 8546135K->8219424K(12533952K), 0.0209470 secs] [Times: user=0.26 sys=0.00, real=0.02 secs] 
: 440835K->48960K(440896K), 0.0243020 secs] 8611300K->8287087K(12533952K), 0.0244740 secs] [Times: user=0.38 sys=0.00, real=0.03 secs] 
: 440662K->48960K(440896K), 0.0245160 secs] 8678789K->8345611K(12533952K), 0.0246880 secs] [Times: user=0.34 sys=0.01, real=0.02 secs] 
: 440651K->48960K(440896K), 0.0206930 secs] 8737302K->8416262K(12533952K), 0.0209630 secs] [Times: user=0.30 sys=0.01, real=0.02 secs] 
: 440656K->48960K(440896K), 0.0228980 secs] 8807959K->8477081K(12533952K), 0.0230630 secs] [Times: user=0.35 sys=0.01, real=0.03 secs] 
: 440896K->48960K(440896K), 0.0217570 secs] 8869017K->8540314K(12533952K), 0.0219780 secs] [Times: user=0.33 sys=0.00, real=0.02 secs] 
2015-04-01T10:58:51.071-0700: 13207731.144: [GC [1 CMS-initial-mark: 8491354K(12093056K)] 8540705K(12533952K), 0.0065260 secs] [Times: user=0.01 sys=0.00, real=0.01 secs] 
2015-04-01T10:58:51.403-0700: 13207731.476: [CMS-concurrent-mark: 0.326/0.326 secs] [Times: user=1.98 sys=0.00, real=0.32 secs] 
2015-04-01T10:58:51.443-0700: 13207731.515: [CMS-concurrent-preclean: 0.039/0.039 secs] [Times: user=0.06 sys=0.00, real=0.04 secs] 
2015-04-01T10:58:55.801-0700: 13207735.874: [CMS-concurrent-abortable-preclean: 2.454/4.359 secs] [Times: user=2.91 sys=0.20, real=4.36 secs] 
2015-04-01T10:58:55.803-0700: 13207735.875: [GC[YG occupancy: 245672 K (440896 K)]13207735.875: [Rescan (parallel) , 0.0080060 secs]13207735.883: [weak refs processing, 0.0079300 secs] [1 CMS-remark: 8491354K(12093056K)] 8737026K(12533952K), 0.0162400 secs] [Times: user=0.13 sys=0.00, real=0.02 secs] 
2015-04-01T10:58:56.681-0700: 13207736.754: [CMS-concurrent-sweep: 0.862/0.862 secs] [Times: user=0.97 sys=0.04, real=0.86 secs] 
2015-04-01T10:58:56.709-0700: 13207736.781: [CMS-concurrent-reset: 0.027/0.027 secs] [Times: user=0.03 sys=0.00, real=0.03 secs] 
: 440896K->48960K(440896K), 0.0219230 secs] 4024424K->3701057K(12533952K), 0.0221500 secs] [Times: user=0.37 sys=0.00, real=0.03 secs] 
: 440685K->48960K(440896K), 0.0203630 secs] 4092783K->3766627K(12533952K), 0.0205340 secs] [Times: user=0.35 sys=0.00, real=0.02 secs] 
: 440857K->48960K(440896K), 0.0177340 secs] 4158525K->3826012K(12533952K), 0.0179480 secs] [Times: user=0.26 sys=0.00, real=0.02 secs] 
: 440896K->48960K(440896K), 0.0192680 secs] 4217948K->3887392K(12533952K), 0.0194440 secs] [Times: user=0.30 sys=0.01, real=0.02 secs] 
: 440799K->48960K(440896K), 0.0203540 secs] 4279232K->3940345K(12533952K), 0.0205790 secs] [Times: user=0.30 sys=0.00, real=0.03 secs] 
: 440823K->48960K(440896K), 0.0202950 secs] 4332208K->3997686K(12533952K), 0.0205460 secs] [Times: user=0.31 sys=0.00, real=0.03 secs] 
: 440785K->48960K(440896K), 0.0163380 secs] 4389512K->4060304K(12533952K), 0.0165080 secs] [Times: user=0.27 sys=0.00, real=0.02 secs] 
: 440722K->48960K(440896K), 0.0222640 secs] 4452066K->4123599K(12533952K), 0.0224920 secs] [Times: user=0.33 sys=0.00, real=0.02 secs] 
: 440896K->48960K(440896K), 0.0232550 secs] 4515535K->4184333K(12533952K), 0.0234100 secs] [Times: user=0.33 sys=0.00, real=0.02 secs] 
: 440684K->48960K(440896K), 0.0210950 secs] 4576057K->4248982K(12533952K), 0.0212580 secs] [Times: user=0.32 sys=0.00, real=0.02 secs] 
: 440872K->48960K(440896K), 0.0294120 secs] 4640894K->4304727K(12533952K), 0.0296220 secs] [Times: user=0.34 sys=0.01, real=0.03 secs] 
: 440866K->48960K(440896K), 0.0210880 secs] 4696634K->4366082K(12533952K), 0.0212450 secs] [Times: user=0.33 sys=0.00, real=0.02 secs] 
: 440896K->48960K(440896K), 0.0209140 secs] 4758018K->4429589K(12533952K), 0.0210990 secs] [Times: user=0.27 sys=0.01, real=0.02 secs] 
: 440777K->48960K(440896K), 0.0194860 secs] 4821407K->4493708K(12533952K), 0.0196930 secs] [Times: user=0.29 sys=0.00, real=0.02 secs] 
: 440774K->48960K(440896K), 0.0245570 secs] 4885523K->4565284K(12533952K), 0.0247740 secs] [Times: user=0.30 sys=0.00, real=0.03 secs] 
: 440796K->48960K(440896K), 0.0198640 secs] 4957120K->4619000K(12533952K), 0.0200930 secs] [Times: user=0.30 sys=0.00, real=0.02 secs] 
: 440715K->48960K(440896K), 0.0177050 secs] 5010755K->4679804K(12533952K), 0.0179000 secs] [Times: user=0.26 sys=0.00, real=0.02 secs] 
: 440737K->48960K(440896K), 0.0213290 secs] 5071582K->4745180K(12533952K), 0.0215350 secs] [Times: user=0.28 sys=0.01, real=0.02 secs] 
: 440896K->48960K(440896K), 0.0226450 secs] 5137116K->4813068K(12533952K), 0.0231910 secs] [Times: user=0.29 sys=0.00, real=0.02 secs] 
: 440896K->48960K(440896K), 0.0216120 secs] 5205004K->4884837K(12533952K), 0.0218570 secs] [Times: user=0.34 sys=0.00, real=0.02 secs] 
: 440706K->48960K(440896K), 0.0238660 secs] 5276584K->4936107K(12533952K), 0.0240620 secs] [Times: user=0.32 sys=0.01, real=0.02 secs] 
: 440641K->48960K(440896K), 0.0199100 secs] 5327788K->4997642K(12533952K), 0.0201140 secs] [Times: user=0.25 sys=0.01, real=0.02 secs] 
: 440896K->48960K(440896K), 0.0226700 secs] 5389578K->5064348K(12533952K), 0.0228850 secs] [Times: user=0.24 sys=0.01, real=0.02 secs] 
: 440857K->48960K(440896K), 0.0277680 secs] 5456245K->5128555K(12533952K), 0.0279960 secs] [Times: user=0.33 sys=0.00, real=0.03 secs] 
: 440719K->48960K(440896K), 0.0275040 secs] 5520314K->5188207K(12533952K), 0.0276870 secs] [Times: user=0.37 sys=0.01, real=0.03 secs] 
: 440896K->48960K(440896K), 0.0205030 secs] 5580143K->5258344K(12533952K), 0.0206510 secs] [Times: user=0.30 sys=0.00, real=0.02 secs] 
: 440895K->48960K(440896K), 0.0215350 secs] 5650280K->5319708K(12533952K), 0.0216870 secs] [Times: user=0.30 sys=0.00, real=0.02 secs] 
: 440892K->48960K(440896K), 0.0199600 secs] 5711640K->5381666K(12533952K), 0.0201980 secs] [Times: user=0.30 sys=0.00, real=0.03 secs] 
: 440896K->48960K(440896K), 0.0225720 secs] 5773602K->5451235K(12533952K), 0.0227910 secs] [Times: user=0.34 sys=0.01, real=0.02 secs] 
: 440723K->48960K(440896K), 0.0204550 secs] 5842999K->5501303K(12533952K), 0.0206770 secs] [Times: user=0.29 sys=0.00, real=0.02 secs] 
: 440896K->48960K(440896K), 0.0204790 secs] 5893239K->5579893K(12533952K), 0.0210430 secs] [Times: user=0.31 sys=0.00, real=0.02 secs] 
: 440896K->48960K(440896K), 0.0177810 secs] 5971829K->5626979K(12533952K), 0.0180060 secs] [Times: user=0.23 sys=0.01, real=0.02 secs] 
: 440896K->48960K(440896K), 0.0204550 secs] 6018915K->5689954K(12533952K), 0.0206730 secs] [Times: user=0.29 sys=0.00, real=0.02 secs] 
: 440896K->48960K(440896K), 0.0181130 secs] 6081890K->5754602K(12533952K), 0.0183180 secs] [Times: user=0.24 sys=0.00, real=0.02 secs] 
: 440646K->48960K(440896K), 0.0183650 secs] 6146288K->5815597K(12533952K), 0.0185420 secs] [Times: user=0.24 sys=0.00, real=0.02 secs] 
: 440896K->48960K(440896K), 0.0254490 secs] 6207533K->5881455K(12533952K), 0.0256770 secs] [Times: user=0.32 sys=0.00, real=0.02 secs] 
: 440766K->48960K(440896K), 0.0223020 secs] 6273261K->5948787K(12533952K), 0.0225250 secs] [Times: user=0.32 sys=0.01, real=0.02 secs] 
: 440896K->48960K(440896K), 0.0237460 secs] 6340723K->6015781K(12533952K), 0.0239670 secs] [Times: user=0.33 sys=0.01, real=0.02 secs] 
: 440896K->48960K(440896K), 0.0218600 secs] 6407717K->6092767K(12533952K), 0.0220850 secs] [Times: user=0.33 sys=0.00, real=0.02 secs] 
: 440696K->48960K(440896K), 0.0208180 secs] 6484503K->6130163K(12533952K), 0.0210370 secs] [Times: user=0.30 sys=0.01, real=0.02 secs] 
: 440720K->48960K(440896K), 0.0221460 secs] 6521923K->6198601K(12533952K), 0.0223020 secs] [Times: user=0.37 sys=0.00, real=0.02 secs] 
: 440784K->48960K(440896K), 0.0230430 secs] 6590426K->6257574K(12533952K), 0.0232390 secs] [Times: user=0.33 sys=0.00, real=0.02 secs] 
: 440896K->48960K(440896K), 0.0216400 secs] 6649510K->6315920K(12533952K), 0.0218240 secs] [Times: user=0.34 sys=0.00, real=0.03 secs] 
: 440896K->48960K(440896K), 0.0242420 secs] 6707856K->6375281K(12533952K), 0.0244550 secs] [Times: user=0.35 sys=0.00, real=0.03 secs] 
: 440826K->48960K(440896K), 0.0207980 secs] 6767147K->6436368K(12533952K), 0.0209540 secs] [Times: user=0.29 sys=0.00, real=0.02 secs] 
: 440896K->48960K(440896K), 0.0214680 secs] 6828304K->6500485K(12533952K), 0.0216640 secs] [Times: user=0.31 sys=0.00, real=0.02 secs] 
: 440770K->48960K(440896K), 0.0190610 secs] 6892295K->6565444K(12533952K), 0.0192170 secs] [Times: user=0.26 sys=0.00, real=0.02 secs] 
: 440896K->48960K(440896K), 0.0215330 secs] 6957380K->6620324K(12533952K), 0.0217360 secs] [Times: user=0.25 sys=0.01, real=0.02 secs] 
: 440851K->48960K(440896K), 0.0233790 secs] 7012216K->6686856K(12533952K), 0.0235400 secs] [Times: user=0.25 sys=0.01, real=0.02 secs] 
: 440896K->48960K(440896K), 0.0210920 secs] 7078792K->6751716K(12533952K), 0.0213100 secs] [Times: user=0.31 sys=0.00, real=0.03 secs] 
: 440776K->48960K(440896K), 0.0207150 secs] 7143533K->6815616K(12533952K), 0.0210690 secs] [Times: user=0.32 sys=0.00, real=0.02 secs] 
: 440896K->48960K(440896K), 0.0178190 secs] 7207552K->6875190K(12533952K), 0.0180060 secs] [Times: user=0.27 sys=0.00, real=0.01 secs] 
: 440704K->48960K(440896K), 0.0220860 secs] 7266935K->6935841K(12533952K), 0.0222920 secs] [Times: user=0.32 sys=0.00, real=0.02 secs] 
: 440657K->48960K(440896K), 0.0232040 secs] 7327538K->7000268K(12533952K), 0.0234030 secs] [Times: user=0.33 sys=0.00, real=0.02 secs] 
: 440867K->48960K(440896K), 0.0224680 secs] 7392175K->7063844K(12533952K), 0.0226670 secs] [Times: user=0.33 sys=0.00, real=0.02 secs] 
: 440792K->48960K(440896K), 0.0219450 secs] 7455676K->7117397K(12533952K), 0.0221670 secs] [Times: user=0.28 sys=0.00, real=0.02 secs] 
: 440674K->48960K(440896K), 0.0196340 secs] 7509112K->7186599K(12533952K), 0.0197500 secs] [Times: user=0.29 sys=0.01, real=0.02 secs] 
: 440759K->48960K(440896K), 0.0211490 secs] 7578399K->7244621K(12533952K), 0.0213500 secs] [Times: user=0.32 sys=0.00, real=0.02 secs] 
: 440896K->48960K(440896K), 0.0204410 secs] 7636557K->7303761K(12533952K), 0.0206070 secs] [Times: user=0.31 sys=0.00, real=0.02 secs] 
: 440719K->48960K(440896K), 0.0207260 secs] 7695520K->7372185K(12533952K), 0.0209240 secs] [Times: user=0.31 sys=0.00, real=0.02 secs] 
: 440887K->48960K(440896K), 0.0216720 secs] 7764112K->7436066K(12533952K), 0.0218750 secs] [Times: user=0.30 sys=0.01, real=0.03 secs] 
: 440854K->48960K(440896K), 0.0223430 secs] 7827961K->7500539K(12533952K), 0.0225400 secs] [Times: user=0.30 sys=0.01, real=0.02 secs] 
: 440896K->48960K(440896K), 0.0237430 secs] 7892475K->7555470K(12533952K), 0.0239010 secs] [Times: user=0.33 sys=0.01, real=0.02 secs] 
: 440722K->48960K(440896K), 0.0238290 secs] 7947232K->7617733K(12533952K), 0.0240300 secs] [Times: user=0.29 sys=0.00, real=0.02 secs] 
: 440896K->48960K(440896K), 0.0212360 secs] 8009669K->7681291K(12533952K), 0.0214380 secs] [Times: user=0.28 sys=0.00, real=0.02 secs] 
: 440712K->48960K(440896K), 0.0236260 secs] 8073043K->7740719K(12533952K), 0.0238390 secs] [Times: user=0.34 sys=0.01, real=0.03 secs] 
: 440896K->48960K(440896K), 0.0235250 secs] 8132655K->7806053K(12533952K), 0.0237360 secs] [Times: user=0.36 sys=0.00, real=0.02 secs] 
: 440682K->48960K(440896K), 0.0215640 secs] 8197775K->7865518K(12533952K), 0.0217730 secs] [Times: user=0.34 sys=0.01, real=0.03 secs] 
: 440742K->48960K(440896K), 0.0258800 secs] 8257300K->7933940K(12533952K), 0.0260330 secs] [Times: user=0.43 sys=0.00, real=0.02 secs] 
: 440677K->48960K(440896K), 0.0203280 secs] 8325658K->7987797K(12533952K), 0.0204850 secs] [Times: user=0.34 sys=0.00, real=0.02 secs] 
: 440894K->48960K(440896K), 0.0240110 secs] 8379731K->8052593K(12533952K), 0.0241630 secs] [Times: user=0.42 sys=0.00, real=0.03 secs] 
: 440743K->48960K(440896K), 0.0203170 secs] 8444377K->8105300K(12533952K), 0.0204690 secs] [Times: user=0.31 sys=0.01, real=0.02 secs] 
: 440887K->48960K(440896K), 0.0228860 secs] 8497227K->8165300K(12533952K), 0.0230840 secs] [Times: user=0.32 sys=0.00, real=0.03 secs] 
: 440751K->48960K(440896K), 0.0206050 secs] 8557091K->8230801K(12533952K), 0.0207610 secs] [Times: user=0.33 sys=0.01, real=0.02 secs] 
: 440798K->48960K(440896K), 0.0200910 secs] 8622639K->8294978K(12533952K), 0.0202580 secs] [Times: user=0.33 sys=0.00, real=0.02 secs] 
: 440866K->48960K(440896K), 0.0196160 secs] 8686885K->8350325K(12533952K), 0.0197730 secs] [Times: user=0.29 sys=0.00, real=0.02 secs] 
: 440885K->48960K(440896K), 0.0217870 secs] 8742250K->8413799K(12533952K), 0.0219880 secs] [Times: user=0.34 sys=0.00, real=0.02 secs] 
: 440675K->48960K(440896K), 0.0219330 secs] 8805514K->8480674K(12533952K), 0.0225590 secs] [Times: user=0.30 sys=0.00, real=0.02 secs] 
: 440737K->48960K(440896K), 0.0241710 secs] 8872451K->8528333K(12533952K), 0.0243940 secs] [Times: user=0.32 sys=0.01, real=0.03 secs] 
2015-04-01T11:22:47.187-0700: 13209167.260: [GC [1 CMS-initial-mark: 8479373K(12093056K)] 8528596K(12533952K), 0.0101200 secs] [Times: user=0.01 sys=0.00, real=0.01 secs] 
2015-04-01T11:22:47.524-0700: 13209167.596: [CMS-concurrent-mark: 0.326/0.326 secs] [Times: user=1.98 sys=0.00, real=0.33 secs] 
2015-04-01T11:22:47.557-0700: 13209167.629: [CMS-concurrent-preclean: 0.033/0.033 secs] [Times: user=0.04 sys=0.00, real=0.03 secs] 
 CMS: abort preclean due to time 2015-04-01T11:22:52.576-0700: 13209172.649: [CMS-concurrent-abortable-preclean: 2.716/5.020 secs] [Times: user=2.96 sys=0.05, real=5.02 secs] 
2015-04-01T11:22:52.578-0700: 13209172.650: [GC[YG occupancy: 124771 K (440896 K)]13209172.651: [Rescan (parallel) , 0.0047500 secs]13209172.655: [weak refs processing, 0.0104550 secs] [1 CMS-remark: 8479373K(12093056K)] 8604144K(12533952K), 0.0156420 secs] [Times: user=0.09 sys=0.00, real=0.02 secs] 
2015-04-01T11:22:53.342-0700: 13209173.415: [CMS-concurrent-sweep: 0.748/0.748 secs] [Times: user=0.79 sys=0.00, real=0.74 secs] 
2015-04-01T11:22:53.370-0700: 13209173.442: [CMS-concurrent-reset: 0.027/0.027 secs] [Times: user=0.03 sys=0.00, real=0.03 secs] 
: 440896K->48960K(440896K), 0.0227660 secs] 4011063K->3684519K(12533952K), 0.0229820 secs] [Times: user=0.32 sys=0.00, real=0.03 secs] 
: 440896K->48960K(440896K), 0.0204540 secs] 4076455K->3755701K(12533952K), 0.0206890 secs] [Times: user=0.31 sys=0.00, real=0.02 secs] 
: 440896K->48960K(440896K), 0.0222800 secs] 4147637K->3803308K(12533952K), 0.0225050 secs] [Times: user=0.32 sys=0.00, real=0.02 secs] 
: 440896K->48960K(440896K), 0.0226910 secs] 4195244K->3864641K(12533952K), 0.0229080 secs] [Times: user=0.32 sys=0.01, real=0.02 secs] 
: 440817K->48960K(440896K), 0.0184180 secs] 4256498K->3924589K(12533952K), 0.0186390 secs] [Times: user=0.25 sys=0.00, real=0.02 secs] 
: 440704K->48960K(440896K), 0.0249970 secs] 4316334K->3991289K(12533952K), 0.0252270 secs] [Times: user=0.37 sys=0.00, real=0.03 secs] 
: 440769K->48960K(440896K), 0.0188690 secs] 4383099K->4054164K(12533952K), 0.0190900 secs] [Times: user=0.25 sys=0.00, real=0.01 secs] 
: 440772K->48960K(440896K), 0.0183980 secs] 4445977K->4112134K(12533952K), 0.0186190 secs] [Times: user=0.26 sys=0.00, real=0.02 secs] 
: 440653K->48960K(440896K), 0.0216500 secs] 4503828K->4172249K(12533952K), 0.0218710 secs] [Times: user=0.31 sys=0.00, real=0.03 secs] 
: 440862K->48960K(440896K), 0.0232340 secs] 4564152K->4240095K(12533952K), 0.0234200 secs] [Times: user=0.25 sys=0.01, real=0.03 secs] 
: 440716K->48960K(440896K), 0.0291570 secs] 4631852K->4298264K(12533952K), 0.0293790 secs] [Times: user=0.33 sys=0.00, real=0.02 secs] 
: 440860K->48960K(440896K), 0.0253590 secs] 4690164K->4360395K(12533952K), 0.0255920 secs] [Times: user=0.33 sys=0.01, real=0.03 secs] 
: 440809K->48960K(440896K), 0.0194170 secs] 4752245K->4420726K(12533952K), 0.0196500 secs] [Times: user=0.27 sys=0.01, real=0.02 secs] 
: 440896K->48960K(440896K), 0.0188780 secs] 4812662K->4481798K(12533952K), 0.0191000 secs] [Times: user=0.26 sys=0.00, real=0.02 secs] 
: 440853K->48960K(440896K), 0.0211850 secs] 4873692K->4554585K(12533952K), 0.0213840 secs] [Times: user=0.31 sys=0.01, real=0.02 secs] 
: 440793K->48960K(440896K), 0.0199830 secs] 4946419K->4613833K(12533952K), 0.0201530 secs] [Times: user=0.30 sys=0.00, real=0.02 secs] 
: 440896K->48960K(440896K), 0.0217670 secs] 5005769K->4663082K(12533952K), 0.0220150 secs] [Times: user=0.33 sys=0.00, real=0.02 secs] 
: 440895K->48960K(440896K), 0.0235600 secs] 5055017K->4727364K(12533952K), 0.0237330 secs] [Times: user=0.32 sys=0.01, real=0.02 secs] 
: 440666K->48960K(440896K), 0.0235860 secs] 5119071K->4783968K(12533952K), 0.0238220 secs] [Times: user=0.30 sys=0.01, real=0.02 secs] 
: 440693K->48960K(440896K), 0.0220060 secs] 5175701K->4845109K(12533952K), 0.0222460 secs] [Times: user=0.32 sys=0.00, real=0.02 secs] 
: 440648K->48960K(440896K), 0.0234310 secs] 5236798K->4905000K(12533952K), 0.0236690 secs] [Times: user=0.29 sys=0.00, real=0.02 secs] 
: 440896K->48960K(440896K), 0.0222800 secs] 5296936K->4964272K(12533952K), 0.0225260 secs] [Times: user=0.27 sys=0.00, real=0.02 secs] 
: 440896K->48960K(440896K), 0.0224480 secs] 5356208K->5037179K(12533952K), 0.0226800 secs] [Times: user=0.32 sys=0.00, real=0.02 secs] 
: 440844K->48960K(440896K), 0.0201660 secs] 5429064K->5097159K(12533952K), 0.0203400 secs] [Times: user=0.30 sys=0.00, real=0.02 secs] 
: 440646K->48960K(440896K), 0.0269910 secs] 5488846K->5158560K(12533952K), 0.0272120 secs] [Times: user=0.32 sys=0.01, real=0.02 secs] 
: 440727K->48960K(440896K), 0.0214280 secs] 5550328K->5222456K(12533952K), 0.0216320 secs] [Times: user=0.24 sys=0.01, real=0.02 secs] 
: 440671K->48960K(440896K), 0.0217640 secs] 5614168K->5286846K(12533952K), 0.0219360 secs] [Times: user=0.28 sys=0.00, real=0.02 secs] 
: 440648K->48960K(440896K), 0.0187840 secs] 5678534K->5350622K(12533952K), 0.0189690 secs] [Times: user=0.28 sys=0.00, real=0.02 secs] 
: 440885K->48960K(440896K), 0.0217020 secs] 5742548K->5406795K(12533952K), 0.0218870 secs] [Times: user=0.30 sys=0.00, real=0.02 secs] 
: 440841K->48960K(440896K), 0.0193490 secs] 5798676K->5470512K(12533952K), 0.0195500 secs] [Times: user=0.23 sys=0.01, real=0.02 secs] 
: 440896K->48960K(440896K), 0.0194720 secs] 5862448K->5538512K(12533952K), 0.0196220 secs] [Times: user=0.26 sys=0.00, real=0.02 secs] 
: 440716K->48960K(440896K), 0.0222370 secs] 5930268K->5602148K(12533952K), 0.0224470 secs] [Times: user=0.30 sys=0.00, real=0.02 secs] 
: 440775K->48960K(440896K), 0.0186650 secs] 5993963K->5666214K(12533952K), 0.0188460 secs] [Times: user=0.25 sys=0.00, real=0.01 secs] 
: 440748K->48960K(440896K), 0.0226680 secs] 6058002K->5728721K(12533952K), 0.0228910 secs] [Times: user=0.33 sys=0.00, real=0.02 secs] 
: 440896K->48960K(440896K), 0.0196170 secs] 6120657K->5797036K(12533952K), 0.0198530 secs] [Times: user=0.28 sys=0.00, real=0.02 secs] 
: 440896K->48960K(440896K), 0.0246440 secs] 6188972K->5862934K(12533952K), 0.0248660 secs] [Times: user=0.34 sys=0.00, real=0.03 secs] 
: 440896K->48960K(440896K), 0.0237980 secs] 6254870K->5920037K(12533952K), 0.0240110 secs] [Times: user=0.28 sys=0.00, real=0.03 secs] 
: 440896K->48960K(440896K), 0.0224560 secs] 6311973K->5982628K(12533952K), 0.0226260 secs] [Times: user=0.26 sys=0.00, real=0.03 secs] 
: 440896K->48960K(440896K), 0.0209640 secs] 6374564K->6053294K(12533952K), 0.0211880 secs] [Times: user=0.30 sys=0.00, real=0.02 secs] 
: 440740K->48960K(440896K), 0.0233850 secs] 6445075K->6107607K(12533952K), 0.0236210 secs] [Times: user=0.33 sys=0.01, real=0.02 secs] 
: 440896K->48960K(440896K), 0.0246490 secs] 6499543K->6169883K(12533952K), 0.0248600 secs] [Times: user=0.33 sys=0.00, real=0.02 secs] 
: 440685K->48960K(440896K), 0.0254140 secs] 6561608K->6235588K(12533952K), 0.0256590 secs] [Times: user=0.29 sys=0.00, real=0.03 secs] 
: 440896K->48960K(440896K), 0.0194020 secs] 6627524K->6300984K(12533952K), 0.0196250 secs] [Times: user=0.30 sys=0.01, real=0.02 secs] 
: 440896K->48960K(440896K), 0.0200510 secs] 6692920K->6358516K(12533952K), 0.0202980 secs] [Times: user=0.26 sys=0.00, real=0.02 secs] 
: 440798K->48960K(440896K), 0.0212190 secs] 6750354K->6418507K(12533952K), 0.0214790 secs] [Times: user=0.33 sys=0.00, real=0.03 secs] 
: 440744K->48960K(440896K), 0.0225680 secs] 6810292K->6481901K(12533952K), 0.0227840 secs] [Times: user=0.24 sys=0.00, real=0.02 secs] 
: 440696K->48960K(440896K), 0.0198220 secs] 6873637K->6545910K(12533952K), 0.0200600 secs] [Times: user=0.26 sys=0.00, real=0.02 secs] 
: 440771K->48960K(440896K), 0.0212000 secs] 6937722K->6611665K(12533952K), 0.0214660 secs] [Times: user=0.27 sys=0.00, real=0.03 secs] 
: 440896K->48960K(440896K), 0.0168700 secs] 7003601K->6663915K(12533952K), 0.0170350 secs] [Times: user=0.27 sys=0.01, real=0.02 secs] 
: 440896K->36808K(440896K), 0.0140970 secs] 7055851K->6687611K(12533952K), 0.0142580 secs] [Times: user=0.22 sys=0.00, real=0.02 secs] 
: 428744K->10019K(440896K), 0.0127740 secs] 7079547K->6660821K(12533952K), 0.0129740 secs] [Times: user=0.23 sys=0.00, real=0.02 secs] 
: 401955K->7616K(440896K), 0.0126150 secs] 7052757K->6658418K(12533952K), 0.0127940 secs] [Times: user=0.25 sys=0.01, real=0.01 secs] 
: 399552K->9190K(440896K), 0.0097160 secs] 7050354K->6659992K(12533952K), 0.0099150 secs] [Times: user=0.18 sys=0.00, real=0.01 secs] 
: 401126K->11207K(440896K), 0.0110410 secs] 7051928K->6663068K(12533952K), 0.0112450 secs] [Times: user=0.19 sys=0.00, real=0.01 secs] 
: 403143K->12772K(440896K), 0.0101930 secs] 7055004K->6665323K(12533952K), 0.0104040 secs] [Times: user=0.18 sys=0.00, real=0.01 secs] 
: 404708K->13277K(440896K), 0.0123860 secs] 7057259K->6668428K(12533952K), 0.0125160 secs] [Times: user=0.21 sys=0.00, real=0.02 secs] 
: 405213K->13382K(440896K), 0.0124890 secs] 7060364K->6671472K(12533952K), 0.0126920 secs] [Times: user=0.23 sys=0.00, real=0.01 secs] 
: 405318K->12987K(440896K), 0.0134580 secs] 7063408K->6674521K(12533952K), 0.0137780 secs] [Times: user=0.25 sys=0.00, real=0.02 secs] 
: 404923K->13776K(440896K), 0.0119570 secs] 7066457K->6677887K(12533952K), 0.0121760 secs] [Times: user=0.21 sys=0.00, real=0.02 secs] 
: 405712K->13000K(440896K), 0.0113290 secs] 7069823K->6680233K(12533952K), 0.0115110 secs] [Times: user=0.21 sys=0.00, real=0.02 secs] 
: 404936K->12413K(440896K), 0.0126100 secs] 7072169K->6682944K(12533952K), 0.0128120 secs] [Times: user=0.24 sys=0.00, real=0.01 secs] 
: 404349K->12177K(440896K), 0.0129010 secs] 7074880K->6685546K(12533952K), 0.0130830 secs] [Times: user=0.24 sys=0.00, real=0.01 secs] 
: 404113K->11241K(440896K), 0.0116720 secs] 7077482K->6687949K(12533952K), 0.0118250 secs] [Times: user=0.19 sys=0.00, real=0.02 secs] 
: 403177K->12571K(440896K), 0.0128270 secs] 7079885K->6691798K(12533952K), 0.0129460 secs] [Times: user=0.23 sys=0.00, real=0.01 secs] 
: 404507K->13713K(440896K), 0.0121690 secs] 7083734K->6695633K(12533952K), 0.0123130 secs] [Times: user=0.24 sys=0.00, real=0.01 secs] 
: 405649K->12325K(440896K), 0.0103460 secs] 7087569K->6696860K(12533952K), 0.0105160 secs] [Times: user=0.19 sys=0.00, real=0.01 secs] 
: 404261K->12158K(440896K), 0.0111120 secs] 7088796K->6698965K(12533952K), 0.0112930 secs] [Times: user=0.18 sys=0.01, real=0.01 secs] 
: 404094K->9625K(440896K), 0.0128330 secs] 7090901K->6700226K(12533952K), 0.0129830 secs] [Times: user=0.20 sys=0.00, real=0.02 secs] 
: 401561K->7762K(440896K), 0.0138020 secs] 7092162K->6702217K(12533952K), 0.0139410 secs] [Times: user=0.27 sys=0.00, real=0.01 secs] 
: 399698K->9172K(440896K), 0.0102880 secs] 7094153K->6704989K(12533952K), 0.0104600 secs] [Times: user=0.19 sys=0.00, real=0.01 secs] 
: 401108K->10129K(440896K), 0.0107920 secs] 7096925K->6708019K(12533952K), 0.0109870 secs] [Times: user=0.18 sys=0.00, real=0.01 secs] 
: 402065K->11341K(440896K), 0.0119470 secs] 7099955K->6710470K(12533952K), 0.0121400 secs] [Times: user=0.23 sys=0.00, real=0.01 secs] 
: 403277K->11453K(440896K), 0.0105750 secs] 7102406K->6712530K(12533952K), 0.0107660 secs] [Times: user=0.17 sys=0.00, real=0.01 secs] 
: 403389K->10867K(440896K), 0.0137220 secs] 7104466K->6714601K(12533952K), 0.0139400 secs] [Times: user=0.26 sys=0.00, real=0.01 secs] 
: 402803K->9959K(440896K), 0.0125420 secs] 7106537K->6716858K(12533952K), 0.0127290 secs] [Times: user=0.23 sys=0.01, real=0.01 secs] 
: 401895K->9394K(440896K), 0.0097490 secs] 7108794K->6718881K(12533952K), 0.0101000 secs] [Times: user=0.19 sys=0.00, real=0.01 secs] 
: 401330K->10289K(440896K), 0.0147460 secs] 7110817K->6721596K(12533952K), 0.0149530 secs] [Times: user=0.29 sys=0.00, real=0.01 secs] 
: 402002K->9736K(440896K), 0.0098690 secs] 7113308K->6723047K(12533952K), 0.0099840 secs] [Times: user=0.18 sys=0.00, real=0.01 secs] 
: 401672K->8613K(440896K), 0.0105660 secs] 7114983K->6724255K(12533952K), 0.0107620 secs] [Times: user=0.19 sys=0.00, real=0.01 secs] 
: 400549K->8303K(440896K), 0.0108620 secs] 7116191K->6726080K(12533952K), 0.0110230 secs] [Times: user=0.19 sys=0.00, real=0.02 secs] 
: 400239K->6532K(440896K), 0.0122410 secs] 7118016K->6727100K(12533952K), 0.0124440 secs] [Times: user=0.24 sys=0.00, real=0.01 secs] 
: 398468K->13997K(440896K), 0.0121640 secs] 7119036K->6735851K(12533952K), 0.0123970 secs] [Times: user=0.21 sys=0.00, real=0.02 secs] 
: 405933K->13732K(440896K), 0.0147520 secs] 7127787K->6736798K(12533952K), 0.0149690 secs] [Times: user=0.29 sys=0.00, real=0.01 secs] 
: 405668K->18560K(440896K), 0.0124110 secs] 7128734K->6743365K(12533952K), 0.0126210 secs] [Times: user=0.23 sys=0.00, real=0.01 secs] 
: 410496K->19668K(440896K), 0.0115980 secs] 7135301K->6745508K(12533952K), 0.0118190 secs] [Times: user=0.21 sys=0.00, real=0.02 secs] 
: 411604K->17061K(440896K), 0.0111690 secs] 7137444K->6747752K(12533952K), 0.0113710 secs] [Times: user=0.22 sys=0.00, real=0.01 secs] 
: 408997K->10690K(440896K), 0.0128640 secs] 7139688K->6746288K(12533952K), 0.0130170 secs] [Times: user=0.22 sys=0.00, real=0.01 secs] 
: 402423K->12624K(440896K), 0.0127080 secs] 7138022K->6750360K(12533952K), 0.0128780 secs] [Times: user=0.24 sys=0.00, real=0.01 secs] 
: 404319K->18320K(440896K), 0.0131070 secs] 7142055K->6758099K(12533952K), 0.0132690 secs] [Times: user=0.23 sys=0.00, real=0.01 secs] 
: 410256K->18379K(440896K), 0.0107270 secs] 7150035K->6760394K(12533952K), 0.0108500 secs] [Times: user=0.21 sys=0.00, real=0.01 secs] 
: 410315K->17174K(440896K), 0.0116930 secs] 7152330K->6762076K(12533952K), 0.0118810 secs] [Times: user=0.19 sys=0.00, real=0.02 secs] 
: 408956K->17134K(440896K), 0.0140500 secs] 7153858K->6766294K(12533952K), 0.0142420 secs] [Times: user=0.25 sys=0.00, real=0.01 secs] 
: 409070K->21565K(440896K), 0.0125570 secs] 7158230K->6774410K(12533952K), 0.0127400 secs] [Times: user=0.23 sys=0.00, real=0.01 secs] 
: 413501K->25314K(440896K), 0.0145080 secs] 7166346K->6784360K(12533952K), 0.0147460 secs] [Times: user=0.27 sys=0.00, real=0.01 secs] 
: 417250K->13006K(440896K), 0.0097540 secs] 7176296K->6774007K(12533952K), 0.0099010 secs] [Times: user=0.18 sys=0.00, real=0.01 secs] 
: 404942K->11542K(440896K), 0.0106890 secs] 7165943K->6776593K(12533952K), 0.0108460 secs] [Times: user=0.19 sys=0.00, real=0.02 secs] 
: 403478K->12301K(440896K), 0.0132170 secs] 7168529K->6779385K(12533952K), 0.0133560 secs] [Times: user=0.26 sys=0.00, real=0.01 secs] 
: 404237K->13547K(440896K), 0.0117980 secs] 7171321K->6782377K(12533952K), 0.0119470 secs] [Times: user=0.23 sys=0.00, real=0.01 secs] 
: 405483K->11939K(440896K), 0.0142170 secs] 7174313K->6784642K(12533952K), 0.0144290 secs] [Times: user=0.26 sys=0.00, real=0.01 secs] 
: 403875K->11967K(440896K), 0.0113840 secs] 7176578K->6787463K(12533952K), 0.0115810 secs] [Times: user=0.20 sys=0.00, real=0.01 secs] 
: 403903K->13580K(440896K), 0.0137940 secs] 7179399K->6791941K(12533952K), 0.0139330 secs] [Times: user=0.25 sys=0.00, real=0.01 secs] 
: 405516K->13051K(440896K), 0.0112830 secs] 7183877K->6794189K(12533952K), 0.0114770 secs] [Times: user=0.21 sys=0.00, real=0.01 secs] 
: 404987K->13564K(440896K), 0.0147590 secs] 7186125K->6796998K(12533952K), 0.0150220 secs] [Times: user=0.29 sys=0.00, real=0.02 secs] 
: 405500K->12497K(440896K), 0.0125590 secs] 7188934K->6798749K(12533952K), 0.0127740 secs] [Times: user=0.24 sys=0.00, real=0.01 secs] 
: 404433K->10658K(440896K), 0.0140240 secs] 7190685K->6801465K(12533952K), 0.0141440 secs] [Times: user=0.27 sys=0.00, real=0.01 secs] 
: 402594K->10596K(440896K), 0.0133050 secs] 7193401K->6803708K(12533952K), 0.0134850 secs] [Times: user=0.24 sys=0.00, real=0.01 secs] 
: 402532K->10836K(440896K), 0.0123170 secs] 7195644K->6806661K(12533952K), 0.0125450 secs] [Times: user=0.22 sys=0.00, real=0.01 secs] 
: 402772K->12464K(440896K), 0.0130320 secs] 7198597K->6810070K(12533952K), 0.0132590 secs] [Times: user=0.24 sys=0.00, real=0.01 secs] 
: 404400K->12179K(440896K), 0.0101800 secs] 7202006K->6812507K(12533952K), 0.0103810 secs] [Times: user=0.19 sys=0.00, real=0.01 secs] 
: 404115K->12533K(440896K), 0.0114180 secs] 7204443K->6815184K(12533952K), 0.0115960 secs] [Times: user=0.21 sys=0.00, real=0.01 secs] 
: 404469K->12714K(440896K), 0.0161300 secs] 7207120K->6818368K(12533952K), 0.0163500 secs] [Times: user=0.29 sys=0.00, real=0.02 secs] 
: 404650K->12745K(440896K), 0.0111250 secs] 7210304K->6821634K(12533952K), 0.0113400 secs] [Times: user=0.18 sys=0.00, real=0.01 secs] 
: 404681K->13232K(440896K), 0.0092890 secs] 7213570K->6824580K(12533952K), 0.0095190 secs] [Times: user=0.17 sys=0.00, real=0.01 secs] 
: 405168K->14511K(440896K), 0.0097050 secs] 7216516K->6828604K(12533952K), 0.0099370 secs] [Times: user=0.17 sys=0.00, real=0.01 secs] 
: 406447K->14337K(440896K), 0.0136870 secs] 7220540K->6831531K(12533952K), 0.0138680 secs] [Times: user=0.26 sys=0.00, real=0.01 secs] 
: 406273K->13367K(440896K), 0.0129630 secs] 7223467K->6834043K(12533952K), 0.0131010 secs] [Times: user=0.25 sys=0.00, real=0.01 secs] 
: 405303K->12161K(440896K), 0.0139230 secs] 7225979K->6835354K(12533952K), 0.0140570 secs] [Times: user=0.26 sys=0.00, real=0.01 secs] 
: 403937K->9235K(440896K), 0.0116980 secs] 7227130K->6836346K(12533952K), 0.0118810 secs] [Times: user=0.22 sys=0.00, real=0.01 secs] 
: 401171K->7881K(440896K), 0.0128300 secs] 7228282K->6838031K(12533952K), 0.0129650 secs] [Times: user=0.25 sys=0.00, real=0.01 secs] 
: 399817K->8558K(440896K), 0.0104470 secs] 7229967K->6841296K(12533952K), 0.0106660 secs] [Times: user=0.18 sys=0.00, real=0.01 secs] 
: 400494K->10050K(440896K), 0.0127570 secs] 7233232K->6844326K(12533952K), 0.0129930 secs] [Times: user=0.24 sys=0.01, real=0.01 secs] 
: 401986K->12444K(440896K), 0.0110120 secs] 7236262K->6847744K(12533952K), 0.0112470 secs] [Times: user=0.19 sys=0.00, real=0.01 secs] 
: 404380K->14526K(440896K), 0.0137200 secs] 7239680K->6851363K(12533952K), 0.0139560 secs] [Times: user=0.25 sys=0.00, real=0.01 secs] 
: 406462K->13473K(440896K), 0.0138530 secs] 7243299K->6853544K(12533952K), 0.0140940 secs] [Times: user=0.27 sys=0.00, real=0.02 secs] 
: 405409K->12542K(440896K), 0.0107540 secs] 7245480K->6855727K(12533952K), 0.0109370 secs] [Times: user=0.19 sys=0.00, real=0.01 secs] 
: 404478K->11589K(440896K), 0.0118040 secs] 7247663K->6858077K(12533952K), 0.0119530 secs] [Times: user=0.23 sys=0.00, real=0.01 secs] 
: 403525K->10228K(440896K), 0.0125020 secs] 7250013K->6860391K(12533952K), 0.0126590 secs] [Times: user=0.24 sys=0.00, real=0.01 secs] 
: 402164K->10104K(440896K), 0.0103620 secs] 7252327K->6862291K(12533952K), 0.0105410 secs] [Times: user=0.18 sys=0.00, real=0.01 secs] 
: 402040K->9758K(440896K), 0.0127250 secs] 7254227K->6864400K(12533952K), 0.0128700 secs] [Times: user=0.23 sys=0.01, real=0.01 secs] 
: 401694K->10029K(440896K), 0.0134540 secs] 7256336K->6866993K(12533952K), 0.0136470 secs] [Times: user=0.25 sys=0.00, real=0.02 secs] 
: 401965K->9262K(440896K), 0.0110510 secs] 7258929K->6868617K(12533952K), 0.0112420 secs] [Times: user=0.20 sys=0.00, real=0.01 secs] 
: 401198K->9847K(440896K), 0.0101600 secs] 7260553K->6871143K(12533952K), 0.0103010 secs] [Times: user=0.19 sys=0.00, real=0.01 secs] 
: 401783K->9927K(440896K), 0.0136590 secs] 7263079K->6873260K(12533952K), 0.0138320 secs] [Times: user=0.27 sys=0.00, real=0.02 secs] 
: 401863K->9419K(440896K), 0.0115140 secs] 7265196K->6875276K(12533952K), 0.0116580 secs] [Times: user=0.22 sys=0.00, real=0.01 secs] 
: 401355K->9904K(440896K), 0.0130410 secs] 7267212K->6877408K(12533952K), 0.0132750 secs] [Times: user=0.27 sys=0.00, real=0.02 secs] 
: 401840K->8878K(440896K), 0.0137580 secs] 7269344K->6878972K(12533952K), 0.0139390 secs] [Times: user=0.27 sys=0.00, real=0.02 secs] 
: 400814K->9371K(440896K), 0.0149050 secs] 7270908K->6881606K(12533952K), 0.0150950 secs] [Times: user=0.29 sys=0.00, real=0.02 secs] 
: 401307K->9027K(440896K), 0.0146450 secs] 7273542K->6883136K(12533952K), 0.0148530 secs] [Times: user=0.28 sys=0.00, real=0.02 secs] 
: 400963K->9399K(440896K), 0.0127060 secs] 7275072K->6885573K(12533952K), 0.0129150 secs] [Times: user=0.23 sys=0.00, real=0.01 secs] 
: 401335K->9732K(440896K), 0.0103190 secs] 7277509K->6887467K(12533952K), 0.0104720 secs] [Times: user=0.18 sys=0.01, real=0.01 secs] 
: 401668K->10257K(440896K), 0.0138450 secs] 7279403K->6890644K(12533952K), 0.0140340 secs] [Times: user=0.26 sys=0.00, real=0.02 secs] 
: 402193K->11909K(440896K), 0.0138430 secs] 7282580K->6894043K(12533952K), 0.0139640 secs] [Times: user=0.25 sys=0.00, real=0.02 secs] 
: 403845K->13109K(440896K), 0.0102790 secs] 7285979K->6897504K(12533952K), 0.0104750 secs] [Times: user=0.20 sys=0.00, real=0.01 secs] 
: 405045K->14322K(440896K), 0.0117210 secs] 7289440K->6900594K(12533952K), 0.0119090 secs] [Times: user=0.21 sys=0.00, real=0.01 secs] 
: 406258K->15124K(440896K), 0.0132740 secs] 7292530K->6904628K(12533952K), 0.0134490 secs] [Times: user=0.24 sys=0.00, real=0.01 secs] 
: 407060K->13307K(440896K), 0.0127960 secs] 7296564K->6906300K(12533952K), 0.0130050 secs] [Times: user=0.25 sys=0.00, real=0.02 secs] 
: 405243K->11559K(440896K), 0.0133210 secs] 7298236K->6907845K(12533952K), 0.0135520 secs] [Times: user=0.25 sys=0.00, real=0.02 secs] 
: 403495K->9798K(440896K), 0.0112350 secs] 7299781K->6909001K(12533952K), 0.0114200 secs] [Times: user=0.20 sys=0.00, real=0.01 secs] 
: 401734K->8300K(440896K), 0.0141780 secs] 7300937K->6911698K(12533952K), 0.0143450 secs] [Times: user=0.26 sys=0.00, real=0.02 secs] 
: 400236K->9994K(440896K), 0.0119670 secs] 7303634K->6915019K(12533952K), 0.0120870 secs] [Times: user=0.22 sys=0.00, real=0.02 secs] 
: 401930K->19074K(440896K), 0.0116040 secs] 7306955K->6925904K(12533952K), 0.0117450 secs] [Times: user=0.19 sys=0.00, real=0.02 secs] 
: 411010K->20732K(440896K), 0.0124700 secs] 7317840K->6928741K(12533952K), 0.0126240 secs] [Times: user=0.23 sys=0.00, real=0.02 secs] 
: 412668K->21588K(440896K), 0.0110450 secs] 7320677K->6932044K(12533952K), 0.0111830 secs] [Times: user=0.21 sys=0.00, real=0.01 secs] 
: 413524K->21928K(440896K), 0.0125410 secs] 7323980K->6934907K(12533952K), 0.0127430 secs] [Times: user=0.23 sys=0.00, real=0.01 secs] 
: 413864K->14472K(440896K), 0.0114460 secs] 7326843K->6938097K(12533952K), 0.0116090 secs] [Times: user=0.21 sys=0.00, real=0.01 secs] 
: 406408K->13440K(440896K), 0.0118520 secs] 7330033K->6941151K(12533952K), 0.0120550 secs] [Times: user=0.22 sys=0.00, real=0.01 secs] 
: 405376K->13011K(440896K), 0.0103910 secs] 7333087K->6943952K(12533952K), 0.0105750 secs] [Times: user=0.18 sys=0.00, real=0.01 secs] 
: 404705K->12267K(440896K), 0.0119230 secs] 7335647K->6945994K(12533952K), 0.0121470 secs] [Times: user=0.22 sys=0.00, real=0.02 secs] 
: 404203K->18813K(440896K), 0.0132950 secs] 7337930K->6955719K(12533952K), 0.0134760 secs] [Times: user=0.23 sys=0.00, real=0.02 secs] 
: 410749K->13848K(440896K), 0.0141510 secs] 7347655K->6953813K(12533952K), 0.0143250 secs] [Times: user=0.27 sys=0.00, real=0.01 secs] 
: 405784K->13412K(440896K), 0.0114840 secs] 7345749K->6956108K(12533952K), 0.0116780 secs] [Times: user=0.21 sys=0.00, real=0.01 secs] 
: 405348K->12564K(440896K), 0.0101850 secs] 7348044K->6957592K(12533952K), 0.0104090 secs] [Times: user=0.18 sys=0.00, real=0.01 secs] 
: 404500K->9374K(440896K), 0.0115020 secs] 7349528K->6959267K(12533952K), 0.0117020 secs] [Times: user=0.22 sys=0.00, real=0.02 secs] 
: 401076K->8509K(440896K), 0.0136130 secs] 7350968K->6960895K(12533952K), 0.0137250 secs] [Times: user=0.26 sys=0.00, real=0.01 secs] 
: 400445K->9468K(440896K), 0.0117840 secs] 7352831K->6964202K(12533952K), 0.0119660 secs] [Times: user=0.22 sys=0.00, real=0.02 secs] 
: 401404K->11057K(440896K), 0.0109760 secs] 7356138K->6967231K(12533952K), 0.0111750 secs] [Times: user=0.19 sys=0.00, real=0.01 secs] 
: 402992K->15644K(440896K), 0.0105190 secs] 7359166K->6973481K(12533952K), 0.0106710 secs] [Times: user=0.20 sys=0.00, real=0.01 secs] 
: 407580K->17777K(440896K), 0.0113000 secs] 7365417K->6977252K(12533952K), 0.0114810 secs] [Times: user=0.19 sys=0.00, real=0.01 secs] 
: 409713K->18019K(440896K), 0.0131630 secs] 7369188K->6981088K(12533952K), 0.0133250 secs] [Times: user=0.23 sys=0.00, real=0.02 secs] 
: 409955K->17782K(440896K), 0.0099840 secs] 7373024K->6983839K(12533952K), 0.0101730 secs] [Times: user=0.19 sys=0.00, real=0.01 secs] 
: 409718K->13485K(440896K), 0.0099060 secs] 7375775K->6985828K(12533952K), 0.0100870 secs] [Times: user=0.17 sys=0.00, real=0.01 secs] 
: 405421K->11118K(440896K), 0.0092020 secs] 7377764K->6987189K(12533952K), 0.0095800 secs] [Times: user=0.16 sys=0.01, real=0.01 secs] 
: 403054K->13222K(440896K), 0.0117530 secs] 7379125K->6993112K(12533952K), 0.0119920 secs] [Times: user=0.20 sys=0.00, real=0.01 secs] 
: 405158K->6244K(440896K), 0.0112700 secs] 7385048K->6988928K(12533952K), 0.0114380 secs] [Times: user=0.20 sys=0.00, real=0.02 secs] 
: 398180K->5132K(440896K), 0.0094380 secs] 7380864K->6989804K(12533952K), 0.0096370 secs] [Times: user=0.17 sys=0.00, real=0.01 secs] 
: 397068K->4131K(440896K), 0.0101400 secs] 7381740K->6990180K(12533952K), 0.0103710 secs] [Times: user=0.18 sys=0.00, real=0.01 secs] 
: 395879K->4492K(440896K), 0.0126420 secs] 7381927K->6991726K(12533952K), 0.0128270 secs] [Times: user=0.23 sys=0.00, real=0.01 secs] 
: 396428K->9365K(440896K), 0.0111170 secs] 7383662K->6997037K(12533952K), 0.0112970 secs] [Times: user=0.21 sys=0.00, real=0.02 secs] 
: 401301K->6185K(440896K), 0.0117450 secs] 7388973K->6994768K(12533952K), 0.0119520 secs] [Times: user=0.21 sys=0.00, real=0.02 secs] 
: 398121K->6830K(440896K), 0.0101570 secs] 7386704K->6995828K(12533952K), 0.0103580 secs] [Times: user=0.18 sys=0.00, real=0.01 secs] 
: 398766K->5895K(440896K), 0.0136980 secs] 7387764K->6996460K(12533952K), 0.0138570 secs] [Times: user=0.27 sys=0.00, real=0.01 secs] 
: 397831K->5517K(440896K), 0.0134930 secs] 7388396K->6996775K(12533952K), 0.0136840 secs] [Times: user=0.25 sys=0.00, real=0.01 secs] 
: 397453K->4448K(440896K), 0.0125220 secs] 7388711K->6998039K(12533952K), 0.0127380 secs] [Times: user=0.21 sys=0.00, real=0.02 secs] 
: 396384K->5120K(440896K), 0.0104350 secs] 7389975K->6999680K(12533952K), 0.0106290 secs] [Times: user=0.19 sys=0.00, real=0.01 secs] 
: 397056K->5961K(440896K), 0.0131550 secs] 7391616K->7001076K(12533952K), 0.0133680 secs] [Times: user=0.25 sys=0.00, real=0.01 secs] 
: 397897K->8319K(440896K), 0.0106110 secs] 7393012K->7003892K(12533952K), 0.0108170 secs] [Times: user=0.20 sys=0.00, real=0.01 secs] 
: 400255K->6383K(440896K), 0.0133400 secs] 7395828K->7003440K(12533952K), 0.0135350 secs] [Times: user=0.22 sys=0.00, real=0.01 secs] 
: 398319K->4945K(440896K), 0.0109580 secs] 7395376K->7003547K(12533952K), 0.0111470 secs] [Times: user=0.19 sys=0.00, real=0.02 secs] 
: 396689K->4437K(440896K), 0.0133150 secs] 7395291K->7004192K(12533952K), 0.0134590 secs] [Times: user=0.22 sys=0.00, real=0.01 secs] 
: 396373K->4109K(440896K), 0.0115100 secs] 7396128K->7004623K(12533952K), 0.0116640 secs] [Times: user=0.21 sys=0.00, real=0.01 secs] 
: 396045K->3487K(440896K), 0.0134620 secs] 7396559K->7005414K(12533952K), 0.0136440 secs] [Times: user=0.25 sys=0.00, real=0.01 secs] 
: 395423K->4147K(440896K), 0.0103290 secs] 7397350K->7006527K(12533952K), 0.0105340 secs] [Times: user=0.18 sys=0.00, real=0.01 secs] 
: 396083K->5056K(440896K), 0.0101610 secs] 7398463K->7008101K(12533952K), 0.0103700 secs] [Times: user=0.18 sys=0.00, real=0.02 secs] 
: 396992K->5098K(440896K), 0.0138400 secs] 7400037K->7008535K(12533952K), 0.0141040 secs] [Times: user=0.27 sys=0.00, real=0.01 secs] 
: 397034K->8527K(440896K), 0.0117910 secs] 7400471K->7012808K(12533952K), 0.0119680 secs] [Times: user=0.22 sys=0.00, real=0.01 secs] 
: 400463K->25375K(440896K), 0.0135010 secs] 7404744K->7030700K(12533952K), 0.0137220 secs] [Times: user=0.26 sys=0.00, real=0.01 secs] 
: 417311K->30331K(440896K), 0.0132320 secs] 7422636K->7037795K(12533952K), 0.0134800 secs] [Times: user=0.24 sys=0.01, real=0.01 secs] 
: 422267K->13368K(440896K), 0.0125080 secs] 7429731K->7042928K(12533952K), 0.0126890 secs] [Times: user=0.19 sys=0.00, real=0.02 secs] 
: 405304K->48960K(440896K), 0.0122990 secs] 7434864K->7079674K(12533952K), 0.0125410 secs] [Times: user=0.22 sys=0.00, real=0.01 secs] 
: 440896K->17469K(440896K), 0.0125570 secs] 7471610K->7055263K(12533952K), 0.0127930 secs] [Times: user=0.24 sys=0.00, real=0.01 secs] 
: 409405K->21304K(440896K), 0.0103000 secs] 7447199K->7059098K(12533952K), 0.0105380 secs] [Times: user=0.17 sys=0.01, real=0.01 secs] 
: 413240K->20642K(440896K), 0.0117150 secs] 7451034K->7063259K(12533952K), 0.0119240 secs] [Times: user=0.22 sys=0.00, real=0.01 secs] 
: 412578K->16487K(440896K), 0.0102390 secs] 7455195K->7067164K(12533952K), 0.0104570 secs] [Times: user=0.18 sys=0.00, real=0.01 secs] 
: 408423K->16089K(440896K), 0.0108810 secs] 7459100K->7069993K(12533952K), 0.0111140 secs] [Times: user=0.20 sys=0.00, real=0.01 secs] 
: 408025K->14422K(440896K), 0.0104560 secs] 7461929K->7072286K(12533952K), 0.0106850 secs] [Times: user=0.18 sys=0.00, real=0.02 secs] 
: 406358K->12435K(440896K), 0.0098670 secs] 7464222K->7074498K(12533952K), 0.0100700 secs] [Times: user=0.17 sys=0.00, real=0.01 secs] 
: 404371K->10586K(440896K), 0.0123430 secs] 7466434K->7076778K(12533952K), 0.0125680 secs] [Times: user=0.25 sys=0.00, real=0.01 secs] 
: 402522K->30637K(440896K), 0.0115660 secs] 7468714K->7099419K(12533952K), 0.0117760 secs] [Times: user=0.21 sys=0.00, real=0.01 secs] 
: 422573K->21903K(440896K), 0.0134180 secs] 7491355K->7097542K(12533952K), 0.0136190 secs] [Times: user=0.25 sys=0.00, real=0.01 secs] 
: 413604K->48960K(440896K), 0.0143660 secs] 7489243K->7132553K(12533952K), 0.0145720 secs] [Times: user=0.25 sys=0.00, real=0.01 secs] 
: 440644K->48960K(440896K), 0.0199300 secs] 7524237K->7164837K(12533952K), 0.0201500 secs] [Times: user=0.29 sys=0.00, real=0.02 secs] 
: 440826K->48960K(440896K), 0.0250780 secs] 7556703K->7229500K(12533952K), 0.0254390 secs] [Times: user=0.35 sys=0.00, real=0.03 secs] 
: 440691K->48960K(440896K), 0.0254940 secs] 7621231K->7293753K(12533952K), 0.0257270 secs] [Times: user=0.32 sys=0.00, real=0.03 secs] 
: 440896K->48916K(440896K), 0.0295520 secs] 7685689K->7374361K(12533952K), 0.0298190 secs] [Times: user=0.35 sys=0.00, real=0.03 secs] 
: 440809K->48960K(440896K), 0.0208920 secs] 7766254K->7425943K(12533952K), 0.0211610 secs] [Times: user=0.32 sys=0.00, real=0.02 secs] 
: 440666K->48960K(440896K), 0.0195440 secs] 7817649K->7488248K(12533952K), 0.0197520 secs] [Times: user=0.32 sys=0.01, real=0.02 secs] 
: 440699K->48960K(440896K), 0.0223570 secs] 7879988K->7552574K(12533952K), 0.0225920 secs] [Times: user=0.32 sys=0.01, real=0.03 secs] 
: 440742K->48960K(440896K), 0.0194140 secs] 7944357K->7617657K(12533952K), 0.0196510 secs] [Times: user=0.25 sys=0.00, real=0.02 secs] 
: 440733K->48960K(440896K), 0.0226000 secs] 8009430K->7679989K(12533952K), 0.0228280 secs] [Times: user=0.34 sys=0.00, real=0.03 secs] 
: 440657K->48960K(440896K), 0.0206260 secs] 8071686K->7744263K(12533952K), 0.0208100 secs] [Times: user=0.33 sys=0.00, real=0.02 secs] 
: 440782K->48960K(440896K), 0.0230190 secs] 8136086K->7822390K(12533952K), 0.0232510 secs] [Times: user=0.28 sys=0.00, real=0.03 secs] 
: 440896K->48960K(440896K), 0.0192200 secs] 8214326K->7871853K(12533952K), 0.0194700 secs] [Times: user=0.30 sys=0.01, real=0.02 secs] 
: 440846K->48953K(440896K), 0.0237960 secs] 8263739K->7936602K(12533952K), 0.0240460 secs] [Times: user=0.25 sys=0.00, real=0.03 secs] 
: 440782K->48960K(440896K), 0.0224950 secs] 8328431K->8002123K(12533952K), 0.0227320 secs] [Times: user=0.33 sys=0.00, real=0.02 secs] 
: 440868K->48960K(440896K), 0.0220630 secs] 8394032K->8062418K(12533952K), 0.0222850 secs] [Times: user=0.28 sys=0.01, real=0.02 secs] 
: 440856K->48960K(440896K), 0.0216580 secs] 8454314K->8126562K(12533952K), 0.0218870 secs] [Times: user=0.27 sys=0.00, real=0.03 secs] 
: 440896K->48960K(440896K), 0.0221670 secs] 8518498K->8196918K(12533952K), 0.0224360 secs] [Times: user=0.31 sys=0.00, real=0.02 secs] 
: 440843K->48960K(440896K), 0.0218450 secs] 8588801K->8249204K(12533952K), 0.0220190 secs] [Times: user=0.30 sys=0.00, real=0.03 secs] 
: 440895K->48960K(440896K), 0.0247420 secs] 8641139K->8311778K(12533952K), 0.0249890 secs] [Times: user=0.35 sys=0.01, real=0.03 secs] 
: 440654K->48960K(440896K), 0.0212990 secs] 8703473K->8371267K(12533952K), 0.0215260 secs] [Times: user=0.30 sys=0.01, real=0.03 secs] 
: 440811K->48956K(440896K), 0.0269050 secs] 8763118K->8432986K(12533952K), 0.0271260 secs] [Times: user=0.41 sys=0.00, real=0.02 secs] 
: 440856K->48960K(440896K), 0.0196120 secs] 8824886K->8496881K(12533952K), 0.0197850 secs] [Times: user=0.31 sys=0.01, real=0.02 secs] 
: 440896K->48960K(440896K), 0.0220200 secs] 8888817K->8569311K(12533952K), 0.0222010 secs] [Times: user=0.33 sys=0.01, real=0.02 secs] 
2015-04-01T11:44:15.685-0700: 13210455.758: [GC [1 CMS-initial-mark: 8520351K(12093056K)] 8569508K(12533952K), 0.0062500 secs] [Times: user=0.00 sys=0.00, real=0.01 secs] 
2015-04-01T11:44:16.038-0700: 13210456.110: [CMS-concurrent-mark: 0.346/0.346 secs] [Times: user=2.11 sys=0.00, real=0.34 secs] 
2015-04-01T11:44:16.074-0700: 13210456.146: [CMS-concurrent-preclean: 0.036/0.036 secs] [Times: user=0.04 sys=0.00, real=0.04 secs] 
 CMS: abort preclean due to time 2015-04-01T11:44:21.076-0700: 13210461.149: [CMS-concurrent-abortable-preclean: 2.554/5.003 secs] [Times: user=2.87 sys=0.12, real=5.00 secs] 
2015-04-01T11:44:21.078-0700: 13210461.150: [GC[YG occupancy: 166347 K (440896 K)]13210461.150: [Rescan (parallel) , 0.0072070 secs]13210461.158: [weak refs processing, 0.0051910 secs] [1 CMS-remark: 8520351K(12093056K)] 8686699K(12533952K), 0.0126920 secs] [Times: user=0.15 sys=0.00, real=0.02 secs] 
2015-04-01T11:44:21.953-0700: 13210462.025: [CMS-concurrent-sweep: 0.862/0.862 secs] [Times: user=0.93 sys=0.02, real=0.86 secs] 
2015-04-01T11:44:21.986-0700: 13210462.058: [CMS-concurrent-reset: 0.033/0.033 secs] [Times: user=0.03 sys=0.00, real=0.03 secs] 
: 440896K->48921K(440896K), 0.0210680 secs] 3979011K->3642446K(12533952K), 0.0212220 secs] [Times: user=0.35 sys=0.00, real=0.02 secs] 
: 440857K->48960K(440896K), 0.0174440 secs] 4034382K->3704758K(12533952K), 0.0176920 secs] [Times: user=0.26 sys=0.00, real=0.01 secs] 
: 440763K->48960K(440896K), 0.0196620 secs] 4096561K->3768287K(12533952K), 0.0198530 secs] [Times: user=0.33 sys=0.00, real=0.02 secs] 
: 440702K->48960K(440896K), 0.0203170 secs] 4160029K->3833784K(12533952K), 0.0205300 secs] [Times: user=0.31 sys=0.01, real=0.02 secs] 
: 440833K->48960K(440896K), 0.0173620 secs] 4225657K->3897982K(12533952K), 0.0175810 secs] [Times: user=0.29 sys=0.00, real=0.02 secs] 
: 440650K->48960K(440896K), 0.0191470 secs] 4289672K->3959477K(12533952K), 0.0192920 secs] [Times: user=0.30 sys=0.00, real=0.02 secs] 
: 440896K->48922K(440896K), 0.0272830 secs] 4351413K->4034214K(12533952K), 0.0274770 secs] [Times: user=0.32 sys=0.01, real=0.03 secs] 
: 440858K->48960K(440896K), 0.0233900 secs] 4426150K->4091880K(12533952K), 0.0236290 secs] [Times: user=0.34 sys=0.00, real=0.02 secs] 
: 440833K->48960K(440896K), 0.0203710 secs] 4483754K->4149680K(12533952K), 0.0206030 secs] [Times: user=0.29 sys=0.00, real=0.02 secs] 
: 440896K->48938K(440896K), 0.0315240 secs] 4541616K->4216942K(12533952K), 0.0318300 secs] [Times: user=0.30 sys=0.01, real=0.03 secs] 
: 440671K->48960K(440896K), 0.0268080 secs] 4608675K->4277683K(12533952K), 0.0270140 secs] [Times: user=0.32 sys=0.00, real=0.03 secs] 
: 440877K->48921K(440896K), 0.0225880 secs] 4669600K->4342777K(12533952K), 0.0227740 secs] [Times: user=0.32 sys=0.00, real=0.02 secs] 
: 440857K->48960K(440896K), 0.0211180 secs] 4734713K->4405048K(12533952K), 0.0213210 secs] [Times: user=0.30 sys=0.00, real=0.02 secs] 
: 440896K->48960K(440896K), 0.0189550 secs] 4796984K->4466244K(12533952K), 0.0191100 secs] [Times: user=0.28 sys=0.01, real=0.02 secs] 
: 440867K->48954K(440896K), 0.0213090 secs] 4858151K->4518248K(12533952K), 0.0215340 secs] [Times: user=0.32 sys=0.00, real=0.03 secs] 
: 440860K->48960K(440896K), 0.0241750 secs] 4910153K->4582814K(12533952K), 0.0243670 secs] [Times: user=0.31 sys=0.01, real=0.03 secs] 
: 440728K->48960K(440896K), 0.0218250 secs] 4974583K->4648822K(12533952K), 0.0220220 secs] [Times: user=0.28 sys=0.00, real=0.02 secs] 
: 440896K->48960K(440896K), 0.0192990 secs] 5040758K->4708079K(12533952K), 0.0194900 secs] [Times: user=0.28 sys=0.00, real=0.02 secs] 
: 440896K->48960K(440896K), 0.0236770 secs] 5100015K->4770159K(12533952K), 0.0238820 secs] [Times: user=0.33 sys=0.00, real=0.03 secs] 
: 440894K->48960K(440896K), 0.0226450 secs] 5162094K->4834582K(12533952K), 0.0227920 secs] [Times: user=0.29 sys=0.00, real=0.02 secs] 
: 440896K->48960K(440896K), 0.0190890 secs] 5226518K->4896614K(12533952K), 0.0192450 secs] [Times: user=0.28 sys=0.00, real=0.02 secs] 
: 440848K->48960K(440896K), 0.0220030 secs] 5288502K->4960154K(12533952K), 0.0222060 secs] [Times: user=0.31 sys=0.00, real=0.03 secs] 
: 440730K->48960K(440896K), 0.0218770 secs] 5351925K->5023774K(12533952K), 0.0220460 secs] [Times: user=0.27 sys=0.01, real=0.02 secs] 
: 440896K->48960K(440896K), 0.0272480 secs] 5415710K->5088504K(12533952K), 0.0274550 secs] [Times: user=0.30 sys=0.00, real=0.02 secs] 
: 440893K->48924K(440896K), 0.0315250 secs] 5480438K->5160506K(12533952K), 0.0317690 secs] [Times: user=0.34 sys=0.00, real=0.03 secs] 
: 440747K->48960K(440896K), 0.0230670 secs] 5552329K->5212358K(12533952K), 0.0233070 secs] [Times: user=0.34 sys=0.00, real=0.02 secs] 
: 440681K->48960K(440896K), 0.0227680 secs] 5604080K->5278043K(12533952K), 0.0229540 secs] [Times: user=0.32 sys=0.01, real=0.02 secs] 
: 440772K->48960K(440896K), 0.0232810 secs] 5669856K->5333873K(12533952K), 0.0235060 secs] [Times: user=0.36 sys=0.01, real=0.02 secs] 
: 440896K->48959K(440896K), 0.0230250 secs] 5725809K->5398411K(12533952K), 0.0232190 secs] [Times: user=0.30 sys=0.00, real=0.02 secs] 
: 440647K->48950K(440896K), 0.0202240 secs] 5790099K->5461631K(12533952K), 0.0204250 secs] [Times: user=0.26 sys=0.00, real=0.02 secs] 
: 440641K->48960K(440896K), 0.0206100 secs] 5853322K->5527860K(12533952K), 0.0208210 secs] [Times: user=0.30 sys=0.00, real=0.02 secs] 
: 440649K->48960K(440896K), 0.0191900 secs] 5919550K->5590155K(12533952K), 0.0194180 secs] [Times: user=0.25 sys=0.00, real=0.02 secs] 
: 440896K->48960K(440896K), 0.0222960 secs] 5982091K->5653512K(12533952K), 0.0225070 secs] [Times: user=0.31 sys=0.00, real=0.02 secs] 
: 440896K->48960K(440896K), 0.0238190 secs] 6045448K->5723468K(12533952K), 0.0240500 secs] [Times: user=0.34 sys=0.00, real=0.02 secs] 
: 440761K->48960K(440896K), 0.0217360 secs] 6115270K->5781226K(12533952K), 0.0219340 secs] [Times: user=0.34 sys=0.00, real=0.03 secs] 
: 440835K->48950K(440896K), 0.0215960 secs] 6173102K->5845670K(12533952K), 0.0218060 secs] [Times: user=0.29 sys=0.00, real=0.02 secs] 
: 440855K->48900K(440896K), 0.0238780 secs] 6237575K->5911469K(12533952K), 0.0240910 secs] [Times: user=0.27 sys=0.00, real=0.02 secs] 
: 440836K->48940K(440896K), 0.0260550 secs] 6303405K->5975621K(12533952K), 0.0262770 secs] [Times: user=0.34 sys=0.01, real=0.03 secs] 
: 440813K->48960K(440896K), 0.0284130 secs] 6367493K->6046120K(12533952K), 0.0286080 secs] [Times: user=0.26 sys=0.01, real=0.03 secs] 
: 440882K->48960K(440896K), 0.0175220 secs] 6438042K->6105032K(12533952K), 0.0176730 secs] [Times: user=0.23 sys=0.01, real=0.02 secs] 
: 440723K->48942K(440896K), 0.0187390 secs] 6496795K->6166291K(12533952K), 0.0189740 secs] [Times: user=0.26 sys=0.01, real=0.02 secs] 
: 440674K->48960K(440896K), 0.0259450 secs] 6558023K->6240892K(12533952K), 0.0261130 secs] [Times: user=0.35 sys=0.00, real=0.03 secs] 
: 440858K->48960K(440896K), 0.0235580 secs] 6632791K->6289514K(12533952K), 0.0237580 secs] [Times: user=0.34 sys=0.01, real=0.02 secs] 
: 440724K->48960K(440896K), 0.0214720 secs] 6681278K->6346708K(12533952K), 0.0216670 secs] [Times: user=0.32 sys=0.01, real=0.02 secs] 
: 440649K->48960K(440896K), 0.0222130 secs] 6738398K->6409649K(12533952K), 0.0224080 secs] [Times: user=0.31 sys=0.00, real=0.02 secs] 
: 440896K->48960K(440896K), 0.0223510 secs] 6801585K->6473122K(12533952K), 0.0227360 secs] [Times: user=0.29 sys=0.01, real=0.02 secs] 
: 440795K->48960K(440896K), 0.0223930 secs] 6864957K->6543602K(12533952K), 0.0225770 secs] [Times: user=0.29 sys=0.01, real=0.02 secs] 
: 440890K->48960K(440896K), 0.0220490 secs] 6935532K->6596021K(12533952K), 0.0222020 secs] [Times: user=0.33 sys=0.00, real=0.02 secs] 
: 440730K->48960K(440896K), 0.0246300 secs] 6987791K->6658164K(12533952K), 0.0248250 secs] [Times: user=0.34 sys=0.00, real=0.02 secs] 
: 440808K->48960K(440896K), 0.0218670 secs] 7050013K->6718633K(12533952K), 0.0220980 secs] [Times: user=0.31 sys=0.00, real=0.02 secs] 
: 440896K->48960K(440896K), 0.0217370 secs] 7110569K->6781459K(12533952K), 0.0219590 secs] [Times: user=0.26 sys=0.01, real=0.02 secs] 
: 440710K->48960K(440896K), 0.0224710 secs] 7173210K->6842530K(12533952K), 0.0226650 secs] [Times: user=0.32 sys=0.00, real=0.02 secs] 
: 440807K->48960K(440896K), 0.0223070 secs] 7234378K->6916777K(12533952K), 0.0225110 secs] [Times: user=0.28 sys=0.00, real=0.02 secs] 
: 440771K->48960K(440896K), 0.0188280 secs] 7308589K->6969209K(12533952K), 0.0190940 secs] [Times: user=0.28 sys=0.00, real=0.02 secs] 
: 440770K->48960K(440896K), 0.0243070 secs] 7361019K->7028634K(12533952K), 0.0245220 secs] [Times: user=0.37 sys=0.00, real=0.02 secs] 
: 440896K->48960K(440896K), 0.0214200 secs] 7420570K->7089243K(12533952K), 0.0215470 secs] [Times: user=0.35 sys=0.00, real=0.02 secs] 
: 440798K->48960K(440896K), 0.0266850 secs] 7481081K->7171540K(12533952K), 0.0269400 secs] [Times: user=0.30 sys=0.01, real=0.02 secs] 
: 440896K->48960K(440896K), 0.0245140 secs] 7563476K->7215574K(12533952K), 0.0247810 secs] [Times: user=0.38 sys=0.00, real=0.02 secs] 
: 440738K->48947K(440896K), 0.0231070 secs] 7607353K->7277953K(12533952K), 0.0233520 secs] [Times: user=0.26 sys=0.01, real=0.02 secs] 
: 440677K->48929K(440896K), 0.0204790 secs] 7669683K->7349154K(12533952K), 0.0207090 secs] [Times: user=0.23 sys=0.00, real=0.02 secs] 
: 440849K->48908K(440896K), 0.0201610 secs] 7741074K->7420339K(12533952K), 0.0203910 secs] [Times: user=0.22 sys=0.00, real=0.02 secs] 
: 440623K->48960K(440896K), 0.0199420 secs] 7812054K->7492281K(12533952K), 0.0201720 secs] [Times: user=0.24 sys=0.01, real=0.02 secs] 
: 440888K->48923K(440896K), 0.0213530 secs] 7884209K->7563449K(12533952K), 0.0215920 secs] [Times: user=0.26 sys=0.00, real=0.02 secs] 
: 440859K->48960K(440896K), 0.0215130 secs] 7955385K->7634795K(12533952K), 0.0217760 secs] [Times: user=0.23 sys=0.00, real=0.03 secs] 
: 440864K->48960K(440896K), 0.0213360 secs] 8026699K->7706154K(12533952K), 0.0215230 secs] [Times: user=0.27 sys=0.00, real=0.02 secs] 
: 440845K->48959K(440896K), 0.0192710 secs] 8098040K->7777592K(12533952K), 0.0194320 secs] [Times: user=0.24 sys=0.00, real=0.01 secs] 
: 440877K->48958K(440896K), 0.0212410 secs] 8169509K->7849003K(12533952K), 0.0214760 secs] [Times: user=0.25 sys=0.00, real=0.02 secs] 
: 440660K->48960K(440896K), 0.0208780 secs] 8240705K->7920483K(12533952K), 0.0211050 secs] [Times: user=0.24 sys=0.00, real=0.02 secs] 
: 440896K->48960K(440896K), 0.0201570 secs] 8312419K->7991905K(12533952K), 0.0203570 secs] [Times: user=0.26 sys=0.01, real=0.02 secs] 
: 440896K->48952K(440896K), 0.0191420 secs] 8383841K->8063389K(12533952K), 0.0193390 secs] [Times: user=0.25 sys=0.00, real=0.02 secs] 
: 440887K->48960K(440896K), 0.0194470 secs] 8455324K->8134631K(12533952K), 0.0196040 secs] [Times: user=0.22 sys=0.00, real=0.02 secs] 
: 440870K->48960K(440896K), 0.0185470 secs] 8526542K->8206212K(12533952K), 0.0187330 secs] [Times: user=0.24 sys=0.01, real=0.02 secs] 
: 440831K->48960K(440896K), 0.0204640 secs] 8598083K->8277183K(12533952K), 0.0206930 secs] [Times: user=0.24 sys=0.01, real=0.02 secs] 
: 440882K->48960K(440896K), 0.0218030 secs] 8669105K->8348872K(12533952K), 0.0219810 secs] [Times: user=0.25 sys=0.00, real=0.02 secs] 
: 440896K->48938K(440896K), 0.0200710 secs] 8740808K->8420347K(12533952K), 0.0202410 secs] [Times: user=0.23 sys=0.01, real=0.02 secs] 
: 440651K->48960K(440896K), 0.0196410 secs] 8812060K->8491473K(12533952K), 0.0198560 secs] [Times: user=0.22 sys=0.00, real=0.02 secs] 
: 440843K->48960K(440896K), 0.0205670 secs] 8883356K->8562966K(12533952K), 0.0207440 secs] [Times: user=0.24 sys=0.01, real=0.02 secs] 
2015-04-01T12:00:42.175-0700: 13211442.247: [GC [1 CMS-initial-mark: 8514006K(12093056K)] 8563316K(12533952K), 0.0040430 secs] [Times: user=0.01 sys=0.00, real=0.01 secs] 
2015-04-01T12:00:42.502-0700: 13211442.575: [CMS-concurrent-mark: 0.323/0.323 secs] [Times: user=2.09 sys=0.10, real=0.32 secs] 
2015-04-01T12:00:42.542-0700: 13211442.614: [CMS-concurrent-preclean: 0.039/0.039 secs] [Times: user=0.06 sys=0.01, real=0.04 secs] 
2015-04-01T12:00:43.276-0700: 13211443.348: [GC 13211443.348: [ParNew2015-04-01T12:00:43.291-0700: 13211443.364: [CMS-concurrent-abortable-preclean: 0.548/0.749 secs] [Times: user=1.13 sys=0.30, real=0.75 secs] 
: 440726K->48960K(440896K), 0.0203290 secs] 8954733K->8633492K(12533952K), 0.0205760 secs] [Times: user=0.24 sys=0.01, real=0.02 secs] 
2015-04-01T12:00:43.298-0700: 13211443.370: [GC[YG occupancy: 49557 K (440896 K)]13211443.370: [Rescan (parallel) , 0.0240510 secs]13211443.395: [weak refs processing, 0.0057290 secs] [1 CMS-remark: 8584532K(12093056K)] 8634090K(12533952K), 0.0300880 secs] [Times: user=0.49 sys=0.00, real=0.04 secs] 
2015-04-01T12:00:44.228-0700: 13211444.300: [CMS-concurrent-sweep: 0.899/0.899 secs] [Times: user=1.14 sys=0.11, real=0.89 secs] 
2015-04-01T12:00:44.258-0700: 13211444.330: [CMS-concurrent-reset: 0.030/0.030 secs] [Times: user=0.03 sys=0.00, real=0.03 secs] 
: 440735K->48960K(440896K), 0.0167200 secs] 4234554K->3914279K(12533952K), 0.0169380 secs] [Times: user=0.24 sys=0.00, real=0.01 secs] 
: 440853K->48958K(440896K), 0.0165260 secs] 4306173K->3985005K(12533952K), 0.0166760 secs] [Times: user=0.23 sys=0.01, real=0.02 secs] 
: 440882K->48960K(440896K), 0.0153210 secs] 4376929K->4055473K(12533952K), 0.0155490 secs] [Times: user=0.22 sys=0.01, real=0.02 secs] 
: 440790K->48960K(440896K), 0.0195060 secs] 4447303K->4126009K(12533952K), 0.0197950 secs] [Times: user=0.25 sys=0.00, real=0.02 secs] 
: 440700K->48960K(440896K), 0.0169380 secs] 4517749K->4197487K(12533952K), 0.0171200 secs] [Times: user=0.22 sys=0.00, real=0.01 secs] 
: 440729K->48960K(440896K), 0.0188080 secs] 4589256K->4268626K(12533952K), 0.0190530 secs] [Times: user=0.21 sys=0.01, real=0.02 secs] 
: 440875K->48960K(440896K), 0.0210370 secs] 4660542K->4339859K(12533952K), 0.0212490 secs] [Times: user=0.22 sys=0.00, real=0.02 secs] 
: 440640K->48960K(440896K), 0.0261300 secs] 4731539K->4411091K(12533952K), 0.0263420 secs] [Times: user=0.30 sys=0.00, real=0.03 secs] 
: 440896K->48947K(440896K), 0.0258160 secs] 4803027K->4482381K(12533952K), 0.0260070 secs] [Times: user=0.22 sys=0.00, real=0.02 secs] 
: 440846K->48933K(440896K), 0.0193430 secs] 4874281K->4552520K(12533952K), 0.0195980 secs] [Times: user=0.22 sys=0.00, real=0.02 secs] 
: 440640K->48960K(440896K), 0.0211430 secs] 4944228K->4627453K(12533952K), 0.0213330 secs] [Times: user=0.25 sys=0.00, real=0.03 secs] 
: 440896K->48910K(440896K), 0.0220740 secs] 5019389K->4695441K(12533952K), 0.0223060 secs] [Times: user=0.30 sys=0.00, real=0.02 secs] 
: 440745K->48960K(440896K), 0.0237300 secs] 5087276K->4766085K(12533952K), 0.0239590 secs] [Times: user=0.32 sys=0.01, real=0.02 secs] 
: 440767K->48960K(440896K), 0.0168980 secs] 5157892K->4833954K(12533952K), 0.0171490 secs] [Times: user=0.23 sys=0.00, real=0.02 secs] 
: 440892K->48960K(440896K), 0.0242730 secs] 5225887K->4904310K(12533952K), 0.0244980 secs] [Times: user=0.32 sys=0.00, real=0.02 secs] 
: 440873K->48960K(440896K), 0.0192360 secs] 5296223K->4975352K(12533952K), 0.0194130 secs] [Times: user=0.23 sys=0.00, real=0.02 secs] 
: 440837K->48960K(440896K), 0.0225930 secs] 5367229K->5037857K(12533952K), 0.0227830 secs] [Times: user=0.31 sys=0.00, real=0.02 secs] 
: 440696K->48960K(440896K), 0.0230030 secs] 5429594K->5101728K(12533952K), 0.0232620 secs] [Times: user=0.36 sys=0.00, real=0.02 secs] 
: 440690K->48960K(440896K), 0.0206630 secs] 5493459K->5160667K(12533952K), 0.0208930 secs] [Times: user=0.27 sys=0.00, real=0.02 secs] 
: 439674K->21139K(440896K), 0.0185210 secs] 5551381K->5180524K(12533952K), 0.0187490 secs] [Times: user=0.21 sys=0.01, real=0.02 secs] 
: 413054K->42118K(440896K), 0.0132720 secs] 5572439K->5201503K(12533952K), 0.0135420 secs] [Times: user=0.24 sys=0.00, real=0.01 secs] 
: 432571K->24580K(440896K), 0.0123490 secs] 5591955K->5201433K(12533952K), 0.0125700 secs] [Times: user=0.20 sys=0.01, real=0.01 secs] 
: 416336K->48960K(440896K), 0.0130380 secs] 5593189K->5233212K(12533952K), 0.0133050 secs] [Times: user=0.21 sys=0.00, real=0.01 secs] 
: 440709K->4112K(440896K), 0.0213380 secs] 5624962K->5233793K(12533952K), 0.0215580 secs] [Times: user=0.25 sys=0.00, real=0.03 secs] 
: 395105K->48917K(440896K), 0.0160050 secs] 5624786K->5295148K(12533952K), 0.0162030 secs] [Times: user=0.25 sys=0.01, real=0.02 secs] 
: 440834K->48960K(440896K), 0.0290700 secs] 5687066K->5362207K(12533952K), 0.0293390 secs] [Times: user=0.30 sys=0.01, real=0.03 secs] 
: 440521K->23757K(440896K), 0.0206540 secs] 5753768K->5382925K(12533952K), 0.0208270 secs] [Times: user=0.22 sys=0.00, real=0.02 secs] 
: 415500K->43678K(440896K), 0.0115080 secs] 5774669K->5402847K(12533952K), 0.0117430 secs] [Times: user=0.21 sys=0.00, real=0.01 secs] 
: 435261K->39813K(440896K), 0.0145800 secs] 5794430K->5419219K(12533952K), 0.0148160 secs] [Times: user=0.25 sys=0.01, real=0.02 secs] 
: 430030K->37990K(440896K), 0.0146450 secs] 5809437K->5440095K(12533952K), 0.0148990 secs] [Times: user=0.25 sys=0.00, real=0.02 secs] 
: 429678K->24517K(440896K), 0.0107630 secs] 5831784K->5439719K(12533952K), 0.0110350 secs] [Times: user=0.19 sys=0.00, real=0.01 secs] 
: 416453K->48960K(440896K), 0.0151610 secs] 5831655K->5480223K(12533952K), 0.0154950 secs] [Times: user=0.24 sys=0.00, real=0.01 secs] 
: 440896K->48960K(440896K), 0.0251970 secs] 5872159K->5545661K(12533952K), 0.0253890 secs] [Times: user=0.32 sys=0.00, real=0.03 secs] 
: 440649K->48942K(440896K), 0.0207830 secs] 5937351K->5609192K(12533952K), 0.0210030 secs] [Times: user=0.26 sys=0.00, real=0.02 secs] 
: 440878K->48959K(440896K), 0.0246270 secs] 6001128K->5677063K(12533952K), 0.0248860 secs] [Times: user=0.32 sys=0.01, real=0.02 secs] 
: 439366K->8628K(440896K), 0.0172460 secs] 6067469K->5682966K(12533952K), 0.0174760 secs] [Times: user=0.25 sys=0.00, real=0.02 secs] 
: 400514K->38213K(440896K), 0.0140350 secs] 6074851K->5712551K(12533952K), 0.0142720 secs] [Times: user=0.26 sys=0.00, real=0.02 secs] 
: 430104K->48912K(440896K), 0.0232400 secs] 6104442K->5774771K(12533952K), 0.0234720 secs] [Times: user=0.32 sys=0.00, real=0.02 secs] 
: 440732K->48960K(440896K), 0.0218400 secs] 6166591K->5838257K(12533952K), 0.0220400 secs] [Times: user=0.30 sys=0.00, real=0.02 secs] 
: 440708K->48960K(440896K), 0.0214670 secs] 6230006K->5902323K(12533952K), 0.0216930 secs] [Times: user=0.32 sys=0.01, real=0.02 secs] 
: 440881K->48923K(440896K), 0.0216870 secs] 6294244K->5961476K(12533952K), 0.0219180 secs] [Times: user=0.34 sys=0.00, real=0.02 secs] 
: 440838K->48960K(440896K), 0.0205780 secs] 6353391K->6028691K(12533952K), 0.0207770 secs] [Times: user=0.28 sys=0.01, real=0.02 secs] 
: 440896K->48960K(440896K), 0.0265480 secs] 6420627K->6096963K(12533952K), 0.0267740 secs] [Times: user=0.35 sys=0.00, real=0.02 secs] 
: 440801K->48960K(440896K), 0.0251420 secs] 6488804K->6164823K(12533952K), 0.0253750 secs] [Times: user=0.33 sys=0.01, real=0.03 secs] 
: 440815K->48960K(440896K), 0.0250020 secs] 6556679K->6231935K(12533952K), 0.0252680 secs] [Times: user=0.30 sys=0.00, real=0.02 secs] 
: 440723K->48960K(440896K), 0.0240340 secs] 6623698K->6290613K(12533952K), 0.0242710 secs] [Times: user=0.32 sys=0.00, real=0.03 secs] 
: 440745K->48909K(440896K), 0.0220490 secs] 6682398K->6348779K(12533952K), 0.0222730 secs] [Times: user=0.33 sys=0.00, real=0.02 secs] 
: 440610K->48960K(440896K), 0.0216930 secs] 6740480K->6407246K(12533952K), 0.0219210 secs] [Times: user=0.33 sys=0.00, real=0.02 secs] 
: 440854K->48960K(440896K), 0.0206990 secs] 6799140K->6466202K(12533952K), 0.0209140 secs] [Times: user=0.29 sys=0.00, real=0.03 secs] 
: 440799K->48954K(440896K), 0.0235630 secs] 6858042K->6532672K(12533952K), 0.0237690 secs] [Times: user=0.29 sys=0.01, real=0.03 secs] 
: 440890K->48912K(440896K), 0.0190740 secs] 6924608K->6595991K(12533952K), 0.0194300 secs] [Times: user=0.25 sys=0.00, real=0.02 secs] 
: 440610K->48960K(440896K), 0.0209570 secs] 6987688K->6657203K(12533952K), 0.0213440 secs] [Times: user=0.33 sys=0.00, real=0.03 secs] 
: 440896K->48960K(440896K), 0.0205230 secs] 7049139K->6721413K(12533952K), 0.0207470 secs] [Times: user=0.28 sys=0.00, real=0.02 secs] 
: 440676K->48960K(440896K), 0.0272120 secs] 7113129K->6801155K(12533952K), 0.0273870 secs] [Times: user=0.37 sys=0.00, real=0.03 secs] 
: 440896K->48960K(440896K), 0.0251930 secs] 7193091K->6860046K(12533952K), 0.0253910 secs] [Times: user=0.30 sys=0.01, real=0.03 secs] 
: 440896K->48960K(440896K), 0.0196020 secs] 7251982K->6906825K(12533952K), 0.0197800 secs] [Times: user=0.32 sys=0.00, real=0.02 secs] 
: 440740K->48960K(440896K), 0.0243550 secs] 7298606K->6966330K(12533952K), 0.0245630 secs] [Times: user=0.33 sys=0.00, real=0.02 secs] 
: 440896K->48960K(440896K), 0.0257740 secs] 7358266K->7026318K(12533952K), 0.0262220 secs] [Times: user=0.33 sys=0.00, real=0.03 secs] 
: 440777K->48960K(440896K), 0.0217450 secs] 7418136K->7088216K(12533952K), 0.0219570 secs] [Times: user=0.28 sys=0.00, real=0.02 secs] 
: 440782K->48960K(440896K), 0.0241440 secs] 7480039K->7155158K(12533952K), 0.0242930 secs] [Times: user=0.33 sys=0.00, real=0.03 secs] 
: 440896K->48960K(440896K), 0.0222790 secs] 7547094K->7223834K(12533952K), 0.0224530 secs] [Times: user=0.32 sys=0.00, real=0.03 secs] 
: 440856K->48960K(440896K), 0.0218140 secs] 7615730K->7278892K(12533952K), 0.0219310 secs] [Times: user=0.35 sys=0.00, real=0.03 secs] 
: 440836K->48960K(440896K), 0.0204420 secs] 7670769K->7341390K(12533952K), 0.0206550 secs] [Times: user=0.30 sys=0.00, real=0.02 secs] 
: 440805K->48960K(440896K), 0.0275160 secs] 7733236K->7414562K(12533952K), 0.0277170 secs] [Times: user=0.36 sys=0.00, real=0.02 secs] 
: 440896K->48960K(440896K), 0.0203950 secs] 7806498K->7473461K(12533952K), 0.0205980 secs] [Times: user=0.30 sys=0.01, real=0.02 secs] 
: 440896K->48960K(440896K), 0.0240080 secs] 7865397K->7539260K(12533952K), 0.0242200 secs] [Times: user=0.34 sys=0.00, real=0.03 secs] 
: 440703K->48960K(440896K), 0.0194700 secs] 7931004K->7588994K(12533952K), 0.0199060 secs] [Times: user=0.30 sys=0.00, real=0.02 secs] 
: 440896K->48960K(440896K), 0.0257770 secs] 7980930K->7652357K(12533952K), 0.0259660 secs] [Times: user=0.36 sys=0.00, real=0.03 secs] 
: 440683K->48960K(440896K), 0.0227230 secs] 8044081K->7710004K(12533952K), 0.0229320 secs] [Times: user=0.35 sys=0.00, real=0.03 secs] 
: 440896K->48944K(440896K), 0.0213030 secs] 8101940K->7774299K(12533952K), 0.0215520 secs] [Times: user=0.27 sys=0.00, real=0.02 secs] 
: 440853K->48960K(440896K), 0.0206720 secs] 8166208K->7839060K(12533952K), 0.0209320 secs] [Times: user=0.27 sys=0.00, real=0.02 secs] 
: 440896K->41844K(440896K), 0.0172790 secs] 8230996K->7879173K(12533952K), 0.0175040 secs] [Times: user=0.30 sys=0.00, real=0.02 secs] 
: 433578K->48960K(440896K), 0.0254240 secs] 8270907K->7944261K(12533952K), 0.0256420 secs] [Times: user=0.34 sys=0.01, real=0.03 secs] 
: 440856K->48960K(440896K), 0.0242850 secs] 8336157K->8019604K(12533952K), 0.0245700 secs] [Times: user=0.32 sys=0.00, real=0.02 secs] 
: 440676K->48960K(440896K), 0.0212810 secs] 8411321K->8069996K(12533952K), 0.0215040 secs] [Times: user=0.27 sys=0.00, real=0.02 secs] 
: 440896K->48960K(440896K), 0.0229860 secs] 8461932K->8130740K(12533952K), 0.0232050 secs] [Times: user=0.37 sys=0.01, real=0.02 secs] 
: 440783K->48960K(440896K), 0.0208110 secs] 8522564K->8194122K(12533952K), 0.0210360 secs] [Times: user=0.29 sys=0.00, real=0.02 secs] 
: 440746K->48907K(440896K), 0.0236130 secs] 8585908K->8260167K(12533952K), 0.0238340 secs] [Times: user=0.33 sys=0.00, real=0.03 secs] 
: 440834K->48958K(440896K), 0.0231790 secs] 8652094K->8325885K(12533952K), 0.0234080 secs] [Times: user=0.34 sys=0.00, real=0.02 secs] 
: 440792K->48959K(440896K), 0.0197060 secs] 8717719K->8387711K(12533952K), 0.0198740 secs] [Times: user=0.32 sys=0.01, real=0.02 secs] 
: 440642K->48960K(440896K), 0.0243840 secs] 8779394K->8451413K(12533952K), 0.0246110 secs] [Times: user=0.32 sys=0.01, real=0.03 secs] 
: 440748K->48960K(440896K), 0.0246080 secs] 8843202K->8515361K(12533952K), 0.0248210 secs] [Times: user=0.34 sys=0.00, real=0.02 secs] 
2015-04-01T12:18:53.094-0700: 13212533.166: [GC [1 CMS-initial-mark: 8466401K(12093056K)] 8515761K(12533952K), 0.0054040 secs] [Times: user=0.00 sys=0.00, real=0.00 secs] 
2015-04-01T12:18:53.424-0700: 13212533.497: [CMS-concurrent-mark: 0.325/0.325 secs] [Times: user=1.98 sys=0.00, real=0.33 secs] 
2015-04-01T12:18:53.462-0700: 13212533.534: [CMS-concurrent-preclean: 0.037/0.037 secs] [Times: user=0.04 sys=0.00, real=0.03 secs] 
 CMS: abort preclean due to time 2015-04-01T12:18:58.564-0700: 13212538.636: [CMS-concurrent-abortable-preclean: 2.412/5.102 secs] [Times: user=2.68 sys=0.08, real=5.10 secs] 
2015-04-01T12:18:58.565-0700: 13212538.637: [GC[YG occupancy: 127699 K (440896 K)]13212538.637: [Rescan (parallel) , 0.0068190 secs]13212538.644: [weak refs processing, 0.0070380 secs] [1 CMS-remark: 8466401K(12093056K)] 8594100K(12533952K), 0.0141500 secs] [Times: user=0.10 sys=0.00, real=0.01 secs] 
2015-04-01T12:18:59.310-0700: 13212539.382: [CMS-concurrent-sweep: 0.730/0.730 secs] [Times: user=0.81 sys=0.01, real=0.73 secs] 
2015-04-01T12:18:59.337-0700: 13212539.410: [CMS-concurrent-reset: 0.027/0.027 secs] [Times: user=0.03 sys=0.00, real=0.03 secs] 
: 440896K->48960K(440896K), 0.0190160 secs] 4034391K->3705971K(12533952K), 0.0192400 secs] [Times: user=0.31 sys=0.00, real=0.02 secs] 
: 440856K->48915K(440896K), 0.0169140 secs] 4097867K->3769667K(12533952K), 0.0171470 secs] [Times: user=0.26 sys=0.00, real=0.02 secs] 
: 440705K->48960K(440896K), 0.0219980 secs] 4161457K->3831660K(12533952K), 0.0222180 secs] [Times: user=0.36 sys=0.00, real=0.02 secs] 
: 440880K->48960K(440896K), 0.0218820 secs] 4223580K->3898678K(12533952K), 0.0220550 secs] [Times: user=0.34 sys=0.01, real=0.02 secs] 
: 440805K->48960K(440896K), 0.0157940 secs] 4290524K->3960633K(12533952K), 0.0159640 secs] [Times: user=0.22 sys=0.01, real=0.01 secs] 
: 440832K->48903K(440896K), 0.0186610 secs] 4352505K->4023523K(12533952K), 0.0189050 secs] [Times: user=0.25 sys=0.00, real=0.02 secs] 
: 440800K->48960K(440896K), 0.0211520 secs] 4415420K->4093965K(12533952K), 0.0213700 secs] [Times: user=0.26 sys=0.00, real=0.02 secs] 
: 440875K->48960K(440896K), 0.0202410 secs] 4485880K->4151063K(12533952K), 0.0204660 secs] [Times: user=0.25 sys=0.00, real=0.02 secs] 
: 440668K->48960K(440896K), 0.0209800 secs] 4542772K->4210126K(12533952K), 0.0212200 secs] [Times: user=0.28 sys=0.00, real=0.02 secs] 
: 440886K->48913K(440896K), 0.0266940 secs] 4602053K->4272295K(12533952K), 0.0268870 secs] [Times: user=0.32 sys=0.00, real=0.03 secs] 
: 440752K->48960K(440896K), 0.0350020 secs] 4664135K->4339839K(12533952K), 0.0352280 secs] [Times: user=0.35 sys=0.02, real=0.03 secs] 
: 440738K->48960K(440896K), 0.0193010 secs] 4731617K->4398137K(12533952K), 0.0194800 secs] [Times: user=0.30 sys=0.01, real=0.01 secs] 
: 440859K->48960K(440896K), 0.0249760 secs] 4790036K->4459047K(12533952K), 0.0251990 secs] [Times: user=0.30 sys=0.00, real=0.02 secs] 
: 440843K->48960K(440896K), 0.0225650 secs] 4850930K->4519568K(12533952K), 0.0227910 secs] [Times: user=0.31 sys=0.00, real=0.03 secs] 
: 440883K->48960K(440896K), 0.0237320 secs] 4911491K->4584303K(12533952K), 0.0239610 secs] [Times: user=0.33 sys=0.00, real=0.02 secs] 
: 440892K->48960K(440896K), 0.0238980 secs] 4976236K->4642639K(12533952K), 0.0241220 secs] [Times: user=0.34 sys=0.00, real=0.02 secs] 
: 440896K->48960K(440896K), 0.0239770 secs] 5034575K->4713904K(12533952K), 0.0242100 secs] [Times: user=0.29 sys=0.01, real=0.02 secs] 
: 440859K->48960K(440896K), 0.0226050 secs] 5105803K->4770449K(12533952K), 0.0228260 secs] [Times: user=0.33 sys=0.00, real=0.02 secs] 
: 440889K->48960K(440896K), 0.0222250 secs] 5162379K->4832005K(12533952K), 0.0224750 secs] [Times: user=0.26 sys=0.01, real=0.02 secs] 
: 440872K->48960K(440896K), 0.0207130 secs] 5223918K->4901908K(12533952K), 0.0208910 secs] [Times: user=0.29 sys=0.01, real=0.02 secs] 
: 440650K->48960K(440896K), 0.0226110 secs] 5293599K->4958287K(12533952K), 0.0227870 secs] [Times: user=0.36 sys=0.00, real=0.02 secs] 
: 440663K->48960K(440896K), 0.0244050 secs] 5349991K->5024637K(12533952K), 0.0246050 secs] [Times: user=0.30 sys=0.00, real=0.03 secs] 
: 440896K->48960K(440896K), 0.0256130 secs] 5416573K->5081839K(12533952K), 0.0258010 secs] [Times: user=0.33 sys=0.00, real=0.02 secs] 
: 440866K->48960K(440896K), 0.0237180 secs] 5473745K->5139910K(12533952K), 0.0239430 secs] [Times: user=0.37 sys=0.00, real=0.02 secs] 
: 440896K->48960K(440896K), 0.0222340 secs] 5531846K->5206420K(12533952K), 0.0224600 secs] [Times: user=0.29 sys=0.00, real=0.02 secs] 
: 440853K->48960K(440896K), 0.0252040 secs] 5598314K->5266729K(12533952K), 0.0254720 secs] [Times: user=0.32 sys=0.00, real=0.02 secs] 
: 440704K->48960K(440896K), 0.0246690 secs] 5658474K->5327600K(12533952K), 0.0248890 secs] [Times: user=0.29 sys=0.00, real=0.03 secs] 
: 440896K->48960K(440896K), 0.0208280 secs] 5719536K->5394403K(12533952K), 0.0210060 secs] [Times: user=0.34 sys=0.00, real=0.02 secs] 
: 440896K->48960K(440896K), 0.0232600 secs] 5786339K->5455193K(12533952K), 0.0234820 secs] [Times: user=0.36 sys=0.00, real=0.02 secs] 
: 440864K->48960K(440896K), 0.0182390 secs] 5847097K->5520609K(12533952K), 0.0184620 secs] [Times: user=0.22 sys=0.00, real=0.02 secs] 
: 440723K->48960K(440896K), 0.0248930 secs] 5912373K->5582464K(12533952K), 0.0250680 secs] [Times: user=0.32 sys=0.00, real=0.03 secs] 
: 440896K->48960K(440896K), 0.0205290 secs] 5974400K->5648206K(12533952K), 0.0207300 secs] [Times: user=0.30 sys=0.00, real=0.02 secs] 
: 440896K->48960K(440896K), 0.0183040 secs] 6040142K->5713357K(12533952K), 0.0185290 secs] [Times: user=0.25 sys=0.00, real=0.02 secs] 
: 440662K->48960K(440896K), 0.0225210 secs] 6105060K->5779083K(12533952K), 0.0227610 secs] [Times: user=0.34 sys=0.01, real=0.02 secs] 
: 440896K->48960K(440896K), 0.0237220 secs] 6171019K->5839010K(12533952K), 0.0239370 secs] [Times: user=0.32 sys=0.00, real=0.02 secs] 
: 440714K->48960K(440896K), 0.0252950 secs] 6230764K->5898344K(12533952K), 0.0255210 secs] [Times: user=0.31 sys=0.00, real=0.02 secs] 
: 440854K->48960K(440896K), 0.0341910 secs] 6290238K->5967448K(12533952K), 0.0343990 secs] [Times: user=0.34 sys=0.00, real=0.04 secs] 
: 440779K->48960K(440896K), 0.0250850 secs] 6359268K->6027969K(12533952K), 0.0252830 secs] [Times: user=0.32 sys=0.00, real=0.03 secs] 
: 440896K->48960K(440896K), 0.0200050 secs] 6419905K->6087652K(12533952K), 0.0201710 secs] [Times: user=0.30 sys=0.00, real=0.02 secs] 
: 440896K->48960K(440896K), 0.0242600 secs] 6479588K->6155649K(12533952K), 0.0244650 secs] [Times: user=0.34 sys=0.01, real=0.03 secs] 
: 440896K->48960K(440896K), 0.0209450 secs] 6547585K->6209027K(12533952K), 0.0211020 secs] [Times: user=0.29 sys=0.00, real=0.02 secs] 
: 440881K->48960K(440896K), 0.0243770 secs] 6600949K->6262047K(12533952K), 0.0245890 secs] [Times: user=0.35 sys=0.00, real=0.03 secs] 
: 440896K->48960K(440896K), 0.0217450 secs] 6653983K->6319990K(12533952K), 0.0219560 secs] [Times: user=0.30 sys=0.00, real=0.03 secs] 
: 440896K->48960K(440896K), 0.0211950 secs] 6711926K->6378740K(12533952K), 0.0213450 secs] [Times: user=0.29 sys=0.00, real=0.03 secs] 
: 440842K->48960K(440896K), 0.0236120 secs] 6770622K->6445163K(12533952K), 0.0238150 secs] [Times: user=0.37 sys=0.00, real=0.03 secs] 
: 440870K->48960K(440896K), 0.0191550 secs] 6837074K->6506645K(12533952K), 0.0192960 secs] [Times: user=0.29 sys=0.00, real=0.02 secs] 
: 438958K->48960K(440896K), 0.0224330 secs] 6896644K->6570868K(12533952K), 0.0225870 secs] [Times: user=0.35 sys=0.00, real=0.03 secs] 
: 440743K->48960K(440896K), 0.0228010 secs] 6962652K->6625473K(12533952K), 0.0229600 secs] [Times: user=0.29 sys=0.00, real=0.03 secs] 
: 440896K->48960K(440896K), 0.0255430 secs] 7017409K->6689804K(12533952K), 0.0257360 secs] [Times: user=0.33 sys=0.00, real=0.03 secs] 
: 440896K->48960K(440896K), 0.0215200 secs] 7081740K->6753255K(12533952K), 0.0217230 secs] [Times: user=0.27 sys=0.00, real=0.02 secs] 
: 440868K->48960K(440896K), 0.0257400 secs] 7145163K->6813178K(12533952K), 0.0259670 secs] [Times: user=0.35 sys=0.00, real=0.03 secs] 
: 440757K->48960K(440896K), 0.0233790 secs] 7204975K->6876204K(12533952K), 0.0236460 secs] [Times: user=0.33 sys=0.00, real=0.03 secs] 
: 440711K->48960K(440896K), 0.0232300 secs] 7267956K->6939577K(12533952K), 0.0234580 secs] [Times: user=0.35 sys=0.01, real=0.02 secs] 
: 440896K->48960K(440896K), 0.0237100 secs] 7331513K->6998895K(12533952K), 0.0240220 secs] [Times: user=0.34 sys=0.01, real=0.02 secs] 
: 440896K->48960K(440896K), 0.0243960 secs] 7390831K->7068667K(12533952K), 0.0246190 secs] [Times: user=0.31 sys=0.00, real=0.03 secs] 
: 440865K->48960K(440896K), 0.0233150 secs] 7460572K->7124446K(12533952K), 0.0235450 secs] [Times: user=0.32 sys=0.00, real=0.03 secs] 
: 440896K->48960K(440896K), 0.0218940 secs] 7516382K->7189471K(12533952K), 0.0221520 secs] [Times: user=0.31 sys=0.01, real=0.03 secs] 
: 440741K->48960K(440896K), 0.0233500 secs] 7581252K->7247948K(12533952K), 0.0235960 secs] [Times: user=0.33 sys=0.01, real=0.03 secs] 
: 440860K->48960K(440896K), 0.0202430 secs] 7639849K->7313206K(12533952K), 0.0204820 secs] [Times: user=0.30 sys=0.01, real=0.02 secs] 
: 440571K->48960K(440896K), 0.0236020 secs] 7704818K->7373337K(12533952K), 0.0238420 secs] [Times: user=0.36 sys=0.00, real=0.02 secs] 
: 440819K->48960K(440896K), 0.0242690 secs] 7765196K->7432570K(12533952K), 0.0244860 secs] [Times: user=0.31 sys=0.00, real=0.03 secs] 
: 440748K->48960K(440896K), 0.0189710 secs] 7824359K->7499986K(12533952K), 0.0191410 secs] [Times: user=0.24 sys=0.00, real=0.02 secs] 
: 440860K->48960K(440896K), 0.0227280 secs] 7891887K->7566106K(12533952K), 0.0228970 secs] [Times: user=0.26 sys=0.00, real=0.02 secs] 
: 440787K->48960K(440896K), 0.0231170 secs] 7957934K->7631751K(12533952K), 0.0233650 secs] [Times: user=0.33 sys=0.01, real=0.03 secs] 
: 440727K->48960K(440896K), 0.0221710 secs] 8023518K->7690464K(12533952K), 0.0223970 secs] [Times: user=0.30 sys=0.01, real=0.03 secs] 
: 440843K->48960K(440896K), 0.0212080 secs] 8082348K->7751643K(12533952K), 0.0213970 secs] [Times: user=0.31 sys=0.00, real=0.02 secs] 
: 440776K->48960K(440896K), 0.0232290 secs] 8143459K->7816047K(12533952K), 0.0234460 secs] [Times: user=0.30 sys=0.00, real=0.02 secs] 
: 440654K->48960K(440896K), 0.0245520 secs] 8207742K->7874378K(12533952K), 0.0247810 secs] [Times: user=0.34 sys=0.00, real=0.03 secs] 
: 440896K->48960K(440896K), 0.0231820 secs] 8266314K->7939209K(12533952K), 0.0233970 secs] [Times: user=0.30 sys=0.00, real=0.02 secs] 
: 440814K->48960K(440896K), 0.0240370 secs] 8331063K->8003030K(12533952K), 0.0242730 secs] [Times: user=0.31 sys=0.01, real=0.03 secs] 
: 440723K->48960K(440896K), 0.0248040 secs] 8394793K->8066064K(12533952K), 0.0250380 secs] [Times: user=0.36 sys=0.01, real=0.02 secs] 
: 440789K->48960K(440896K), 0.0225630 secs] 8457893K->8130060K(12533952K), 0.0228010 secs] [Times: user=0.30 sys=0.01, real=0.02 secs] 
: 440896K->48960K(440896K), 0.0236640 secs] 8521996K->8192255K(12533952K), 0.0238720 secs] [Times: user=0.26 sys=0.00, real=0.03 secs] 
: 440715K->48960K(440896K), 0.0228810 secs] 8584011K->8259157K(12533952K), 0.0231400 secs] [Times: user=0.29 sys=0.01, real=0.02 secs] 
: 440896K->48960K(440896K), 0.0243640 secs] 8651093K->8314009K(12533952K), 0.0245840 secs] [Times: user=0.33 sys=0.00, real=0.03 secs] 
: 440896K->48960K(440896K), 0.0242650 secs] 8705945K->8382082K(12533952K), 0.0244860 secs] [Times: user=0.33 sys=0.00, real=0.03 secs] 
: 440705K->48960K(440896K), 0.0217990 secs] 8773828K->8452436K(12533952K), 0.0220150 secs] [Times: user=0.34 sys=0.00, real=0.02 secs] 
: 440888K->48960K(440896K), 0.0211100 secs] 8844365K->8503007K(12533952K), 0.0213780 secs] [Times: user=0.34 sys=0.00, real=0.02 secs] 
: 440679K->48960K(440896K), 0.0237480 secs] 8894726K->8572158K(12533952K), 0.0239640 secs] [Times: user=0.35 sys=0.00, real=0.02 secs] 
2015-04-01T12:41:56.944-0700: 13213917.016: [GC [1 CMS-initial-mark: 8523198K(12093056K)] 8572555K(12533952K), 0.0046980 secs] [Times: user=0.01 sys=0.00, real=0.01 secs] 
2015-04-01T12:41:57.300-0700: 13213917.373: [CMS-concurrent-mark: 0.352/0.352 secs] [Times: user=2.14 sys=0.00, real=0.35 secs] 
2015-04-01T12:41:57.335-0700: 13213917.408: [CMS-concurrent-preclean: 0.035/0.035 secs] [Times: user=0.03 sys=0.00, real=0.04 secs] 
 CMS: abort preclean due to time 2015-04-01T12:42:02.486-0700: 13213922.558: [CMS-concurrent-abortable-preclean: 2.546/5.151 secs] [Times: user=2.87 sys=0.07, real=5.15 secs] 
2015-04-01T12:42:02.487-0700: 13213922.559: [GC[YG occupancy: 130283 K (440896 K)]13213922.560: [Rescan (parallel) , 0.0060850 secs]13213922.566: [weak refs processing, 0.0098320 secs] [1 CMS-remark: 8523198K(12093056K)] 8653482K(12533952K), 0.0164540 secs] [Times: user=0.09 sys=0.00, real=0.01 secs] 
2015-04-01T12:42:03.331-0700: 13213923.404: [CMS-concurrent-sweep: 0.828/0.828 secs] [Times: user=0.90 sys=0.01, real=0.83 secs] 
2015-04-01T12:42:03.359-0700: 13213923.431: [CMS-concurrent-reset: 0.027/0.027 secs] [Times: user=0.03 sys=0.00, real=0.03 secs] 
: 440896K->48960K(440896K), 0.0232560 secs] 4138539K->3803033K(12533952K), 0.0234810 secs] [Times: user=0.34 sys=0.00, real=0.02 secs] 
: 440697K->48960K(440896K), 0.0202030 secs] 4194770K->3870058K(12533952K), 0.0203750 secs] [Times: user=0.32 sys=0.01, real=0.02 secs] 
: 440724K->48960K(440896K), 0.0200170 secs] 4261823K->3926711K(12533952K), 0.0202420 secs] [Times: user=0.29 sys=0.00, real=0.02 secs] 
: 440836K->48960K(440896K), 0.0190300 secs] 4318587K->3994456K(12533952K), 0.0192130 secs] [Times: user=0.32 sys=0.01, real=0.02 secs] 
: 440892K->48960K(440896K), 0.0164160 secs] 4386388K->4051955K(12533952K), 0.0165620 secs] [Times: user=0.26 sys=0.00, real=0.01 secs] 
: 440727K->48960K(440896K), 0.0153110 secs] 4443722K->4114244K(12533952K), 0.0154920 secs] [Times: user=0.25 sys=0.00, real=0.01 secs] 
: 440791K->48960K(440896K), 0.0178630 secs] 4506076K->4176099K(12533952K), 0.0180880 secs] [Times: user=0.27 sys=0.00, real=0.01 secs] 
: 440798K->48960K(440896K), 0.0208220 secs] 4567937K->4236275K(12533952K), 0.0210390 secs] [Times: user=0.27 sys=0.00, real=0.02 secs] 
: 440896K->48960K(440896K), 0.0213060 secs] 4628211K->4310530K(12533952K), 0.0215410 secs] [Times: user=0.31 sys=0.00, real=0.02 secs] 
: 440714K->48960K(440896K), 0.0248970 secs] 4702284K->4360475K(12533952K), 0.0250910 secs] [Times: user=0.34 sys=0.01, real=0.03 secs] 
: 440896K->48960K(440896K), 0.0253650 secs] 4752411K->4427883K(12533952K), 0.0256020 secs] [Times: user=0.29 sys=0.01, real=0.02 secs] 
: 440765K->48960K(440896K), 0.0235820 secs] 4819689K->4481874K(12533952K), 0.0238150 secs] [Times: user=0.32 sys=0.00, real=0.02 secs] 
: 440646K->48960K(440896K), 0.0239230 secs] 4873560K->4550416K(12533952K), 0.0241500 secs] [Times: user=0.37 sys=0.00, real=0.03 secs] 
: 440746K->48960K(440896K), 0.0267910 secs] 4942203K->4606773K(12533952K), 0.0270040 secs] [Times: user=0.37 sys=0.01, real=0.03 secs] 
: 440835K->48960K(440896K), 0.0203550 secs] 4998649K->4675107K(12533952K), 0.0205330 secs] [Times: user=0.29 sys=0.00, real=0.02 secs] 
: 440833K->48960K(440896K), 0.0223030 secs] 5066980K->4734436K(12533952K), 0.0225100 secs] [Times: user=0.30 sys=0.00, real=0.02 secs] 
: 440896K->48960K(440896K), 0.0196700 secs] 5126372K->4786810K(12533952K), 0.0198830 secs] [Times: user=0.25 sys=0.00, real=0.02 secs] 
: 440743K->48960K(440896K), 0.0250130 secs] 5178593K->4850450K(12533952K), 0.0252480 secs] [Times: user=0.27 sys=0.00, real=0.02 secs] 
: 440700K->48960K(440896K), 0.0219380 secs] 5242191K->4917200K(12533952K), 0.0221230 secs] [Times: user=0.30 sys=0.00, real=0.02 secs] 
: 440694K->48960K(440896K), 0.0181080 secs] 5308934K->4985714K(12533952K), 0.0185170 secs] [Times: user=0.25 sys=0.00, real=0.02 secs] 
: 440880K->48960K(440896K), 0.0188950 secs] 5377634K->5039545K(12533952K), 0.0190760 secs] [Times: user=0.25 sys=0.01, real=0.02 secs] 
: 440878K->48960K(440896K), 0.0249750 secs] 5431464K->5108591K(12533952K), 0.0252610 secs] [Times: user=0.37 sys=0.00, real=0.02 secs] 
: 440820K->48960K(440896K), 0.0231420 secs] 5500451K->5175945K(12533952K), 0.0233640 secs] [Times: user=0.34 sys=0.01, real=0.02 secs] 
: 440856K->48960K(440896K), 0.0279770 secs] 5567841K->5229996K(12533952K), 0.0281740 secs] [Times: user=0.31 sys=0.00, real=0.03 secs] 
: 440889K->48960K(440896K), 0.0214760 secs] 5621926K->5286949K(12533952K), 0.0216320 secs] [Times: user=0.26 sys=0.00, real=0.02 secs] 
: 440804K->48960K(440896K), 0.0286360 secs] 5678793K->5352053K(12533952K), 0.0288470 secs] [Times: user=0.34 sys=0.00, real=0.03 secs] 
: 440856K->48960K(440896K), 0.0199160 secs] 5743949K->5414675K(12533952K), 0.0201130 secs] [Times: user=0.28 sys=0.00, real=0.02 secs] 
: 440896K->48960K(440896K), 0.0227630 secs] 5806611K->5464464K(12533952K), 0.0229580 secs] [Times: user=0.30 sys=0.00, real=0.02 secs] 
: 440872K->48960K(440896K), 0.0196160 secs] 5856376K->5523087K(12533952K), 0.0198130 secs] [Times: user=0.27 sys=0.00, real=0.02 secs] 
: 440799K->48960K(440896K), 0.0186330 secs] 5914926K->5590695K(12533952K), 0.0188460 secs] [Times: user=0.27 sys=0.01, real=0.02 secs] 
: 440896K->48960K(440896K), 0.0207670 secs] 5982631K->5662069K(12533952K), 0.0209850 secs] [Times: user=0.30 sys=0.00, real=0.02 secs] 
: 440896K->48960K(440896K), 0.0215720 secs] 6054005K->5721697K(12533952K), 0.0218000 secs] [Times: user=0.32 sys=0.00, real=0.02 secs] 
: 440713K->48960K(440896K), 0.0219430 secs] 6113451K->5776903K(12533952K), 0.0220970 secs] [Times: user=0.32 sys=0.01, real=0.03 secs] 
: 440896K->48960K(440896K), 0.0211540 secs] 6168839K->5839391K(12533952K), 0.0213520 secs] [Times: user=0.29 sys=0.00, real=0.02 secs] 
: 440865K->48960K(440896K), 0.0199120 secs] 6231297K->5897008K(12533952K), 0.0200620 secs] [Times: user=0.27 sys=0.00, real=0.02 secs] 
: 440714K->48960K(440896K), 0.0214010 secs] 6288762K->5961565K(12533952K), 0.0216000 secs] [Times: user=0.28 sys=0.01, real=0.02 secs] 
: 440896K->48960K(440896K), 0.0221920 secs] 6353501K->6020834K(12533952K), 0.0223460 secs] [Times: user=0.26 sys=0.00, real=0.02 secs] 
: 440685K->48960K(440896K), 0.0252600 secs] 6412560K->6085910K(12533952K), 0.0254660 secs] [Times: user=0.25 sys=0.00, real=0.02 secs] 
: 440696K->48960K(440896K), 0.0259550 secs] 6477646K->6150927K(12533952K), 0.0261670 secs] [Times: user=0.25 sys=0.01, real=0.03 secs] 
: 440857K->48960K(440896K), 0.0231450 secs] 6542824K->6220128K(12533952K), 0.0233440 secs] [Times: user=0.33 sys=0.00, real=0.02 secs] 
: 440896K->48960K(440896K), 0.0222580 secs] 6612064K->6283586K(12533952K), 0.0224680 secs] [Times: user=0.27 sys=0.00, real=0.02 secs] 
: 440896K->48960K(440896K), 0.0219340 secs] 6675522K->6340612K(12533952K), 0.0221610 secs] [Times: user=0.33 sys=0.01, real=0.02 secs] 
: 440896K->48960K(440896K), 0.0211280 secs] 6732548K->6406153K(12533952K), 0.0213220 secs] [Times: user=0.30 sys=0.00, real=0.02 secs] 
: 440862K->48960K(440896K), 0.0211030 secs] 6798055K->6468487K(12533952K), 0.0213120 secs] [Times: user=0.31 sys=0.01, real=0.02 secs] 
: 440648K->48960K(440896K), 0.0222510 secs] 6860175K->6534437K(12533952K), 0.0224580 secs] [Times: user=0.30 sys=0.01, real=0.02 secs] 
: 440843K->48960K(440896K), 0.0219240 secs] 6926320K->6591058K(12533952K), 0.0220870 secs] [Times: user=0.31 sys=0.00, real=0.03 secs] 
: 440896K->48960K(440896K), 0.0236820 secs] 6982994K->6650024K(12533952K), 0.0238910 secs] [Times: user=0.35 sys=0.00, real=0.03 secs] 
: 440723K->48960K(440896K), 0.0196000 secs] 7041788K->6721160K(12533952K), 0.0197890 secs] [Times: user=0.27 sys=0.00, real=0.02 secs] 
: 440896K->48960K(440896K), 0.0213150 secs] 7113096K->6771964K(12533952K), 0.0215150 secs] [Times: user=0.28 sys=0.01, real=0.02 secs] 
: 440830K->48960K(440896K), 0.0197130 secs] 7163835K->6841844K(12533952K), 0.0198630 secs] [Times: user=0.29 sys=0.01, real=0.02 secs] 
: 440809K->48960K(440896K), 0.0249790 secs] 7233694K->6904447K(12533952K), 0.0251810 secs] [Times: user=0.36 sys=0.00, real=0.03 secs] 
: 440829K->48960K(440896K), 0.0185380 secs] 7296316K->6967884K(12533952K), 0.0187050 secs] [Times: user=0.26 sys=0.00, real=0.02 secs] 
: 440765K->48960K(440896K), 0.0207470 secs] 7359689K->7035962K(12533952K), 0.0209480 secs] [Times: user=0.27 sys=0.00, real=0.02 secs] 
: 440846K->48960K(440896K), 0.0227500 secs] 7427848K->7095627K(12533952K), 0.0229890 secs] [Times: user=0.28 sys=0.00, real=0.02 secs] 
: 440673K->48960K(440896K), 0.0225690 secs] 7487341K->7159967K(12533952K), 0.0227810 secs] [Times: user=0.33 sys=0.00, real=0.03 secs] 
: 440753K->48960K(440896K), 0.0249340 secs] 7551760K->7225946K(12533952K), 0.0250930 secs] [Times: user=0.31 sys=0.01, real=0.03 secs] 
: 440896K->48960K(440896K), 0.0224820 secs] 7617882K->7291802K(12533952K), 0.0226970 secs] [Times: user=0.29 sys=0.00, real=0.03 secs] 
: 440664K->48960K(440896K), 0.0240530 secs] 7683507K->7352740K(12533952K), 0.0242530 secs] [Times: user=0.33 sys=0.00, real=0.02 secs] 
: 440755K->48960K(440896K), 0.0238710 secs] 7744536K->7405773K(12533952K), 0.0240590 secs] [Times: user=0.33 sys=0.00, real=0.02 secs] 
: 440807K->48960K(440896K), 0.0243210 secs] 7797620K->7460681K(12533952K), 0.0245130 secs] [Times: user=0.30 sys=0.01, real=0.02 secs] 
: 440896K->48960K(440896K), 0.0201480 secs] 7852617K->7529713K(12533952K), 0.0203540 secs] [Times: user=0.27 sys=0.00, real=0.02 secs] 
: 440896K->48960K(440896K), 0.0229630 secs] 7921649K->7593704K(12533952K), 0.0231690 secs] [Times: user=0.35 sys=0.00, real=0.02 secs] 
: 440847K->48960K(440896K), 0.0213160 secs] 7985591K->7656443K(12533952K), 0.0215110 secs] [Times: user=0.31 sys=0.01, real=0.02 secs] 
: 440680K->48960K(440896K), 0.0247390 secs] 8048163K->7710958K(12533952K), 0.0249350 secs] [Times: user=0.32 sys=0.01, real=0.02 secs] 
: 440800K->48960K(440896K), 0.0216490 secs] 8102799K->7778708K(12533952K), 0.0218530 secs] [Times: user=0.34 sys=0.00, real=0.02 secs] 
: 440896K->48960K(440896K), 0.0213910 secs] 8170644K->7841978K(12533952K), 0.0215940 secs] [Times: user=0.32 sys=0.01, real=0.02 secs] 
: 440896K->48960K(440896K), 0.0215880 secs] 8233914K->7901347K(12533952K), 0.0217950 secs] [Times: user=0.31 sys=0.00, real=0.02 secs] 
: 440896K->48960K(440896K), 0.0259080 secs] 8293283K->7963093K(12533952K), 0.0261040 secs] [Times: user=0.35 sys=0.01, real=0.03 secs] 
: 440896K->48960K(440896K), 0.0181830 secs] 8355029K->8029174K(12533952K), 0.0183360 secs] [Times: user=0.31 sys=0.00, real=0.02 secs] 
: 440896K->48960K(440896K), 0.0196700 secs] 8421110K->8069749K(12533952K), 0.0198690 secs] [Times: user=0.30 sys=0.00, real=0.02 secs] 
: 440894K->48960K(440896K), 0.0185730 secs] 8461683K->8132620K(12533952K), 0.0187970 secs] [Times: user=0.27 sys=0.01, real=0.02 secs] 
: 440682K->48960K(440896K), 0.0242670 secs] 8524343K->8187545K(12533952K), 0.0244890 secs] [Times: user=0.34 sys=0.01, real=0.03 secs] 
: 440896K->48960K(440896K), 0.0236680 secs] 8579481K->8249415K(12533952K), 0.0238560 secs] [Times: user=0.41 sys=0.00, real=0.02 secs] 
: 440779K->48960K(440896K), 0.0241260 secs] 8641235K->8289211K(12533952K), 0.0243360 secs] [Times: user=0.38 sys=0.00, real=0.02 secs] 
: 440671K->48960K(440896K), 0.0275130 secs] 8680923K->8324893K(12533952K), 0.0277090 secs] [Times: user=0.42 sys=0.00, real=0.03 secs] 
: 440896K->48960K(440896K), 0.0258860 secs] 8716829K->8383138K(12533952K), 0.0260830 secs] [Times: user=0.42 sys=0.01, real=0.02 secs] 
: 440768K->48960K(440896K), 0.0214990 secs] 8774947K->8442701K(12533952K), 0.0216930 secs] [Times: user=0.35 sys=0.01, real=0.03 secs] 
: 440896K->48960K(440896K), 0.0191130 secs] 8834637K->8508882K(12533952K), 0.0192690 secs] [Times: user=0.30 sys=0.00, real=0.02 secs] 
: 440780K->48960K(440896K), 0.0206620 secs] 8900702K->8553421K(12533952K), 0.0208150 secs] [Times: user=0.32 sys=0.01, real=0.02 secs] 
2015-04-01T13:08:34.852-0700: 13215514.925: [GC [1 CMS-initial-mark: 8504461K(12093056K)] 8553850K(12533952K), 0.0057180 secs] [Times: user=0.00 sys=0.00, real=0.01 secs] 
2015-04-01T13:08:35.157-0700: 13215515.229: [CMS-concurrent-mark: 0.299/0.299 secs] [Times: user=1.81 sys=0.00, real=0.29 secs] 
2015-04-01T13:08:35.193-0700: 13215515.265: [CMS-concurrent-preclean: 0.036/0.036 secs] [Times: user=0.04 sys=0.00, real=0.04 secs] 
 CMS: abort preclean due to time 2015-04-01T13:08:40.239-0700: 13215520.311: [CMS-concurrent-abortable-preclean: 2.866/5.046 secs] [Times: user=3.15 sys=0.07, real=5.05 secs] 
2015-04-01T13:08:40.240-0700: 13215520.312: [GC[YG occupancy: 149839 K (440896 K)]13215520.313: [Rescan (parallel) , 0.0086880 secs]13215520.321: [weak refs processing, 0.0092070 secs] [1 CMS-remark: 8504461K(12093056K)] 8654301K(12533952K), 0.0182450 secs] [Times: user=0.15 sys=0.01, real=0.02 secs] 
2015-04-01T13:08:41.246-0700: 13215521.319: [CMS-concurrent-sweep: 0.988/0.988 secs] [Times: user=1.06 sys=0.02, real=0.98 secs] 
2015-04-01T13:08:41.273-0700: 13215521.346: [CMS-concurrent-reset: 0.027/0.027 secs] [Times: user=0.02 sys=0.00, real=0.03 secs] 
: 440732K->48960K(440896K), 0.0208510 secs] 3831906K->3508598K(12533952K), 0.0210650 secs] [Times: user=0.32 sys=0.00, real=0.02 secs] 
: 440862K->48960K(440896K), 0.0198010 secs] 3900500K->3572458K(12533952K), 0.0199980 secs] [Times: user=0.29 sys=0.00, real=0.02 secs] 
: 440775K->48960K(440896K), 0.0160950 secs] 3964274K->3628749K(12533952K), 0.0162450 secs] [Times: user=0.28 sys=0.00, real=0.02 secs] 
: 440687K->48960K(440896K), 0.0230350 secs] 4020477K->3696088K(12533952K), 0.0232280 secs] [Times: user=0.38 sys=0.00, real=0.02 secs] 
: 440896K->48960K(440896K), 0.0188850 secs] 4088024K->3764935K(12533952K), 0.0190970 secs] [Times: user=0.28 sys=0.00, real=0.02 secs] 
: 440879K->48960K(440896K), 0.0215690 secs] 4156855K->3831315K(12533952K), 0.0217950 secs] [Times: user=0.33 sys=0.00, real=0.02 secs] 
: 440887K->48960K(440896K), 0.0217020 secs] 4223243K->3880856K(12533952K), 0.0218680 secs] [Times: user=0.28 sys=0.00, real=0.02 secs] 
: 440896K->48960K(440896K), 0.0183380 secs] 4272792K->3951387K(12533952K), 0.0185450 secs] [Times: user=0.26 sys=0.00, real=0.02 secs] 
: 440730K->48960K(440896K), 0.0205860 secs] 4343158K->4014440K(12533952K), 0.0207370 secs] [Times: user=0.25 sys=0.00, real=0.02 secs] 
: 440896K->48960K(440896K), 0.0201840 secs] 4406376K->4078139K(12533952K), 0.0203950 secs] [Times: user=0.24 sys=0.00, real=0.02 secs] 
: 440640K->48960K(440896K), 0.0261690 secs] 4469819K->4134715K(12533952K), 0.0263660 secs] [Times: user=0.31 sys=0.00, real=0.03 secs] 
: 440896K->48960K(440896K), 0.0255560 secs] 4526651K->4197726K(12533952K), 0.0257760 secs] [Times: user=0.30 sys=0.01, real=0.02 secs] 
: 440715K->48960K(440896K), 0.0216970 secs] 4589481K->4262008K(12533952K), 0.0219170 secs] [Times: user=0.26 sys=0.01, real=0.02 secs] 
: 440755K->48960K(440896K), 0.0223650 secs] 4653804K->4324155K(12533952K), 0.0225600 secs] [Times: user=0.31 sys=0.00, real=0.02 secs] 
: 440803K->48960K(440896K), 0.0201530 secs] 4715998K->4384495K(12533952K), 0.0203490 secs] [Times: user=0.23 sys=0.00, real=0.02 secs] 
: 440790K->48960K(440896K), 0.0230880 secs] 4776325K->4450009K(12533952K), 0.0232890 secs] [Times: user=0.26 sys=0.00, real=0.02 secs] 
: 440896K->48960K(440896K), 0.0228190 secs] 4841945K->4511672K(12533952K), 0.0230170 secs] [Times: user=0.29 sys=0.00, real=0.02 secs] 
: 440893K->48960K(440896K), 0.0205760 secs] 4903606K->4573094K(12533952K), 0.0207230 secs] [Times: user=0.28 sys=0.00, real=0.03 secs] 
: 440845K->48960K(440896K), 0.0195110 secs] 4964980K->4636981K(12533952K), 0.0197460 secs] [Times: user=0.24 sys=0.00, real=0.02 secs] 
: 440773K->48960K(440896K), 0.0219690 secs] 5028795K->4697513K(12533952K), 0.0221700 secs] [Times: user=0.27 sys=0.00, real=0.02 secs] 
: 440855K->48960K(440896K), 0.0234250 secs] 5089408K->4761887K(12533952K), 0.0236190 secs] [Times: user=0.24 sys=0.01, real=0.03 secs] 
: 440896K->48960K(440896K), 0.0207080 secs] 5153823K->4827835K(12533952K), 0.0211000 secs] [Times: user=0.29 sys=0.00, real=0.02 secs] 
: 440891K->48960K(440896K), 0.0251380 secs] 5219767K->4889105K(12533952K), 0.0252930 secs] [Times: user=0.31 sys=0.00, real=0.03 secs] 
: 440708K->48960K(440896K), 0.0258220 secs] 5280854K->4953872K(12533952K), 0.0259740 secs] [Times: user=0.29 sys=0.01, real=0.03 secs] 
: 440670K->48960K(440896K), 0.0281580 secs] 5345583K->5018176K(12533952K), 0.0283480 secs] [Times: user=0.32 sys=0.00, real=0.03 secs] 
: 440850K->48960K(440896K), 0.0280670 secs] 5410067K->5082419K(12533952K), 0.0282720 secs] [Times: user=0.32 sys=0.00, real=0.03 secs] 
: 440881K->48960K(440896K), 0.0228880 secs] 5474340K->5149593K(12533952K), 0.0231050 secs] [Times: user=0.34 sys=0.00, real=0.02 secs] 
: 440872K->48960K(440896K), 0.0217150 secs] 5541505K->5210826K(12533952K), 0.0219470 secs] [Times: user=0.28 sys=0.00, real=0.02 secs] 
: 440695K->48960K(440896K), 0.0181960 secs] 5602561K->5277468K(12533952K), 0.0183970 secs] [Times: user=0.21 sys=0.01, real=0.02 secs] 
: 440718K->48960K(440896K), 0.0244360 secs] 5669227K->5340201K(12533952K), 0.0246370 secs] [Times: user=0.28 sys=0.00, real=0.03 secs] 
: 440848K->48960K(440896K), 0.0178800 secs] 5732090K->5405242K(12533952K), 0.0180070 secs] [Times: user=0.26 sys=0.00, real=0.02 secs] 
: 440848K->48960K(440896K), 0.0222120 secs] 5797130K->5470635K(12533952K), 0.0224180 secs] [Times: user=0.27 sys=0.00, real=0.02 secs] 
: 440896K->48960K(440896K), 0.0196710 secs] 5862571K->5533654K(12533952K), 0.0198690 secs] [Times: user=0.28 sys=0.01, real=0.02 secs] 
: 440803K->48960K(440896K), 0.0227930 secs] 5925497K->5596550K(12533952K), 0.0230060 secs] [Times: user=0.29 sys=0.00, real=0.03 secs] 
: 440709K->48960K(440896K), 0.0207030 secs] 5988300K->5662917K(12533952K), 0.0211220 secs] [Times: user=0.24 sys=0.00, real=0.02 secs] 
: 440683K->48960K(440896K), 0.0293580 secs] 6054640K->5727950K(12533952K), 0.0295310 secs] [Times: user=0.25 sys=0.01, real=0.03 secs] 
: 440723K->48960K(440896K), 0.0225160 secs] 6119713K->5795477K(12533952K), 0.0227460 secs] [Times: user=0.29 sys=0.00, real=0.02 secs] 
: 440739K->48960K(440896K), 0.0190000 secs] 6187256K->5860476K(12533952K), 0.0192160 secs] [Times: user=0.23 sys=0.01, real=0.02 secs] 
: 440896K->48960K(440896K), 0.0234620 secs] 6252412K->5930429K(12533952K), 0.0236590 secs] [Times: user=0.30 sys=0.00, real=0.02 secs] 
: 440896K->48960K(440896K), 0.0220880 secs] 6322365K->5988854K(12533952K), 0.0222910 secs] [Times: user=0.28 sys=0.01, real=0.02 secs] 
: 440658K->48960K(440896K), 0.0214630 secs] 6380553K->6054467K(12533952K), 0.0217040 secs] [Times: user=0.25 sys=0.00, real=0.02 secs] 
: 440879K->48960K(440896K), 0.0204230 secs] 6446386K->6121529K(12533952K), 0.0205830 secs] [Times: user=0.30 sys=0.01, real=0.02 secs] 
: 440758K->48960K(440896K), 0.0225480 secs] 6513328K->6185325K(12533952K), 0.0227520 secs] [Times: user=0.31 sys=0.01, real=0.02 secs] 
: 440896K->48960K(440896K), 0.0218280 secs] 6577261K->6250964K(12533952K), 0.0220580 secs] [Times: user=0.34 sys=0.00, real=0.02 secs] 
: 440896K->48960K(440896K), 0.0247920 secs] 6642900K->6310952K(12533952K), 0.0250050 secs] [Times: user=0.29 sys=0.01, real=0.02 secs] 
: 440706K->48960K(440896K), 0.0232830 secs] 6702698K->6373090K(12533952K), 0.0234830 secs] [Times: user=0.33 sys=0.01, real=0.03 secs] 
: 440765K->48960K(440896K), 0.0224330 secs] 6764895K->6438691K(12533952K), 0.0226380 secs] [Times: user=0.31 sys=0.01, real=0.02 secs] 
: 440866K->48960K(440896K), 0.0185480 secs] 6830598K->6507120K(12533952K), 0.0187000 secs] [Times: user=0.27 sys=0.00, real=0.02 secs] 
: 440724K->48960K(440896K), 0.0181970 secs] 6898885K->6572152K(12533952K), 0.0184060 secs] [Times: user=0.27 sys=0.01, real=0.02 secs] 
: 440835K->48960K(440896K), 0.0200670 secs] 6964028K->6633228K(12533952K), 0.0202630 secs] [Times: user=0.29 sys=0.01, real=0.02 secs] 
: 440762K->48960K(440896K), 0.0207630 secs] 7025031K->6694089K(12533952K), 0.0209520 secs] [Times: user=0.28 sys=0.01, real=0.02 secs] 
: 440738K->48960K(440896K), 0.0238770 secs] 7085868K->6760537K(12533952K), 0.0241110 secs] [Times: user=0.33 sys=0.00, real=0.02 secs] 
: 440735K->48960K(440896K), 0.0216660 secs] 7152312K->6820660K(12533952K), 0.0219040 secs] [Times: user=0.34 sys=0.00, real=0.02 secs] 
: 440896K->48960K(440896K), 0.0219760 secs] 7212596K->6894796K(12533952K), 0.0222970 secs] [Times: user=0.31 sys=0.00, real=0.02 secs] 
: 440774K->48960K(440896K), 0.0216740 secs] 7286611K->6947953K(12533952K), 0.0219370 secs] [Times: user=0.29 sys=0.00, real=0.02 secs] 
: 440739K->48960K(440896K), 0.0206320 secs] 7339732K->7014160K(12533952K), 0.0209070 secs] [Times: user=0.32 sys=0.00, real=0.02 secs] 
: 440896K->48960K(440896K), 0.0245400 secs] 7406096K->7070728K(12533952K), 0.0247510 secs] [Times: user=0.32 sys=0.00, real=0.02 secs] 
: 440763K->48960K(440896K), 0.0228910 secs] 7462531K->7131541K(12533952K), 0.0233090 secs] [Times: user=0.28 sys=0.00, real=0.02 secs] 
: 440879K->48960K(440896K), 0.0189370 secs] 7523460K->7196994K(12533952K), 0.0191740 secs] [Times: user=0.24 sys=0.01, real=0.02 secs] 
: 440704K->48960K(440896K), 0.0217860 secs] 7588739K->7260388K(12533952K), 0.0220320 secs] [Times: user=0.28 sys=0.00, real=0.02 secs] 
: 440688K->48960K(440896K), 0.0241390 secs] 7652116K->7325594K(12533952K), 0.0243520 secs] [Times: user=0.30 sys=0.01, real=0.03 secs] 
: 440896K->48960K(440896K), 0.0230480 secs] 7717530K->7393258K(12533952K), 0.0232900 secs] [Times: user=0.29 sys=0.00, real=0.03 secs] 
: 440896K->48960K(440896K), 0.0233480 secs] 7785194K->7455087K(12533952K), 0.0235650 secs] [Times: user=0.34 sys=0.00, real=0.02 secs] 
: 440739K->48960K(440896K), 0.0202550 secs] 7846866K->7519032K(12533952K), 0.0204900 secs] [Times: user=0.29 sys=0.00, real=0.02 secs] 
: 440704K->48960K(440896K), 0.0233120 secs] 7910777K->7585592K(12533952K), 0.0235300 secs] [Times: user=0.34 sys=0.00, real=0.03 secs] 
: 440875K->48960K(440896K), 0.0221210 secs] 7977507K->7649142K(12533952K), 0.0223630 secs] [Times: user=0.27 sys=0.00, real=0.02 secs] 
: 440889K->48960K(440896K), 0.0201800 secs] 8041072K->7715273K(12533952K), 0.0204480 secs] [Times: user=0.26 sys=0.01, real=0.02 secs] 
: 440848K->48960K(440896K), 0.0210950 secs] 8107161K->7782419K(12533952K), 0.0213200 secs] [Times: user=0.31 sys=0.00, real=0.02 secs] 
: 440894K->48960K(440896K), 0.0224460 secs] 8174353K->7844601K(12533952K), 0.0226990 secs] [Times: user=0.32 sys=0.00, real=0.02 secs] 
: 440896K->48960K(440896K), 0.0215520 secs] 8236537K->7910648K(12533952K), 0.0217960 secs] [Times: user=0.30 sys=0.00, real=0.02 secs] 
: 440896K->48960K(440896K), 0.0201900 secs] 8302584K->7972810K(12533952K), 0.0204080 secs] [Times: user=0.27 sys=0.00, real=0.02 secs] 
: 440853K->48960K(440896K), 0.0192620 secs] 8364703K->8042718K(12533952K), 0.0194610 secs] [Times: user=0.26 sys=0.00, real=0.02 secs] 
: 440721K->48960K(440896K), 0.0232940 secs] 8434479K->8105167K(12533952K), 0.0235210 secs] [Times: user=0.31 sys=0.01, real=0.02 secs] 
: 440773K->48960K(440896K), 0.0224340 secs] 8496981K->8170269K(12533952K), 0.0226570 secs] [Times: user=0.32 sys=0.01, real=0.02 secs] 
: 440676K->48960K(440896K), 0.0198150 secs] 8561985K->8238582K(12533952K), 0.0199850 secs] [Times: user=0.28 sys=0.00, real=0.02 secs] 
: 440896K->48960K(440896K), 0.0225180 secs] 8630518K->8287599K(12533952K), 0.0227520 secs] [Times: user=0.35 sys=0.00, real=0.02 secs] 
: 440887K->48960K(440896K), 0.0219440 secs] 8679526K->8354089K(12533952K), 0.0221230 secs] [Times: user=0.36 sys=0.01, real=0.02 secs] 
: 440696K->48960K(440896K), 0.0240700 secs] 8745826K->8413759K(12533952K), 0.0243180 secs] [Times: user=0.34 sys=0.00, real=0.02 secs] 
: 440664K->48960K(440896K), 0.0182390 secs] 8805463K->8477755K(12533952K), 0.0184680 secs] [Times: user=0.27 sys=0.00, real=0.02 secs] 
: 440846K->48960K(440896K), 0.0209890 secs] 8869641K->8547473K(12533952K), 0.0212020 secs] [Times: user=0.36 sys=0.00, real=0.02 secs] 
2015-04-01T13:26:27.979-0700: 13216588.051: [GC [1 CMS-initial-mark: 8498513K(12093056K)] 8547733K(12533952K), 0.0084040 secs] [Times: user=0.01 sys=0.00, real=0.01 secs] 
2015-04-01T13:26:28.324-0700: 13216588.397: [CMS-concurrent-mark: 0.337/0.337 secs] [Times: user=2.06 sys=0.00, real=0.34 secs] 
2015-04-01T13:26:28.357-0700: 13216588.429: [CMS-concurrent-preclean: 0.032/0.032 secs] [Times: user=0.03 sys=0.00, real=0.03 secs] 
 CMS: abort preclean due to time 2015-04-01T13:26:33.495-0700: 13216593.568: [CMS-concurrent-abortable-preclean: 2.792/5.138 secs] [Times: user=3.08 sys=0.11, real=5.14 secs] 
2015-04-01T13:26:33.497-0700: 13216593.569: [GC[YG occupancy: 164461 K (440896 K)]13216593.569: [Rescan (parallel) , 0.0062700 secs]13216593.576: [weak refs processing, 0.0053740 secs] [1 CMS-remark: 8498513K(12093056K)] 8662975K(12533952K), 0.0119970 secs] [Times: user=0.10 sys=0.00, real=0.01 secs] 
2015-04-01T13:26:34.263-0700: 13216594.336: [CMS-concurrent-sweep: 0.754/0.754 secs] [Times: user=0.78 sys=0.00, real=0.76 secs] 
2015-04-01T13:26:34.291-0700: 13216594.363: [CMS-concurrent-reset: 0.027/0.027 secs] [Times: user=0.02 sys=0.00, real=0.03 secs] 
: 440656K->48960K(440896K), 0.0225840 secs] 3923134K->3599836K(12533952K), 0.0227950 secs] [Times: user=0.35 sys=0.00, real=0.02 secs] 
: 440847K->48960K(440896K), 0.0191680 secs] 3991724K->3650663K(12533952K), 0.0193830 secs] [Times: user=0.32 sys=0.00, real=0.02 secs] 
: 440714K->48960K(440896K), 0.0188070 secs] 4042418K->3721967K(12533952K), 0.0189510 secs] [Times: user=0.31 sys=0.01, real=0.02 secs] 
: 440646K->48960K(440896K), 0.0215020 secs] 4113654K->3781501K(12533952K), 0.0219180 secs] [Times: user=0.35 sys=0.00, real=0.02 secs] 
: 440691K->48960K(440896K), 0.0168890 secs] 4173233K->3845832K(12533952K), 0.0170410 secs] [Times: user=0.27 sys=0.00, real=0.02 secs] 
: 440746K->48960K(440896K), 0.0159670 secs] 4237619K->3914338K(12533952K), 0.0161410 secs] [Times: user=0.29 sys=0.00, real=0.02 secs] 
: 440896K->48960K(440896K), 0.0205250 secs] 4306274K->3962218K(12533952K), 0.0208080 secs] [Times: user=0.30 sys=0.00, real=0.03 secs] 
: 440798K->48960K(440896K), 0.0189230 secs] 4354056K->4024218K(12533952K), 0.0191860 secs] [Times: user=0.29 sys=0.00, real=0.02 secs] 
: 440724K->48960K(440896K), 0.0225490 secs] 4415982K->4091341K(12533952K), 0.0227710 secs] [Times: user=0.32 sys=0.00, real=0.02 secs] 
: 440896K->48960K(440896K), 0.0204940 secs] 4483277K->4142273K(12533952K), 0.0206750 secs] [Times: user=0.34 sys=0.00, real=0.02 secs] 
: 440662K->48960K(440896K), 0.0285840 secs] 4533976K->4215552K(12533952K), 0.0288090 secs] [Times: user=0.35 sys=0.01, real=0.03 secs] 
: 440845K->48960K(440896K), 0.0244330 secs] 4607438K->4276913K(12533952K), 0.0246770 secs] [Times: user=0.35 sys=0.00, real=0.03 secs] 
: 440896K->48960K(440896K), 0.0190350 secs] 4668849K->4324556K(12533952K), 0.0191900 secs] [Times: user=0.28 sys=0.00, real=0.02 secs] 
: 440881K->48960K(440896K), 0.0212940 secs] 4716477K->4391609K(12533952K), 0.0214710 secs] [Times: user=0.31 sys=0.00, real=0.02 secs] 
: 440846K->48960K(440896K), 0.0186960 secs] 4783495K->4450325K(12533952K), 0.0188790 secs] [Times: user=0.26 sys=0.00, real=0.02 secs] 
: 440896K->48960K(440896K), 0.0192170 secs] 4842261K->4522392K(12533952K), 0.0194270 secs] [Times: user=0.29 sys=0.00, real=0.02 secs] 
: 440896K->48960K(440896K), 0.0208110 secs] 4914328K->4579216K(12533952K), 0.0210050 secs] [Times: user=0.29 sys=0.00, real=0.03 secs] 
: 440865K->48960K(440896K), 0.0211690 secs] 4971121K->4641215K(12533952K), 0.0214050 secs] [Times: user=0.28 sys=0.01, real=0.02 secs] 
: 440896K->48960K(440896K), 0.0174530 secs] 5033151K->4706564K(12533952K), 0.0176450 secs] [Times: user=0.28 sys=0.00, real=0.02 secs] 
: 440865K->48960K(440896K), 0.0209980 secs] 5098469K->4775759K(12533952K), 0.0212050 secs] [Times: user=0.27 sys=0.00, real=0.02 secs] 
: 440698K->48960K(440896K), 0.0202800 secs] 5167498K->4822132K(12533952K), 0.0205120 secs] [Times: user=0.33 sys=0.00, real=0.02 secs] 
: 440880K->48960K(440896K), 0.0199360 secs] 5214052K->4887684K(12533952K), 0.0201400 secs] [Times: user=0.31 sys=0.00, real=0.02 secs] 
: 440896K->48960K(440896K), 0.0210180 secs] 5279620K->4946419K(12533952K), 0.0212340 secs] [Times: user=0.32 sys=0.01, real=0.02 secs] 
: 440776K->48960K(440896K), 0.0226810 secs] 5338236K->5005067K(12533952K), 0.0228850 secs] [Times: user=0.30 sys=0.00, real=0.02 secs] 
: 440838K->48960K(440896K), 0.0229400 secs] 5396946K->5077818K(12533952K), 0.0231360 secs] [Times: user=0.33 sys=0.00, real=0.02 secs] 
: 440896K->48960K(440896K), 0.0243990 secs] 5469754K->5128998K(12533952K), 0.0245990 secs] [Times: user=0.30 sys=0.00, real=0.03 secs] 
: 440648K->48960K(440896K), 0.0217750 secs] 5520686K->5201294K(12533952K), 0.0221990 secs] [Times: user=0.27 sys=0.00, real=0.02 secs] 
: 440896K->48960K(440896K), 0.0200430 secs] 5593230K->5257516K(12533952K), 0.0202440 secs] [Times: user=0.30 sys=0.00, real=0.02 secs] 
: 440885K->48960K(440896K), 0.0222130 secs] 5649441K->5323685K(12533952K), 0.0224240 secs] [Times: user=0.37 sys=0.00, real=0.02 secs] 
: 440896K->48960K(440896K), 0.0214430 secs] 5715621K->5386639K(12533952K), 0.0216530 secs] [Times: user=0.31 sys=0.00, real=0.02 secs] 
: 440715K->48960K(440896K), 0.0228480 secs] 5778394K->5447540K(12533952K), 0.0230560 secs] [Times: user=0.35 sys=0.00, real=0.03 secs] 
: 440850K->48960K(440896K), 0.0202410 secs] 5839430K->5504911K(12533952K), 0.0204440 secs] [Times: user=0.31 sys=0.00, real=0.02 secs] 
: 440836K->48960K(440896K), 0.0182260 secs] 5896788K->5574082K(12533952K), 0.0183860 secs] [Times: user=0.29 sys=0.01, real=0.02 secs] 
: 440896K->48960K(440896K), 0.0224100 secs] 5966018K->5642640K(12533952K), 0.0225840 secs] [Times: user=0.33 sys=0.00, real=0.02 secs] 
: 440813K->48960K(440896K), 0.0212090 secs] 6034493K->5709209K(12533952K), 0.0213550 secs] [Times: user=0.35 sys=0.00, real=0.02 secs] 
: 440852K->48960K(440896K), 0.0199920 secs] 6101102K->5762125K(12533952K), 0.0201900 secs] [Times: user=0.33 sys=0.01, real=0.02 secs] 
: 440751K->48960K(440896K), 0.0214360 secs] 6153916K->5822925K(12533952K), 0.0216400 secs] [Times: user=0.30 sys=0.00, real=0.02 secs] 
: 440841K->48960K(440896K), 0.0217410 secs] 6214807K->5881153K(12533952K), 0.0219300 secs] [Times: user=0.29 sys=0.00, real=0.03 secs] 
: 440896K->48960K(440896K), 0.0213940 secs] 6273089K->5952387K(12533952K), 0.0216110 secs] [Times: user=0.28 sys=0.00, real=0.02 secs] 
: 440679K->48960K(440896K), 0.0185930 secs] 6344106K->6018302K(12533952K), 0.0187710 secs] [Times: user=0.28 sys=0.01, real=0.02 secs] 
: 440850K->48960K(440896K), 0.0200820 secs] 6410192K->6085401K(12533952K), 0.0202860 secs] [Times: user=0.31 sys=0.01, real=0.02 secs] 
: 440896K->48960K(440896K), 0.0163920 secs] 6477337K->6126211K(12533952K), 0.0165770 secs] [Times: user=0.24 sys=0.00, real=0.02 secs] 
: 440896K->32552K(440896K), 0.0146650 secs] 6518147K->6140382K(12533952K), 0.0148860 secs] [Times: user=0.24 sys=0.00, real=0.01 secs] 
: 424488K->13336K(440896K), 0.0118780 secs] 6532318K->6121166K(12533952K), 0.0120940 secs] [Times: user=0.22 sys=0.00, real=0.01 secs] 
: 405272K->15428K(440896K), 0.0093570 secs] 6513102K->6123258K(12533952K), 0.0095710 secs] [Times: user=0.16 sys=0.00, real=0.01 secs] 
: 407364K->18684K(440896K), 0.0097430 secs] 6515194K->6126514K(12533952K), 0.0099850 secs] [Times: user=0.16 sys=0.00, real=0.01 secs] 
: 410620K->20475K(440896K), 0.0136090 secs] 6518450K->6130698K(12533952K), 0.0138300 secs] [Times: user=0.25 sys=0.00, real=0.02 secs] 
: 412411K->19326K(440896K), 0.0111660 secs] 6522634K->6134213K(12533952K), 0.0114320 secs] [Times: user=0.20 sys=0.00, real=0.01 secs] 
: 411262K->20706K(440896K), 0.0125360 secs] 6526149K->6140024K(12533952K), 0.0127600 secs] [Times: user=0.24 sys=0.00, real=0.01 secs] 
: 412451K->48960K(440896K), 0.0163070 secs] 6531768K->6181436K(12533952K), 0.0165260 secs] [Times: user=0.28 sys=0.01, real=0.02 secs] 
: 440697K->48960K(440896K), 0.0215580 secs] 6573174K->6247945K(12533952K), 0.0217570 secs] [Times: user=0.29 sys=0.00, real=0.02 secs] 
: 440832K->48960K(440896K), 0.0209150 secs] 6639817K->6308545K(12533952K), 0.0211190 secs] [Times: user=0.31 sys=0.00, real=0.02 secs] 
: 440778K->48960K(440896K), 0.0184710 secs] 6700363K->6372197K(12533952K), 0.0186300 secs] [Times: user=0.29 sys=0.00, real=0.02 secs] 
: 440800K->48960K(440896K), 0.0183170 secs] 6764038K->6435355K(12533952K), 0.0184770 secs] [Times: user=0.29 sys=0.01, real=0.02 secs] 
: 440845K->48960K(440896K), 0.0219170 secs] 6827240K->6498674K(12533952K), 0.0221270 secs] [Times: user=0.34 sys=0.00, real=0.02 secs] 
: 440699K->48960K(440896K), 0.0234320 secs] 6890413K->6564479K(12533952K), 0.0236640 secs] [Times: user=0.31 sys=0.01, real=0.02 secs] 
: 440824K->48960K(440896K), 0.0221490 secs] 6956343K->6623917K(12533952K), 0.0223580 secs] [Times: user=0.33 sys=0.00, real=0.02 secs] 
: 440690K->48960K(440896K), 0.0179770 secs] 7015647K->6686462K(12533952K), 0.0181300 secs] [Times: user=0.27 sys=0.01, real=0.02 secs] 
: 440820K->48932K(440896K), 0.0199130 secs] 7078322K->6747624K(12533952K), 0.0200670 secs] [Times: user=0.27 sys=0.00, real=0.02 secs] 
: 440868K->48960K(440896K), 0.0215330 secs] 7139560K->6817865K(12533952K), 0.0217280 secs] [Times: user=0.26 sys=0.00, real=0.03 secs] 
: 440822K->48960K(440896K), 0.0219190 secs] 7209727K->6877385K(12533952K), 0.0221240 secs] [Times: user=0.34 sys=0.00, real=0.03 secs] 
: 440742K->48960K(440896K), 0.0177550 secs] 7269168K->6935241K(12533952K), 0.0179280 secs] [Times: user=0.27 sys=0.01, real=0.02 secs] 
: 440787K->48960K(440896K), 0.0223500 secs] 7327069K->7025782K(12533952K), 0.0225570 secs] [Times: user=0.31 sys=0.00, real=0.02 secs] 
: 440642K->48943K(440896K), 0.0204880 secs] 7417465K->7060555K(12533952K), 0.0206790 secs] [Times: user=0.33 sys=0.00, real=0.02 secs] 
: 440879K->48960K(440896K), 0.0219790 secs] 7452491K->7123900K(12533952K), 0.0221850 secs] [Times: user=0.30 sys=0.01, real=0.02 secs] 
: 440693K->48959K(440896K), 0.0214240 secs] 7515633K->7190439K(12533952K), 0.0216240 secs] [Times: user=0.32 sys=0.00, real=0.02 secs] 
: 440871K->48960K(440896K), 0.0211130 secs] 7582350K->7252141K(12533952K), 0.0212930 secs] [Times: user=0.35 sys=0.00, real=0.02 secs] 
: 440775K->48960K(440896K), 0.0230130 secs] 7643956K->7314836K(12533952K), 0.0232160 secs] [Times: user=0.36 sys=0.00, real=0.02 secs] 
: 440677K->48960K(440896K), 0.0221720 secs] 7706553K->7379037K(12533952K), 0.0223590 secs] [Times: user=0.30 sys=0.00, real=0.02 secs] 
: 440890K->48960K(440896K), 0.0207890 secs] 7770967K->7451400K(12533952K), 0.0210220 secs] [Times: user=0.30 sys=0.01, real=0.02 secs] 
: 440896K->48960K(440896K), 0.0189540 secs] 7843336K->7512713K(12533952K), 0.0191750 secs] [Times: user=0.26 sys=0.01, real=0.02 secs] 
: 440666K->48960K(440896K), 0.0202110 secs] 7904419K->7575715K(12533952K), 0.0204480 secs] [Times: user=0.26 sys=0.00, real=0.02 secs] 
: 440870K->48960K(440896K), 0.0215470 secs] 7967626K->7628227K(12533952K), 0.0217540 secs] [Times: user=0.35 sys=0.00, real=0.02 secs] 
: 440677K->48951K(440896K), 0.0238520 secs] 8019945K->7692803K(12533952K), 0.0240750 secs] [Times: user=0.31 sys=0.00, real=0.02 secs] 
: 440773K->48960K(440896K), 0.0210100 secs] 8084625K->7756580K(12533952K), 0.0212490 secs] [Times: user=0.31 sys=0.01, real=0.02 secs] 
: 440723K->48960K(440896K), 0.0225310 secs] 8148344K->7816655K(12533952K), 0.0227560 secs] [Times: user=0.34 sys=0.01, real=0.03 secs] 
: 440825K->48960K(440896K), 0.0225110 secs] 8208521K->7888858K(12533952K), 0.0227460 secs] [Times: user=0.32 sys=0.00, real=0.02 secs] 
: 440896K->48960K(440896K), 0.0222190 secs] 8280794K->7945874K(12533952K), 0.0224000 secs] [Times: user=0.27 sys=0.01, real=0.02 secs] 
: 440869K->48960K(440896K), 0.0246310 secs] 8337783K->8008687K(12533952K), 0.0248670 secs] [Times: user=0.33 sys=0.00, real=0.03 secs] 
: 440663K->48960K(440896K), 0.0210850 secs] 8400390K->8069245K(12533952K), 0.0212660 secs] [Times: user=0.36 sys=0.00, real=0.03 secs] 
: 440877K->48960K(440896K), 0.0208260 secs] 8461163K->8143368K(12533952K), 0.0214560 secs] [Times: user=0.27 sys=0.01, real=0.02 secs] 
: 440641K->48960K(440896K), 0.0213500 secs] 8535049K->8199800K(12533952K), 0.0215880 secs] [Times: user=0.33 sys=0.00, real=0.02 secs] 
: 440805K->48960K(440896K), 0.0221140 secs] 8591645K->8270465K(12533952K), 0.0223660 secs] [Times: user=0.27 sys=0.00, real=0.02 secs] 
: 440697K->48960K(440896K), 0.0192800 secs] 8662203K->8331640K(12533952K), 0.0195140 secs] [Times: user=0.28 sys=0.00, real=0.02 secs] 
: 440675K->48960K(440896K), 0.0213960 secs] 8723355K->8392499K(12533952K), 0.0215940 secs] [Times: user=0.33 sys=0.00, real=0.03 secs] 
: 440750K->48943K(440896K), 0.0226960 secs] 8784289K->8461385K(12533952K), 0.0228910 secs] [Times: user=0.31 sys=0.00, real=0.03 secs] 
: 440879K->48960K(440896K), 0.0200030 secs] 8853321K->8521460K(12533952K), 0.0202220 secs] [Times: user=0.31 sys=0.00, real=0.02 secs] 
2015-04-01T13:48:49.258-0700: 13217929.330: [GC [1 CMS-initial-mark: 8472500K(12093056K)] 8521806K(12533952K), 0.0062600 secs] [Times: user=0.01 sys=0.00, real=0.01 secs] 
2015-04-01T13:48:49.603-0700: 13217929.676: [CMS-concurrent-mark: 0.339/0.339 secs] [Times: user=2.07 sys=0.00, real=0.33 secs] 
2015-04-01T13:48:49.637-0700: 13217929.709: [CMS-concurrent-preclean: 0.033/0.033 secs] [Times: user=0.03 sys=0.00, real=0.04 secs] 
2015-04-01T13:48:53.407-0700: 13217933.480: [CMS-concurrent-abortable-preclean: 2.367/3.771 secs] [Times: user=2.87 sys=0.20, real=3.77 secs] 
2015-04-01T13:48:53.409-0700: 13217933.481: [GC[YG occupancy: 245169 K (440896 K)]13217933.482: [Rescan (parallel) , 0.0088400 secs]13217933.490: [weak refs processing, 0.0079180 secs] [1 CMS-remark: 8472500K(12093056K)] 8717669K(12533952K), 0.0172100 secs] [Times: user=0.14 sys=0.01, real=0.02 secs] 
2015-04-01T13:48:54.390-0700: 13217934.463: [CMS-concurrent-sweep: 0.964/0.964 secs] [Times: user=1.06 sys=0.04, real=0.96 secs] 
2015-04-01T13:48:54.426-0700: 13217934.499: [CMS-concurrent-reset: 0.036/0.036 secs] [Times: user=0.05 sys=0.00, real=0.04 secs] 
: 440826K->48960K(440896K), 0.0198930 secs] 4120466K->3801922K(12533952K), 0.0201760 secs] [Times: user=0.30 sys=0.01, real=0.02 secs] 
: 440746K->48960K(440896K), 0.0183280 secs] 4193708K->3857211K(12533952K), 0.0185670 secs] [Times: user=0.28 sys=0.00, real=0.02 secs] 
: 440662K->48960K(440896K), 0.0184980 secs] 4248913K->3919968K(12533952K), 0.0187050 secs] [Times: user=0.30 sys=0.00, real=0.02 secs] 
: 440648K->48960K(440896K), 0.0189720 secs] 4311656K->3985346K(12533952K), 0.0192070 secs] [Times: user=0.29 sys=0.00, real=0.02 secs] 
: 440725K->48955K(440896K), 0.0190720 secs] 4377112K->4048775K(12533952K), 0.0193320 secs] [Times: user=0.29 sys=0.01, real=0.02 secs] 
: 440857K->48960K(440896K), 0.0201830 secs] 4440677K->4113227K(12533952K), 0.0203560 secs] [Times: user=0.27 sys=0.01, real=0.02 secs] 
: 440673K->48960K(440896K), 0.0182560 secs] 4504941K->4177289K(12533952K), 0.0184260 secs] [Times: user=0.24 sys=0.01, real=0.02 secs] 
: 440816K->48960K(440896K), 0.0215770 secs] 4569146K->4246751K(12533952K), 0.0217740 secs] [Times: user=0.26 sys=0.00, real=0.02 secs] 
: 440719K->48960K(440896K), 0.0212280 secs] 4638510K->4304256K(12533952K), 0.0214300 secs] [Times: user=0.31 sys=0.00, real=0.02 secs] 
: 440836K->48930K(440896K), 0.0241100 secs] 4696132K->4367908K(12533952K), 0.0243410 secs] [Times: user=0.28 sys=0.01, real=0.03 secs] 
: 440747K->48960K(440896K), 0.0257350 secs] 4759725K->4432278K(12533952K), 0.0259400 secs] [Times: user=0.25 sys=0.01, real=0.02 secs] 
: 440896K->48930K(440896K), 0.0255180 secs] 4824214K->4497996K(12533952K), 0.0257460 secs] [Times: user=0.36 sys=0.00, real=0.02 secs] 
: 440826K->48960K(440896K), 0.0176960 secs] 4889892K->4558783K(12533952K), 0.0178650 secs] [Times: user=0.24 sys=0.00, real=0.02 secs] 
: 440765K->48960K(440896K), 0.0218850 secs] 4950589K->4622287K(12533952K), 0.0220820 secs] [Times: user=0.30 sys=0.00, real=0.02 secs] 
: 440896K->48960K(440896K), 0.0219800 secs] 5014223K->4686543K(12533952K), 0.0221960 secs] [Times: user=0.32 sys=0.00, real=0.02 secs] 
: 440732K->48960K(440896K), 0.0183230 secs] 5078316K->4748407K(12533952K), 0.0185040 secs] [Times: user=0.26 sys=0.00, real=0.02 secs] 
: 440896K->48960K(440896K), 0.0251570 secs] 5140343K->4822202K(12533952K), 0.0253310 secs] [Times: user=0.34 sys=0.00, real=0.03 secs] 
: 440751K->48960K(440896K), 0.0227570 secs] 5213994K->4883041K(12533952K), 0.0230140 secs] [Times: user=0.30 sys=0.00, real=0.03 secs] 
: 440849K->48960K(440896K), 0.0199270 secs] 5274931K->4932600K(12533952K), 0.0201710 secs] [Times: user=0.27 sys=0.00, real=0.02 secs] 
: 440857K->48960K(440896K), 0.0234930 secs] 5324497K->5006470K(12533952K), 0.0237180 secs] [Times: user=0.32 sys=0.00, real=0.02 secs] 
: 440667K->48952K(440896K), 0.0206980 secs] 5398177K->5052194K(12533952K), 0.0209200 secs] [Times: user=0.32 sys=0.00, real=0.02 secs] 
: 440862K->48960K(440896K), 0.0247430 secs] 5444104K->5138057K(12533952K), 0.0249680 secs] [Times: user=0.32 sys=0.00, real=0.03 secs] 
: 440877K->48930K(440896K), 0.0206490 secs] 5529974K->5177833K(12533952K), 0.0208590 secs] [Times: user=0.35 sys=0.00, real=0.02 secs] 
: 440821K->48960K(440896K), 0.0229220 secs] 5569724K->5240419K(12533952K), 0.0231510 secs] [Times: user=0.32 sys=0.00, real=0.03 secs] 
: 440896K->48960K(440896K), 0.0332620 secs] 5632355K->5304789K(12533952K), 0.0334910 secs] [Times: user=0.26 sys=0.01, real=0.03 secs] 
: 440713K->48960K(440896K), 0.0201380 secs] 5696543K->5365617K(12533952K), 0.0203010 secs] [Times: user=0.27 sys=0.00, real=0.02 secs] 
: 440863K->48909K(440896K), 0.0215430 secs] 5757521K->5426249K(12533952K), 0.0216960 secs] [Times: user=0.27 sys=0.00, real=0.02 secs] 
: 440625K->48934K(440896K), 0.0217350 secs] 5817965K->5493093K(12533952K), 0.0219050 secs] [Times: user=0.31 sys=0.00, real=0.03 secs] 
: 440870K->48960K(440896K), 0.0176390 secs] 5885029K->5554417K(12533952K), 0.0178240 secs] [Times: user=0.26 sys=0.00, real=0.02 secs] 
: 440673K->48960K(440896K), 0.0202780 secs] 5946131K->5616574K(12533952K), 0.0207260 secs] [Times: user=0.25 sys=0.01, real=0.02 secs] 
: 440896K->48960K(440896K), 0.0221080 secs] 6008510K->5679263K(12533952K), 0.0223490 secs] [Times: user=0.34 sys=0.01, real=0.02 secs] 
: 440658K->48960K(440896K), 0.0225020 secs] 6070961K->5745156K(12533952K), 0.0226950 secs] [Times: user=0.33 sys=0.00, real=0.02 secs] 
: 440763K->48947K(440896K), 0.0211390 secs] 6136959K->5813097K(12533952K), 0.0213350 secs] [Times: user=0.29 sys=0.00, real=0.02 secs] 
: 440879K->48934K(440896K), 0.0194730 secs] 6205029K->5874947K(12533952K), 0.0196640 secs] [Times: user=0.27 sys=0.00, real=0.02 secs] 
: 440841K->48960K(440896K), 0.0210300 secs] 6266854K->5938303K(12533952K), 0.0211840 secs] [Times: user=0.26 sys=0.01, real=0.02 secs] 
: 440857K->48960K(440896K), 0.0244410 secs] 6330200K->6000912K(12533952K), 0.0246260 secs] [Times: user=0.33 sys=0.00, real=0.02 secs] 
: 440664K->48960K(440896K), 0.0230840 secs] 6392617K->6072399K(12533952K), 0.0233080 secs] [Times: user=0.34 sys=0.01, real=0.03 secs] 
: 440783K->48960K(440896K), 0.0207090 secs] 6464222K->6130504K(12533952K), 0.0209590 secs] [Times: user=0.30 sys=0.00, real=0.02 secs] 
: 440752K->48960K(440896K), 0.0195040 secs] 6522296K->6194595K(12533952K), 0.0196760 secs] [Times: user=0.26 sys=0.01, real=0.02 secs] 
: 440763K->48929K(440896K), 0.0264490 secs] 6586398K->6269172K(12533952K), 0.0266760 secs] [Times: user=0.34 sys=0.01, real=0.03 secs] 
: 440612K->48960K(440896K), 0.0180920 secs] 6660856K->6323760K(12533952K), 0.0182470 secs] [Times: user=0.28 sys=0.00, real=0.02 secs] 
: 440896K->48955K(440896K), 0.0244680 secs] 6715696K->6387830K(12533952K), 0.0246720 secs] [Times: user=0.32 sys=0.00, real=0.03 secs] 
: 440835K->48960K(440896K), 0.0224060 secs] 6779710K->6460301K(12533952K), 0.0226360 secs] [Times: user=0.27 sys=0.00, real=0.03 secs] 
: 440842K->48960K(440896K), 0.0242550 secs] 6852184K->6519099K(12533952K), 0.0244900 secs] [Times: user=0.34 sys=0.01, real=0.02 secs] 
: 440896K->48960K(440896K), 0.0234480 secs] 6911035K->6583367K(12533952K), 0.0236660 secs] [Times: user=0.26 sys=0.00, real=0.03 secs] 
: 440896K->48960K(440896K), 0.0304470 secs] 6975303K->6661382K(12533952K), 0.0306560 secs] [Times: user=0.37 sys=0.01, real=0.03 secs] 
: 440642K->48960K(440896K), 0.0181520 secs] 7053065K->6706809K(12533952K), 0.0183160 secs] [Times: user=0.31 sys=0.00, real=0.02 secs] 
: 440896K->48923K(440896K), 0.0280340 secs] 7098745K->6771332K(12533952K), 0.0282280 secs] [Times: user=0.32 sys=0.01, real=0.03 secs] 
: 440725K->48960K(440896K), 0.0240060 secs] 7163134K->6836073K(12533952K), 0.0242110 secs] [Times: user=0.33 sys=0.00, real=0.02 secs] 
: 440896K->48960K(440896K), 0.0210500 secs] 7228009K->6906292K(12533952K), 0.0212500 secs] [Times: user=0.27 sys=0.01, real=0.02 secs] 
: 440896K->48940K(440896K), 0.0218890 secs] 7298228K->6966135K(12533952K), 0.0221060 secs] [Times: user=0.31 sys=0.01, real=0.02 secs] 
: 440700K->48960K(440896K), 0.0216830 secs] 7357896K->7029155K(12533952K), 0.0218750 secs] [Times: user=0.30 sys=0.00, real=0.02 secs] 
: 440660K->48937K(440896K), 0.0222750 secs] 7420855K->7092445K(12533952K), 0.0224740 secs] [Times: user=0.23 sys=0.01, real=0.02 secs] 
: 440849K->48960K(440896K), 0.0189030 secs] 7484358K->7153114K(12533952K), 0.0191340 secs] [Times: user=0.26 sys=0.00, real=0.02 secs] 
: 440713K->48960K(440896K), 0.0282020 secs] 7544868K->7231835K(12533952K), 0.0284060 secs] [Times: user=0.32 sys=0.01, real=0.03 secs] 
: 440896K->48960K(440896K), 0.0222120 secs] 7623771K->7280314K(12533952K), 0.0224200 secs] [Times: user=0.34 sys=0.00, real=0.02 secs] 
: 440886K->48960K(440896K), 0.0195910 secs] 7672241K->7339862K(12533952K), 0.0198800 secs] [Times: user=0.29 sys=0.00, real=0.02 secs] 
: 440896K->48905K(440896K), 0.0220800 secs] 7731798K->7397701K(12533952K), 0.0222990 secs] [Times: user=0.33 sys=0.01, real=0.03 secs] 
: 440841K->48960K(440896K), 0.0232490 secs] 7789637K->7454133K(12533952K), 0.0234700 secs] [Times: user=0.32 sys=0.00, real=0.02 secs] 
: 440896K->48960K(440896K), 0.0267370 secs] 7846069K->7555548K(12533952K), 0.0269600 secs] [Times: user=0.33 sys=0.01, real=0.02 secs] 
: 440696K->48960K(440896K), 0.0224260 secs] 7947284K->7579616K(12533952K), 0.0226430 secs] [Times: user=0.34 sys=0.00, real=0.02 secs] 
: 440896K->48960K(440896K), 0.0231670 secs] 7971552K->7654472K(12533952K), 0.0233240 secs] [Times: user=0.32 sys=0.00, real=0.03 secs] 
: 440822K->48960K(440896K), 0.0210380 secs] 8046334K->7703183K(12533952K), 0.0211900 secs] [Times: user=0.33 sys=0.01, real=0.02 secs] 
: 440847K->48959K(440896K), 0.0223280 secs] 8095071K->7766523K(12533952K), 0.0225380 secs] [Times: user=0.31 sys=0.00, real=0.03 secs] 
: 440673K->48959K(440896K), 0.0185480 secs] 8158237K->7830522K(12533952K), 0.0186950 secs] [Times: user=0.25 sys=0.00, real=0.01 secs] 
: 440816K->48960K(440896K), 0.0228520 secs] 8222379K->7905541K(12533952K), 0.0230770 secs] [Times: user=0.31 sys=0.00, real=0.02 secs] 
: 440688K->48960K(440896K), 0.0216080 secs] 8297270K->7956320K(12533952K), 0.0217680 secs] [Times: user=0.33 sys=0.00, real=0.02 secs] 
: 440770K->48960K(440896K), 0.0238650 secs] 8348130K->8018692K(12533952K), 0.0240930 secs] [Times: user=0.37 sys=0.00, real=0.03 secs] 
: 440733K->48960K(440896K), 0.0230760 secs] 8410465K->8079682K(12533952K), 0.0232860 secs] [Times: user=0.35 sys=0.00, real=0.02 secs] 
: 440739K->48960K(440896K), 0.0241200 secs] 8471461K->8147476K(12533952K), 0.0243630 secs] [Times: user=0.37 sys=0.01, real=0.02 secs] 
: 440868K->48960K(440896K), 0.0221100 secs] 8539385K->8208924K(12533952K), 0.0223160 secs] [Times: user=0.33 sys=0.00, real=0.02 secs] 
: 440867K->48960K(440896K), 0.0208100 secs] 8600831K->8274082K(12533952K), 0.0210430 secs] [Times: user=0.31 sys=0.01, real=0.03 secs] 
: 440896K->48960K(440896K), 0.0239540 secs] 8666018K->8330051K(12533952K), 0.0242040 secs] [Times: user=0.40 sys=0.00, real=0.02 secs] 
: 440770K->48960K(440896K), 0.0232270 secs] 8721862K->8393892K(12533952K), 0.0233810 secs] [Times: user=0.32 sys=0.00, real=0.02 secs] 
: 440838K->48960K(440896K), 0.0179120 secs] 8785770K->8455368K(12533952K), 0.0181080 secs] [Times: user=0.29 sys=0.01, real=0.02 secs] 
: 440850K->48960K(440896K), 0.0247530 secs] 8847258K->8526564K(12533952K), 0.0249530 secs] [Times: user=0.36 sys=0.01, real=0.03 secs] 
2015-04-01T14:08:22.188-0700: 13219102.260: [GC [1 CMS-initial-mark: 8477604K(12093056K)] 8527052K(12533952K), 0.0060800 secs] [Times: user=0.01 sys=0.00, real=0.01 secs] 
2015-04-01T14:08:22.559-0700: 13219102.631: [CMS-concurrent-mark: 0.362/0.365 secs] [Times: user=2.20 sys=0.00, real=0.36 secs] 
2015-04-01T14:08:22.600-0700: 13219102.673: [CMS-concurrent-preclean: 0.041/0.041 secs] [Times: user=0.05 sys=0.00, real=0.04 secs] 
 CMS: abort preclean due to time 2015-04-01T14:08:27.624-0700: 13219107.696: [CMS-concurrent-abortable-preclean: 3.385/5.024 secs] [Times: user=3.79 sys=0.13, real=5.03 secs] 
2015-04-01T14:08:27.625-0700: 13219107.698: [GC[YG occupancy: 175828 K (440896 K)]13219107.698: [Rescan (parallel) , 0.0063690 secs]13219107.704: [weak refs processing, 0.0059720 secs] [1 CMS-remark: 8477604K(12093056K)] 8653432K(12533952K), 0.0126270 secs] [Times: user=0.09 sys=0.00, real=0.01 secs] 
2015-04-01T14:08:28.367-0700: 13219108.439: [CMS-concurrent-sweep: 0.729/0.729 secs] [Times: user=0.79 sys=0.02, real=0.73 secs] 
2015-04-01T14:08:28.394-0700: 13219108.467: [CMS-concurrent-reset: 0.027/0.027 secs] [Times: user=0.03 sys=0.01, real=0.03 secs] 
: 440749K->48960K(440896K), 0.0225030 secs] 4114002K->3782578K(12533952K), 0.0227110 secs] [Times: user=0.33 sys=0.00, real=0.03 secs] 
: 440774K->48960K(440896K), 0.0209940 secs] 4174392K->3847978K(12533952K), 0.0212620 secs] [Times: user=0.29 sys=0.01, real=0.02 secs] 
: 440717K->48960K(440896K), 0.0183010 secs] 4239735K->3908967K(12533952K), 0.0184880 secs] [Times: user=0.29 sys=0.00, real=0.02 secs] 
: 440863K->48960K(440896K), 0.0199510 secs] 4300870K->3960225K(12533952K), 0.0201010 secs] [Times: user=0.32 sys=0.01, real=0.02 secs] 
: 440725K->48960K(440896K), 0.0191220 secs] 4351990K->4023430K(12533952K), 0.0193160 secs] [Times: user=0.29 sys=0.00, real=0.02 secs] 
: 440658K->48902K(440896K), 0.0208550 secs] 4415129K->4087238K(12533952K), 0.0210510 secs] [Times: user=0.30 sys=0.01, real=0.03 secs] 
: 440789K->48960K(440896K), 0.0179470 secs] 4479126K->4147784K(12533952K), 0.0181140 secs] [Times: user=0.26 sys=0.00, real=0.02 secs] 
: 440896K->48960K(440896K), 0.0188180 secs] 4539720K->4212463K(12533952K), 0.0189700 secs] [Times: user=0.27 sys=0.01, real=0.02 secs] 
: 440874K->48960K(440896K), 0.0183780 secs] 4604377K->4273629K(12533952K), 0.0185260 secs] [Times: user=0.26 sys=0.01, real=0.02 secs] 
: 440896K->48945K(440896K), 0.0205320 secs] 4665565K->4335473K(12533952K), 0.0207490 secs] [Times: user=0.29 sys=0.00, real=0.02 secs] 
: 440692K->48960K(440896K), 0.0305760 secs] 4727220K->4399937K(12533952K), 0.0307730 secs] [Times: user=0.30 sys=0.01, real=0.03 secs] 
: 440896K->48960K(440896K), 0.0216600 secs] 4791873K->4460705K(12533952K), 0.0218570 secs] [Times: user=0.28 sys=0.00, real=0.02 secs] 
: 440869K->48960K(440896K), 0.0222170 secs] 4852615K->4526692K(12533952K), 0.0224190 secs] [Times: user=0.29 sys=0.01, real=0.02 secs] 
: 440896K->48960K(440896K), 0.0234300 secs] 4918628K->4584411K(12533952K), 0.0237740 secs] [Times: user=0.30 sys=0.00, real=0.03 secs] 
: 440862K->48960K(440896K), 0.0195720 secs] 4976314K->4648304K(12533952K), 0.0197750 secs] [Times: user=0.25 sys=0.01, real=0.02 secs] 
: 440641K->48960K(440896K), 0.0206010 secs] 5039985K->4709865K(12533952K), 0.0207760 secs] [Times: user=0.28 sys=0.00, real=0.02 secs] 
: 440880K->48960K(440896K), 0.0175650 secs] 5101786K->4784712K(12533952K), 0.0177140 secs] [Times: user=0.24 sys=0.00, real=0.01 secs] 
: 440726K->48960K(440896K), 0.0216960 secs] 5176479K->4838257K(12533952K), 0.0219200 secs] [Times: user=0.32 sys=0.00, real=0.02 secs] 
: 440896K->48960K(440896K), 0.0221080 secs] 5230193K->4904434K(12533952K), 0.0223360 secs] [Times: user=0.29 sys=0.01, real=0.03 secs] 
: 440661K->48959K(440896K), 0.0178250 secs] 5296136K->4964796K(12533952K), 0.0179980 secs] [Times: user=0.27 sys=0.00, real=0.02 secs] 
: 440895K->48960K(440896K), 0.0195650 secs] 5356732K->5025177K(12533952K), 0.0197470 secs] [Times: user=0.29 sys=0.00, real=0.02 secs] 
: 440654K->48960K(440896K), 0.0291880 secs] 5416871K->5088534K(12533952K), 0.0294210 secs] [Times: user=0.35 sys=0.01, real=0.03 secs] 
: 440856K->48960K(440896K), 0.0256380 secs] 5480430K->5153277K(12533952K), 0.0258340 secs] [Times: user=0.27 sys=0.01, real=0.02 secs] 
: 440749K->48960K(440896K), 0.0247600 secs] 5545066K->5220690K(12533952K), 0.0249820 secs] [Times: user=0.29 sys=0.00, real=0.02 secs] 
: 440892K->48960K(440896K), 0.0229200 secs] 5612623K->5289964K(12533952K), 0.0231540 secs] [Times: user=0.27 sys=0.01, real=0.02 secs] 
: 440749K->48960K(440896K), 0.0210900 secs] 5681753K->5350223K(12533952K), 0.0212850 secs] [Times: user=0.29 sys=0.00, real=0.03 secs] 
: 440896K->48960K(440896K), 0.0213550 secs] 5742159K->5411206K(12533952K), 0.0215460 secs] [Times: user=0.29 sys=0.01, real=0.02 secs] 
: 440882K->48960K(440896K), 0.0212300 secs] 5803128K->5473369K(12533952K), 0.0214100 secs] [Times: user=0.33 sys=0.00, real=0.02 secs] 
: 440896K->48960K(440896K), 0.0184980 secs] 5865305K->5535269K(12533952K), 0.0186310 secs] [Times: user=0.28 sys=0.00, real=0.02 secs] 
: 440896K->48960K(440896K), 0.0222460 secs] 5927205K->5600518K(12533952K), 0.0224860 secs] [Times: user=0.30 sys=0.01, real=0.02 secs] 
: 440714K->48960K(440896K), 0.0206730 secs] 5992272K->5660440K(12533952K), 0.0211460 secs] [Times: user=0.25 sys=0.01, real=0.02 secs] 
: 440652K->48960K(440896K), 0.0204520 secs] 6052132K->5728688K(12533952K), 0.0206630 secs] [Times: user=0.30 sys=0.00, real=0.02 secs] 
: 440890K->48960K(440896K), 0.0195240 secs] 6120618K->5789822K(12533952K), 0.0197550 secs] [Times: user=0.28 sys=0.00, real=0.02 secs] 
: 440725K->48960K(440896K), 0.0215770 secs] 6181587K->5858233K(12533952K), 0.0217260 secs] [Times: user=0.34 sys=0.01, real=0.02 secs] 
: 440840K->48960K(440896K), 0.0219100 secs] 6250113K->5920584K(12533952K), 0.0221120 secs] [Times: user=0.28 sys=0.00, real=0.02 secs] 
: 440795K->48960K(440896K), 0.0222790 secs] 6312420K->5982284K(12533952K), 0.0224790 secs] [Times: user=0.29 sys=0.01, real=0.02 secs] 
: 440696K->48960K(440896K), 0.0249310 secs] 6374021K->6039215K(12533952K), 0.0251280 secs] [Times: user=0.27 sys=0.01, real=0.02 secs] 
: 440890K->48960K(440896K), 0.0255350 secs] 6431146K->6108471K(12533952K), 0.0257420 secs] [Times: user=0.36 sys=0.00, real=0.02 secs] 
: 440896K->48960K(440896K), 0.0252610 secs] 6500407K->6178122K(12533952K), 0.0254590 secs] [Times: user=0.32 sys=0.00, real=0.03 secs] 
: 440736K->48960K(440896K), 0.0218390 secs] 6569898K->6223437K(12533952K), 0.0220320 secs] [Times: user=0.31 sys=0.00, real=0.02 secs] 
: 440836K->48960K(440896K), 0.0206250 secs] 6615314K->6291446K(12533952K), 0.0207970 secs] [Times: user=0.30 sys=0.00, real=0.02 secs] 
: 440772K->48960K(440896K), 0.0216120 secs] 6683258K->6351984K(12533952K), 0.0218060 secs] [Times: user=0.25 sys=0.00, real=0.02 secs] 
: 440880K->48960K(440896K), 0.0199350 secs] 6743905K->6419648K(12533952K), 0.0201410 secs] [Times: user=0.25 sys=0.01, real=0.02 secs] 
: 440663K->48960K(440896K), 0.0207230 secs] 6811352K->6482253K(12533952K), 0.0208730 secs] [Times: user=0.35 sys=0.00, real=0.02 secs] 
: 440878K->48960K(440896K), 0.0215870 secs] 6874172K->6548717K(12533952K), 0.0217430 secs] [Times: user=0.33 sys=0.00, real=0.02 secs] 
: 440896K->48960K(440896K), 0.0237780 secs] 6940653K->6608540K(12533952K), 0.0240250 secs] [Times: user=0.26 sys=0.01, real=0.03 secs] 
: 440717K->48960K(440896K), 0.0218370 secs] 7000298K->6677085K(12533952K), 0.0220310 secs] [Times: user=0.26 sys=0.00, real=0.02 secs] 
: 440896K->48960K(440896K), 0.0207400 secs] 7069021K->6740001K(12533952K), 0.0209480 secs] [Times: user=0.25 sys=0.00, real=0.02 secs] 
: 440889K->48960K(440896K), 0.0189920 secs] 7131931K->6804931K(12533952K), 0.0195850 secs] [Times: user=0.27 sys=0.01, real=0.02 secs] 
: 440682K->48960K(440896K), 0.0204430 secs] 7196653K->6869388K(12533952K), 0.0206340 secs] [Times: user=0.28 sys=0.00, real=0.02 secs] 
: 440896K->48960K(440896K), 0.0196840 secs] 7261324K->6932194K(12533952K), 0.0198830 secs] [Times: user=0.23 sys=0.00, real=0.02 secs] 
: 440839K->48960K(440896K), 0.0245260 secs] 7324074K->6997135K(12533952K), 0.0247160 secs] [Times: user=0.32 sys=0.00, real=0.02 secs] 
: 440853K->48960K(440896K), 0.0257960 secs] 7389028K->7060297K(12533952K), 0.0260000 secs] [Times: user=0.38 sys=0.01, real=0.03 secs] 
: 440833K->48960K(440896K), 0.0250530 secs] 7452171K->7131648K(12533952K), 0.0252450 secs] [Times: user=0.36 sys=0.00, real=0.03 secs] 
: 440896K->48960K(440896K), 0.0192880 secs] 7523584K->7184234K(12533952K), 0.0194730 secs] [Times: user=0.27 sys=0.00, real=0.02 secs] 
: 440893K->48960K(440896K), 0.0232810 secs] 7576168K->7248953K(12533952K), 0.0234650 secs] [Times: user=0.35 sys=0.00, real=0.03 secs] 
: 440896K->37451K(440896K), 0.0182580 secs] 7640889K->7272792K(12533952K), 0.0184920 secs] [Times: user=0.22 sys=0.00, real=0.02 secs] 
: 429387K->16857K(440896K), 0.0147380 secs] 7664728K->7252198K(12533952K), 0.0149240 secs] [Times: user=0.28 sys=0.01, real=0.01 secs] 
: 408793K->16555K(440896K), 0.0124750 secs] 7644134K->7251896K(12533952K), 0.0126790 secs] [Times: user=0.21 sys=0.00, real=0.01 secs] 
: 408491K->16565K(440896K), 0.0134230 secs] 7643832K->7251907K(12533952K), 0.0136420 secs] [Times: user=0.26 sys=0.00, real=0.01 secs] 
: 408501K->12640K(440896K), 0.0124840 secs] 7643843K->7254002K(12533952K), 0.0126790 secs] [Times: user=0.21 sys=0.00, real=0.01 secs] 
: 404576K->11166K(440896K), 0.0121290 secs] 7645938K->7255279K(12533952K), 0.0122790 secs] [Times: user=0.23 sys=0.00, real=0.02 secs] 
: 403102K->9400K(440896K), 0.0101560 secs] 7647215K->7255682K(12533952K), 0.0103850 secs] [Times: user=0.19 sys=0.00, real=0.01 secs] 
: 401336K->6679K(440896K), 0.0123270 secs] 7647618K->7256052K(12533952K), 0.0125190 secs] [Times: user=0.21 sys=0.01, real=0.02 secs] 
: 398615K->5476K(440896K), 0.0123620 secs] 7647988K->7257220K(12533952K), 0.0125740 secs] [Times: user=0.23 sys=0.00, real=0.01 secs] 
: 397412K->3842K(440896K), 0.0105420 secs] 7649156K->7257332K(12533952K), 0.0107480 secs] [Times: user=0.19 sys=0.00, real=0.01 secs] 
: 395778K->3815K(440896K), 0.0113960 secs] 7649268K->7258115K(12533952K), 0.0116310 secs] [Times: user=0.20 sys=0.00, real=0.01 secs] 
: 395751K->3727K(440896K), 0.0128340 secs] 7650051K->7258856K(12533952K), 0.0129750 secs] [Times: user=0.25 sys=0.00, real=0.01 secs] 
: 395663K->3050K(440896K), 0.0109510 secs] 7650792K->7259225K(12533952K), 0.0111260 secs] [Times: user=0.20 sys=0.00, real=0.01 secs] 
: 394986K->3338K(440896K), 0.0167140 secs] 7651161K->7259683K(12533952K), 0.0168830 secs] [Times: user=0.31 sys=0.00, real=0.01 secs] 
: 395274K->4251K(440896K), 0.0136190 secs] 7651619K->7261263K(12533952K), 0.0137440 secs] [Times: user=0.26 sys=0.00, real=0.01 secs] 
: 396187K->4926K(440896K), 0.0129600 secs] 7653199K->7262697K(12533952K), 0.0131260 secs] [Times: user=0.25 sys=0.00, real=0.01 secs] 
: 396862K->4631K(440896K), 0.0140820 secs] 7654633K->7262986K(12533952K), 0.0143110 secs] [Times: user=0.26 sys=0.00, real=0.02 secs] 
: 396567K->4929K(440896K), 0.0097720 secs] 7654922K->7263679K(12533952K), 0.0100060 secs] [Times: user=0.18 sys=0.00, real=0.01 secs] 
: 396865K->4425K(440896K), 0.0115930 secs] 7655615K->7264696K(12533952K), 0.0117910 secs] [Times: user=0.20 sys=0.00, real=0.01 secs] 
: 396361K->3756K(440896K), 0.0118450 secs] 7656632K->7265458K(12533952K), 0.0120480 secs] [Times: user=0.21 sys=0.00, real=0.02 secs] 
: 395692K->4284K(440896K), 0.0111140 secs] 7657394K->7266250K(12533952K), 0.0113570 secs] [Times: user=0.20 sys=0.00, real=0.02 secs] 
: 396220K->4387K(440896K), 0.0123030 secs] 7658186K->7267065K(12533952K), 0.0125250 secs] [Times: user=0.24 sys=0.00, real=0.01 secs] 
: 396323K->4433K(440896K), 0.0113970 secs] 7659001K->7268086K(12533952K), 0.0116260 secs] [Times: user=0.20 sys=0.00, real=0.01 secs] 
: 396369K->23610K(440896K), 0.0137840 secs] 7660022K->7288053K(12533952K), 0.0140180 secs] [Times: user=0.25 sys=0.00, real=0.02 secs] 
: 415546K->7893K(440896K), 0.0151740 secs] 7679989K->7273164K(12533952K), 0.0153860 secs] [Times: user=0.29 sys=0.00, real=0.01 secs] 
: 399829K->12614K(440896K), 0.0129050 secs] 7665100K->7278647K(12533952K), 0.0131330 secs] [Times: user=0.24 sys=0.00, real=0.02 secs] 
: 404550K->29468K(440896K), 0.0147970 secs] 7670583K->7296677K(12533952K), 0.0150420 secs] [Times: user=0.27 sys=0.00, real=0.01 secs] 
: 421404K->10361K(440896K), 0.0148400 secs] 7688613K->7281068K(12533952K), 0.0150550 secs] [Times: user=0.28 sys=0.00, real=0.02 secs] 
: 402297K->15496K(440896K), 0.0117810 secs] 7673004K->7287501K(12533952K), 0.0119970 secs] [Times: user=0.21 sys=0.00, real=0.01 secs] 
: 407432K->11305K(440896K), 0.0123030 secs] 7679437K->7284990K(12533952K), 0.0125230 secs] [Times: user=0.21 sys=0.00, real=0.01 secs] 
: 403241K->10196K(440896K), 0.0116520 secs] 7676926K->7287444K(12533952K), 0.0118600 secs] [Times: user=0.22 sys=0.01, real=0.01 secs] 
: 401959K->9260K(440896K), 0.0158970 secs] 7679207K->7289160K(12533952K), 0.0160360 secs] [Times: user=0.27 sys=0.00, real=0.01 secs] 
: 401196K->9451K(440896K), 0.0128070 secs] 7681096K->7291617K(12533952K), 0.0129780 secs] [Times: user=0.23 sys=0.00, real=0.01 secs] 
: 401387K->9474K(440896K), 0.0127990 secs] 7683553K->7293448K(12533952K), 0.0130210 secs] [Times: user=0.24 sys=0.00, real=0.01 secs] 
: 401410K->8700K(440896K), 0.0121770 secs] 7685384K->7295181K(12533952K), 0.0124140 secs] [Times: user=0.23 sys=0.00, real=0.01 secs] 
: 400636K->8690K(440896K), 0.0122840 secs] 7687117K->7296946K(12533952K), 0.0124720 secs] [Times: user=0.22 sys=0.00, real=0.01 secs] 
: 400626K->8079K(440896K), 0.0118160 secs] 7688882K->7298513K(12533952K), 0.0120360 secs] [Times: user=0.21 sys=0.00, real=0.02 secs] 
: 399768K->8273K(440896K), 0.0098530 secs] 7690202K->7300461K(12533952K), 0.0100700 secs] [Times: user=0.17 sys=0.00, real=0.01 secs] 
: 400209K->8151K(440896K), 0.0095720 secs] 7692397K->7302149K(12533952K), 0.0097910 secs] [Times: user=0.19 sys=0.00, real=0.01 secs] 
: 400087K->7596K(440896K), 0.0126200 secs] 7694085K->7303472K(12533952K), 0.0128360 secs] [Times: user=0.24 sys=0.00, real=0.01 secs] 
: 399517K->7841K(440896K), 0.0129190 secs] 7695393K->7305275K(12533952K), 0.0131130 secs] [Times: user=0.23 sys=0.01, real=0.02 secs] 
: 399777K->6919K(440896K), 0.0115460 secs] 7697211K->7306228K(12533952K), 0.0117610 secs] [Times: user=0.23 sys=0.00, real=0.01 secs] 
: 398855K->5856K(440896K), 0.0117940 secs] 7698164K->7307106K(12533952K), 0.0120070 secs] [Times: user=0.21 sys=0.00, real=0.01 secs] 
: 397792K->6380K(440896K), 0.0139610 secs] 7699042K->7308987K(12533952K), 0.0142120 secs] [Times: user=0.27 sys=0.00, real=0.01 secs] 
: 391474K->5642K(440896K), 0.0113850 secs] 7694080K->7309936K(12533952K), 0.0116750 secs] [Times: user=0.20 sys=0.00, real=0.01 secs] 
: 397578K->5795K(440896K), 0.0130960 secs] 7701872K->7310992K(12533952K), 0.0133120 secs] [Times: user=0.25 sys=0.00, real=0.01 secs] 
: 397731K->5780K(440896K), 0.0149590 secs] 7702928K->7311987K(12533952K), 0.0151790 secs] [Times: user=0.29 sys=0.00, real=0.01 secs] 
: 397716K->4935K(440896K), 0.0142000 secs] 7703923K->7312966K(12533952K), 0.0144050 secs] [Times: user=0.26 sys=0.00, real=0.01 secs] 
: 396871K->5084K(440896K), 0.0112770 secs] 7704902K->7314120K(12533952K), 0.0114910 secs] [Times: user=0.21 sys=0.00, real=0.01 secs] 
: 397020K->5374K(440896K), 0.0102510 secs] 7706056K->7315220K(12533952K), 0.0104150 secs] [Times: user=0.19 sys=0.00, real=0.01 secs] 
: 397310K->6677K(440896K), 0.0126710 secs] 7707156K->7317434K(12533952K), 0.0129100 secs] [Times: user=0.21 sys=0.00, real=0.02 secs] 
: 398613K->7549K(440896K), 0.0134640 secs] 7709370K->7319393K(12533952K), 0.0136470 secs] [Times: user=0.25 sys=0.00, real=0.01 secs] 
: 399485K->8204K(440896K), 0.0118430 secs] 7711329K->7321439K(12533952K), 0.0120450 secs] [Times: user=0.21 sys=0.00, real=0.01 secs] 
: 400140K->8312K(440896K), 0.0105960 secs] 7713375K->7322594K(12533952K), 0.0108610 secs] [Times: user=0.19 sys=0.00, real=0.02 secs] 
: 400248K->7808K(440896K), 0.0122520 secs] 7714530K->7324160K(12533952K), 0.0124680 secs] [Times: user=0.23 sys=0.00, real=0.01 secs] 
: 399744K->7737K(440896K), 0.0119030 secs] 7716096K->7326067K(12533952K), 0.0121240 secs] [Times: user=0.22 sys=0.00, real=0.01 secs] 
: 399673K->6965K(440896K), 0.0093590 secs] 7718003K->7327364K(12533952K), 0.0095570 secs] [Times: user=0.16 sys=0.00, real=0.01 secs] 
: 398901K->6810K(440896K), 0.0116910 secs] 7719300K->7328451K(12533952K), 0.0119120 secs] [Times: user=0.21 sys=0.00, real=0.01 secs] 
: 398746K->5934K(440896K), 0.0105900 secs] 7720387K->7329000K(12533952K), 0.0108000 secs] [Times: user=0.18 sys=0.00, real=0.01 secs] 
: 397870K->5100K(440896K), 0.0106450 secs] 7720936K->7330138K(12533952K), 0.0108610 secs] [Times: user=0.21 sys=0.00, real=0.01 secs] 
: 397036K->5556K(440896K), 0.0113690 secs] 7722074K->7331895K(12533952K), 0.0115930 secs] [Times: user=0.21 sys=0.00, real=0.01 secs] 
: 397492K->5741K(440896K), 0.0132030 secs] 7723831K->7333190K(12533952K), 0.0134180 secs] [Times: user=0.24 sys=0.00, real=0.01 secs] 
: 397677K->6139K(440896K), 0.0097880 secs] 7725126K->7334303K(12533952K), 0.0100520 secs] [Times: user=0.17 sys=0.00, real=0.01 secs] 
: 398075K->6515K(440896K), 0.0112770 secs] 7726239K->7335656K(12533952K), 0.0114880 secs] [Times: user=0.21 sys=0.00, real=0.01 secs] 
: 398451K->5727K(440896K), 0.0132740 secs] 7727592K->7336606K(12533952K), 0.0135020 secs] [Times: user=0.25 sys=0.00, real=0.01 secs] 
: 397663K->5003K(440896K), 0.0123490 secs] 7728542K->7337247K(12533952K), 0.0125750 secs] [Times: user=0.22 sys=0.00, real=0.01 secs] 
: 396939K->5009K(440896K), 0.0109720 secs] 7729183K->7338418K(12533952K), 0.0112040 secs] [Times: user=0.20 sys=0.00, real=0.01 secs] 
: 396945K->4724K(440896K), 0.0117920 secs] 7730354K->7339296K(12533952K), 0.0120020 secs] [Times: user=0.21 sys=0.00, real=0.01 secs] 
: 396660K->5013K(440896K), 0.0109880 secs] 7731232K->7340545K(12533952K), 0.0111520 secs] [Times: user=0.20 sys=0.00, real=0.01 secs] 
: 396949K->6288K(440896K), 0.0109600 secs] 7732481K->7342478K(12533952K), 0.0111140 secs] [Times: user=0.20 sys=0.00, real=0.01 secs] 
: 398224K->6176K(440896K), 0.0095450 secs] 7734414K->7343714K(12533952K), 0.0097090 secs] [Times: user=0.16 sys=0.00, real=0.01 secs] 
: 398112K->7605K(440896K), 0.0138760 secs] 7735650K->7345779K(12533952K), 0.0141280 secs] [Times: user=0.27 sys=0.00, real=0.02 secs] 
: 399541K->10174K(440896K), 0.0101790 secs] 7737715K->7349252K(12533952K), 0.0103160 secs] [Times: user=0.21 sys=0.00, real=0.01 secs] 
: 402110K->12187K(440896K), 0.0104460 secs] 7741188K->7352602K(12533952K), 0.0106850 secs] [Times: user=0.20 sys=0.00, real=0.01 secs] 
: 404123K->13461K(440896K), 0.0126570 secs] 7744538K->7355258K(12533952K), 0.0128380 secs] [Times: user=0.26 sys=0.00, real=0.01 secs] 
: 405397K->12450K(440896K), 0.0134040 secs] 7747194K->7357092K(12533952K), 0.0135790 secs] [Times: user=0.25 sys=0.00, real=0.01 secs] 
: 404386K->11999K(440896K), 0.0110140 secs] 7749028K->7359938K(12533952K), 0.0112600 secs] [Times: user=0.20 sys=0.00, real=0.01 secs] 
: 403935K->11459K(440896K), 0.0122960 secs] 7751874K->7362654K(12533952K), 0.0125110 secs] [Times: user=0.23 sys=0.00, real=0.01 secs] 
: 403395K->11424K(440896K), 0.0136930 secs] 7754590K->7365248K(12533952K), 0.0138750 secs] [Times: user=0.26 sys=0.00, real=0.01 secs] 
: 403360K->11085K(440896K), 0.0138180 secs] 7757184K->7366710K(12533952K), 0.0140260 secs] [Times: user=0.27 sys=0.00, real=0.02 secs] 
: 403021K->10274K(440896K), 0.0147570 secs] 7758646K->7369171K(12533952K), 0.0149990 secs] [Times: user=0.22 sys=0.00, real=0.01 secs] 
: 402210K->9645K(440896K), 0.0098630 secs] 7761107K->7370514K(12533952K), 0.0100930 secs] [Times: user=0.18 sys=0.00, real=0.01 secs] 
: 401581K->9231K(440896K), 0.0129670 secs] 7762450K->7372601K(12533952K), 0.0131800 secs] [Times: user=0.23 sys=0.00, real=0.01 secs] 
: 401167K->9364K(440896K), 0.0116590 secs] 7764537K->7374087K(12533952K), 0.0118700 secs] [Times: user=0.19 sys=0.00, real=0.01 secs] 
: 401300K->9070K(440896K), 0.0120090 secs] 7766023K->7376098K(12533952K), 0.0122190 secs] [Times: user=0.22 sys=0.00, real=0.01 secs] 
: 401006K->8459K(440896K), 0.0114140 secs] 7768034K->7377594K(12533952K), 0.0115520 secs] [Times: user=0.18 sys=0.01, real=0.01 secs] 
: 400395K->8366K(440896K), 0.0114650 secs] 7769530K->7379926K(12533952K), 0.0116800 secs] [Times: user=0.21 sys=0.00, real=0.01 secs] 
: 400279K->8200K(440896K), 0.0130910 secs] 7771838K->7381284K(12533952K), 0.0133070 secs] [Times: user=0.25 sys=0.00, real=0.01 secs] 
: 400048K->11090K(440896K), 0.0112090 secs] 7773131K->7386124K(12533952K), 0.0114410 secs] [Times: user=0.20 sys=0.00, real=0.01 secs] 
: 403026K->11686K(440896K), 0.0125790 secs] 7778060K->7388036K(12533952K), 0.0127820 secs] [Times: user=0.22 sys=0.00, real=0.01 secs] 
: 403622K->10553K(440896K), 0.0110820 secs] 7779972K->7389185K(12533952K), 0.0112980 secs] [Times: user=0.20 sys=0.00, real=0.01 secs] 
: 402489K->10611K(440896K), 0.0123460 secs] 7781121K->7390653K(12533952K), 0.0126060 secs] [Times: user=0.22 sys=0.00, real=0.01 secs] 
: 402525K->44065K(440896K), 0.0138630 secs] 7782567K->7425101K(12533952K), 0.0140450 secs] [Times: user=0.28 sys=0.00, real=0.02 secs] 
: 435922K->48960K(440896K), 0.0244290 secs] 7816958K->7500530K(12533952K), 0.0246770 secs] [Times: user=0.30 sys=0.01, real=0.03 secs] 
: 440827K->48960K(440896K), 0.0207000 secs] 7892398K->7565444K(12533952K), 0.0209100 secs] [Times: user=0.29 sys=0.01, real=0.02 secs] 
: 440816K->48910K(440896K), 0.0246520 secs] 7957300K->7617342K(12533952K), 0.0248540 secs] [Times: user=0.35 sys=0.01, real=0.03 secs] 
: 440739K->48960K(440896K), 0.0246330 secs] 8009171K->7680653K(12533952K), 0.0248490 secs] [Times: user=0.35 sys=0.00, real=0.02 secs] 
: 440895K->44531K(440896K), 0.0195450 secs] 8072589K->7724259K(12533952K), 0.0197990 secs] [Times: user=0.29 sys=0.00, real=0.02 secs] 
: 436416K->48953K(440896K), 0.0216920 secs] 8116145K->7788789K(12533952K), 0.0219130 secs] [Times: user=0.29 sys=0.01, real=0.02 secs] 
: 440889K->48960K(440896K), 0.0177000 secs] 8180725K->7853525K(12533952K), 0.0178760 secs] [Times: user=0.25 sys=0.00, real=0.02 secs] 
: 440727K->48960K(440896K), 0.0223500 secs] 8245293K->7917580K(12533952K), 0.0225380 secs] [Times: user=0.31 sys=0.00, real=0.02 secs] 
: 440708K->48926K(440896K), 0.0234580 secs] 8309329K->7981889K(12533952K), 0.0237260 secs] [Times: user=0.30 sys=0.00, real=0.03 secs] 
: 440640K->48942K(440896K), 0.0242730 secs] 8373603K->8045913K(12533952K), 0.0244930 secs] [Times: user=0.32 sys=0.01, real=0.03 secs] 
: 440867K->45986K(440896K), 0.0182640 secs] 8437837K->8090965K(12533952K), 0.0184740 secs] [Times: user=0.29 sys=0.00, real=0.02 secs] 
: 437922K->48960K(440896K), 0.0202860 secs] 8482901K->8153315K(12533952K), 0.0205590 secs] [Times: user=0.27 sys=0.01, real=0.02 secs] 
: 440661K->48960K(440896K), 0.0260480 secs] 8545017K->8220851K(12533952K), 0.0262760 secs] [Times: user=0.38 sys=0.00, real=0.03 secs] 
: 440859K->48960K(440896K), 0.0304100 secs] 8612750K->8274819K(12533952K), 0.0306650 secs] [Times: user=0.40 sys=0.01, real=0.03 secs] 
: 440885K->48960K(440896K), 0.0245240 secs] 8666744K->8351596K(12533952K), 0.0247240 secs] [Times: user=0.29 sys=0.00, real=0.02 secs] 
: 440896K->48960K(440896K), 0.0241800 secs] 8743532K->8401192K(12533952K), 0.0243950 secs] [Times: user=0.41 sys=0.00, real=0.02 secs] 
: 440873K->48960K(440896K), 0.0226110 secs] 8793105K->8464882K(12533952K), 0.0228350 secs] [Times: user=0.33 sys=0.01, real=0.02 secs] 
: 440815K->48951K(440896K), 0.0271340 secs] 8856738K->8523032K(12533952K), 0.0273730 secs] [Times: user=0.37 sys=0.00, real=0.03 secs] 
2015-04-01T14:29:28.079-0700: 13220368.152: [GC [1 CMS-initial-mark: 8474080K(12093056K)] 8523380K(12533952K), 0.0079060 secs] [Times: user=0.01 sys=0.00, real=0.01 secs] 
2015-04-01T14:29:28.382-0700: 13220368.454: [CMS-concurrent-mark: 0.294/0.294 secs] [Times: user=1.80 sys=0.00, real=0.29 secs] 
2015-04-01T14:29:28.416-0700: 13220368.489: [CMS-concurrent-preclean: 0.034/0.034 secs] [Times: user=0.04 sys=0.00, real=0.04 secs] 
 CMS: abort preclean due to time 2015-04-01T14:29:33.512-0700: 13220373.585: [CMS-concurrent-abortable-preclean: 3.098/5.096 secs] [Times: user=3.47 sys=0.12, real=5.09 secs] 
2015-04-01T14:29:33.514-0700: 13220373.586: [GC[YG occupancy: 184091 K (440896 K)]13220373.586: [Rescan (parallel) , 0.0242550 secs]13220373.611: [weak refs processing, 0.0054130 secs] [1 CMS-remark: 8474080K(12093056K)] 8658172K(12533952K), 0.0299870 secs] [Times: user=0.45 sys=0.00, real=0.03 secs] 
2015-04-01T14:29:34.567-0700: 13220374.639: [CMS-concurrent-sweep: 1.023/1.023 secs] [Times: user=1.10 sys=0.03, real=1.03 secs] 
2015-04-01T14:29:34.600-0700: 13220374.672: [CMS-concurrent-reset: 0.033/0.033 secs] [Times: user=0.03 sys=0.00, real=0.03 secs] 
: 440660K->48917K(440896K), 0.0235450 secs] 3819788K->3501234K(12533952K), 0.0237700 secs] [Times: user=0.34 sys=0.01, real=0.02 secs] 
: 440750K->48943K(440896K), 0.0220140 secs] 3893067K->3555806K(12533952K), 0.0222160 secs] [Times: user=0.33 sys=0.00, real=0.03 secs] 
: 440859K->48952K(440896K), 0.0196480 secs] 3947722K->3616800K(12533952K), 0.0199190 secs] [Times: user=0.30 sys=0.00, real=0.02 secs] 
: 440637K->48960K(440896K), 0.0212050 secs] 4008485K->3683776K(12533952K), 0.0214380 secs] [Times: user=0.34 sys=0.00, real=0.02 secs] 
: 440726K->48949K(440896K), 0.0208420 secs] 4075543K->3749172K(12533952K), 0.0210670 secs] [Times: user=0.29 sys=0.00, real=0.02 secs] 
: 440710K->48960K(440896K), 0.0211800 secs] 4140933K->3806669K(12533952K), 0.0214040 secs] [Times: user=0.30 sys=0.00, real=0.03 secs] 
: 440653K->48924K(440896K), 0.0195880 secs] 4198363K->3868236K(12533952K), 0.0198250 secs] [Times: user=0.23 sys=0.00, real=0.02 secs] 
: 440765K->48920K(440896K), 0.0207800 secs] 4260077K->3929018K(12533952K), 0.0209950 secs] [Times: user=0.26 sys=0.00, real=0.02 secs] 
: 440636K->48960K(440896K), 0.0230540 secs] 4320733K->4001439K(12533952K), 0.0232770 secs] [Times: user=0.24 sys=0.01, real=0.03 secs] 
: 440786K->48960K(440896K), 0.0243960 secs] 4393265K->4056838K(12533952K), 0.0245620 secs] [Times: user=0.28 sys=0.01, real=0.03 secs] 
: 440896K->48904K(440896K), 0.0273360 secs] 4448774K->4116966K(12533952K), 0.0275560 secs] [Times: user=0.28 sys=0.00, real=0.02 secs] 
: 440639K->48955K(440896K), 0.0176430 secs] 4508701K->4180236K(12533952K), 0.0178430 secs] [Times: user=0.23 sys=0.01, real=0.01 secs] 
: 440644K->48960K(440896K), 0.0208510 secs] 4571925K->4242611K(12533952K), 0.0210680 secs] [Times: user=0.31 sys=0.01, real=0.02 secs] 
: 440838K->48960K(440896K), 0.0225210 secs] 4634489K->4312422K(12533952K), 0.0227420 secs] [Times: user=0.32 sys=0.01, real=0.02 secs] 
: 440896K->48960K(440896K), 0.0206970 secs] 4704358K->4372169K(12533952K), 0.0209190 secs] [Times: user=0.32 sys=0.00, real=0.03 secs] 
: 440684K->48960K(440896K), 0.0216700 secs] 4763893K->4434070K(12533952K), 0.0218410 secs] [Times: user=0.31 sys=0.01, real=0.03 secs] 
: 439035K->48960K(440896K), 0.0206380 secs] 4824146K->4504769K(12533952K), 0.0211340 secs] [Times: user=0.32 sys=0.00, real=0.03 secs] 
: 440896K->48960K(440896K), 0.0264090 secs] 4896705K->4572176K(12533952K), 0.0266230 secs] [Times: user=0.35 sys=0.01, real=0.02 secs] 
: 440838K->48960K(440896K), 0.0197130 secs] 4964055K->4619264K(12533952K), 0.0198820 secs] [Times: user=0.33 sys=0.00, real=0.02 secs] 
: 440707K->48960K(440896K), 0.0302140 secs] 5011012K->4699855K(12533952K), 0.0304280 secs] [Times: user=0.35 sys=0.00, real=0.03 secs] 
: 440896K->48921K(440896K), 0.0202360 secs] 5091791K->4752489K(12533952K), 0.0204530 secs] [Times: user=0.27 sys=0.00, real=0.02 secs] 
: 440857K->48960K(440896K), 0.0207120 secs] 5144425K->4813862K(12533952K), 0.0209320 secs] [Times: user=0.26 sys=0.01, real=0.02 secs] 
: 440705K->48938K(440896K), 0.0225590 secs] 5205607K->4876321K(12533952K), 0.0227800 secs] [Times: user=0.32 sys=0.00, real=0.03 secs] 
: 440874K->48960K(440896K), 0.0251310 secs] 5268257K->4940383K(12533952K), 0.0253890 secs] [Times: user=0.28 sys=0.01, real=0.03 secs] 
: 440754K->48960K(440896K), 0.0238180 secs] 5332177K->5004905K(12533952K), 0.0240780 secs] [Times: user=0.28 sys=0.01, real=0.02 secs] 
: 440778K->48960K(440896K), 0.0220760 secs] 5396723K->5067076K(12533952K), 0.0222950 secs] [Times: user=0.32 sys=0.00, real=0.02 secs] 
: 440758K->48960K(440896K), 0.0232760 secs] 5458874K->5130987K(12533952K), 0.0235110 secs] [Times: user=0.30 sys=0.00, real=0.03 secs] 
: 440725K->48958K(440896K), 0.0212740 secs] 5522753K->5194956K(12533952K), 0.0214870 secs] [Times: user=0.23 sys=0.01, real=0.02 secs] 
: 440894K->48954K(440896K), 0.0202280 secs] 5586892K->5258555K(12533952K), 0.0204750 secs] [Times: user=0.23 sys=0.00, real=0.02 secs] 
: 440747K->48946K(440896K), 0.0205320 secs] 5650347K->5320054K(12533952K), 0.0207940 secs] [Times: user=0.27 sys=0.00, real=0.02 secs] 
: 440859K->48946K(440896K), 0.0196470 secs] 5711967K->5385172K(12533952K), 0.0198610 secs] [Times: user=0.25 sys=0.01, real=0.02 secs] 
: 440851K->48960K(440896K), 0.0219090 secs] 5777077K->5455709K(12533952K), 0.0220630 secs] [Times: user=0.23 sys=0.00, real=0.02 secs] 
: 440896K->48960K(440896K), 0.0183340 secs] 5847645K->5522213K(12533952K), 0.0184780 secs] [Times: user=0.26 sys=0.00, real=0.02 secs] 
: 440867K->48947K(440896K), 0.0160150 secs] 5914121K->5575612K(12533952K), 0.0161340 secs] [Times: user=0.25 sys=0.00, real=0.01 secs] 
: 440883K->48912K(440896K), 0.0195430 secs] 5967548K->5632369K(12533952K), 0.0196920 secs] [Times: user=0.25 sys=0.01, real=0.02 secs] 
: 440669K->48930K(440896K), 0.0251780 secs] 6024127K->5694088K(12533952K), 0.0253790 secs] [Times: user=0.30 sys=0.00, real=0.03 secs] 
: 440866K->48956K(440896K), 0.0243370 secs] 6086024K->5757259K(12533952K), 0.0245350 secs] [Times: user=0.26 sys=0.00, real=0.03 secs] 
: 440892K->48960K(440896K), 0.0205110 secs] 6149195K->5817036K(12533952K), 0.0207090 secs] [Times: user=0.28 sys=0.00, real=0.02 secs] 
: 440727K->48910K(440896K), 0.0239190 secs] 6208803K->5879911K(12533952K), 0.0241190 secs] [Times: user=0.28 sys=0.00, real=0.02 secs] 
: 440804K->48959K(440896K), 0.0213640 secs] 6271805K->5945090K(12533952K), 0.0215170 secs] [Times: user=0.26 sys=0.00, real=0.02 secs] 
: 440699K->48960K(440896K), 0.0206000 secs] 6336830K->6010995K(12533952K), 0.0207690 secs] [Times: user=0.30 sys=0.01, real=0.02 secs] 
: 440754K->48960K(440896K), 0.0196370 secs] 6402790K->6075386K(12533952K), 0.0197870 secs] [Times: user=0.30 sys=0.01, real=0.02 secs] 
: 440896K->48960K(440896K), 0.0205090 secs] 6467322K->6134217K(12533952K), 0.0207180 secs] [Times: user=0.24 sys=0.01, real=0.02 secs] 
: 440864K->48960K(440896K), 0.0252530 secs] 6526122K->6205406K(12533952K), 0.0254520 secs] [Times: user=0.34 sys=0.01, real=0.02 secs] 
: 440864K->48960K(440896K), 0.0207300 secs] 6597310K->6260305K(12533952K), 0.0209300 secs] [Times: user=0.27 sys=0.00, real=0.03 secs] 
: 440645K->48960K(440896K), 0.0220500 secs] 6651991K->6323818K(12533952K), 0.0222680 secs] [Times: user=0.29 sys=0.01, real=0.03 secs] 
: 440714K->48918K(440896K), 0.0222460 secs] 6715572K->6387565K(12533952K), 0.0224870 secs] [Times: user=0.31 sys=0.00, real=0.02 secs] 
: 440649K->48943K(440896K), 0.0242450 secs] 6779295K->6447911K(12533952K), 0.0244660 secs] [Times: user=0.29 sys=0.01, real=0.03 secs] 
: 440759K->48960K(440896K), 0.0228330 secs] 6839727K->6512731K(12533952K), 0.0230630 secs] [Times: user=0.30 sys=0.00, real=0.02 secs] 
: 440700K->48920K(440896K), 0.0236450 secs] 6904472K->6576309K(12533952K), 0.0238740 secs] [Times: user=0.34 sys=0.00, real=0.03 secs] 
: 440716K->48960K(440896K), 0.0227850 secs] 6968106K->6645603K(12533952K), 0.0230210 secs] [Times: user=0.30 sys=0.01, real=0.02 secs] 
: 440896K->48932K(440896K), 0.0229400 secs] 7037539K->6704323K(12533952K), 0.0231610 secs] [Times: user=0.33 sys=0.00, real=0.02 secs] 
: 440868K->48960K(440896K), 0.0196380 secs] 7096259K->6773047K(12533952K), 0.0197810 secs] [Times: user=0.27 sys=0.01, real=0.02 secs] 
: 440669K->48960K(440896K), 0.0210420 secs] 7164756K->6832602K(12533952K), 0.0212660 secs] [Times: user=0.25 sys=0.01, real=0.02 secs] 
: 440896K->48960K(440896K), 0.0244620 secs] 7224538K->6893204K(12533952K), 0.0246800 secs] [Times: user=0.32 sys=0.01, real=0.03 secs] 
: 440896K->48960K(440896K), 0.0247340 secs] 7285140K->6961413K(12533952K), 0.0249540 secs] [Times: user=0.36 sys=0.01, real=0.02 secs] 
: 440850K->48960K(440896K), 0.0248600 secs] 7353303K->7028701K(12533952K), 0.0250890 secs] [Times: user=0.35 sys=0.00, real=0.03 secs] 
: 440896K->48960K(440896K), 0.0224010 secs] 7420637K->7087669K(12533952K), 0.0226260 secs] [Times: user=0.29 sys=0.01, real=0.03 secs] 
: 440692K->48960K(440896K), 0.0192710 secs] 7479402K->7146636K(12533952K), 0.0195290 secs] [Times: user=0.28 sys=0.00, real=0.02 secs] 
: 440807K->48960K(440896K), 0.0228200 secs] 7538484K->7209993K(12533952K), 0.0230580 secs] [Times: user=0.31 sys=0.00, real=0.03 secs] 
: 440658K->48960K(440896K), 0.0188970 secs] 7601691K->7272182K(12533952K), 0.0190700 secs] [Times: user=0.30 sys=0.00, real=0.02 secs] 
: 440682K->48960K(440896K), 0.0218490 secs] 7663904K->7337717K(12533952K), 0.0220890 secs] [Times: user=0.30 sys=0.01, real=0.02 secs] 
: 440787K->48960K(440896K), 0.0223190 secs] 7729545K->7400186K(12533952K), 0.0227330 secs] [Times: user=0.32 sys=0.00, real=0.02 secs] 
: 440896K->48960K(440896K), 0.0198330 secs] 7792122K->7457648K(12533952K), 0.0200490 secs] [Times: user=0.28 sys=0.01, real=0.02 secs] 
: 440705K->48960K(440896K), 0.0208000 secs] 7849394K->7516869K(12533952K), 0.0209890 secs] [Times: user=0.29 sys=0.00, real=0.02 secs] 
: 440896K->48960K(440896K), 0.0223010 secs] 7908805K->7583170K(12533952K), 0.0225250 secs] [Times: user=0.27 sys=0.01, real=0.02 secs] 
: 440827K->48942K(440896K), 0.0214570 secs] 7975037K->7642290K(12533952K), 0.0216520 secs] [Times: user=0.28 sys=0.00, real=0.02 secs] 
: 440878K->48960K(440896K), 0.0203290 secs] 8034226K->7705383K(12533952K), 0.0205100 secs] [Times: user=0.26 sys=0.00, real=0.02 secs] 
: 440774K->48925K(440896K), 0.0265580 secs] 8097197K->7769381K(12533952K), 0.0267840 secs] [Times: user=0.30 sys=0.01, real=0.03 secs] 
: 440861K->48910K(440896K), 0.0204080 secs] 8161317K->7830558K(12533952K), 0.0206200 secs] [Times: user=0.31 sys=0.01, real=0.03 secs] 
: 440846K->48960K(440896K), 0.0242230 secs] 8222494K->7912646K(12533952K), 0.0244640 secs] [Times: user=0.31 sys=0.01, real=0.02 secs] 
: 440886K->48960K(440896K), 0.0217660 secs] 8304573K->7949294K(12533952K), 0.0219890 secs] [Times: user=0.34 sys=0.00, real=0.02 secs] 
: 440648K->48900K(440896K), 0.0206040 secs] 8340983K->8011075K(12533952K), 0.0207810 secs] [Times: user=0.28 sys=0.00, real=0.02 secs] 
: 440666K->48960K(440896K), 0.0258770 secs] 8402842K->8084799K(12533952K), 0.0261140 secs] [Times: user=0.37 sys=0.00, real=0.03 secs] 
: 440648K->48960K(440896K), 0.0212480 secs] 8476488K->8137694K(12533952K), 0.0214140 secs] [Times: user=0.36 sys=0.00, real=0.02 secs] 
: 440896K->48960K(440896K), 0.0227370 secs] 8529630K->8201042K(12533952K), 0.0229610 secs] [Times: user=0.34 sys=0.00, real=0.02 secs] 
: 440836K->48960K(440896K), 0.0206570 secs] 8592919K->8264787K(12533952K), 0.0208330 secs] [Times: user=0.30 sys=0.01, real=0.02 secs] 
: 440708K->48960K(440896K), 0.0216360 secs] 8656535K->8326385K(12533952K), 0.0218560 secs] [Times: user=0.35 sys=0.00, real=0.02 secs] 
: 440731K->48960K(440896K), 0.0269710 secs] 8718156K->8405203K(12533952K), 0.0272000 secs] [Times: user=0.42 sys=0.00, real=0.03 secs] 
: 440806K->48960K(440896K), 0.0217800 secs] 8797050K->8454758K(12533952K), 0.0220110 secs] [Times: user=0.34 sys=0.00, real=0.02 secs] 
: 440800K->48960K(440896K), 0.0227020 secs] 8846598K->8516889K(12533952K), 0.0228760 secs] [Times: user=0.37 sys=0.00, real=0.02 secs] 
2015-04-01T14:53:14.378-0700: 13221794.451: [GC [1 CMS-initial-mark: 8467929K(12093056K)] 8517309K(12533952K), 0.0050340 secs] [Times: user=0.01 sys=0.00, real=0.01 secs] 
2015-04-01T14:53:14.718-0700: 13221794.791: [CMS-concurrent-mark: 0.335/0.335 secs] [Times: user=2.03 sys=0.00, real=0.33 secs] 
2015-04-01T14:53:14.754-0700: 13221794.827: [CMS-concurrent-preclean: 0.035/0.036 secs] [Times: user=0.04 sys=0.00, real=0.04 secs] 
 CMS: abort preclean due to time 2015-04-01T14:53:19.888-0700: 13221799.961: [CMS-concurrent-abortable-preclean: 2.330/5.134 secs] [Times: user=2.69 sys=0.15, real=5.13 secs] 
2015-04-01T14:53:19.890-0700: 13221799.962: [GC[YG occupancy: 176605 K (440896 K)]13221799.963: [Rescan (parallel) , 0.0100670 secs]13221799.973: [weak refs processing, 0.0080210 secs] [1 CMS-remark: 8467929K(12093056K)] 8644535K(12533952K), 0.0185390 secs] [Times: user=0.17 sys=0.00, real=0.02 secs] 
2015-04-01T14:53:20.691-0700: 13221800.763: [CMS-concurrent-sweep: 0.782/0.782 secs] [Times: user=0.84 sys=0.02, real=0.78 secs] 
2015-04-01T14:53:20.724-0700: 13221800.796: [CMS-concurrent-reset: 0.033/0.033 secs] [Times: user=0.04 sys=0.00, real=0.04 secs] 
: 440896K->48960K(440896K), 0.0192260 secs] 3891675K->3569835K(12533952K), 0.0194490 secs] [Times: user=0.33 sys=0.00, real=0.02 secs] 
: 440896K->48960K(440896K), 0.0229850 secs] 3961771K->3634924K(12533952K), 0.0231980 secs] [Times: user=0.35 sys=0.00, real=0.03 secs] 
: 440896K->48960K(440896K), 0.0208440 secs] 4026860K->3691371K(12533952K), 0.0210680 secs] [Times: user=0.30 sys=0.00, real=0.02 secs] 
: 440656K->48960K(440896K), 0.0174770 secs] 4083068K->3750652K(12533952K), 0.0177070 secs] [Times: user=0.28 sys=0.00, real=0.02 secs] 
: 440896K->48960K(440896K), 0.0171360 secs] 4142588K->3815263K(12533952K), 0.0173520 secs] [Times: user=0.25 sys=0.01, real=0.01 secs] 
: 440683K->48960K(440896K), 0.0193240 secs] 4206987K->3872536K(12533952K), 0.0195030 secs] [Times: user=0.30 sys=0.00, real=0.02 secs] 
: 440839K->48960K(440896K), 0.0203630 secs] 4264416K->3943305K(12533952K), 0.0205890 secs] [Times: user=0.32 sys=0.00, real=0.03 secs] 
: 440828K->48960K(440896K), 0.0223940 secs] 4335174K->3997402K(12533952K), 0.0226190 secs] [Times: user=0.32 sys=0.01, real=0.02 secs] 
: 440896K->48960K(440896K), 0.0252300 secs] 4389338K->4062666K(12533952K), 0.0254450 secs] [Times: user=0.30 sys=0.01, real=0.02 secs] 
: 440896K->48960K(440896K), 0.0275230 secs] 4454602K->4128997K(12533952K), 0.0277410 secs] [Times: user=0.29 sys=0.01, real=0.02 secs] 
: 440782K->48960K(440896K), 0.0215530 secs] 4520820K->4195382K(12533952K), 0.0217830 secs] [Times: user=0.27 sys=0.01, real=0.02 secs] 
: 440815K->48960K(440896K), 0.0189650 secs] 4587238K->4258498K(12533952K), 0.0191950 secs] [Times: user=0.26 sys=0.00, real=0.02 secs] 
: 440861K->48960K(440896K), 0.0198720 secs] 4650399K->4319056K(12533952K), 0.0200860 secs] [Times: user=0.31 sys=0.00, real=0.02 secs] 
: 440853K->48960K(440896K), 0.0192490 secs] 4710949K->4387744K(12533952K), 0.0194750 secs] [Times: user=0.30 sys=0.00, real=0.02 secs] 
: 440802K->48960K(440896K), 0.0205820 secs] 4779586K->4447870K(12533952K), 0.0208910 secs] [Times: user=0.31 sys=0.01, real=0.02 secs] 
: 440744K->48960K(440896K), 0.0178390 secs] 4839654K->4515282K(12533952K), 0.0180620 secs] [Times: user=0.24 sys=0.00, real=0.01 secs] 
: 440765K->48960K(440896K), 0.0200210 secs] 4907088K->4579351K(12533952K), 0.0202920 secs] [Times: user=0.29 sys=0.00, real=0.02 secs] 
: 440795K->48960K(440896K), 0.0167380 secs] 4971186K->4644316K(12533952K), 0.0169140 secs] [Times: user=0.26 sys=0.00, real=0.02 secs] 
: 440785K->48960K(440896K), 0.0171770 secs] 5036142K->4705029K(12533952K), 0.0173460 secs] [Times: user=0.27 sys=0.01, real=0.02 secs] 
: 440870K->48960K(440896K), 0.0207600 secs] 5096940K->4773276K(12533952K), 0.0209310 secs] [Times: user=0.31 sys=0.00, real=0.02 secs] 
: 440748K->48960K(440896K), 0.0192640 secs] 5165065K->4836652K(12533952K), 0.0194550 secs] [Times: user=0.27 sys=0.00, real=0.02 secs] 
: 440855K->48960K(440896K), 0.0203070 secs] 5228547K->4897350K(12533952K), 0.0205290 secs] [Times: user=0.22 sys=0.00, real=0.02 secs] 
: 440799K->48960K(440896K), 0.0290560 secs] 5289189K->4963663K(12533952K), 0.0292890 secs] [Times: user=0.41 sys=0.00, real=0.03 secs] 
: 440735K->48960K(440896K), 0.0224080 secs] 5355438K->5020928K(12533952K), 0.0225610 secs] [Times: user=0.23 sys=0.01, real=0.02 secs] 
: 440896K->48960K(440896K), 0.0240370 secs] 5412864K->5083252K(12533952K), 0.0242610 secs] [Times: user=0.34 sys=0.01, real=0.03 secs] 
: 440740K->48960K(440896K), 0.0183300 secs] 5475032K->5146232K(12533952K), 0.0185410 secs] [Times: user=0.27 sys=0.00, real=0.02 secs] 
: 440869K->48960K(440896K), 0.0166940 secs] 5538141K->5215102K(12533952K), 0.0168730 secs] [Times: user=0.21 sys=0.00, real=0.02 secs] 
: 440811K->48960K(440896K), 0.0178600 secs] 5606953K->5286953K(12533952K), 0.0180860 secs] [Times: user=0.20 sys=0.01, real=0.02 secs] 
: 440863K->48960K(440896K), 0.0170110 secs] 5678856K->5358208K(12533952K), 0.0172320 secs] [Times: user=0.20 sys=0.01, real=0.01 secs] 
: 440705K->48960K(440896K), 0.0188270 secs] 5749954K->5430537K(12533952K), 0.0190240 secs] [Times: user=0.27 sys=0.00, real=0.02 secs] 
: 440843K->48960K(440896K), 0.0163190 secs] 5822421K->5501997K(12533952K), 0.0165370 secs] [Times: user=0.21 sys=0.01, real=0.02 secs] 
: 440850K->48960K(440896K), 0.0178500 secs] 5893887K->5573675K(12533952K), 0.0180650 secs] [Times: user=0.21 sys=0.01, real=0.02 secs] 
: 440896K->48960K(440896K), 0.0191770 secs] 5965611K->5647026K(12533952K), 0.0193560 secs] [Times: user=0.21 sys=0.01, real=0.02 secs] 
: 440894K->48960K(440896K), 0.0178180 secs] 6038960K->5718387K(12533952K), 0.0180450 secs] [Times: user=0.21 sys=0.01, real=0.01 secs] 
: 440757K->48960K(440896K), 0.0197180 secs] 6110184K->5789886K(12533952K), 0.0199300 secs] [Times: user=0.22 sys=0.00, real=0.02 secs] 
: 440720K->48960K(440896K), 0.0211820 secs] 6181646K->5860512K(12533952K), 0.0213890 secs] [Times: user=0.20 sys=0.00, real=0.03 secs] 
: 440857K->48960K(440896K), 0.0184250 secs] 6252409K->5932651K(12533952K), 0.0186350 secs] [Times: user=0.20 sys=0.00, real=0.02 secs] 
: 440896K->48960K(440896K), 0.0185400 secs] 6324587K->6003500K(12533952K), 0.0187540 secs] [Times: user=0.21 sys=0.00, real=0.02 secs] 
: 440821K->48960K(440896K), 0.0165140 secs] 6395362K->6075299K(12533952K), 0.0167220 secs] [Times: user=0.21 sys=0.01, real=0.02 secs] 
: 440896K->48960K(440896K), 0.0171250 secs] 6467235K->6146863K(12533952K), 0.0172960 secs] [Times: user=0.23 sys=0.00, real=0.02 secs] 
: 440755K->48960K(440896K), 0.0208520 secs] 6538659K->6218908K(12533952K), 0.0210440 secs] [Times: user=0.23 sys=0.00, real=0.02 secs] 
: 440663K->48960K(440896K), 0.0189180 secs] 6610612K->6289124K(12533952K), 0.0191080 secs] [Times: user=0.21 sys=0.01, real=0.02 secs] 
: 440718K->48960K(440896K), 0.0179800 secs] 6680882K->6360387K(12533952K), 0.0182050 secs] [Times: user=0.22 sys=0.00, real=0.01 secs] 
: 440852K->48960K(440896K), 0.0240320 secs] 6752279K->6433382K(12533952K), 0.0242620 secs] [Times: user=0.28 sys=0.01, real=0.03 secs] 
: 440725K->48960K(440896K), 0.0195850 secs] 6825147K->6502380K(12533952K), 0.0197770 secs] [Times: user=0.22 sys=0.00, real=0.02 secs] 
: 440896K->48960K(440896K), 0.0169320 secs] 6894316K->6572083K(12533952K), 0.0171590 secs] [Times: user=0.21 sys=0.00, real=0.02 secs] 
: 440874K->48960K(440896K), 0.0182090 secs] 6963998K->6640951K(12533952K), 0.0184100 secs] [Times: user=0.22 sys=0.00, real=0.01 secs] 
: 440700K->48960K(440896K), 0.0218530 secs] 7032691K->6711832K(12533952K), 0.0220730 secs] [Times: user=0.31 sys=0.00, real=0.02 secs] 
: 440683K->48960K(440896K), 0.0182320 secs] 7103556K->6781463K(12533952K), 0.0184620 secs] [Times: user=0.23 sys=0.01, real=0.02 secs] 
: 440816K->48960K(440896K), 0.0186810 secs] 7173319K->6851717K(12533952K), 0.0189070 secs] [Times: user=0.21 sys=0.01, real=0.02 secs] 
: 440660K->48960K(440896K), 0.0187460 secs] 7243417K->6923492K(12533952K), 0.0189680 secs] [Times: user=0.23 sys=0.00, real=0.02 secs] 
: 440865K->48960K(440896K), 0.0252440 secs] 7315398K->6994700K(12533952K), 0.0255120 secs] [Times: user=0.29 sys=0.00, real=0.03 secs] 
: 440896K->48960K(440896K), 0.0187680 secs] 7386636K->7065179K(12533952K), 0.0189880 secs] [Times: user=0.28 sys=0.00, real=0.02 secs] 
: 440786K->48960K(440896K), 0.0236590 secs] 7457005K->7135182K(12533952K), 0.0238680 secs] [Times: user=0.33 sys=0.00, real=0.02 secs] 
: 440896K->48960K(440896K), 0.0161630 secs] 7527118K->7203109K(12533952K), 0.0163480 secs] [Times: user=0.22 sys=0.01, real=0.01 secs] 
: 440790K->48960K(440896K), 0.0220370 secs] 7594939K->7273013K(12533952K), 0.0222960 secs] [Times: user=0.31 sys=0.00, real=0.02 secs] 
: 440896K->48960K(440896K), 0.0173530 secs] 7664949K->7344499K(12533952K), 0.0175720 secs] [Times: user=0.22 sys=0.00, real=0.02 secs] 
: 440746K->48960K(440896K), 0.0207640 secs] 7736285K->7412555K(12533952K), 0.0209740 secs] [Times: user=0.33 sys=0.00, real=0.03 secs] 
: 440744K->48960K(440896K), 0.0198530 secs] 7804339K->7487988K(12533952K), 0.0200310 secs] [Times: user=0.29 sys=0.00, real=0.02 secs] 
: 440845K->48960K(440896K), 0.0200210 secs] 7879873K->7556643K(12533952K), 0.0202540 secs] [Times: user=0.30 sys=0.00, real=0.02 secs] 
: 440896K->48960K(440896K), 0.0183310 secs] 7948579K->7620173K(12533952K), 0.0185510 secs] [Times: user=0.25 sys=0.00, real=0.02 secs] 
: 440730K->48960K(440896K), 0.0184490 secs] 8011943K->7688010K(12533952K), 0.0186740 secs] [Times: user=0.29 sys=0.00, real=0.02 secs] 
: 440670K->48960K(440896K), 0.0174710 secs] 8079721K->7752328K(12533952K), 0.0176990 secs] [Times: user=0.29 sys=0.00, real=0.02 secs] 
: 440870K->48960K(440896K), 0.0219620 secs] 8144238K->7823027K(12533952K), 0.0222290 secs] [Times: user=0.32 sys=0.00, real=0.02 secs] 
: 440846K->48960K(440896K), 0.0235390 secs] 8214913K->7880584K(12533952K), 0.0237710 secs] [Times: user=0.32 sys=0.00, real=0.02 secs] 
: 440832K->48960K(440896K), 0.0174950 secs] 8272457K->7945405K(12533952K), 0.0177230 secs] [Times: user=0.29 sys=0.00, real=0.02 secs] 
: 440671K->48960K(440896K), 0.0212330 secs] 8337117K->8019904K(12533952K), 0.0214860 secs] [Times: user=0.27 sys=0.00, real=0.02 secs] 
: 440741K->48960K(440896K), 0.0180110 secs] 8411685K->8071349K(12533952K), 0.0181860 secs] [Times: user=0.26 sys=0.00, real=0.02 secs] 
: 440896K->48960K(440896K), 0.0193770 secs] 8463285K->8136258K(12533952K), 0.0196040 secs] [Times: user=0.25 sys=0.01, real=0.02 secs] 
: 440700K->48960K(440896K), 0.0201860 secs] 8527998K->8198160K(12533952K), 0.0204180 secs] [Times: user=0.31 sys=0.00, real=0.02 secs] 
: 440896K->48960K(440896K), 0.0222580 secs] 8590096K->8268677K(12533952K), 0.0224750 secs] [Times: user=0.35 sys=0.00, real=0.03 secs] 
: 440787K->48960K(440896K), 0.0203200 secs] 8660504K->8326886K(12533952K), 0.0205270 secs] [Times: user=0.29 sys=0.00, real=0.02 secs] 
: 440751K->48960K(440896K), 0.0215520 secs] 8718677K->8389315K(12533952K), 0.0217330 secs] [Times: user=0.30 sys=0.00, real=0.02 secs] 
: 440896K->48960K(440896K), 0.0175430 secs] 8781251K->8459421K(12533952K), 0.0177250 secs] [Times: user=0.27 sys=0.01, real=0.02 secs] 
: 440687K->48960K(440896K), 0.0210310 secs] 8851149K->8517098K(12533952K), 0.0212730 secs] [Times: user=0.34 sys=0.00, real=0.02 secs] 
2015-04-01T15:05:38.578-0700: 13222538.650: [GC [1 CMS-initial-mark: 8468138K(12093056K)] 8517444K(12533952K), 0.0066580 secs] [Times: user=0.01 sys=0.00, real=0.01 secs] 
2015-04-01T15:05:38.916-0700: 13222538.989: [CMS-concurrent-mark: 0.331/0.331 secs] [Times: user=2.02 sys=0.00, real=0.33 secs] 
2015-04-01T15:05:38.964-0700: 13222539.037: [CMS-concurrent-preclean: 0.048/0.048 secs] [Times: user=0.06 sys=0.00, real=0.04 secs] 
 CMS: abort preclean due to time 2015-04-01T15:05:43.979-0700: 13222544.052: [CMS-concurrent-abortable-preclean: 2.806/5.015 secs] [Times: user=3.20 sys=0.15, real=5.02 secs] 
2015-04-01T15:05:43.980-0700: 13222544.053: [GC[YG occupancy: 205773 K (440896 K)]13222544.053: [Rescan (parallel) , 0.0053960 secs]13222544.058: [weak refs processing, 0.0047180 secs] [1 CMS-remark: 8468138K(12093056K)] 8673912K(12533952K), 0.0105220 secs] [Times: user=0.09 sys=0.01, real=0.01 secs] 
2015-04-01T15:05:44.813-0700: 13222544.885: [CMS-concurrent-sweep: 0.822/0.822 secs] [Times: user=0.87 sys=0.02, real=0.82 secs] 
2015-04-01T15:05:44.841-0700: 13222544.913: [CMS-concurrent-reset: 0.028/0.028 secs] [Times: user=0.03 sys=0.00, real=0.03 secs] 
: 440868K->48959K(440896K), 0.0195770 secs] 4102090K->3786512K(12533952K), 0.0198030 secs] [Times: user=0.34 sys=0.00, real=0.02 secs] 
: 440707K->48960K(440896K), 0.0187620 secs] 4178260K->3857049K(12533952K), 0.0189410 secs] [Times: user=0.33 sys=0.00, real=0.02 secs] 
: 440651K->48960K(440896K), 0.0163770 secs] 4248741K->3906997K(12533952K), 0.0165840 secs] [Times: user=0.26 sys=0.00, real=0.02 secs] 
: 440717K->48960K(440896K), 0.0175580 secs] 4298754K->3969760K(12533952K), 0.0177830 secs] [Times: user=0.26 sys=0.01, real=0.02 secs] 
: 440891K->48960K(440896K), 0.0211770 secs] 4361692K->4032097K(12533952K), 0.0214350 secs] [Times: user=0.33 sys=0.00, real=0.02 secs] 
: 440690K->48960K(440896K), 0.0176660 secs] 4423828K->4095199K(12533952K), 0.0179060 secs] [Times: user=0.25 sys=0.01, real=0.02 secs] 
: 440896K->48960K(440896K), 0.0164060 secs] 4487135K->4159041K(12533952K), 0.0165750 secs] [Times: user=0.24 sys=0.00, real=0.01 secs] 
: 440896K->48960K(440896K), 0.0240090 secs] 4550977K->4219045K(12533952K), 0.0242280 secs] [Times: user=0.31 sys=0.01, real=0.02 secs] 
: 440896K->48960K(440896K), 0.0232070 secs] 4610981K->4280489K(12533952K), 0.0233850 secs] [Times: user=0.30 sys=0.00, real=0.03 secs] 
: 440896K->48960K(440896K), 0.0213340 secs] 4672425K->4341387K(12533952K), 0.0215090 secs] [Times: user=0.25 sys=0.00, real=0.02 secs] 
: 440896K->48960K(440896K), 0.0295500 secs] 4733323K->4401925K(12533952K), 0.0297580 secs] [Times: user=0.31 sys=0.01, real=0.03 secs] 
: 440682K->48960K(440896K), 0.0202350 secs] 4793647K->4465651K(12533952K), 0.0204400 secs] [Times: user=0.24 sys=0.00, real=0.03 secs] 
: 440683K->48960K(440896K), 0.0190160 secs] 4857374K->4532197K(12533952K), 0.0192180 secs] [Times: user=0.25 sys=0.01, real=0.02 secs] 
: 440842K->48960K(440896K), 0.0177960 secs] 4924079K->4590631K(12533952K), 0.0179930 secs] [Times: user=0.26 sys=0.00, real=0.02 secs] 
: 440644K->48960K(440896K), 0.0218130 secs] 4982315K->4655918K(12533952K), 0.0220150 secs] [Times: user=0.33 sys=0.00, real=0.02 secs] 
: 440896K->48960K(440896K), 0.0194660 secs] 5047854K->4718674K(12533952K), 0.0197000 secs] [Times: user=0.24 sys=0.00, real=0.02 secs] 
: 440747K->48960K(440896K), 0.0215140 secs] 5110461K->4785815K(12533952K), 0.0217040 secs] [Times: user=0.28 sys=0.01, real=0.02 secs] 
: 440896K->48960K(440896K), 0.0200700 secs] 5177751K->4850972K(12533952K), 0.0202640 secs] [Times: user=0.28 sys=0.00, real=0.02 secs] 
: 440878K->48960K(440896K), 0.0200250 secs] 5242890K->4914912K(12533952K), 0.0202390 secs] [Times: user=0.30 sys=0.01, real=0.02 secs] 
: 440896K->48960K(440896K), 0.0176150 secs] 5306848K->4976960K(12533952K), 0.0178040 secs] [Times: user=0.22 sys=0.01, real=0.02 secs] 
: 440892K->48960K(440896K), 0.0211670 secs] 5368892K->5042619K(12533952K), 0.0213900 secs] [Times: user=0.24 sys=0.01, real=0.02 secs] 
: 440873K->48960K(440896K), 0.0197430 secs] 5434532K->5105692K(12533952K), 0.0202620 secs] [Times: user=0.23 sys=0.00, real=0.02 secs] 
: 440834K->48960K(440896K), 0.0201030 secs] 5497566K->5173133K(12533952K), 0.0202790 secs] [Times: user=0.24 sys=0.00, real=0.03 secs] 
: 440843K->48960K(440896K), 0.0221240 secs] 5565016K->5236689K(12533952K), 0.0223920 secs] [Times: user=0.28 sys=0.01, real=0.03 secs] 
: 440776K->48960K(440896K), 0.0277610 secs] 5628506K->5298883K(12533952K), 0.0279870 secs] [Times: user=0.30 sys=0.01, real=0.03 secs] 
: 440896K->48960K(440896K), 0.0252490 secs] 5690819K->5361803K(12533952K), 0.0254700 secs] [Times: user=0.32 sys=0.01, real=0.03 secs] 
: 440793K->48960K(440896K), 0.0224430 secs] 5753637K->5429564K(12533952K), 0.0226790 secs] [Times: user=0.25 sys=0.01, real=0.02 secs] 
: 440896K->48960K(440896K), 0.0199410 secs] 5821500K->5494937K(12533952K), 0.0201690 secs] [Times: user=0.24 sys=0.00, real=0.03 secs] 
: 440697K->48960K(440896K), 0.0187640 secs] 5886674K->5561179K(12533952K), 0.0190350 secs] [Times: user=0.23 sys=0.00, real=0.02 secs] 
: 440845K->48960K(440896K), 0.0209500 secs] 5953065K->5624318K(12533952K), 0.0211930 secs] [Times: user=0.29 sys=0.01, real=0.02 secs] 
: 440896K->48960K(440896K), 0.0220550 secs] 6016254K->5686543K(12533952K), 0.0222840 secs] [Times: user=0.27 sys=0.00, real=0.02 secs] 
: 440896K->48960K(440896K), 0.0214630 secs] 6078479K->5750216K(12533952K), 0.0216980 secs] [Times: user=0.27 sys=0.00, real=0.02 secs] 
: 440777K->48960K(440896K), 0.0230460 secs] 6142033K->5816040K(12533952K), 0.0232510 secs] [Times: user=0.29 sys=0.00, real=0.02 secs] 
: 440896K->48960K(440896K), 0.0220020 secs] 6207976K->5876369K(12533952K), 0.0222380 secs] [Times: user=0.27 sys=0.00, real=0.02 secs] 
: 440895K->48960K(440896K), 0.0184560 secs] 6268304K->5940661K(12533952K), 0.0186320 secs] [Times: user=0.26 sys=0.00, real=0.02 secs] 
: 440896K->48960K(440896K), 0.0244020 secs] 6332597K->6005951K(12533952K), 0.0246200 secs] [Times: user=0.25 sys=0.00, real=0.02 secs] 
: 440846K->48960K(440896K), 0.0261900 secs] 6397838K->6072169K(12533952K), 0.0267680 secs] [Times: user=0.25 sys=0.00, real=0.02 secs] 
: 440668K->48960K(440896K), 0.0179360 secs] 6463878K->6133898K(12533952K), 0.0181650 secs] [Times: user=0.26 sys=0.01, real=0.02 secs] 
: 440765K->48960K(440896K), 0.0188470 secs] 6525704K->6202197K(12533952K), 0.0190160 secs] [Times: user=0.24 sys=0.01, real=0.02 secs] 
: 440896K->48960K(440896K), 0.0200570 secs] 6594133K->6268420K(12533952K), 0.0202910 secs] [Times: user=0.29 sys=0.00, real=0.02 secs] 
: 440804K->48960K(440896K), 0.0187700 secs] 6660265K->6329064K(12533952K), 0.0189750 secs] [Times: user=0.23 sys=0.00, real=0.02 secs] 
: 440895K->48960K(440896K), 0.0179030 secs] 6720999K->6394501K(12533952K), 0.0181050 secs] [Times: user=0.24 sys=0.00, real=0.02 secs] 
: 440662K->48960K(440896K), 0.0229380 secs] 6786204K->6455027K(12533952K), 0.0231530 secs] [Times: user=0.30 sys=0.00, real=0.03 secs] 
: 440649K->48960K(440896K), 0.0209340 secs] 6846716K->6522499K(12533952K), 0.0211500 secs] [Times: user=0.27 sys=0.00, real=0.02 secs] 
: 440797K->48960K(440896K), 0.0202210 secs] 6914336K->6583692K(12533952K), 0.0204560 secs] [Times: user=0.24 sys=0.00, real=0.02 secs] 
: 440887K->48960K(440896K), 0.0308970 secs] 6975619K->6648902K(12533952K), 0.0311170 secs] [Times: user=0.34 sys=0.01, real=0.04 secs] 
: 440896K->48960K(440896K), 0.0233100 secs] 7040838K->6718291K(12533952K), 0.0234680 secs] [Times: user=0.29 sys=0.00, real=0.03 secs] 
: 440843K->48960K(440896K), 0.0193980 secs] 7110174K->6785108K(12533952K), 0.0195940 secs] [Times: user=0.24 sys=0.01, real=0.02 secs] 
: 440823K->48960K(440896K), 0.0206210 secs] 7176972K->6844753K(12533952K), 0.0208250 secs] [Times: user=0.32 sys=0.00, real=0.02 secs] 
: 440896K->48960K(440896K), 0.0221330 secs] 7236689K->6912933K(12533952K), 0.0223020 secs] [Times: user=0.25 sys=0.00, real=0.03 secs] 
: 440896K->48960K(440896K), 0.0177160 secs] 7304869K->6974526K(12533952K), 0.0178780 secs] [Times: user=0.26 sys=0.00, real=0.02 secs] 
: 440856K->48960K(440896K), 0.0205020 secs] 7366422K->7039201K(12533952K), 0.0207060 secs] [Times: user=0.28 sys=0.01, real=0.02 secs] 
: 440658K->48960K(440896K), 0.0198250 secs] 7430899K->7103495K(12533952K), 0.0200130 secs] [Times: user=0.31 sys=0.01, real=0.02 secs] 
: 440866K->48960K(440896K), 0.0246570 secs] 7495402K->7164888K(12533952K), 0.0248680 secs] [Times: user=0.26 sys=0.01, real=0.02 secs] 
: 440818K->48960K(440896K), 0.0202890 secs] 7556747K->7230643K(12533952K), 0.0205690 secs] [Times: user=0.26 sys=0.00, real=0.02 secs] 
: 440664K->48960K(440896K), 0.0231150 secs] 7622348K->7295913K(12533952K), 0.0233420 secs] [Times: user=0.34 sys=0.01, real=0.03 secs] 
: 440896K->48960K(440896K), 0.0211950 secs] 7687849K->7360929K(12533952K), 0.0213970 secs] [Times: user=0.25 sys=0.00, real=0.02 secs] 
: 440761K->48960K(440896K), 0.0191610 secs] 7752731K->7423770K(12533952K), 0.0196070 secs] [Times: user=0.24 sys=0.00, real=0.02 secs] 
: 440852K->48960K(440896K), 0.0213480 secs] 7815662K->7487208K(12533952K), 0.0215610 secs] [Times: user=0.34 sys=0.00, real=0.02 secs] 
: 440667K->48960K(440896K), 0.0218460 secs] 7878915K->7551563K(12533952K), 0.0220790 secs] [Times: user=0.30 sys=0.00, real=0.02 secs] 
: 440659K->48960K(440896K), 0.0209680 secs] 7943262K->7616038K(12533952K), 0.0212360 secs] [Times: user=0.28 sys=0.01, real=0.02 secs] 
: 440677K->48960K(440896K), 0.0234130 secs] 8007755K->7685057K(12533952K), 0.0236340 secs] [Times: user=0.34 sys=0.00, real=0.03 secs] 
: 440884K->48960K(440896K), 0.0240780 secs] 8076982K->7737685K(12533952K), 0.0243190 secs] [Times: user=0.36 sys=0.00, real=0.02 secs] 
: 440896K->48960K(440896K), 0.0213020 secs] 8129621K->7801347K(12533952K), 0.0215680 secs] [Times: user=0.29 sys=0.01, real=0.02 secs] 
: 440683K->48960K(440896K), 0.0190260 secs] 8193070K->7866805K(12533952K), 0.0192110 secs] [Times: user=0.32 sys=0.00, real=0.02 secs] 
: 440677K->48960K(440896K), 0.0226360 secs] 8258522K->7933029K(12533952K), 0.0228700 secs] [Times: user=0.32 sys=0.00, real=0.03 secs] 
: 440672K->48960K(440896K), 0.0203900 secs] 8324742K->7995114K(12533952K), 0.0206210 secs] [Times: user=0.26 sys=0.01, real=0.02 secs] 
: 440670K->48960K(440896K), 0.0226720 secs] 8386825K->8050568K(12533952K), 0.0229440 secs] [Times: user=0.31 sys=0.01, real=0.02 secs] 
: 440641K->48960K(440896K), 0.0230630 secs] 8442249K->8116078K(12533952K), 0.0233530 secs] [Times: user=0.33 sys=0.01, real=0.03 secs] 
: 440831K->48960K(440896K), 0.0190070 secs] 8507950K->8170265K(12533952K), 0.0192220 secs] [Times: user=0.28 sys=0.00, real=0.02 secs] 
: 440722K->48960K(440896K), 0.0272390 secs] 8562028K->8240995K(12533952K), 0.0275060 secs] [Times: user=0.38 sys=0.01, real=0.03 secs] 
: 440700K->48960K(440896K), 0.0243280 secs] 8632736K->8295252K(12533952K), 0.0245480 secs] [Times: user=0.35 sys=0.00, real=0.02 secs] 
: 440896K->48960K(440896K), 0.0242370 secs] 8687188K->8366637K(12533952K), 0.0244610 secs] [Times: user=0.38 sys=0.00, real=0.03 secs] 
: 440896K->48960K(440896K), 0.0227530 secs] 8758573K->8422312K(12533952K), 0.0229740 secs] [Times: user=0.31 sys=0.00, real=0.03 secs] 
: 440854K->48960K(440896K), 0.0221000 secs] 8814206K->8476366K(12533952K), 0.0223300 secs] [Times: user=0.35 sys=0.00, real=0.02 secs] 
: 440896K->48960K(440896K), 0.0215180 secs] 8868302K->8560722K(12533952K), 0.0217600 secs] [Times: user=0.35 sys=0.00, real=0.02 secs] 
2015-04-01T15:24:43.188-0700: 13223683.261: [GC [1 CMS-initial-mark: 8511762K(12093056K)] 8561175K(12533952K), 0.0068180 secs] [Times: user=0.00 sys=0.00, real=0.00 secs] 
2015-04-01T15:24:43.507-0700: 13223683.579: [CMS-concurrent-mark: 0.311/0.311 secs] [Times: user=1.89 sys=0.00, real=0.31 secs] 
2015-04-01T15:24:43.544-0700: 13223683.616: [CMS-concurrent-preclean: 0.037/0.037 secs] [Times: user=0.04 sys=0.00, real=0.04 secs] 
 CMS: abort preclean due to time 2015-04-01T15:24:48.647-0700: 13223688.720: [CMS-concurrent-abortable-preclean: 2.499/5.104 secs] [Times: user=2.88 sys=0.15, real=5.10 secs] 
2015-04-01T15:24:48.649-0700: 13223688.721: [GC[YG occupancy: 186064 K (440896 K)]13223688.721: [Rescan (parallel) , 0.0072200 secs]13223688.729: [weak refs processing, 0.0064500 secs] [1 CMS-remark: 8511762K(12093056K)] 8697827K(12533952K), 0.0141670 secs] [Times: user=0.14 sys=0.00, real=0.02 secs] 
2015-04-01T15:24:49.568-0700: 13223689.641: [CMS-concurrent-sweep: 0.905/0.905 secs] [Times: user=0.98 sys=0.03, real=0.90 secs] 
2015-04-01T15:24:49.602-0700: 13223689.674: [CMS-concurrent-reset: 0.034/0.034 secs] [Times: user=0.03 sys=0.00, real=0.04 secs] 
: 440896K->48960K(440896K), 0.0190930 secs] 4046827K->3698303K(12533952K), 0.0193650 secs] [Times: user=0.31 sys=0.00, real=0.02 secs] 
: 440741K->48960K(440896K), 0.0172940 secs] 4090085K->3766721K(12533952K), 0.0175300 secs] [Times: user=0.28 sys=0.01, real=0.02 secs] 
: 440647K->48960K(440896K), 0.0209740 secs] 4158408K->3825035K(12533952K), 0.0213010 secs] [Times: user=0.31 sys=0.00, real=0.02 secs] 
: 440720K->48960K(440896K), 0.0210230 secs] 4216796K->3887615K(12533952K), 0.0212400 secs] [Times: user=0.29 sys=0.01, real=0.02 secs] 
: 440846K->48960K(440896K), 0.0183120 secs] 4279501K->3947406K(12533952K), 0.0185440 secs] [Times: user=0.30 sys=0.01, real=0.02 secs] 
: 440896K->48960K(440896K), 0.0208850 secs] 4339342K->4011378K(12533952K), 0.0211430 secs] [Times: user=0.30 sys=0.00, real=0.02 secs] 
: 440696K->48960K(440896K), 0.0165950 secs] 4403115K->4076281K(12533952K), 0.0168310 secs] [Times: user=0.23 sys=0.00, real=0.02 secs] 
: 440711K->48960K(440896K), 0.0201830 secs] 4468033K->4140952K(12533952K), 0.0204050 secs] [Times: user=0.27 sys=0.01, real=0.02 secs] 
: 440671K->48960K(440896K), 0.0213110 secs] 4532663K->4208898K(12533952K), 0.0215370 secs] [Times: user=0.26 sys=0.00, real=0.03 secs] 
: 440896K->48960K(440896K), 0.0229770 secs] 4600834K->4270442K(12533952K), 0.0232090 secs] [Times: user=0.25 sys=0.00, real=0.02 secs] 
: 440778K->48960K(440896K), 0.0258490 secs] 4662261K->4330798K(12533952K), 0.0260500 secs] [Times: user=0.30 sys=0.00, real=0.02 secs] 
: 440666K->48960K(440896K), 0.0213520 secs] 4722505K->4389863K(12533952K), 0.0215750 secs] [Times: user=0.27 sys=0.00, real=0.02 secs] 
: 440896K->48960K(440896K), 0.0196780 secs] 4781799K->4448269K(12533952K), 0.0198970 secs] [Times: user=0.26 sys=0.00, real=0.02 secs] 
: 440872K->48960K(440896K), 0.0171600 secs] 4840182K->4514760K(12533952K), 0.0173310 secs] [Times: user=0.26 sys=0.01, real=0.01 secs] 
: 440896K->48960K(440896K), 0.0224340 secs] 4906696K->4577239K(12533952K), 0.0226330 secs] [Times: user=0.32 sys=0.00, real=0.02 secs] 
: 440896K->48960K(440896K), 0.0194640 secs] 4969175K->4641219K(12533952K), 0.0199710 secs] [Times: user=0.22 sys=0.01, real=0.02 secs] 
: 440753K->48960K(440896K), 0.0213960 secs] 5033012K->4705600K(12533952K), 0.0216150 secs] [Times: user=0.26 sys=0.00, real=0.02 secs] 
: 440896K->48960K(440896K), 0.0185960 secs] 5097536K->4771218K(12533952K), 0.0187650 secs] [Times: user=0.23 sys=0.01, real=0.02 secs] 
: 440896K->48960K(440896K), 0.0241210 secs] 5163154K->4838692K(12533952K), 0.0243180 secs] [Times: user=0.32 sys=0.00, real=0.03 secs] 
: 440767K->48960K(440896K), 0.0207460 secs] 5230499K->4902273K(12533952K), 0.0209500 secs] [Times: user=0.27 sys=0.00, real=0.02 secs] 
: 440732K->48960K(440896K), 0.0250080 secs] 5294045K->4970373K(12533952K), 0.0252100 secs] [Times: user=0.31 sys=0.01, real=0.02 secs] 
: 440689K->48960K(440896K), 0.0220150 secs] 5362103K->5030086K(12533952K), 0.0222100 secs] [Times: user=0.25 sys=0.01, real=0.02 secs] 
: 440656K->48960K(440896K), 0.0215040 secs] 5421782K->5099405K(12533952K), 0.0216620 secs] [Times: user=0.26 sys=0.01, real=0.02 secs] 
: 440811K->48960K(440896K), 0.0265530 secs] 5491256K->5162059K(12533952K), 0.0269710 secs] [Times: user=0.31 sys=0.01, real=0.02 secs] 
: 440750K->48960K(440896K), 0.0269680 secs] 5553849K->5228090K(12533952K), 0.0271740 secs] [Times: user=0.34 sys=0.01, real=0.03 secs] 
: 440896K->48960K(440896K), 0.0215740 secs] 5620026K->5299708K(12533952K), 0.0218070 secs] [Times: user=0.33 sys=0.01, real=0.03 secs] 
: 440858K->48960K(440896K), 0.0225140 secs] 5691606K->5361399K(12533952K), 0.0227250 secs] [Times: user=0.31 sys=0.01, real=0.03 secs] 
: 440896K->48960K(440896K), 0.0194480 secs] 5753335K->5433048K(12533952K), 0.0196740 secs] [Times: user=0.25 sys=0.00, real=0.02 secs] 
: 440726K->48960K(440896K), 0.0207890 secs] 5824814K->5486574K(12533952K), 0.0210040 secs] [Times: user=0.32 sys=0.00, real=0.03 secs] 
: 440778K->48960K(440896K), 0.0179980 secs] 5878393K->5552286K(12533952K), 0.0182060 secs] [Times: user=0.26 sys=0.00, real=0.02 secs] 
: 440765K->48960K(440896K), 0.0212140 secs] 5944091K->5614178K(12533952K), 0.0213700 secs] [Times: user=0.32 sys=0.00, real=0.02 secs] 
: 440846K->48960K(440896K), 0.0191670 secs] 6006064K->5678575K(12533952K), 0.0193660 secs] [Times: user=0.28 sys=0.01, real=0.02 secs] 
: 440706K->48960K(440896K), 0.0228240 secs] 6070321K->5749765K(12533952K), 0.0230230 secs] [Times: user=0.30 sys=0.00, real=0.02 secs] 
: 440777K->48960K(440896K), 0.0216110 secs] 6141582K->5797176K(12533952K), 0.0218220 secs] [Times: user=0.31 sys=0.00, real=0.02 secs] 
: 440896K->48960K(440896K), 0.0193920 secs] 6189112K->5856098K(12533952K), 0.0195960 secs] [Times: user=0.26 sys=0.00, real=0.02 secs] 
: 440896K->48960K(440896K), 0.0223040 secs] 6248034K->5923122K(12533952K), 0.0225140 secs] [Times: user=0.27 sys=0.00, real=0.02 secs] 
: 440677K->48960K(440896K), 0.0226630 secs] 6314839K->5985206K(12533952K), 0.0228580 secs] [Times: user=0.30 sys=0.00, real=0.03 secs] 
: 440797K->48960K(440896K), 0.0226030 secs] 6377044K->6048336K(12533952K), 0.0227970 secs] [Times: user=0.29 sys=0.01, real=0.02 secs] 
: 440725K->48960K(440896K), 0.0198080 secs] 6440101K->6112029K(12533952K), 0.0200260 secs] [Times: user=0.28 sys=0.00, real=0.02 secs] 
: 440720K->48960K(440896K), 0.0215520 secs] 6503789K->6176888K(12533952K), 0.0217020 secs] [Times: user=0.30 sys=0.01, real=0.03 secs] 
: 440834K->48960K(440896K), 0.0216190 secs] 6568762K->6235208K(12533952K), 0.0218150 secs] [Times: user=0.30 sys=0.01, real=0.02 secs] 
: 440896K->48960K(440896K), 0.0236250 secs] 6627144K->6301681K(12533952K), 0.0238390 secs] [Times: user=0.34 sys=0.00, real=0.02 secs] 
: 440790K->48960K(440896K), 0.0215190 secs] 6693511K->6365701K(12533952K), 0.0217270 secs] [Times: user=0.32 sys=0.00, real=0.02 secs] 
: 440875K->48960K(440896K), 0.0213990 secs] 6757617K->6430448K(12533952K), 0.0216250 secs] [Times: user=0.32 sys=0.00, real=0.02 secs] 
: 440713K->48960K(440896K), 0.0213730 secs] 6822201K->6489375K(12533952K), 0.0216120 secs] [Times: user=0.31 sys=0.00, real=0.02 secs] 
: 440767K->48960K(440896K), 0.0222470 secs] 6881183K->6551985K(12533952K), 0.0224780 secs] [Times: user=0.29 sys=0.00, real=0.02 secs] 
: 440896K->48960K(440896K), 0.0210930 secs] 6943921K->6622966K(12533952K), 0.0212920 secs] [Times: user=0.31 sys=0.00, real=0.02 secs] 
: 440759K->48960K(440896K), 0.0207800 secs] 7014765K->6673608K(12533952K), 0.0209880 secs] [Times: user=0.26 sys=0.00, real=0.03 secs] 
: 440896K->48960K(440896K), 0.0223070 secs] 7065544K->6739300K(12533952K), 0.0225040 secs] [Times: user=0.30 sys=0.00, real=0.02 secs] 
: 440896K->48960K(440896K), 0.0187700 secs] 7131236K->6794618K(12533952K), 0.0189270 secs] [Times: user=0.27 sys=0.01, real=0.02 secs] 
: 440751K->48960K(440896K), 0.0237280 secs] 7186409K->6858954K(12533952K), 0.0239230 secs] [Times: user=0.34 sys=0.00, real=0.02 secs] 
: 440856K->48960K(440896K), 0.0218820 secs] 7250850K->6923060K(12533952K), 0.0220830 secs] [Times: user=0.27 sys=0.01, real=0.02 secs] 
: 440724K->48960K(440896K), 0.0236120 secs] 7314825K->6987156K(12533952K), 0.0238180 secs] [Times: user=0.37 sys=0.01, real=0.02 secs] 
: 440877K->48960K(440896K), 0.0227960 secs] 7379073K->7045916K(12533952K), 0.0229630 secs] [Times: user=0.32 sys=0.01, real=0.02 secs] 
: 440825K->48960K(440896K), 0.0217870 secs] 7437782K->7109890K(12533952K), 0.0219540 secs] [Times: user=0.29 sys=0.01, real=0.02 secs] 
: 440679K->48960K(440896K), 0.0195920 secs] 7501610K->7176183K(12533952K), 0.0198050 secs] [Times: user=0.29 sys=0.00, real=0.02 secs] 
: 440830K->48960K(440896K), 0.0236110 secs] 7568054K->7229635K(12533952K), 0.0237660 secs] [Times: user=0.27 sys=0.00, real=0.02 secs] 
: 440896K->48960K(440896K), 0.0242820 secs] 7621571K->7291444K(12533952K), 0.0244800 secs] [Times: user=0.31 sys=0.00, real=0.02 secs] 
: 440808K->48960K(440896K), 0.0216500 secs] 7683293K->7364942K(12533952K), 0.0218720 secs] [Times: user=0.32 sys=0.00, real=0.02 secs] 
: 440739K->48960K(440896K), 0.0182650 secs] 7756721K->7421597K(12533952K), 0.0184760 secs] [Times: user=0.28 sys=0.01, real=0.01 secs] 
: 440675K->48960K(440896K), 0.0182030 secs] 7813312K->7483085K(12533952K), 0.0184610 secs] [Times: user=0.26 sys=0.00, real=0.02 secs] 
: 440896K->48960K(440896K), 0.0233910 secs] 7875021K->7544841K(12533952K), 0.0235450 secs] [Times: user=0.31 sys=0.00, real=0.03 secs] 
: 440838K->48960K(440896K), 0.0252440 secs] 7936720K->7607280K(12533952K), 0.0254410 secs] [Times: user=0.34 sys=0.01, real=0.03 secs] 
: 440896K->48960K(440896K), 0.0189550 secs] 7999216K->7677983K(12533952K), 0.0191580 secs] [Times: user=0.31 sys=0.00, real=0.01 secs] 
: 440658K->48960K(440896K), 0.0213670 secs] 8069681K->7735546K(12533952K), 0.0215780 secs] [Times: user=0.30 sys=0.00, real=0.03 secs] 
: 440718K->48960K(440896K), 0.0225710 secs] 8127305K->7799731K(12533952K), 0.0227710 secs] [Times: user=0.27 sys=0.00, real=0.02 secs] 
: 440896K->48960K(440896K), 0.0221960 secs] 8191667K->7861922K(12533952K), 0.0224010 secs] [Times: user=0.30 sys=0.00, real=0.02 secs] 
: 440785K->48960K(440896K), 0.0212690 secs] 8253747K->7928242K(12533952K), 0.0214750 secs] [Times: user=0.33 sys=0.01, real=0.03 secs] 
: 440896K->48960K(440896K), 0.0230110 secs] 8320178K->7992347K(12533952K), 0.0232000 secs] [Times: user=0.34 sys=0.00, real=0.03 secs] 
: 440724K->48960K(440896K), 0.0210170 secs] 8384112K->8059036K(12533952K), 0.0212760 secs] [Times: user=0.31 sys=0.00, real=0.03 secs] 
: 440671K->48960K(440896K), 0.0212070 secs] 8450747K->8118136K(12533952K), 0.0214110 secs] [Times: user=0.28 sys=0.00, real=0.02 secs] 
: 440830K->48960K(440896K), 0.0172390 secs] 8510007K->8187182K(12533952K), 0.0173930 secs] [Times: user=0.26 sys=0.01, real=0.02 secs] 
: 440867K->48960K(440896K), 0.0214440 secs] 8579090K->8248731K(12533952K), 0.0216270 secs] [Times: user=0.37 sys=0.00, real=0.02 secs] 
: 440782K->48960K(440896K), 0.0236820 secs] 8640554K->8307864K(12533952K), 0.0238820 secs] [Times: user=0.37 sys=0.00, real=0.02 secs] 
: 440864K->48960K(440896K), 0.0192800 secs] 8699769K->8366441K(12533952K), 0.0195060 secs] [Times: user=0.26 sys=0.00, real=0.02 secs] 
: 440868K->48960K(440896K), 0.0207820 secs] 8758349K->8427623K(12533952K), 0.0209830 secs] [Times: user=0.32 sys=0.01, real=0.03 secs] 
: 440896K->48960K(440896K), 0.0229580 secs] 8819559K->8487798K(12533952K), 0.0231640 secs] [Times: user=0.31 sys=0.00, real=0.02 secs] 
: 440876K->48960K(440896K), 0.0224900 secs] 8879715K->8556394K(12533952K), 0.0226550 secs] [Times: user=0.36 sys=0.00, real=0.03 secs] 
2015-04-01T15:47:44.891-0700: 13225064.963: [GC [1 CMS-initial-mark: 8507434K(12093056K)] 8556971K(12533952K), 0.0072500 secs] [Times: user=0.01 sys=0.00, real=0.01 secs] 
2015-04-01T15:47:45.237-0700: 13225065.310: [CMS-concurrent-mark: 0.339/0.339 secs] [Times: user=2.05 sys=0.00, real=0.33 secs] 
2015-04-01T15:47:45.275-0700: 13225065.348: [CMS-concurrent-preclean: 0.038/0.038 secs] [Times: user=0.04 sys=0.00, real=0.04 secs] 
 CMS: abort preclean due to time 2015-04-01T15:47:50.297-0700: 13225070.370: [CMS-concurrent-abortable-preclean: 2.816/5.022 secs] [Times: user=3.78 sys=0.04, real=5.02 secs] 
2015-04-01T15:47:50.298-0700: 13225070.371: [GC[YG occupancy: 192433 K (440896 K)]13225070.371: [Rescan (parallel) , 0.0164340 secs]13225070.388: [weak refs processing, 0.0052070 secs] [1 CMS-remark: 8507434K(12093056K)] 8699868K(12533952K), 0.0219290 secs] [Times: user=0.31 sys=0.00, real=0.03 secs] 
2015-04-01T15:47:51.149-0700: 13225071.222: [CMS-concurrent-sweep: 0.828/0.828 secs] [Times: user=0.90 sys=0.01, real=0.83 secs] 
2015-04-01T15:47:51.176-0700: 13225071.249: [CMS-concurrent-reset: 0.027/0.027 secs] [Times: user=0.03 sys=0.00, real=0.02 secs] 
: 440641K->48960K(440896K), 0.0239720 secs] 4140723K->3797183K(12533952K), 0.0241400 secs] [Times: user=0.34 sys=0.00, real=0.02 secs] 
: 440896K->48960K(440896K), 0.0204300 secs] 4189119K->3844586K(12533952K), 0.0206480 secs] [Times: user=0.29 sys=0.01, real=0.02 secs] 
: 440896K->48960K(440896K), 0.0251900 secs] 4236522K->3909201K(12533952K), 0.0253960 secs] [Times: user=0.36 sys=0.00, real=0.03 secs] 
: 440793K->48960K(440896K), 0.0226220 secs] 4301034K->3957902K(12533952K), 0.0227830 secs] [Times: user=0.31 sys=0.00, real=0.02 secs] 
: 440877K->48960K(440896K), 0.0181140 secs] 4349820K->4021929K(12533952K), 0.0182650 secs] [Times: user=0.28 sys=0.00, real=0.02 secs] 
: 440738K->48960K(440896K), 0.0205400 secs] 4413708K->4085998K(12533952K), 0.0207370 secs] [Times: user=0.31 sys=0.00, real=0.02 secs] 
: 440845K->48960K(440896K), 0.0178500 secs] 4477883K->4157487K(12533952K), 0.0180040 secs] [Times: user=0.26 sys=0.01, real=0.02 secs] 
: 440774K->48960K(440896K), 0.0197390 secs] 4549301K->4222453K(12533952K), 0.0202280 secs] [Times: user=0.26 sys=0.00, real=0.02 secs] 
: 440896K->48960K(440896K), 0.0198930 secs] 4614389K->4276244K(12533952K), 0.0200930 secs] [Times: user=0.28 sys=0.00, real=0.02 secs] 
: 440880K->48960K(440896K), 0.0188020 secs] 4668164K->4353342K(12533952K), 0.0190330 secs] [Times: user=0.28 sys=0.00, real=0.02 secs] 
: 440896K->48960K(440896K), 0.0241870 secs] 4745278K->4406676K(12533952K), 0.0244010 secs] [Times: user=0.32 sys=0.01, real=0.03 secs] 
: 440805K->48960K(440896K), 0.0332250 secs] 4798522K->4468042K(12533952K), 0.0334310 secs] [Times: user=0.39 sys=0.00, real=0.04 secs] 
: 440896K->48960K(440896K), 0.0194040 secs] 4859978K->4544648K(12533952K), 0.0196140 secs] [Times: user=0.29 sys=0.01, real=0.02 secs] 
: 440896K->48960K(440896K), 0.0188090 secs] 4936584K->4602087K(12533952K), 0.0189910 secs] [Times: user=0.26 sys=0.00, real=0.02 secs] 
: 440772K->48960K(440896K), 0.0200450 secs] 4993900K->4665286K(12533952K), 0.0202540 secs] [Times: user=0.33 sys=0.00, real=0.02 secs] 
: 440830K->48960K(440896K), 0.0214570 secs] 5057157K->4728174K(12533952K), 0.0216630 secs] [Times: user=0.26 sys=0.00, real=0.02 secs] 
: 440773K->48960K(440896K), 0.0177340 secs] 5119988K->4790506K(12533952K), 0.0179280 secs] [Times: user=0.24 sys=0.00, real=0.01 secs] 
: 440896K->48960K(440896K), 0.0164220 secs] 5182442K->4858818K(12533952K), 0.0165800 secs] [Times: user=0.24 sys=0.00, real=0.02 secs] 
: 440883K->48960K(440896K), 0.0212530 secs] 5250742K->4919748K(12533952K), 0.0214560 secs] [Times: user=0.31 sys=0.00, real=0.02 secs] 
: 440708K->48960K(440896K), 0.0194220 secs] 5311496K->4986705K(12533952K), 0.0196120 secs] [Times: user=0.29 sys=0.00, real=0.02 secs] 
: 440854K->48960K(440896K), 0.0211790 secs] 5378599K->5051678K(12533952K), 0.0213990 secs] [Times: user=0.25 sys=0.00, real=0.02 secs] 
: 440805K->48960K(440896K), 0.0221540 secs] 5443524K->5117410K(12533952K), 0.0223380 secs] [Times: user=0.27 sys=0.00, real=0.02 secs] 
: 440896K->48960K(440896K), 0.0204900 secs] 5509346K->5187689K(12533952K), 0.0206950 secs] [Times: user=0.27 sys=0.00, real=0.02 secs] 
: 440896K->48960K(440896K), 0.0253490 secs] 5579625K->5243367K(12533952K), 0.0255360 secs] [Times: user=0.31 sys=0.01, real=0.03 secs] 
: 440861K->48960K(440896K), 0.0218110 secs] 5635269K->5307725K(12533952K), 0.0220090 secs] [Times: user=0.26 sys=0.00, real=0.02 secs] 
: 440883K->48960K(440896K), 0.0196700 secs] 5699648K->5376561K(12533952K), 0.0198760 secs] [Times: user=0.26 sys=0.01, real=0.02 secs] 
: 440788K->48960K(440896K), 0.0200320 secs] 5768389K->5445717K(12533952K), 0.0202590 secs] [Times: user=0.28 sys=0.01, real=0.02 secs] 
: 440667K->48960K(440896K), 0.0194170 secs] 5837425K->5506583K(12533952K), 0.0196420 secs] [Times: user=0.25 sys=0.00, real=0.02 secs] 
: 440894K->48960K(440896K), 0.0214230 secs] 5898518K->5570821K(12533952K), 0.0216010 secs] [Times: user=0.31 sys=0.01, real=0.03 secs] 
: 440896K->48960K(440896K), 0.0218320 secs] 5962757K->5634603K(12533952K), 0.0220500 secs] [Times: user=0.31 sys=0.01, real=0.03 secs] 
: 440870K->48960K(440896K), 0.0217540 secs] 6026514K->5697079K(12533952K), 0.0219920 secs] [Times: user=0.31 sys=0.00, real=0.02 secs] 
: 440751K->48960K(440896K), 0.0200170 secs] 6088871K->5771643K(12533952K), 0.0202340 secs] [Times: user=0.32 sys=0.00, real=0.02 secs] 
: 440759K->48960K(440896K), 0.0169700 secs] 6163442K->5827133K(12533952K), 0.0171940 secs] [Times: user=0.24 sys=0.00, real=0.02 secs] 
: 440745K->48960K(440896K), 0.0182390 secs] 6218919K->5892108K(12533952K), 0.0184500 secs] [Times: user=0.26 sys=0.00, real=0.02 secs] 
: 440801K->48960K(440896K), 0.0245020 secs] 6283949K->5953491K(12533952K), 0.0247210 secs] [Times: user=0.30 sys=0.01, real=0.03 secs] 
: 440796K->48960K(440896K), 0.0258640 secs] 6345327K->6016062K(12533952K), 0.0260370 secs] [Times: user=0.25 sys=0.01, real=0.02 secs] 
: 440689K->48960K(440896K), 0.0256290 secs] 6407791K->6084152K(12533952K), 0.0261220 secs] [Times: user=0.26 sys=0.01, real=0.03 secs] 
: 440835K->48960K(440896K), 0.0199440 secs] 6476027K->6149287K(12533952K), 0.0201770 secs] [Times: user=0.22 sys=0.00, real=0.02 secs] 
: 440879K->48960K(440896K), 0.0193150 secs] 6541207K->6216932K(12533952K), 0.0195420 secs] [Times: user=0.25 sys=0.00, real=0.02 secs] 
: 440760K->48960K(440896K), 0.0174430 secs] 6608732K->6281769K(12533952K), 0.0176910 secs] [Times: user=0.26 sys=0.00, real=0.02 secs] 
: 440857K->48960K(440896K), 0.0210010 secs] 6673666K->6344474K(12533952K), 0.0212220 secs] [Times: user=0.33 sys=0.00, real=0.03 secs] 
: 440686K->48960K(440896K), 0.0209880 secs] 6736201K->6407663K(12533952K), 0.0211900 secs] [Times: user=0.32 sys=0.00, real=0.03 secs] 
: 440849K->48960K(440896K), 0.0229310 secs] 6799552K->6471861K(12533952K), 0.0231480 secs] [Times: user=0.29 sys=0.00, real=0.02 secs] 
: 440890K->48960K(440896K), 0.0234410 secs] 6863791K->6537557K(12533952K), 0.0236410 secs] [Times: user=0.33 sys=0.00, real=0.02 secs] 
: 440844K->48960K(440896K), 0.0222100 secs] 6929442K->6603885K(12533952K), 0.0224280 secs] [Times: user=0.30 sys=0.01, real=0.02 secs] 
: 440725K->48960K(440896K), 0.0203770 secs] 6995650K->6667472K(12533952K), 0.0205770 secs] [Times: user=0.26 sys=0.00, real=0.02 secs] 
: 440771K->48960K(440896K), 0.0192490 secs] 7059284K->6731594K(12533952K), 0.0194730 secs] [Times: user=0.27 sys=0.01, real=0.02 secs] 
: 440765K->48960K(440896K), 0.0223050 secs] 7123399K->6796083K(12533952K), 0.0225120 secs] [Times: user=0.31 sys=0.01, real=0.02 secs] 
: 440885K->48960K(440896K), 0.0173170 secs] 7188008K->6863995K(12533952K), 0.0175240 secs] [Times: user=0.25 sys=0.00, real=0.02 secs] 
: 440896K->48960K(440896K), 0.0184910 secs] 7255931K->6927769K(12533952K), 0.0188750 secs] [Times: user=0.27 sys=0.01, real=0.02 secs] 
: 440810K->48960K(440896K), 0.0176350 secs] 7319620K->6996495K(12533952K), 0.0178430 secs] [Times: user=0.24 sys=0.00, real=0.02 secs] 
: 440704K->48960K(440896K), 0.0229940 secs] 7388240K->7058758K(12533952K), 0.0232030 secs] [Times: user=0.32 sys=0.00, real=0.02 secs] 
: 440866K->48960K(440896K), 0.0169880 secs] 7450665K->7123684K(12533952K), 0.0171810 secs] [Times: user=0.25 sys=0.00, real=0.02 secs] 
: 440835K->48960K(440896K), 0.0243280 secs] 7515560K->7186533K(12533952K), 0.0245340 secs] [Times: user=0.27 sys=0.01, real=0.03 secs] 
: 440896K->48960K(440896K), 0.0215760 secs] 7578469K->7251704K(12533952K), 0.0217820 secs] [Times: user=0.33 sys=0.00, real=0.03 secs] 
: 440784K->48960K(440896K), 0.0203860 secs] 7643528K->7316000K(12533952K), 0.0205980 secs] [Times: user=0.30 sys=0.00, real=0.02 secs] 
: 440846K->48960K(440896K), 0.0206880 secs] 7707887K->7385268K(12533952K), 0.0208820 secs] [Times: user=0.33 sys=0.01, real=0.02 secs] 
: 440896K->48960K(440896K), 0.0233280 secs] 7777204K->7446666K(12533952K), 0.0235680 secs] [Times: user=0.38 sys=0.00, real=0.03 secs] 
: 440896K->48960K(440896K), 0.0219160 secs] 7838602K->7510238K(12533952K), 0.0221330 secs] [Times: user=0.31 sys=0.01, real=0.02 secs] 
: 440672K->48960K(440896K), 0.0195170 secs] 7901950K->7573510K(12533952K), 0.0197210 secs] [Times: user=0.29 sys=0.00, real=0.02 secs] 
: 440646K->48960K(440896K), 0.0207070 secs] 7965196K->7640556K(12533952K), 0.0209270 secs] [Times: user=0.31 sys=0.00, real=0.02 secs] 
: 440750K->48960K(440896K), 0.0201730 secs] 8032346K->7698757K(12533952K), 0.0203730 secs] [Times: user=0.26 sys=0.01, real=0.02 secs] 
: 440704K->48960K(440896K), 0.0233740 secs] 8090501K->7764887K(12533952K), 0.0235300 secs] [Times: user=0.32 sys=0.00, real=0.02 secs] 
: 440896K->48960K(440896K), 0.0172030 secs] 8156823K->7829343K(12533952K), 0.0174010 secs] [Times: user=0.25 sys=0.00, real=0.01 secs] 
: 440733K->48960K(440896K), 0.0221800 secs] 8221116K->7896853K(12533952K), 0.0223960 secs] [Times: user=0.32 sys=0.00, real=0.02 secs] 
: 440882K->48960K(440896K), 0.0197000 secs] 8288775K->7959983K(12533952K), 0.0199060 secs] [Times: user=0.24 sys=0.00, real=0.02 secs] 
: 440872K->48960K(440896K), 0.0195720 secs] 8351895K->8028185K(12533952K), 0.0197710 secs] [Times: user=0.31 sys=0.00, real=0.02 secs] 
: 440783K->48960K(440896K), 0.0239220 secs] 8420008K->8089797K(12533952K), 0.0240790 secs] [Times: user=0.32 sys=0.01, real=0.03 secs] 
: 440853K->48960K(440896K), 0.0220100 secs] 8481691K->8153309K(12533952K), 0.0222180 secs] [Times: user=0.35 sys=0.00, real=0.02 secs] 
: 440833K->48960K(440896K), 0.0230020 secs] 8545182K->8219972K(12533952K), 0.0232010 secs] [Times: user=0.33 sys=0.00, real=0.02 secs] 
: 440652K->48960K(440896K), 0.0211970 secs] 8611664K->8283534K(12533952K), 0.0213940 secs] [Times: user=0.33 sys=0.00, real=0.02 secs] 
: 440896K->48960K(440896K), 0.0180770 secs] 8675470K->8342971K(12533952K), 0.0182780 secs] [Times: user=0.26 sys=0.00, real=0.02 secs] 
: 440805K->48960K(440896K), 0.0211960 secs] 8734816K->8407601K(12533952K), 0.0214060 secs] [Times: user=0.31 sys=0.00, real=0.02 secs] 
: 440890K->48960K(440896K), 0.0214410 secs] 8799532K->8481410K(12533952K), 0.0219230 secs] [Times: user=0.37 sys=0.01, real=0.02 secs] 
: 440887K->48960K(440896K), 0.0227480 secs] 8873338K->8531887K(12533952K), 0.0229490 secs] [Times: user=0.34 sys=0.00, real=0.02 secs] 
2015-04-01T16:05:21.355-0700: 13226121.428: [GC [1 CMS-initial-mark: 8482927K(12093056K)] 8532375K(12533952K), 0.0058160 secs] [Times: user=0.00 sys=0.00, real=0.01 secs] 
2015-04-01T16:05:21.685-0700: 13226121.757: [CMS-concurrent-mark: 0.324/0.324 secs] [Times: user=1.97 sys=0.00, real=0.32 secs] 
2015-04-01T16:05:21.717-0700: 13226121.790: [CMS-concurrent-preclean: 0.032/0.032 secs] [Times: user=0.04 sys=0.00, real=0.03 secs] 
 CMS: abort preclean due to time 2015-04-01T16:05:26.835-0700: 13226126.908: [CMS-concurrent-abortable-preclean: 3.214/5.118 secs] [Times: user=3.60 sys=0.10, real=5.12 secs] 
2015-04-01T16:05:26.837-0700: 13226126.909: [GC[YG occupancy: 156930 K (440896 K)]13226126.909: [Rescan (parallel) , 0.0065060 secs]13226126.916: [weak refs processing, 0.0027110 secs] [1 CMS-remark: 8482927K(12093056K)] 8639858K(12533952K), 0.0094490 secs] [Times: user=0.09 sys=0.00, real=0.01 secs] 
2015-04-01T16:05:27.600-0700: 13226127.672: [CMS-concurrent-sweep: 0.753/0.753 secs] [Times: user=0.83 sys=0.01, real=0.76 secs] 
2015-04-01T16:05:27.624-0700: 13226127.697: [CMS-concurrent-reset: 0.025/0.025 secs] [Times: user=0.02 sys=0.00, real=0.02 secs] 
: 440896K->48960K(440896K), 0.0262850 secs] 4123412K->3801968K(12533952K), 0.0264810 secs] [Times: user=0.41 sys=0.00, real=0.02 secs] 
: 440883K->48960K(440896K), 0.0201140 secs] 4193892K->3850374K(12533952K), 0.0203140 secs] [Times: user=0.26 sys=0.00, real=0.02 secs] 
: 440896K->48960K(440896K), 0.0218630 secs] 4242310K->3915057K(12533952K), 0.0220730 secs] [Times: user=0.36 sys=0.00, real=0.02 secs] 
: 440853K->48960K(440896K), 0.0205730 secs] 4306951K->3978497K(12533952K), 0.0207830 secs] [Times: user=0.31 sys=0.00, real=0.02 secs] 
: 440896K->48960K(440896K), 0.0205210 secs] 4370433K->4038580K(12533952K), 0.0207350 secs] [Times: user=0.35 sys=0.00, real=0.03 secs] 
: 440896K->48960K(440896K), 0.0221590 secs] 4430516K->4104301K(12533952K), 0.0223490 secs] [Times: user=0.33 sys=0.01, real=0.02 secs] 
: 440896K->48960K(440896K), 0.0189140 secs] 4496237K->4175693K(12533952K), 0.0191560 secs] [Times: user=0.25 sys=0.00, real=0.01 secs] 
: 440896K->48960K(440896K), 0.0201060 secs] 4567629K->4239498K(12533952K), 0.0203090 secs] [Times: user=0.29 sys=0.00, real=0.02 secs] 
: 440791K->48960K(440896K), 0.0194500 secs] 4631330K->4288583K(12533952K), 0.0196660 secs] [Times: user=0.25 sys=0.01, real=0.02 secs] 
: 440891K->48960K(440896K), 0.0268740 secs] 4680515K->4352000K(12533952K), 0.0270330 secs] [Times: user=0.36 sys=0.01, real=0.03 secs] 
: 440878K->48960K(440896K), 0.0248690 secs] 4743918K->4414281K(12533952K), 0.0250220 secs] [Times: user=0.25 sys=0.01, real=0.02 secs] 
: 440721K->48960K(440896K), 0.0208320 secs] 4806042K->4476568K(12533952K), 0.0209830 secs] [Times: user=0.27 sys=0.01, real=0.02 secs] 
: 440823K->48960K(440896K), 0.0165590 secs] 4868432K->4542961K(12533952K), 0.0167090 secs] [Times: user=0.24 sys=0.01, real=0.02 secs] 
: 440896K->48960K(440896K), 0.0236010 secs] 4934897K->4604712K(12533952K), 0.0237970 secs] [Times: user=0.30 sys=0.01, real=0.02 secs] 
: 440896K->48960K(440896K), 0.0190870 secs] 4996648K->4673608K(12533952K), 0.0192850 secs] [Times: user=0.28 sys=0.00, real=0.02 secs] 
: 440705K->48960K(440896K), 0.0200570 secs] 5065353K->4733756K(12533952K), 0.0202540 secs] [Times: user=0.28 sys=0.00, real=0.02 secs] 
: 440850K->48960K(440896K), 0.0190250 secs] 5125646K->4798955K(12533952K), 0.0192280 secs] [Times: user=0.24 sys=0.00, real=0.01 secs] 
: 440663K->48960K(440896K), 0.0188910 secs] 5190658K->4868394K(12533952K), 0.0193020 secs] [Times: user=0.26 sys=0.00, real=0.02 secs] 
: 440887K->48960K(440896K), 0.0188340 secs] 5260321K->4933894K(12533952K), 0.0190200 secs] [Times: user=0.23 sys=0.01, real=0.02 secs] 
: 440780K->48960K(440896K), 0.0207370 secs] 5325714K->4991994K(12533952K), 0.0209670 secs] [Times: user=0.27 sys=0.00, real=0.02 secs] 
: 440874K->48960K(440896K), 0.0217900 secs] 5383909K->5059991K(12533952K), 0.0219700 secs] [Times: user=0.25 sys=0.01, real=0.02 secs] 
: 440896K->48960K(440896K), 0.0203170 secs] 5451927K->5126074K(12533952K), 0.0204850 secs] [Times: user=0.32 sys=0.00, real=0.02 secs] 
: 440739K->48960K(440896K), 0.0238830 secs] 5517854K->5183496K(12533952K), 0.0240880 secs] [Times: user=0.30 sys=0.01, real=0.03 secs] 
: 440780K->48960K(440896K), 0.0278320 secs] 5575316K->5245904K(12533952K), 0.0280440 secs] [Times: user=0.35 sys=0.01, real=0.03 secs] 
: 440746K->48960K(440896K), 0.0235570 secs] 5637690K->5312674K(12533952K), 0.0237570 secs] [Times: user=0.27 sys=0.01, real=0.03 secs] 
: 440896K->48960K(440896K), 0.0225330 secs] 5704610K->5378536K(12533952K), 0.0227290 secs] [Times: user=0.34 sys=0.00, real=0.02 secs] 
: 440896K->48960K(440896K), 0.0209190 secs] 5770472K->5435931K(12533952K), 0.0211120 secs] [Times: user=0.27 sys=0.00, real=0.02 secs] 
: 440657K->48960K(440896K), 0.0197140 secs] 5827629K->5508295K(12533952K), 0.0199190 secs] [Times: user=0.31 sys=0.01, real=0.02 secs] 
: 440886K->48960K(440896K), 0.0178220 secs] 5900221K->5549499K(12533952K), 0.0179500 secs] [Times: user=0.20 sys=0.01, real=0.01 secs] 
: 440710K->48960K(440896K), 0.0172560 secs] 5941250K->5603261K(12533952K), 0.0174520 secs] [Times: user=0.25 sys=0.00, real=0.01 secs] 
: 440896K->48960K(440896K), 0.0185690 secs] 5995197K->5666148K(12533952K), 0.0187730 secs] [Times: user=0.24 sys=0.01, real=0.02 secs] 
: 440666K->48960K(440896K), 0.0225860 secs] 6057855K->5729709K(12533952K), 0.0227840 secs] [Times: user=0.28 sys=0.01, real=0.03 secs] 
: 440896K->48960K(440896K), 0.0207340 secs] 6121645K->5796563K(12533952K), 0.0209790 secs] [Times: user=0.27 sys=0.00, real=0.02 secs] 
: 440896K->48960K(440896K), 0.0177680 secs] 6188499K->5842790K(12533952K), 0.0179810 secs] [Times: user=0.21 sys=0.01, real=0.02 secs] 
: 440896K->34219K(440896K), 0.0150980 secs] 6234726K->5857525K(12533952K), 0.0152890 secs] [Times: user=0.22 sys=0.00, real=0.01 secs] 
: 425988K->15744K(440896K), 0.0094460 secs] 6249293K->5839049K(12533952K), 0.0096430 secs] [Times: user=0.17 sys=0.00, real=0.01 secs] 
: 407680K->47635K(440896K), 0.0118270 secs] 6230985K->5870941K(12533952K), 0.0123820 secs] [Times: user=0.22 sys=0.00, real=0.01 secs] 
: 439528K->5072K(440896K), 0.0127990 secs] 6262834K->5842353K(12533952K), 0.0129920 secs] [Times: user=0.21 sys=0.00, real=0.01 secs] 
: 396964K->48960K(440896K), 0.0140960 secs] 6234245K->5895677K(12533952K), 0.0143010 secs] [Times: user=0.23 sys=0.00, real=0.01 secs] 
: 440663K->48960K(440896K), 0.0280440 secs] 6287381K->5963677K(12533952K), 0.0283050 secs] [Times: user=0.34 sys=0.01, real=0.03 secs] 
: 440896K->48960K(440896K), 0.0243630 secs] 6355613K->6027254K(12533952K), 0.0245860 secs] [Times: user=0.30 sys=0.01, real=0.03 secs] 
: 440680K->48945K(440896K), 0.0212280 secs] 6418974K->6089561K(12533952K), 0.0214650 secs] [Times: user=0.25 sys=0.00, real=0.03 secs] 
: 440854K->48960K(440896K), 0.0186100 secs] 6481470K->6153188K(12533952K), 0.0188420 secs] [Times: user=0.24 sys=0.01, real=0.02 secs] 
: 440876K->48932K(440896K), 0.0207530 secs] 6545105K->6216788K(12533952K), 0.0209750 secs] [Times: user=0.26 sys=0.01, real=0.02 secs] 
: 440787K->48960K(440896K), 0.0217500 secs] 6608643K->6279582K(12533952K), 0.0219710 secs] [Times: user=0.30 sys=0.00, real=0.02 secs] 
: 440808K->48960K(440896K), 0.0210510 secs] 6671431K->6340708K(12533952K), 0.0212910 secs] [Times: user=0.31 sys=0.00, real=0.02 secs] 
: 440834K->48960K(440896K), 0.0221540 secs] 6732583K->6402931K(12533952K), 0.0223770 secs] [Times: user=0.34 sys=0.00, real=0.02 secs] 
: 440896K->48959K(440896K), 0.0197130 secs] 6794867K->6462644K(12533952K), 0.0198890 secs] [Times: user=0.30 sys=0.00, real=0.02 secs] 
: 440895K->48959K(440896K), 0.0239150 secs] 6854580K->6530243K(12533952K), 0.0246030 secs] [Times: user=0.31 sys=0.01, real=0.03 secs] 
: 440866K->48916K(440896K), 0.0228040 secs] 6922150K->6585531K(12533952K), 0.0230310 secs] [Times: user=0.34 sys=0.00, real=0.03 secs] 
: 440804K->48910K(440896K), 0.0253440 secs] 6977419K->6650428K(12533952K), 0.0255480 secs] [Times: user=0.30 sys=0.00, real=0.03 secs] 
: 440795K->48960K(440896K), 0.0263160 secs] 7042313K->6714890K(12533952K), 0.0265430 secs] [Times: user=0.34 sys=0.00, real=0.02 secs] 
: 440882K->48960K(440896K), 0.0213050 secs] 7106812K->6778690K(12533952K), 0.0215010 secs] [Times: user=0.28 sys=0.01, real=0.02 secs] 
: 440896K->48960K(440896K), 0.0226900 secs] 7170626K->6840543K(12533952K), 0.0229170 secs] [Times: user=0.29 sys=0.00, real=0.02 secs] 
: 440896K->48960K(440896K), 0.0221650 secs] 7232479K->6904719K(12533952K), 0.0223880 secs] [Times: user=0.31 sys=0.00, real=0.02 secs] 
: 440835K->48960K(440896K), 0.0202230 secs] 7296595K->6970414K(12533952K), 0.0204360 secs] [Times: user=0.29 sys=0.00, real=0.02 secs] 
: 440896K->48928K(440896K), 0.0228990 secs] 7362350K->7031181K(12533952K), 0.0231080 secs] [Times: user=0.34 sys=0.00, real=0.02 secs] 
: 440864K->48945K(440896K), 0.0242540 secs] 7423117K->7100950K(12533952K), 0.0244800 secs] [Times: user=0.33 sys=0.00, real=0.02 secs] 
: 440857K->48960K(440896K), 0.0243730 secs] 7492862K->7158779K(12533952K), 0.0245390 secs] [Times: user=0.33 sys=0.00, real=0.03 secs] 
: 438896K->48951K(440896K), 0.0252690 secs] 7548715K->7222231K(12533952K), 0.0254640 secs] [Times: user=0.30 sys=0.01, real=0.03 secs] 
: 440822K->48960K(440896K), 0.0225450 secs] 7614102K->7286734K(12533952K), 0.0226970 secs] [Times: user=0.30 sys=0.00, real=0.02 secs] 
: 440896K->48960K(440896K), 0.0227270 secs] 7678670K->7350194K(12533952K), 0.0229240 secs] [Times: user=0.34 sys=0.00, real=0.02 secs] 
: 440712K->48959K(440896K), 0.0211080 secs] 7741946K->7413111K(12533952K), 0.0212850 secs] [Times: user=0.29 sys=0.01, real=0.02 secs] 
: 440688K->48960K(440896K), 0.0216340 secs] 7804839K->7475632K(12533952K), 0.0218320 secs] [Times: user=0.30 sys=0.00, real=0.02 secs] 
: 440885K->48959K(440896K), 0.0218740 secs] 7867557K->7533583K(12533952K), 0.0221910 secs] [Times: user=0.31 sys=0.00, real=0.02 secs] 
: 440776K->48960K(440896K), 0.0255580 secs] 7925400K->7601568K(12533952K), 0.0257810 secs] [Times: user=0.33 sys=0.00, real=0.02 secs] 
: 440726K->48960K(440896K), 0.0224740 secs] 7993335K->7661654K(12533952K), 0.0226800 secs] [Times: user=0.28 sys=0.01, real=0.02 secs] 
: 440896K->48960K(440896K), 0.0224490 secs] 8053590K->7722785K(12533952K), 0.0226760 secs] [Times: user=0.34 sys=0.00, real=0.02 secs] 
: 440894K->48960K(440896K), 0.0254280 secs] 8114719K->7808019K(12533952K), 0.0256420 secs] [Times: user=0.34 sys=0.00, real=0.02 secs] 
: 440799K->48960K(440896K), 0.0221350 secs] 8199858K->7859533K(12533952K), 0.0223160 secs] [Times: user=0.31 sys=0.00, real=0.02 secs] 
: 440740K->48960K(440896K), 0.0205890 secs] 8251314K->7919659K(12533952K), 0.0207790 secs] [Times: user=0.32 sys=0.00, real=0.02 secs] 
: 440896K->48960K(440896K), 0.0231740 secs] 8311595K->7981442K(12533952K), 0.0234110 secs] [Times: user=0.33 sys=0.01, real=0.02 secs] 
: 440896K->48960K(440896K), 0.0194240 secs] 8373378K->8047245K(12533952K), 0.0195950 secs] [Times: user=0.28 sys=0.00, real=0.01 secs] 
: 440896K->48960K(440896K), 0.0233070 secs] 8439181K->8116932K(12533952K), 0.0234830 secs] [Times: user=0.31 sys=0.01, real=0.03 secs] 
: 440885K->48960K(440896K), 0.0192500 secs] 8508858K->8174866K(12533952K), 0.0194340 secs] [Times: user=0.28 sys=0.00, real=0.02 secs] 
: 440798K->48937K(440896K), 0.0209310 secs] 8566704K->8239302K(12533952K), 0.0211540 secs] [Times: user=0.26 sys=0.00, real=0.02 secs] 
: 438994K->48960K(440896K), 0.0215650 secs] 8629359K->8305111K(12533952K), 0.0217530 secs] [Times: user=0.29 sys=0.01, real=0.02 secs] 
: 440783K->48960K(440896K), 0.0224160 secs] 8696934K->8371230K(12533952K), 0.0226480 secs] [Times: user=0.31 sys=0.00, real=0.02 secs] 
: 440672K->48960K(440896K), 0.0179320 secs] 8762942K->8432011K(12533952K), 0.0181100 secs] [Times: user=0.26 sys=0.00, real=0.02 secs] 
: 440896K->48927K(440896K), 0.0224290 secs] 8823947K->8492876K(12533952K), 0.0226630 secs] [Times: user=0.29 sys=0.00, real=0.02 secs] 
: 440790K->48960K(440896K), 0.0234240 secs] 8884739K->8555495K(12533952K), 0.0236390 secs] [Times: user=0.33 sys=0.00, real=0.02 secs] 
2015-04-01T16:26:41.143-0700: 13227401.216: [GC [1 CMS-initial-mark: 8506535K(12093056K)] 8555760K(12533952K), 0.0055580 secs] [Times: user=0.00 sys=0.00, real=0.01 secs] 
2015-04-01T16:26:41.440-0700: 13227401.513: [CMS-concurrent-mark: 0.292/0.292 secs] [Times: user=1.78 sys=0.00, real=0.29 secs] 
2015-04-01T16:26:41.480-0700: 13227401.552: [CMS-concurrent-preclean: 0.039/0.039 secs] [Times: user=0.04 sys=0.00, real=0.04 secs] 
 CMS: abort preclean due to time 2015-04-01T16:26:46.596-0700: 13227406.668: [CMS-concurrent-abortable-preclean: 2.729/5.116 secs] [Times: user=3.05 sys=0.11, real=5.12 secs] 
2015-04-01T16:26:46.597-0700: 13227406.670: [GC[YG occupancy: 167930 K (440896 K)]13227406.670: [Rescan (parallel) , 0.0083740 secs]13227406.678: [weak refs processing, 0.0081390 secs] [1 CMS-remark: 8506535K(12093056K)] 8674466K(12533952K), 0.0170080 secs] [Times: user=0.14 sys=0.00, real=0.02 secs] 
2015-04-01T16:26:47.505-0700: 13227407.578: [CMS-concurrent-sweep: 0.890/0.890 secs] [Times: user=0.92 sys=0.01, real=0.89 secs] 
2015-04-01T16:26:47.538-0700: 13227407.611: [CMS-concurrent-reset: 0.033/0.033 secs] [Times: user=0.03 sys=0.00, real=0.03 secs] 
: 440757K->48960K(440896K), 0.0227060 secs] 4025619K->3690235K(12533952K), 0.0229290 secs] [Times: user=0.38 sys=0.00, real=0.02 secs] 
: 440877K->48960K(440896K), 0.0238060 secs] 4082152K->3752679K(12533952K), 0.0239710 secs] [Times: user=0.36 sys=0.00, real=0.02 secs] 
: 440837K->48960K(440896K), 0.0182650 secs] 4144556K->3813661K(12533952K), 0.0185010 secs] [Times: user=0.28 sys=0.00, real=0.02 secs] 
: 440772K->48960K(440896K), 0.0202400 secs] 4205474K->3879986K(12533952K), 0.0204180 secs] [Times: user=0.34 sys=0.01, real=0.02 secs] 
: 440810K->48960K(440896K), 0.0211520 secs] 4271837K->3948437K(12533952K), 0.0213210 secs] [Times: user=0.32 sys=0.00, real=0.02 secs] 
: 440763K->48960K(440896K), 0.0227100 secs] 4340241K->4006751K(12533952K), 0.0229260 secs] [Times: user=0.36 sys=0.00, real=0.02 secs] 
: 440896K->48960K(440896K), 0.0208220 secs] 4398687K->4067797K(12533952K), 0.0209960 secs] [Times: user=0.35 sys=0.00, real=0.03 secs] 
: 440812K->48944K(440896K), 0.0218150 secs] 4459649K->4127363K(12533952K), 0.0219950 secs] [Times: user=0.33 sys=0.00, real=0.03 secs] 
: 440880K->48960K(440896K), 0.0257590 secs] 4519299K->4189204K(12533952K), 0.0259480 secs] [Times: user=0.36 sys=0.00, real=0.03 secs] 
: 440843K->48960K(440896K), 0.0274600 secs] 4581088K->4251743K(12533952K), 0.0276750 secs] [Times: user=0.34 sys=0.01, real=0.03 secs] 
: 440695K->48960K(440896K), 0.0309180 secs] 4643479K->4319552K(12533952K), 0.0311440 secs] [Times: user=0.26 sys=0.01, real=0.03 secs] 
: 440640K->48960K(440896K), 0.0203670 secs] 4711232K->4375500K(12533952K), 0.0205880 secs] [Times: user=0.30 sys=0.00, real=0.02 secs] 
: 440785K->48960K(440896K), 0.0240740 secs] 4767326K->4457005K(12533952K), 0.0243100 secs] [Times: user=0.32 sys=0.00, real=0.03 secs] 
: 440722K->48960K(440896K), 0.0202000 secs] 4848767K->4502957K(12533952K), 0.0204400 secs] [Times: user=0.29 sys=0.00, real=0.02 secs] 
: 440896K->48960K(440896K), 0.0230410 secs] 4894893K->4569113K(12533952K), 0.0232580 secs] [Times: user=0.35 sys=0.00, real=0.02 secs] 
: 440896K->48960K(440896K), 0.0210510 secs] 4961049K->4637418K(12533952K), 0.0212620 secs] [Times: user=0.30 sys=0.00, real=0.02 secs] 
: 440896K->48960K(440896K), 0.0210510 secs] 5029354K->4687537K(12533952K), 0.0212850 secs] [Times: user=0.27 sys=0.00, real=0.02 secs] 
: 440752K->48927K(440896K), 0.0223900 secs] 5079329K->4750501K(12533952K), 0.0226200 secs] [Times: user=0.33 sys=0.00, real=0.02 secs] 
: 440795K->48918K(440896K), 0.0255010 secs] 5142369K->4815105K(12533952K), 0.0257570 secs] [Times: user=0.33 sys=0.01, real=0.02 secs] 
: 440854K->48960K(440896K), 0.0228650 secs] 5207041K->4877965K(12533952K), 0.0230930 secs] [Times: user=0.27 sys=0.01, real=0.03 secs] 
: 440767K->48960K(440896K), 0.0236660 secs] 5269772K->4940787K(12533952K), 0.0238410 secs] [Times: user=0.31 sys=0.01, real=0.03 secs] 
: 440854K->48928K(440896K), 0.0259700 secs] 5332682K->5008079K(12533952K), 0.0261920 secs] [Times: user=0.29 sys=0.00, real=0.03 secs] 
: 440732K->48960K(440896K), 0.0248890 secs] 5399884K->5070407K(12533952K), 0.0251020 secs] [Times: user=0.34 sys=0.00, real=0.02 secs] 
: 440814K->48925K(440896K), 0.0259070 secs] 5462262K->5134847K(12533952K), 0.0261660 secs] [Times: user=0.28 sys=0.01, real=0.02 secs] 
: 440861K->18260K(440896K), 0.0210880 secs] 5526783K->5152074K(12533952K), 0.0213070 secs] [Times: user=0.20 sys=0.01, real=0.02 secs] 
: 410196K->21154K(440896K), 0.0191760 secs] 5544010K->5154968K(12533952K), 0.0193330 secs] [Times: user=0.39 sys=0.00, real=0.02 secs] 
: 413090K->48960K(440896K), 0.0111270 secs] 5546904K->5188094K(12533952K), 0.0113470 secs] [Times: user=0.21 sys=0.00, real=0.01 secs] 
: 440896K->5321K(440896K), 0.0143330 secs] 5580030K->5162985K(12533952K), 0.0145550 secs] [Times: user=0.21 sys=0.00, real=0.01 secs] 
: 397257K->8096K(440896K), 0.0108920 secs] 5554921K->5165760K(12533952K), 0.0111410 secs] [Times: user=0.20 sys=0.00, real=0.01 secs] 
: 399970K->48944K(440896K), 0.0164690 secs] 5557634K->5229251K(12533952K), 0.0166880 secs] [Times: user=0.23 sys=0.00, real=0.02 secs] 
: 440712K->48960K(440896K), 0.0213040 secs] 5621019K->5293184K(12533952K), 0.0215340 secs] [Times: user=0.29 sys=0.00, real=0.02 secs] 
: 440778K->48960K(440896K), 0.0228630 secs] 5685002K->5356413K(12533952K), 0.0230860 secs] [Times: user=0.34 sys=0.00, real=0.02 secs] 
: 440888K->48957K(440896K), 0.0251070 secs] 5748341K->5423402K(12533952K), 0.0252800 secs] [Times: user=0.32 sys=0.00, real=0.03 secs] 
: 440893K->48960K(440896K), 0.0227810 secs] 5815338K->5485229K(12533952K), 0.0230080 secs] [Times: user=0.26 sys=0.01, real=0.02 secs] 
: 440896K->48946K(440896K), 0.0215260 secs] 5877165K->5548715K(12533952K), 0.0217550 secs] [Times: user=0.26 sys=0.00, real=0.02 secs] 
: 440697K->48960K(440896K), 0.0224650 secs] 5940466K->5610489K(12533952K), 0.0226890 secs] [Times: user=0.28 sys=0.00, real=0.02 secs] 
: 440865K->48930K(440896K), 0.0237760 secs] 6002395K->5674273K(12533952K), 0.0240110 secs] [Times: user=0.29 sys=0.01, real=0.02 secs] 
: 440863K->48951K(440896K), 0.0228920 secs] 6066206K->5742181K(12533952K), 0.0230880 secs] [Times: user=0.26 sys=0.00, real=0.03 secs] 
: 440848K->48960K(440896K), 0.0247480 secs] 6134079K->5804794K(12533952K), 0.0249400 secs] [Times: user=0.30 sys=0.00, real=0.02 secs] 
: 440878K->48935K(440896K), 0.0246030 secs] 6196713K->5860882K(12533952K), 0.0247970 secs] [Times: user=0.37 sys=0.00, real=0.03 secs] 
: 440655K->48960K(440896K), 0.0329740 secs] 6252602K->5944928K(12533952K), 0.0331740 secs] [Times: user=0.39 sys=0.00, real=0.03 secs] 
: 440841K->48960K(440896K), 0.0176520 secs] 6336809K->5991242K(12533952K), 0.0178080 secs] [Times: user=0.25 sys=0.01, real=0.02 secs] 
: 440733K->48960K(440896K), 0.0225660 secs] 6383016K->6049990K(12533952K), 0.0227730 secs] [Times: user=0.27 sys=0.01, real=0.03 secs] 
: 440830K->48960K(440896K), 0.0243560 secs] 6441861K->6109732K(12533952K), 0.0245950 secs] [Times: user=0.36 sys=0.00, real=0.02 secs] 
: 440896K->48921K(440896K), 0.0191890 secs] 6501668K->6174031K(12533952K), 0.0193630 secs] [Times: user=0.25 sys=0.00, real=0.02 secs] 
: 440857K->48960K(440896K), 0.0215940 secs] 6565967K->6238398K(12533952K), 0.0217650 secs] [Times: user=0.32 sys=0.01, real=0.02 secs] 
: 440730K->48960K(440896K), 0.0219970 secs] 6630168K->6303159K(12533952K), 0.0222310 secs] [Times: user=0.25 sys=0.00, real=0.02 secs] 
: 440896K->48944K(440896K), 0.0186830 secs] 6695095K->6366578K(12533952K), 0.0188540 secs] [Times: user=0.25 sys=0.00, real=0.02 secs] 
: 440785K->48960K(440896K), 0.0250200 secs] 6758419K->6433721K(12533952K), 0.0252490 secs] [Times: user=0.30 sys=0.00, real=0.03 secs] 
: 440792K->48912K(440896K), 0.0222860 secs] 6825554K->6500536K(12533952K), 0.0225180 secs] [Times: user=0.29 sys=0.00, real=0.02 secs] 
: 440848K->48897K(440896K), 0.0286720 secs] 6892472K->6565324K(12533952K), 0.0288700 secs] [Times: user=0.34 sys=0.00, real=0.02 secs] 
: 440581K->48960K(440896K), 0.0220420 secs] 6957008K->6629925K(12533952K), 0.0222490 secs] [Times: user=0.30 sys=0.01, real=0.02 secs] 
: 440896K->48960K(440896K), 0.0203660 secs] 7021861K->6692908K(12533952K), 0.0205160 secs] [Times: user=0.33 sys=0.00, real=0.02 secs] 
: 440887K->48960K(440896K), 0.0245510 secs] 7084835K->6761321K(12533952K), 0.0247650 secs] [Times: user=0.33 sys=0.01, real=0.03 secs] 
: 440810K->48960K(440896K), 0.0245140 secs] 7153171K->6820784K(12533952K), 0.0247140 secs] [Times: user=0.38 sys=0.01, real=0.03 secs] 
: 440800K->48960K(440896K), 0.0190560 secs] 7212625K->6881105K(12533952K), 0.0192050 secs] [Times: user=0.28 sys=0.00, real=0.01 secs] 
: 440871K->48960K(440896K), 0.0227670 secs] 7273017K->6954327K(12533952K), 0.0229380 secs] [Times: user=0.31 sys=0.00, real=0.02 secs] 
: 440777K->48960K(440896K), 0.0282990 secs] 7346144K->7017431K(12533952K), 0.0285010 secs] [Times: user=0.38 sys=0.00, real=0.03 secs] 
: 440791K->48960K(440896K), 0.0196910 secs] 7409263K->7063260K(12533952K), 0.0199000 secs] [Times: user=0.28 sys=0.00, real=0.02 secs] 
: 440731K->48960K(440896K), 0.0260630 secs] 7455031K->7124723K(12533952K), 0.0262570 secs] [Times: user=0.41 sys=0.00, real=0.02 secs] 
: 440764K->48960K(440896K), 0.0230490 secs] 7516527K->7191448K(12533952K), 0.0232500 secs] [Times: user=0.28 sys=0.01, real=0.02 secs] 
: 440896K->48960K(440896K), 0.0243530 secs] 7583384K->7255479K(12533952K), 0.0245510 secs] [Times: user=0.34 sys=0.00, real=0.02 secs] 
: 440896K->48960K(440896K), 0.0236120 secs] 7647415K->7316279K(12533952K), 0.0238320 secs] [Times: user=0.35 sys=0.00, real=0.02 secs] 
: 440896K->48960K(440896K), 0.0218770 secs] 7708215K->7382431K(12533952K), 0.0220840 secs] [Times: user=0.36 sys=0.00, real=0.02 secs] 
: 440793K->48904K(440896K), 0.0230870 secs] 7774264K->7445042K(12533952K), 0.0232980 secs] [Times: user=0.31 sys=0.00, real=0.02 secs] 
: 440824K->48959K(440896K), 0.0230920 secs] 7836963K->7509528K(12533952K), 0.0233160 secs] [Times: user=0.29 sys=0.00, real=0.02 secs] 
: 440884K->48960K(440896K), 0.0210420 secs] 7901453K->7570969K(12533952K), 0.0212650 secs] [Times: user=0.27 sys=0.00, real=0.02 secs] 
: 440744K->48944K(440896K), 0.0255980 secs] 7962754K->7645503K(12533952K), 0.0257930 secs] [Times: user=0.29 sys=0.00, real=0.03 secs] 
: 440880K->48960K(440896K), 0.0217860 secs] 8037439K->7702082K(12533952K), 0.0220040 secs] [Times: user=0.32 sys=0.00, real=0.03 secs] 
: 440799K->48960K(440896K), 0.0240010 secs] 8093921K->7764171K(12533952K), 0.0242420 secs] [Times: user=0.33 sys=0.00, real=0.02 secs] 
: 440887K->48960K(440896K), 0.0222690 secs] 8156099K->7826958K(12533952K), 0.0224520 secs] [Times: user=0.27 sys=0.00, real=0.03 secs] 
: 440807K->48960K(440896K), 0.0219980 secs] 8218805K->7894975K(12533952K), 0.0221720 secs] [Times: user=0.28 sys=0.00, real=0.03 secs] 
: 440896K->48960K(440896K), 0.0233860 secs] 8286911K->7959102K(12533952K), 0.0236270 secs] [Times: user=0.33 sys=0.00, real=0.02 secs] 
: 440717K->48960K(440896K), 0.0253940 secs] 8350860K->8023375K(12533952K), 0.0256280 secs] [Times: user=0.28 sys=0.00, real=0.03 secs] 
: 440896K->48960K(440896K), 0.0205000 secs] 8415311K->8086102K(12533952K), 0.0207300 secs] [Times: user=0.24 sys=0.01, real=0.02 secs] 
: 440896K->48960K(440896K), 0.0212080 secs] 8478038K->8156198K(12533952K), 0.0214060 secs] [Times: user=0.30 sys=0.01, real=0.02 secs] 
: 440896K->48960K(440896K), 0.0240570 secs] 8548134K->8205090K(12533952K), 0.0242890 secs] [Times: user=0.37 sys=0.00, real=0.02 secs] 
: 440896K->48960K(440896K), 0.0264900 secs] 8597026K->8268130K(12533952K), 0.0267280 secs] [Times: user=0.33 sys=0.00, real=0.03 secs] 
: 440896K->48897K(440896K), 0.0234390 secs] 8660066K->8332261K(12533952K), 0.0237620 secs] [Times: user=0.27 sys=0.01, real=0.02 secs] 
: 440711K->48960K(440896K), 0.0217350 secs] 8724075K->8393758K(12533952K), 0.0219990 secs] [Times: user=0.26 sys=0.00, real=0.02 secs] 
: 440733K->48959K(440896K), 0.0234570 secs] 8785531K->8459916K(12533952K), 0.0236960 secs] [Times: user=0.35 sys=0.00, real=0.02 secs] 
: 440893K->48960K(440896K), 0.0200730 secs] 8851850K->8523423K(12533952K), 0.0203140 secs] [Times: user=0.30 sys=0.00, real=0.02 secs] 
2015-04-01T16:49:45.827-0700: 13228785.899: [GC [1 CMS-initial-mark: 8474463K(12093056K)] 8523685K(12533952K), 0.0062100 secs] [Times: user=0.01 sys=0.00, real=0.00 secs] 
2015-04-01T16:49:46.164-0700: 13228786.237: [CMS-concurrent-mark: 0.331/0.331 secs] [Times: user=2.02 sys=0.00, real=0.34 secs] 
2015-04-01T16:49:46.202-0700: 13228786.274: [CMS-concurrent-preclean: 0.037/0.038 secs] [Times: user=0.04 sys=0.00, real=0.03 secs] 
2015-04-01T16:49:50.939-0700: 13228791.011: [CMS-concurrent-abortable-preclean: 2.532/4.737 secs] [Times: user=3.04 sys=0.18, real=4.74 secs] 
2015-04-01T16:49:50.940-0700: 13228791.013: [GC[YG occupancy: 245077 K (440896 K)]13228791.013: [Rescan (parallel) , 0.0070940 secs]13228791.020: [weak refs processing, 0.0094020 secs] [1 CMS-remark: 8474463K(12093056K)] 8719540K(12533952K), 0.0171440 secs] [Times: user=0.12 sys=0.01, real=0.02 secs] 
2015-04-01T16:49:51.740-0700: 13228791.813: [CMS-concurrent-sweep: 0.783/0.783 secs] [Times: user=0.86 sys=0.02, real=0.78 secs] 
2015-04-01T16:49:51.768-0700: 13228791.841: [CMS-concurrent-reset: 0.027/0.027 secs] [Times: user=0.04 sys=0.00, real=0.03 secs] 
: 440794K->48901K(440896K), 0.0183060 secs] 4203200K->3877205K(12533952K), 0.0185420 secs] [Times: user=0.27 sys=0.01, real=0.02 secs] 
: 440790K->48936K(440896K), 0.0177120 secs] 4269095K->3942919K(12533952K), 0.0179270 secs] [Times: user=0.29 sys=0.01, real=0.01 secs] 
: 440670K->48960K(440896K), 0.0171250 secs] 4334653K->4007293K(12533952K), 0.0172910 secs] [Times: user=0.28 sys=0.01, real=0.02 secs] 
: 440778K->48960K(440896K), 0.0191440 secs] 4399111K->4077804K(12533952K), 0.0193190 secs] [Times: user=0.27 sys=0.00, real=0.02 secs] 
: 440896K->48960K(440896K), 0.0186100 secs] 4469740K->4136079K(12533952K), 0.0187560 secs] [Times: user=0.23 sys=0.01, real=0.02 secs] 
: 440779K->48941K(440896K), 0.0225080 secs] 4527898K->4202421K(12533952K), 0.0226210 secs] [Times: user=0.23 sys=0.00, real=0.02 secs] 
: 440716K->48913K(440896K), 0.0224810 secs] 4594196K->4268224K(12533952K), 0.0226800 secs] [Times: user=0.27 sys=0.01, real=0.02 secs] 
: 440849K->48908K(440896K), 0.0201750 secs] 4660160K->4330422K(12533952K), 0.0203260 secs] [Times: user=0.27 sys=0.00, real=0.02 secs] 
: 440844K->48960K(440896K), 0.0240000 secs] 4722358K->4392585K(12533952K), 0.0241560 secs] [Times: user=0.33 sys=0.01, real=0.02 secs] 
: 440891K->48959K(440896K), 0.0324740 secs] 4784517K->4456053K(12533952K), 0.0326920 secs] [Times: user=0.33 sys=0.00, real=0.03 secs] 
: 440811K->48960K(440896K), 0.0243340 secs] 4847904K->4520374K(12533952K), 0.0245650 secs] [Times: user=0.32 sys=0.00, real=0.03 secs] 
: 440896K->48960K(440896K), 0.0228200 secs] 4912310K->4582866K(12533952K), 0.0230420 secs] [Times: user=0.34 sys=0.00, real=0.02 secs] 
: 440814K->48960K(440896K), 0.0247430 secs] 4974720K->4657240K(12533952K), 0.0249830 secs] [Times: user=0.33 sys=0.01, real=0.03 secs] 
: 440891K->48960K(440896K), 0.0201840 secs] 5049171K->4712582K(12533952K), 0.0204350 secs] [Times: user=0.29 sys=0.01, real=0.02 secs] 
: 440883K->48960K(440896K), 0.0217940 secs] 5104506K->4780489K(12533952K), 0.0220830 secs] [Times: user=0.30 sys=0.01, real=0.02 secs] 
: 440670K->48960K(440896K), 0.0217070 secs] 5172199K->4845696K(12533952K), 0.0218830 secs] [Times: user=0.38 sys=0.00, real=0.02 secs] 
: 440873K->48959K(440896K), 0.0196030 secs] 5237609K->4910746K(12533952K), 0.0198250 secs] [Times: user=0.27 sys=0.00, real=0.02 secs] 
: 440895K->48939K(440896K), 0.0205820 secs] 5302682K->4973809K(12533952K), 0.0207140 secs] [Times: user=0.24 sys=0.01, real=0.02 secs] 
: 440875K->48947K(440896K), 0.0207070 secs] 5365745K->5039084K(12533952K), 0.0208340 secs] [Times: user=0.27 sys=0.00, real=0.02 secs] 
: 440883K->48960K(440896K), 0.0260260 secs] 5431020K->5103180K(12533952K), 0.0262250 secs] [Times: user=0.31 sys=0.00, real=0.02 secs] 
: 440896K->48960K(440896K), 0.0229470 secs] 5495116K->5169497K(12533952K), 0.0231280 secs] [Times: user=0.29 sys=0.00, real=0.03 secs] 
: 440896K->48936K(440896K), 0.0256230 secs] 5561433K->5237604K(12533952K), 0.0258240 secs] [Times: user=0.29 sys=0.00, real=0.02 secs] 
: 440856K->48934K(440896K), 0.0286070 secs] 5629524K->5298415K(12533952K), 0.0288320 secs] [Times: user=0.32 sys=0.01, real=0.03 secs] 
: 440743K->48958K(440896K), 0.0192950 secs] 5690224K->5362807K(12533952K), 0.0195200 secs] [Times: user=0.26 sys=0.00, real=0.02 secs] 
: 440714K->48960K(440896K), 0.0233240 secs] 5754563K->5427171K(12533952K), 0.0235560 secs] [Times: user=0.33 sys=0.00, real=0.03 secs] 
: 440896K->48960K(440896K), 0.0213930 secs] 5819107K->5491258K(12533952K), 0.0216270 secs] [Times: user=0.31 sys=0.01, real=0.02 secs] 
: 440874K->48953K(440896K), 0.0196330 secs] 5883172K->5557283K(12533952K), 0.0198900 secs] [Times: user=0.26 sys=0.00, real=0.02 secs] 
: 440647K->48960K(440896K), 0.0203830 secs] 5948978K->5626993K(12533952K), 0.0205840 secs] [Times: user=0.30 sys=0.00, real=0.02 secs] 
: 440896K->48951K(440896K), 0.0194750 secs] 6018929K->5685194K(12533952K), 0.0196700 secs] [Times: user=0.26 sys=0.00, real=0.02 secs] 
: 440887K->48960K(440896K), 0.0181950 secs] 6077130K->5740490K(12533952K), 0.0184190 secs] [Times: user=0.26 sys=0.01, real=0.02 secs] 
: 440763K->48951K(440896K), 0.0172710 secs] 6132294K->5793992K(12533952K), 0.0174920 secs] [Times: user=0.23 sys=0.01, real=0.02 secs] 
: 440729K->48960K(440896K), 0.0204880 secs] 6185770K->5858865K(12533952K), 0.0207230 secs] [Times: user=0.26 sys=0.01, real=0.02 secs] 
: 440717K->48960K(440896K), 0.0229110 secs] 6250622K->5921147K(12533952K), 0.0231350 secs] [Times: user=0.33 sys=0.00, real=0.02 secs] 
: 440896K->48960K(440896K), 0.0250560 secs] 6313083K->5982737K(12533952K), 0.0254310 secs] [Times: user=0.34 sys=0.01, real=0.03 secs] 
: 440718K->48960K(440896K), 0.0268030 secs] 6374495K->6053869K(12533952K), 0.0270220 secs] [Times: user=0.32 sys=0.00, real=0.02 secs] 
: 440896K->48923K(440896K), 0.0227140 secs] 6445805K->6106702K(12533952K), 0.0229620 secs] [Times: user=0.33 sys=0.00, real=0.02 secs] 
: 440795K->48960K(440896K), 0.0239850 secs] 6498575K->6171141K(12533952K), 0.0242120 secs] [Times: user=0.32 sys=0.00, real=0.02 secs] 
: 440896K->48960K(440896K), 0.0206520 secs] 6563077K->6234000K(12533952K), 0.0208420 secs] [Times: user=0.27 sys=0.00, real=0.02 secs] 
: 440896K->48960K(440896K), 0.0205070 secs] 6625936K->6298745K(12533952K), 0.0208110 secs] [Times: user=0.26 sys=0.01, real=0.02 secs] 
: 440787K->48934K(440896K), 0.0221870 secs] 6690572K->6362620K(12533952K), 0.0224100 secs] [Times: user=0.32 sys=0.01, real=0.03 secs] 
: 440870K->48960K(440896K), 0.0222540 secs] 6754556K->6427214K(12533952K), 0.0225760 secs] [Times: user=0.34 sys=0.00, real=0.02 secs] 
: 440849K->48960K(440896K), 0.0220700 secs] 6819104K->6489884K(12533952K), 0.0223050 secs] [Times: user=0.32 sys=0.00, real=0.03 secs] 
: 440837K->48960K(440896K), 0.0224300 secs] 6881762K->6551317K(12533952K), 0.0226610 secs] [Times: user=0.35 sys=0.00, real=0.03 secs] 
: 440896K->48960K(440896K), 0.0216480 secs] 6943253K->6616876K(12533952K), 0.0221310 secs] [Times: user=0.31 sys=0.00, real=0.03 secs] 
: 440648K->48960K(440896K), 0.0214410 secs] 7008564K->6682848K(12533952K), 0.0216080 secs] [Times: user=0.26 sys=0.00, real=0.02 secs] 
: 440754K->48958K(440896K), 0.0231110 secs] 7074642K->6749154K(12533952K), 0.0233420 secs] [Times: user=0.30 sys=0.00, real=0.03 secs] 
: 440860K->48960K(440896K), 0.0198300 secs] 7141056K->6809988K(12533952K), 0.0201550 secs] [Times: user=0.29 sys=0.00, real=0.02 secs] 
: 440729K->48960K(440896K), 0.0236350 secs] 7201758K->6879850K(12533952K), 0.0238300 secs] [Times: user=0.31 sys=0.00, real=0.02 secs] 
: 440698K->48960K(440896K), 0.0151970 secs] 7271589K->6937360K(12533952K), 0.0153410 secs] [Times: user=0.24 sys=0.01, real=0.01 secs] 
: 440812K->48914K(440896K), 0.0214950 secs] 7329213K->6998258K(12533952K), 0.0217080 secs] [Times: user=0.31 sys=0.01, real=0.02 secs] 
: 440850K->48960K(440896K), 0.0239760 secs] 7390194K->7064445K(12533952K), 0.0241850 secs] [Times: user=0.34 sys=0.00, real=0.02 secs] 
: 440882K->48910K(440896K), 0.0206830 secs] 7456367K->7126818K(12533952K), 0.0209120 secs] [Times: user=0.26 sys=0.00, real=0.02 secs] 
: 440774K->48960K(440896K), 0.0262600 secs] 7518682K->7196182K(12533952K), 0.0264900 secs] [Times: user=0.34 sys=0.00, real=0.02 secs] 
: 440771K->48960K(440896K), 0.0232030 secs] 7587994K->7253005K(12533952K), 0.0234050 secs] [Times: user=0.31 sys=0.00, real=0.03 secs] 
: 440856K->48960K(440896K), 0.0259670 secs] 7644901K->7326315K(12533952K), 0.0261580 secs] [Times: user=0.35 sys=0.00, real=0.02 secs] 
: 440865K->48907K(440896K), 0.0221260 secs] 7718221K->7382525K(12533952K), 0.0223220 secs] [Times: user=0.30 sys=0.00, real=0.02 secs] 
: 440756K->48960K(440896K), 0.0208650 secs] 7774375K->7446941K(12533952K), 0.0210610 secs] [Times: user=0.25 sys=0.00, real=0.02 secs] 
: 440654K->48932K(440896K), 0.0241330 secs] 7838635K->7512728K(12533952K), 0.0242820 secs] [Times: user=0.34 sys=0.00, real=0.03 secs] 
: 440814K->48945K(440896K), 0.0205370 secs] 7904610K->7570523K(12533952K), 0.0207310 secs] [Times: user=0.29 sys=0.00, real=0.02 secs] 
: 440704K->48959K(440896K), 0.0232860 secs] 7962282K->7643198K(12533952K), 0.0234400 secs] [Times: user=0.35 sys=0.00, real=0.02 secs] 
: 440753K->48960K(440896K), 0.0239020 secs] 8034991K->7699089K(12533952K), 0.0241240 secs] [Times: user=0.32 sys=0.01, real=0.03 secs] 
: 440894K->48960K(440896K), 0.0264540 secs] 8091023K->7769037K(12533952K), 0.0267080 secs] [Times: user=0.35 sys=0.00, real=0.02 secs] 
: 440649K->48960K(440896K), 0.0293170 secs] 8160727K->7827353K(12533952K), 0.0294640 secs] [Times: user=0.24 sys=0.01, real=0.03 secs] 
: 440786K->48923K(440896K), 0.0232750 secs] 8219180K->7891535K(12533952K), 0.0235130 secs] [Times: user=0.34 sys=0.01, real=0.02 secs] 
: 440859K->7537K(440896K), 0.0196150 secs] 8283471K->7897775K(12533952K), 0.0198160 secs] [Times: user=0.19 sys=0.00, real=0.02 secs] 
: 399473K->10402K(440896K), 0.0127710 secs] 8289711K->7900640K(12533952K), 0.0129350 secs] [Times: user=0.24 sys=0.00, real=0.02 secs] 
: 402338K->33889K(440896K), 0.0138940 secs] 8292576K->7924127K(12533952K), 0.0141460 secs] [Times: user=0.27 sys=0.00, real=0.02 secs] 
: 425825K->2381K(440896K), 0.0117080 secs] 8316063K->7904460K(12533952K), 0.0118760 secs] [Times: user=0.21 sys=0.00, real=0.01 secs] 
: 394151K->11567K(440896K), 0.0134830 secs] 8296231K->7913647K(12533952K), 0.0137010 secs] [Times: user=0.26 sys=0.00, real=0.02 secs] 
: 403492K->48960K(440896K), 0.0176420 secs] 8305571K->7976277K(12533952K), 0.0178730 secs] [Times: user=0.25 sys=0.00, real=0.02 secs] 
: 440866K->48960K(440896K), 0.0231310 secs] 8368184K->8034592K(12533952K), 0.0233780 secs] [Times: user=0.32 sys=0.00, real=0.02 secs] 
: 440893K->48960K(440896K), 0.0255120 secs] 8426525K->8101283K(12533952K), 0.0257490 secs] [Times: user=0.33 sys=0.01, real=0.03 secs] 
: 440896K->48960K(440896K), 0.0272510 secs] 8493219K->8168667K(12533952K), 0.0275040 secs] [Times: user=0.34 sys=0.01, real=0.03 secs] 
: 440871K->48960K(440896K), 0.0232740 secs] 8560579K->8234488K(12533952K), 0.0235240 secs] [Times: user=0.33 sys=0.00, real=0.02 secs] 
: 440857K->48915K(440896K), 0.0234560 secs] 8626385K->8294644K(12533952K), 0.0236760 secs] [Times: user=0.36 sys=0.00, real=0.03 secs] 
: 440820K->48906K(440896K), 0.0213630 secs] 8686550K->8357226K(12533952K), 0.0215810 secs] [Times: user=0.28 sys=0.01, real=0.02 secs] 
: 440839K->48960K(440896K), 0.0239480 secs] 8749159K->8422633K(12533952K), 0.0241620 secs] [Times: user=0.34 sys=0.00, real=0.02 secs] 
: 440894K->48948K(440896K), 0.0226070 secs] 8814567K->8483320K(12533952K), 0.0228030 secs] [Times: user=0.32 sys=0.00, real=0.02 secs] 
: 440729K->48960K(440896K), 0.0225220 secs] 8875101K->8544412K(12533952K), 0.0227490 secs] [Times: user=0.32 sys=0.01, real=0.03 secs] 
2015-04-01T17:07:54.414-0700: 13229874.487: [GC [1 CMS-initial-mark: 8495452K(12093056K)] 8544748K(12533952K), 0.0065610 secs] [Times: user=0.01 sys=0.00, real=0.01 secs] 
2015-04-01T17:07:54.723-0700: 13229874.795: [CMS-concurrent-mark: 0.302/0.302 secs] [Times: user=1.83 sys=0.00, real=0.30 secs] 
2015-04-01T17:07:54.760-0700: 13229874.833: [CMS-concurrent-preclean: 0.037/0.038 secs] [Times: user=0.04 sys=0.00, real=0.04 secs] 
 CMS: abort preclean due to time 2015-04-01T17:07:59.798-0700: 13229879.870: [CMS-concurrent-abortable-preclean: 3.132/5.037 secs] [Times: user=3.38 sys=0.09, real=5.03 secs] 
2015-04-01T17:07:59.799-0700: 13229879.872: [GC[YG occupancy: 134047 K (440896 K)]13229879.872: [Rescan (parallel) , 0.0068950 secs]13229879.879: [weak refs processing, 0.0059730 secs] [1 CMS-remark: 8495452K(12093056K)] 8629499K(12533952K), 0.0133790 secs] [Times: user=0.12 sys=0.01, real=0.02 secs] 
2015-04-01T17:08:00.717-0700: 13229880.789: [CMS-concurrent-sweep: 0.904/0.904 secs] [Times: user=0.95 sys=0.01, real=0.90 secs] 
2015-04-01T17:08:00.751-0700: 13229880.823: [CMS-concurrent-reset: 0.034/0.034 secs] [Times: user=0.03 sys=0.00, real=0.04 secs] 
: 440896K->48960K(440896K), 0.0202070 secs] 4022669K->3686856K(12533952K), 0.0204780 secs] [Times: user=0.30 sys=0.00, real=0.02 secs] 
: 440896K->48960K(440896K), 0.0227250 secs] 4078792K->3746966K(12533952K), 0.0229880 secs] [Times: user=0.32 sys=0.01, real=0.03 secs] 
: 440812K->48960K(440896K), 0.0239950 secs] 4138819K->3811529K(12533952K), 0.0242250 secs] [Times: user=0.40 sys=0.00, real=0.02 secs] 
: 440893K->48960K(440896K), 0.0239880 secs] 4203463K->3877046K(12533952K), 0.0241280 secs] [Times: user=0.35 sys=0.00, real=0.02 secs] 
: 440668K->48960K(440896K), 0.0241790 secs] 4268755K->3933641K(12533952K), 0.0244140 secs] [Times: user=0.37 sys=0.00, real=0.02 secs] 
: 440660K->48960K(440896K), 0.0242160 secs] 4325342K->4036169K(12533952K), 0.0243940 secs] [Times: user=0.31 sys=0.00, real=0.03 secs] 
: 440692K->48960K(440896K), 0.0175400 secs] 4427901K->4065140K(12533952K), 0.0177780 secs] [Times: user=0.25 sys=0.00, real=0.02 secs] 
: 440719K->48960K(440896K), 0.0228780 secs] 4456900K->4139549K(12533952K), 0.0231150 secs] [Times: user=0.27 sys=0.00, real=0.02 secs] 
: 440896K->30696K(440896K), 0.0137620 secs] 4531485K->4163217K(12533952K), 0.0139250 secs] [Times: user=0.20 sys=0.00, real=0.01 secs] 
: 422632K->4863K(440896K), 0.0137520 secs] 4555153K->4166503K(12533952K), 0.0139680 secs] [Times: user=0.19 sys=0.01, real=0.02 secs] 
: 396799K->12001K(440896K), 0.0088260 secs] 4558439K->4173642K(12533952K), 0.0090090 secs] [Times: user=0.14 sys=0.00, real=0.01 secs] 
: 403937K->12214K(440896K), 0.0092070 secs] 4565578K->4173855K(12533952K), 0.0094080 secs] [Times: user=0.15 sys=0.00, real=0.01 secs] 
: 404150K->17804K(440896K), 0.0094670 secs] 4565791K->4179444K(12533952K), 0.0096520 secs] [Times: user=0.16 sys=0.01, real=0.01 secs] 
: 409740K->18245K(440896K), 0.0129030 secs] 4571380K->4182106K(12533952K), 0.0131180 secs] [Times: user=0.24 sys=0.00, real=0.02 secs] 
: 410181K->19616K(440896K), 0.0123440 secs] 4574042K->4186267K(12533952K), 0.0124920 secs] [Times: user=0.24 sys=0.00, real=0.01 secs] 
: 411552K->16381K(440896K), 0.0124830 secs] 4578203K->4185425K(12533952K), 0.0126320 secs] [Times: user=0.19 sys=0.01, real=0.01 secs] 
: 408317K->16414K(440896K), 0.0125630 secs] 4577361K->4188602K(12533952K), 0.0127360 secs] [Times: user=0.24 sys=0.00, real=0.01 secs] 
: 408350K->15339K(440896K), 0.0094930 secs] 4580538K->4190373K(12533952K), 0.0096380 secs] [Times: user=0.17 sys=0.00, real=0.01 secs] 
: 407275K->13123K(440896K), 0.0088030 secs] 4582309K->4192368K(12533952K), 0.0089720 secs] [Times: user=0.16 sys=0.00, real=0.01 secs] 
: 405059K->10468K(440896K), 0.0092560 secs] 4584304K->4193874K(12533952K), 0.0094360 secs] [Times: user=0.16 sys=0.00, real=0.01 secs] 
: 402404K->10780K(440896K), 0.0089540 secs] 4585810K->4197189K(12533952K), 0.0091580 secs] [Times: user=0.16 sys=0.00, real=0.01 secs] 
: 402716K->12270K(440896K), 0.0092810 secs] 4589125K->4200367K(12533952K), 0.0094480 secs] [Times: user=0.16 sys=0.00, real=0.01 secs] 
: 404206K->12200K(440896K), 0.0111170 secs] 4592303K->4202299K(12533952K), 0.0112810 secs] [Times: user=0.20 sys=0.00, real=0.02 secs] 
: 404136K->12707K(440896K), 0.0140110 secs] 4594235K->4204388K(12533952K), 0.0141930 secs] [Times: user=0.26 sys=0.00, real=0.01 secs] 
: 404643K->12050K(440896K), 0.0093510 secs] 4596324K->4207141K(12533952K), 0.0095600 secs] [Times: user=0.15 sys=0.00, real=0.01 secs] 
: 403986K->11222K(440896K), 0.0083530 secs] 4599077K->4209463K(12533952K), 0.0085160 secs] [Times: user=0.15 sys=0.00, real=0.01 secs] 
: 403158K->12305K(440896K), 0.0092560 secs] 4601399K->4212352K(12533952K), 0.0094890 secs] [Times: user=0.16 sys=0.00, real=0.01 secs] 
: 403994K->12548K(440896K), 0.0086380 secs] 4604041K->4214787K(12533952K), 0.0088510 secs] [Times: user=0.16 sys=0.00, real=0.01 secs] 
: 404484K->12754K(440896K), 0.0088340 secs] 4606723K->4217155K(12533952K), 0.0090300 secs] [Times: user=0.15 sys=0.00, real=0.01 secs] 
: 404690K->11869K(440896K), 0.0099070 secs] 4609091K->4219235K(12533952K), 0.0100960 secs] [Times: user=0.16 sys=0.00, real=0.01 secs] 
: 403805K->10729K(440896K), 0.0103690 secs] 4611171K->4220935K(12533952K), 0.0105740 secs] [Times: user=0.19 sys=0.00, real=0.02 secs] 
: 402665K->10857K(440896K), 0.0101400 secs] 4612871K->4223553K(12533952K), 0.0103520 secs] [Times: user=0.17 sys=0.00, real=0.01 secs] 
: 402793K->11004K(440896K), 0.0112670 secs] 4615489K->4225830K(12533952K), 0.0115090 secs] [Times: user=0.21 sys=0.00, real=0.01 secs] 
: 402940K->11222K(440896K), 0.0108420 secs] 4617766K->4228316K(12533952K), 0.0110640 secs] [Times: user=0.19 sys=0.00, real=0.02 secs] 
: 403158K->11216K(440896K), 0.0092810 secs] 4620252K->4230184K(12533952K), 0.0095100 secs] [Times: user=0.17 sys=0.00, real=0.01 secs] 
: 403152K->11447K(440896K), 0.0119810 secs] 4622120K->4232928K(12533952K), 0.0122120 secs] [Times: user=0.21 sys=0.00, real=0.02 secs] 
: 403383K->13027K(440896K), 0.0113030 secs] 4624864K->4236828K(12533952K), 0.0115750 secs] [Times: user=0.20 sys=0.00, real=0.01 secs] 
: 404963K->13925K(440896K), 0.0093900 secs] 4628764K->4240200K(12533952K), 0.0096330 secs] [Times: user=0.16 sys=0.00, real=0.01 secs] 
: 405861K->15852K(440896K), 0.0094240 secs] 4632136K->4244276K(12533952K), 0.0095730 secs] [Times: user=0.18 sys=0.00, real=0.01 secs] 
: 407788K->15568K(440896K), 0.0091680 secs] 4636212K->4246642K(12533952K), 0.0093280 secs] [Times: user=0.18 sys=0.00, real=0.01 secs] 
: 407504K->14191K(440896K), 0.0126860 secs] 4638578K->4248979K(12533952K), 0.0128330 secs] [Times: user=0.23 sys=0.00, real=0.01 secs] 
: 406084K->12832K(440896K), 0.0104430 secs] 4640872K->4250878K(12533952K), 0.0105910 secs] [Times: user=0.18 sys=0.00, real=0.01 secs] 
: 404768K->9972K(440896K), 0.0103500 secs] 4642814K->4252079K(12533952K), 0.0106010 secs] [Times: user=0.15 sys=0.01, real=0.01 secs] 
: 401908K->8771K(440896K), 0.0110140 secs] 4644015K->4253186K(12533952K), 0.0112420 secs] [Times: user=0.19 sys=0.00, real=0.02 secs] 
: 400707K->8139K(440896K), 0.0094310 secs] 4645122K->4255005K(12533952K), 0.0096710 secs] [Times: user=0.16 sys=0.00, real=0.01 secs] 
: 400075K->9520K(440896K), 0.0102720 secs] 4646941K->4258162K(12533952K), 0.0105450 secs] [Times: user=0.20 sys=0.00, real=0.01 secs] 
: 401456K->10499K(440896K), 0.0111190 secs] 4650098K->4260507K(12533952K), 0.0112640 secs] [Times: user=0.18 sys=0.01, real=0.01 secs] 
: 402435K->11559K(440896K), 0.0121370 secs] 4652443K->4262793K(12533952K), 0.0122760 secs] [Times: user=0.23 sys=0.00, real=0.01 secs] 
: 403495K->12500K(440896K), 0.0094000 secs] 4654729K->4265669K(12533952K), 0.0096310 secs] [Times: user=0.15 sys=0.00, real=0.01 secs] 
: 404436K->11648K(440896K), 0.0101590 secs] 4657605K->4267660K(12533952K), 0.0103320 secs] [Times: user=0.19 sys=0.00, real=0.01 secs] 
: 403517K->11481K(440896K), 0.0108760 secs] 4659530K->4269879K(12533952K), 0.0110680 secs] [Times: user=0.21 sys=0.00, real=0.01 secs] 
: 403417K->11696K(440896K), 0.0101580 secs] 4661815K->4272378K(12533952K), 0.0103240 secs] [Times: user=0.18 sys=0.00, real=0.01 secs] 
: 403632K->11601K(440896K), 0.0090940 secs] 4664314K->4275352K(12533952K), 0.0092900 secs] [Times: user=0.15 sys=0.01, real=0.01 secs] 
: 403537K->12718K(440896K), 0.0112110 secs] 4667288K->4278403K(12533952K), 0.0114290 secs] [Times: user=0.22 sys=0.00, real=0.01 secs] 
: 404654K->12256K(440896K), 0.0119800 secs] 4670339K->4280136K(12533952K), 0.0122570 secs] [Times: user=0.20 sys=0.00, real=0.01 secs] 
: 404034K->12571K(440896K), 0.0117900 secs] 4671914K->4282901K(12533952K), 0.0119750 secs] [Times: user=0.23 sys=0.01, real=0.01 secs] 
: 404507K->11728K(440896K), 0.0104260 secs] 4674837K->4284965K(12533952K), 0.0105920 secs] [Times: user=0.20 sys=0.00, real=0.02 secs] 
: 403664K->10728K(440896K), 0.0115140 secs] 4676901K->4286987K(12533952K), 0.0117250 secs] [Times: user=0.19 sys=0.00, real=0.02 secs] 
: 402664K->10854K(440896K), 0.0098950 secs] 4678923K->4289047K(12533952K), 0.0102940 secs] [Times: user=0.16 sys=0.01, real=0.01 secs] 
: 402790K->10612K(440896K), 0.0097660 secs] 4680983K->4291327K(12533952K), 0.0099530 secs] [Times: user=0.17 sys=0.00, real=0.01 secs] 
: 402548K->11281K(440896K), 0.0130590 secs] 4683263K->4293997K(12533952K), 0.0132520 secs] [Times: user=0.24 sys=0.00, real=0.01 secs] 
: 403217K->12961K(440896K), 0.0127920 secs] 4685933K->4297571K(12533952K), 0.0129840 secs] [Times: user=0.23 sys=0.01, real=0.01 secs] 
: 404897K->14735K(440896K), 0.0114570 secs] 4689507K->4301542K(12533952K), 0.0116310 secs] [Times: user=0.21 sys=0.00, real=0.01 secs] 
: 406671K->15665K(440896K), 0.0096660 secs] 4693478K->4305299K(12533952K), 0.0098830 secs] [Times: user=0.18 sys=0.00, real=0.01 secs] 
: 407601K->15511K(440896K), 0.0115220 secs] 4697235K->4308507K(12533952K), 0.0117070 secs] [Times: user=0.20 sys=0.00, real=0.01 secs] 
: 407408K->13803K(440896K), 0.0119170 secs] 4700404K->4310086K(12533952K), 0.0121110 secs] [Times: user=0.22 sys=0.00, real=0.01 secs] 
: 405739K->13282K(440896K), 0.0123070 secs] 4702022K->4313498K(12533952K), 0.0124970 secs] [Times: user=0.21 sys=0.00, real=0.01 secs] 
: 405218K->13491K(440896K), 0.0131090 secs] 4705434K->4317641K(12533952K), 0.0132980 secs] [Times: user=0.24 sys=0.00, real=0.01 secs] 
: 405407K->13015K(440896K), 0.0123600 secs] 4709558K->4320363K(12533952K), 0.0125510 secs] [Times: user=0.22 sys=0.01, real=0.01 secs] 
: 404951K->14170K(440896K), 0.0130940 secs] 4712299K->4323196K(12533952K), 0.0132730 secs] [Times: user=0.24 sys=0.00, real=0.01 secs] 
: 406106K->14285K(440896K), 0.0139740 secs] 4715132K->4326533K(12533952K), 0.0141610 secs] [Times: user=0.25 sys=0.00, real=0.01 secs] 
: 406221K->14136K(440896K), 0.0112970 secs] 4718469K->4330549K(12533952K), 0.0115000 secs] [Times: user=0.20 sys=0.00, real=0.01 secs] 
: 406072K->14160K(440896K), 0.0108430 secs] 4722485K->4333357K(12533952K), 0.0110810 secs] [Times: user=0.20 sys=0.00, real=0.01 secs] 
: 406096K->19519K(440896K), 0.0123530 secs] 4725293K->4341666K(12533952K), 0.0125420 secs] [Times: user=0.23 sys=0.00, real=0.01 secs] 
: 411455K->18965K(440896K), 0.0100350 secs] 4733602K->4344472K(12533952K), 0.0102310 secs] [Times: user=0.18 sys=0.00, real=0.01 secs] 
: 410901K->18985K(440896K), 0.0105370 secs] 4736408K->4348173K(12533952K), 0.0106870 secs] [Times: user=0.20 sys=0.00, real=0.01 secs] 
: 410921K->25243K(440896K), 0.0123910 secs] 4740109K->4357268K(12533952K), 0.0125860 secs] [Times: user=0.23 sys=0.00, real=0.01 secs] 
: 417179K->17205K(440896K), 0.0113930 secs] 4749204K->4355598K(12533952K), 0.0115800 secs] [Times: user=0.19 sys=0.00, real=0.01 secs] 
: 409141K->16170K(440896K), 0.0096530 secs] 4747534K->4359406K(12533952K), 0.0098610 secs] [Times: user=0.16 sys=0.00, real=0.01 secs] 
: 408106K->16452K(440896K), 0.0097100 secs] 4751342K->4363361K(12533952K), 0.0098970 secs] [Times: user=0.17 sys=0.01, real=0.01 secs] 
: 408388K->17636K(440896K), 0.0133530 secs] 4755297K->4367521K(12533952K), 0.0135400 secs] [Times: user=0.25 sys=0.00, real=0.02 secs] 
: 409572K->16435K(440896K), 0.0107160 secs] 4759457K->4370580K(12533952K), 0.0109230 secs] [Times: user=0.19 sys=0.00, real=0.01 secs] 
: 408371K->15768K(440896K), 0.0120310 secs] 4762516K->4373649K(12533952K), 0.0122360 secs] [Times: user=0.21 sys=0.00, real=0.01 secs] 
: 407704K->14292K(440896K), 0.0135980 secs] 4765585K->4376560K(12533952K), 0.0137450 secs] [Times: user=0.25 sys=0.00, real=0.01 secs] 
: 406228K->13704K(440896K), 0.0133040 secs] 4768496K->4380160K(12533952K), 0.0134970 secs] [Times: user=0.25 sys=0.00, real=0.02 secs] 
: 405640K->13302K(440896K), 0.0103110 secs] 4772096K->4382788K(12533952K), 0.0105060 secs] [Times: user=0.18 sys=0.00, real=0.01 secs] 
: 405238K->14481K(440896K), 0.0117060 secs] 4774724K->4386865K(12533952K), 0.0119200 secs] [Times: user=0.21 sys=0.01, real=0.01 secs] 
: 406417K->16379K(440896K), 0.0118630 secs] 4778801K->4391564K(12533952K), 0.0120400 secs] [Times: user=0.19 sys=0.01, real=0.01 secs] 
: 408315K->15494K(440896K), 0.0126400 secs] 4783500K->4394576K(12533952K), 0.0128270 secs] [Times: user=0.23 sys=0.00, real=0.01 secs] 
: 407430K->16173K(440896K), 0.0094580 secs] 4786512K->4397728K(12533952K), 0.0096420 secs] [Times: user=0.17 sys=0.00, real=0.01 secs] 
: 408109K->17802K(440896K), 0.0100050 secs] 4789664K->4403614K(12533952K), 0.0101800 secs] [Times: user=0.18 sys=0.00, real=0.01 secs] 
: 409738K->15909K(440896K), 0.0107780 secs] 4795550K->4406364K(12533952K), 0.0109340 secs] [Times: user=0.19 sys=0.00, real=0.01 secs] 
: 407845K->16985K(440896K), 0.0137580 secs] 4798300K->4410342K(12533952K), 0.0139420 secs] [Times: user=0.26 sys=0.01, real=0.02 secs] 
: 408921K->18695K(440896K), 0.0094370 secs] 4802278K->4415345K(12533952K), 0.0096650 secs] [Times: user=0.16 sys=0.00, real=0.01 secs] 
: 410606K->16702K(440896K), 0.0107280 secs] 4807256K->4419199K(12533952K), 0.0109190 secs] [Times: user=0.18 sys=0.00, real=0.01 secs] 
: 408638K->18885K(440896K), 0.0097920 secs] 4811135K->4424024K(12533952K), 0.0099450 secs] [Times: user=0.18 sys=0.00, real=0.01 secs] 
: 410821K->18401K(440896K), 0.0106080 secs] 4815960K->4427643K(12533952K), 0.0108160 secs] [Times: user=0.19 sys=0.00, real=0.01 secs] 
: 410337K->16598K(440896K), 0.0102310 secs] 4819579K->4430741K(12533952K), 0.0104050 secs] [Times: user=0.17 sys=0.00, real=0.01 secs] 
: 408534K->16641K(440896K), 0.0112660 secs] 4822677K->4434640K(12533952K), 0.0114250 secs] [Times: user=0.16 sys=0.00, real=0.01 secs] 
: 408577K->15859K(440896K), 0.0121870 secs] 4826576K->4438435K(12533952K), 0.0124150 secs] [Times: user=0.23 sys=0.00, real=0.02 secs] 
: 407795K->13913K(440896K), 0.0137570 secs] 4830371K->4440098K(12533952K), 0.0139760 secs] [Times: user=0.25 sys=0.00, real=0.01 secs] 
: 405849K->12394K(440896K), 0.0135750 secs] 4832034K->4442007K(12533952K), 0.0137580 secs] [Times: user=0.24 sys=0.00, real=0.02 secs] 
: 404330K->12181K(440896K), 0.0099490 secs] 4833943K->4445659K(12533952K), 0.0101530 secs] [Times: user=0.17 sys=0.00, real=0.01 secs] 
: 404117K->11278K(440896K), 0.0100330 secs] 4837595K->4448627K(12533952K), 0.0101670 secs] [Times: user=0.18 sys=0.00, real=0.01 secs] 
: 403214K->13815K(440896K), 0.0102220 secs] 4840563K->4452782K(12533952K), 0.0104540 secs] [Times: user=0.16 sys=0.00, real=0.01 secs] 
: 405751K->16060K(440896K), 0.0125990 secs] 4844718K->4456869K(12533952K), 0.0127350 secs] [Times: user=0.24 sys=0.00, real=0.02 secs] 
: 407996K->16780K(440896K), 0.0102890 secs] 4848805K->4461331K(12533952K), 0.0105150 secs] [Times: user=0.17 sys=0.00, real=0.01 secs] 
: 408716K->19175K(440896K), 0.0092150 secs] 4853267K->4466734K(12533952K), 0.0094760 secs] [Times: user=0.18 sys=0.00, real=0.01 secs] 
: 411111K->18298K(440896K), 0.0101000 secs] 4858670K->4470049K(12533952K), 0.0103450 secs] [Times: user=0.18 sys=0.00, real=0.01 secs] 
: 410234K->17509K(440896K), 0.0114030 secs] 4861985K->4473258K(12533952K), 0.0116200 secs] [Times: user=0.21 sys=0.00, real=0.01 secs] 
: 409445K->15977K(440896K), 0.0133070 secs] 4865194K->4476113K(12533952K), 0.0134990 secs] [Times: user=0.25 sys=0.00, real=0.02 secs] 
: 407913K->12641K(440896K), 0.0094600 secs] 4868049K->4478230K(12533952K), 0.0096740 secs] [Times: user=0.16 sys=0.00, real=0.01 secs] 
: 404577K->12841K(440896K), 0.0114100 secs] 4870166K->4481869K(12533952K), 0.0116440 secs] [Times: user=0.21 sys=0.00, real=0.01 secs] 
: 404777K->11479K(440896K), 0.0107820 secs] 4873805K->4483501K(12533952K), 0.0109980 secs] [Times: user=0.17 sys=0.00, real=0.01 secs] 
: 403415K->19862K(440896K), 0.0134080 secs] 4875437K->4494695K(12533952K), 0.0135990 secs] [Times: user=0.25 sys=0.00, real=0.02 secs] 
: 411798K->8507K(440896K), 0.0097720 secs] 4886631K->4485476K(12533952K), 0.0099370 secs] [Times: user=0.17 sys=0.00, real=0.01 secs] 
: 400443K->5757K(440896K), 0.0109260 secs] 4877412K->4486502K(12533952K), 0.0111080 secs] [Times: user=0.20 sys=0.00, real=0.01 secs] 
: 397693K->4629K(440896K), 0.0103430 secs] 4878438K->4487052K(12533952K), 0.0105630 secs] [Times: user=0.19 sys=0.00, real=0.01 secs] 
: 396565K->5199K(440896K), 0.0127930 secs] 4878988K->4488530K(12533952K), 0.0130090 secs] [Times: user=0.23 sys=0.00, real=0.02 secs] 
: 397135K->4768K(440896K), 0.0128950 secs] 4880466K->4489102K(12533952K), 0.0131260 secs] [Times: user=0.24 sys=0.00, real=0.02 secs] 
: 396704K->3967K(440896K), 0.0085880 secs] 4881038K->4489302K(12533952K), 0.0087470 secs] [Times: user=0.16 sys=0.00, real=0.01 secs] 
: 395903K->4574K(440896K), 0.0118270 secs] 4881238K->4490558K(12533952K), 0.0120250 secs] [Times: user=0.22 sys=0.00, real=0.02 secs] 
: 396510K->3623K(440896K), 0.0092890 secs] 4882494K->4491025K(12533952K), 0.0094420 secs] [Times: user=0.16 sys=0.00, real=0.01 secs] 
: 395357K->5218K(440896K), 0.0113380 secs] 4882759K->4493148K(12533952K), 0.0115290 secs] [Times: user=0.20 sys=0.00, real=0.01 secs] 
: 397154K->6279K(440896K), 0.0108450 secs] 4885084K->4494667K(12533952K), 0.0109980 secs] [Times: user=0.21 sys=0.00, real=0.02 secs] 
: 398215K->6170K(440896K), 0.0095850 secs] 4886603K->4495527K(12533952K), 0.0097990 secs] [Times: user=0.17 sys=0.00, real=0.01 secs] 
: 397994K->8436K(440896K), 0.0104110 secs] 4887351K->4498378K(12533952K), 0.0106100 secs] [Times: user=0.20 sys=0.00, real=0.01 secs] 
: 400372K->10461K(440896K), 0.0137450 secs] 4890314K->4502350K(12533952K), 0.0138940 secs] [Times: user=0.26 sys=0.00, real=0.02 secs] 
: 402355K->13478K(440896K), 0.0123610 secs] 4894244K->4507004K(12533952K), 0.0125540 secs] [Times: user=0.23 sys=0.00, real=0.02 secs] 
: 405414K->16431K(440896K), 0.0124560 secs] 4898940K->4510989K(12533952K), 0.0126170 secs] [Times: user=0.25 sys=0.00, real=0.01 secs] 
: 408367K->17694K(440896K), 0.0124790 secs] 4902925K->4514925K(12533952K), 0.0126760 secs] [Times: user=0.20 sys=0.00, real=0.01 secs] 
: 409606K->20473K(440896K), 0.0105750 secs] 4906837K->4521430K(12533952K), 0.0107430 secs] [Times: user=0.20 sys=0.00, real=0.01 secs] 
: 412409K->23763K(440896K), 0.0107090 secs] 4913366K->4529197K(12533952K), 0.0108940 secs] [Times: user=0.19 sys=0.00, real=0.01 secs] 
: 415699K->18251K(440896K), 0.0113930 secs] 4921133K->4527735K(12533952K), 0.0115680 secs] [Times: user=0.20 sys=0.00, real=0.01 secs] 
: 410187K->17557K(440896K), 0.0117450 secs] 4919671K->4530821K(12533952K), 0.0119750 secs] [Times: user=0.22 sys=0.00, real=0.01 secs] 
: 409493K->18511K(440896K), 0.0125580 secs] 4922757K->4538462K(12533952K), 0.0127480 secs] [Times: user=0.20 sys=0.00, real=0.02 secs] 
: 410447K->27159K(440896K), 0.0125150 secs] 4930398K->4550600K(12533952K), 0.0129550 secs] [Times: user=0.22 sys=0.00, real=0.02 secs] 
: 419095K->17233K(440896K), 0.0118200 secs] 4942536K->4543759K(12533952K), 0.0120080 secs] [Times: user=0.21 sys=0.00, real=0.02 secs] 
: 409169K->17460K(440896K), 0.0102690 secs] 4935695K->4546920K(12533952K), 0.0104580 secs] [Times: user=0.17 sys=0.00, real=0.01 secs] 
: 409396K->15930K(440896K), 0.0145430 secs] 4938856K->4551237K(12533952K), 0.0147550 secs] [Times: user=0.24 sys=0.00, real=0.02 secs] 
: 407830K->16734K(440896K), 0.0108300 secs] 4943137K->4555779K(12533952K), 0.0110390 secs] [Times: user=0.18 sys=0.00, real=0.01 secs] 
: 408670K->19708K(440896K), 0.0131210 secs] 4947715K->4562247K(12533952K), 0.0133070 secs] [Times: user=0.23 sys=0.00, real=0.01 secs] 
: 411600K->21193K(440896K), 0.0120360 secs] 4954138K->4567049K(12533952K), 0.0122280 secs] [Times: user=0.22 sys=0.00, real=0.02 secs] 
: 413129K->20363K(440896K), 0.0132750 secs] 4958985K->4570626K(12533952K), 0.0134360 secs] [Times: user=0.24 sys=0.00, real=0.01 secs] 
: 412299K->18568K(440896K), 0.0114660 secs] 4962562K->4573087K(12533952K), 0.0116520 secs] [Times: user=0.20 sys=0.00, real=0.02 secs] 
: 410504K->15082K(440896K), 0.0117010 secs] 4965023K->4576097K(12533952K), 0.0119120 secs] [Times: user=0.20 sys=0.00, real=0.01 secs] 
: 407018K->15137K(440896K), 0.0102560 secs] 4968033K->4580793K(12533952K), 0.0104530 secs] [Times: user=0.19 sys=0.00, real=0.01 secs] 
: 406938K->15159K(440896K), 0.0089680 secs] 4972595K->4584497K(12533952K), 0.0091410 secs] [Times: user=0.18 sys=0.00, real=0.01 secs] 
: 407090K->15337K(440896K), 0.0117990 secs] 4976428K->4587324K(12533952K), 0.0119900 secs] [Times: user=0.19 sys=0.00, real=0.01 secs] 
: 407273K->14852K(440896K), 0.0119940 secs] 4979260K->4589610K(12533952K), 0.0121940 secs] [Times: user=0.22 sys=0.00, real=0.01 secs] 
: 406788K->12749K(440896K), 0.0109130 secs] 4981546K->4592187K(12533952K), 0.0111340 secs] [Times: user=0.19 sys=0.00, real=0.01 secs] 
: 404685K->10829K(440896K), 0.0106420 secs] 4984123K->4594032K(12533952K), 0.0108540 secs] [Times: user=0.19 sys=0.00, real=0.01 secs] 
: 402765K->9834K(440896K), 0.0121710 secs] 4985968K->4595814K(12533952K), 0.0123970 secs] [Times: user=0.22 sys=0.00, real=0.01 secs] 
: 401770K->8561K(440896K), 0.0122890 secs] 4987750K->4596999K(12533952K), 0.0125000 secs] [Times: user=0.23 sys=0.00, real=0.01 secs] 
: 400497K->7325K(440896K), 0.0099440 secs] 4988935K->4597902K(12533952K), 0.0101680 secs] [Times: user=0.17 sys=0.00, real=0.01 secs] 
: 399261K->6026K(440896K), 0.0107430 secs] 4989838K->4598685K(12533952K), 0.0109850 secs] [Times: user=0.19 sys=0.00, real=0.01 secs] 
: 397962K->5677K(440896K), 0.0092370 secs] 4990621K->4600155K(12533952K), 0.0094700 secs] [Times: user=0.16 sys=0.00, real=0.01 secs] 
: 397613K->6399K(440896K), 0.0121050 secs] 4992091K->4602295K(12533952K), 0.0123250 secs] [Times: user=0.19 sys=0.00, real=0.01 secs] 
: 398335K->8770K(440896K), 0.0119470 secs] 4994231K->4605453K(12533952K), 0.0121570 secs] [Times: user=0.21 sys=0.00, real=0.01 secs] 
: 400706K->10999K(440896K), 0.0111860 secs] 4997389K->4608660K(12533952K), 0.0114160 secs] [Times: user=0.20 sys=0.00, real=0.01 secs] 
: 402935K->13119K(440896K), 0.0112000 secs] 5000596K->4612095K(12533952K), 0.0113950 secs] [Times: user=0.19 sys=0.00, real=0.02 secs] 
: 405055K->15770K(440896K), 0.0116990 secs] 5004031K->4616815K(12533952K), 0.0119420 secs] [Times: user=0.22 sys=0.00, real=0.01 secs] 
: 407706K->16422K(440896K), 0.0116230 secs] 5008751K->4620652K(12533952K), 0.0118310 secs] [Times: user=0.23 sys=0.00, real=0.01 secs] 
: 408358K->16020K(440896K), 0.0098010 secs] 5012588K->4623567K(12533952K), 0.0099990 secs] [Times: user=0.17 sys=0.00, real=0.01 secs] 
: 407956K->14936K(440896K), 0.0136630 secs] 5015503K->4626050K(12533952K), 0.0138560 secs] [Times: user=0.23 sys=0.00, real=0.01 secs] 
: 406872K->15591K(440896K), 0.0118150 secs] 5017986K->4631241K(12533952K), 0.0120330 secs] [Times: user=0.20 sys=0.00, real=0.01 secs] 
: 407527K->14728K(440896K), 0.0110790 secs] 5023177K->4634246K(12533952K), 0.0113310 secs] [Times: user=0.21 sys=0.00, real=0.01 secs] 
: 406657K->15989K(440896K), 0.0113480 secs] 5026176K->4638413K(12533952K), 0.0116100 secs] [Times: user=0.21 sys=0.00, real=0.01 secs] 
: 407925K->17086K(440896K), 0.0089550 secs] 5030349K->4642087K(12533952K), 0.0091010 secs] [Times: user=0.17 sys=0.00, real=0.01 secs] 
: 409022K->14868K(440896K), 0.0118200 secs] 5034023K->4644901K(12533952K), 0.0119950 secs] [Times: user=0.21 sys=0.01, real=0.01 secs] 
: 406804K->15773K(440896K), 0.0108650 secs] 5036837K->4648878K(12533952K), 0.0110680 secs] [Times: user=0.17 sys=0.00, real=0.01 secs] 
: 407709K->15013K(440896K), 0.0125520 secs] 5040814K->4651947K(12533952K), 0.0127930 secs] [Times: user=0.22 sys=0.00, real=0.01 secs] 
: 406949K->15260K(440896K), 0.0095620 secs] 5043883K->4655999K(12533952K), 0.0097110 secs] [Times: user=0.18 sys=0.00, real=0.01 secs] 
: 407196K->16772K(440896K), 0.0097690 secs] 5047935K->4660278K(12533952K), 0.0099770 secs] [Times: user=0.16 sys=0.00, real=0.01 secs] 
: 408708K->16298K(440896K), 0.0120950 secs] 5052214K->4663533K(12533952K), 0.0122570 secs] [Times: user=0.22 sys=0.00, real=0.01 secs] 
: 408234K->17475K(440896K), 0.0105080 secs] 5055469K->4667738K(12533952K), 0.0107250 secs] [Times: user=0.19 sys=0.00, real=0.01 secs] 
: 409411K->16529K(440896K), 0.0105380 secs] 5059674K->4671236K(12533952K), 0.0107110 secs] [Times: user=0.19 sys=0.00, real=0.01 secs] 
: 408465K->15871K(440896K), 0.0111340 secs] 5063172K->4674960K(12533952K), 0.0113440 secs] [Times: user=0.20 sys=0.00, real=0.01 secs] 
: 407807K->16469K(440896K), 0.0107120 secs] 5066896K->4678916K(12533952K), 0.0111550 secs] [Times: user=0.18 sys=0.00, real=0.01 secs] 
: 408405K->16056K(440896K), 0.0131430 secs] 5070852K->4682567K(12533952K), 0.0133620 secs] [Times: user=0.25 sys=0.00, real=0.01 secs] 
: 407992K->19423K(440896K), 0.0093820 secs] 5074503K->4689479K(12533952K), 0.0096100 secs] [Times: user=0.17 sys=0.00, real=0.01 secs] 
: 411359K->19404K(440896K), 0.0107700 secs] 5081415K->4693268K(12533952K), 0.0110190 secs] [Times: user=0.18 sys=0.00, real=0.02 secs] 
: 411340K->19062K(440896K), 0.0131030 secs] 5085204K->4696798K(12533952K), 0.0132640 secs] [Times: user=0.24 sys=0.00, real=0.01 secs] 
: 410998K->18756K(440896K), 0.0132420 secs] 5088734K->4700296K(12533952K), 0.0134320 secs] [Times: user=0.25 sys=0.00, real=0.01 secs] 
: 410692K->15308K(440896K), 0.0134630 secs] 5092232K->4703530K(12533952K), 0.0136330 secs] [Times: user=0.20 sys=0.00, real=0.02 secs] 
: 407244K->15514K(440896K), 0.0124250 secs] 5095466K->4707469K(12533952K), 0.0125730 secs] [Times: user=0.23 sys=0.00, real=0.01 secs] 
: 407450K->16074K(440896K), 0.0121850 secs] 5099405K->4711320K(12533952K), 0.0123670 secs] [Times: user=0.24 sys=0.00, real=0.01 secs] 
: 408010K->17366K(440896K), 0.0126400 secs] 5103256K->4716092K(12533952K), 0.0128280 secs] [Times: user=0.24 sys=0.00, real=0.01 secs] 
: 409302K->20193K(440896K), 0.0120470 secs] 5108028K->4722268K(12533952K), 0.0122590 secs] [Times: user=0.20 sys=0.00, real=0.01 secs] 
: 412129K->19661K(440896K), 0.0127010 secs] 5114204K->4725797K(12533952K), 0.0128920 secs] [Times: user=0.23 sys=0.00, real=0.01 secs] 
: 411592K->19674K(440896K), 0.0095340 secs] 5117728K->4729874K(12533952K), 0.0097370 secs] [Times: user=0.19 sys=0.00, real=0.01 secs] 
: 411480K->18265K(440896K), 0.0128660 secs] 5121681K->4733106K(12533952K), 0.0130770 secs] [Times: user=0.23 sys=0.00, real=0.01 secs] 
: 410201K->14816K(440896K), 0.0110440 secs] 5125042K->4735780K(12533952K), 0.0112340 secs] [Times: user=0.18 sys=0.00, real=0.02 secs] 
: 406752K->14400K(440896K), 0.0094400 secs] 5127716K->4738779K(12533952K), 0.0096340 secs] [Times: user=0.15 sys=0.00, real=0.01 secs] 
: 406323K->14964K(440896K), 0.0113370 secs] 5130703K->4743335K(12533952K), 0.0115620 secs] [Times: user=0.21 sys=0.00, real=0.01 secs] 
: 406856K->48960K(440896K), 0.0194490 secs] 5135227K->4808016K(12533952K), 0.0196210 secs] [Times: user=0.30 sys=0.00, real=0.02 secs] 
: 440662K->48900K(440896K), 0.0251050 secs] 5199719K->4872649K(12533952K), 0.0253470 secs] [Times: user=0.34 sys=0.00, real=0.03 secs] 
: 439235K->48911K(440896K), 0.0224860 secs] 5262984K->4939231K(12533952K), 0.0226420 secs] [Times: user=0.31 sys=0.00, real=0.02 secs] 
: 440847K->48939K(440896K), 0.0202660 secs] 5331167K->4992125K(12533952K), 0.0205070 secs] [Times: user=0.25 sys=0.00, real=0.02 secs] 
: 440875K->48960K(440896K), 0.0239590 secs] 5384061K->5049152K(12533952K), 0.0241910 secs] [Times: user=0.34 sys=0.00, real=0.02 secs] 
: 440740K->48960K(440896K), 0.0226780 secs] 5440932K->5109125K(12533952K), 0.0228380 secs] [Times: user=0.25 sys=0.00, real=0.02 secs] 
: 440738K->48960K(440896K), 0.0237590 secs] 5500903K->5172092K(12533952K), 0.0239550 secs] [Times: user=0.28 sys=0.01, real=0.03 secs] 
: 440778K->48960K(440896K), 0.0257830 secs] 5563910K->5235588K(12533952K), 0.0260020 secs] [Times: user=0.29 sys=0.00, real=0.02 secs] 
: 440874K->48939K(440896K), 0.0218300 secs] 5627503K->5296158K(12533952K), 0.0219710 secs] [Times: user=0.21 sys=0.00, real=0.03 secs] 
: 440803K->48960K(440896K), 0.0236250 secs] 5688022K->5360797K(12533952K), 0.0237690 secs] [Times: user=0.22 sys=0.00, real=0.03 secs] 
: 440828K->48900K(440896K), 0.0232250 secs] 5752666K->5422504K(12533952K), 0.0234630 secs] [Times: user=0.31 sys=0.00, real=0.03 secs] 
: 440761K->48956K(440896K), 0.0208430 secs] 5814366K->5486826K(12533952K), 0.0210200 secs] [Times: user=0.27 sys=0.00, real=0.02 secs] 
: 440892K->48960K(440896K), 0.0193820 secs] 5878762K->5549892K(12533952K), 0.0196150 secs] [Times: user=0.24 sys=0.01, real=0.02 secs] 
: 440404K->48960K(440896K), 0.0216720 secs] 5941337K->5617160K(12533952K), 0.0219000 secs] [Times: user=0.29 sys=0.00, real=0.02 secs] 
: 440814K->48930K(440896K), 0.0250500 secs] 6009014K->5678740K(12533952K), 0.0253210 secs] [Times: user=0.34 sys=0.00, real=0.03 secs] 
: 440650K->48914K(440896K), 0.0234140 secs] 6070459K->5745466K(12533952K), 0.0237530 secs] [Times: user=0.29 sys=0.00, real=0.02 secs] 
: 440812K->48960K(440896K), 0.0239300 secs] 6137364K->5809065K(12533952K), 0.0241680 secs] [Times: user=0.33 sys=0.00, real=0.02 secs] 
: 440648K->48960K(440896K), 0.0208620 secs] 6200753K->5874002K(12533952K), 0.0210460 secs] [Times: user=0.30 sys=0.01, real=0.02 secs] 
: 440896K->48960K(440896K), 0.0261140 secs] 6265938K->5936219K(12533952K), 0.0263650 secs] [Times: user=0.33 sys=0.00, real=0.03 secs] 
: 440896K->48960K(440896K), 0.0224770 secs] 6328155K->5998270K(12533952K), 0.0226960 secs] [Times: user=0.33 sys=0.00, real=0.03 secs] 
: 440767K->48960K(440896K), 0.0268950 secs] 6390077K->6075926K(12533952K), 0.0271130 secs] [Times: user=0.29 sys=0.01, real=0.03 secs] 
: 440860K->48960K(440896K), 0.0195960 secs] 6467826K->6123730K(12533952K), 0.0198040 secs] [Times: user=0.29 sys=0.00, real=0.02 secs] 
: 440699K->48960K(440896K), 0.0234310 secs] 6515470K->6185241K(12533952K), 0.0236540 secs] [Times: user=0.38 sys=0.01, real=0.03 secs] 
: 440839K->48960K(440896K), 0.0186120 secs] 6577121K->6239662K(12533952K), 0.0187440 secs] [Times: user=0.31 sys=0.00, real=0.02 secs] 
: 440896K->48932K(440896K), 0.0227360 secs] 6631598K->6302950K(12533952K), 0.0229150 secs] [Times: user=0.33 sys=0.00, real=0.02 secs] 
: 440823K->48960K(440896K), 0.0197710 secs] 6694840K->6361655K(12533952K), 0.0199910 secs] [Times: user=0.27 sys=0.00, real=0.02 secs] 
: 440748K->48960K(440896K), 0.0208660 secs] 6753444K->6424639K(12533952K), 0.0210830 secs] [Times: user=0.28 sys=0.01, real=0.02 secs] 
: 440896K->48925K(440896K), 0.0199750 secs] 6816575K->6483272K(12533952K), 0.0201500 secs] [Times: user=0.31 sys=0.00, real=0.02 secs] 
: 440723K->48960K(440896K), 0.0252820 secs] 6875070K->6559622K(12533952K), 0.0254990 secs] [Times: user=0.27 sys=0.00, real=0.03 secs] 
: 440896K->48960K(440896K), 0.0205380 secs] 6951558K->6611488K(12533952K), 0.0207880 secs] [Times: user=0.28 sys=0.00, real=0.02 secs] 
: 440657K->48936K(440896K), 0.0239080 secs] 7003186K->6675304K(12533952K), 0.0241330 secs] [Times: user=0.31 sys=0.00, real=0.02 secs] 
: 440872K->48960K(440896K), 0.0229480 secs] 7067240K->6740551K(12533952K), 0.0231800 secs] [Times: user=0.26 sys=0.01, real=0.02 secs] 
: 440715K->48960K(440896K), 0.0192220 secs] 7132307K->6804785K(12533952K), 0.0194610 secs] [Times: user=0.25 sys=0.00, real=0.02 secs] 
: 440896K->48960K(440896K), 0.0183280 secs] 7196721K->6867228K(12533952K), 0.0185640 secs] [Times: user=0.27 sys=0.00, real=0.02 secs] 
: 440855K->48960K(440896K), 0.0216620 secs] 7259123K->6931551K(12533952K), 0.0218770 secs] [Times: user=0.31 sys=0.00, real=0.03 secs] 
: 440894K->48960K(440896K), 0.0210690 secs] 7323485K->6995673K(12533952K), 0.0212760 secs] [Times: user=0.29 sys=0.00, real=0.03 secs] 
: 440776K->48960K(440896K), 0.0203720 secs] 7387489K->7060624K(12533952K), 0.0205930 secs] [Times: user=0.25 sys=0.00, real=0.03 secs] 
: 440644K->48960K(440896K), 0.0220370 secs] 7452308K->7125021K(12533952K), 0.0222590 secs] [Times: user=0.33 sys=0.01, real=0.03 secs] 
: 440746K->48960K(440896K), 0.0235800 secs] 7516808K->7195185K(12533952K), 0.0238000 secs] [Times: user=0.37 sys=0.01, real=0.03 secs] 
: 440680K->48960K(440896K), 0.0200060 secs] 7586906K->7255373K(12533952K), 0.0202250 secs] [Times: user=0.28 sys=0.00, real=0.02 secs] 
: 440835K->48960K(440896K), 0.0243370 secs] 7647249K->7320228K(12533952K), 0.0245690 secs] [Times: user=0.29 sys=0.01, real=0.02 secs] 
: 440647K->48960K(440896K), 0.0228840 secs] 7711915K->7388973K(12533952K), 0.0230890 secs] [Times: user=0.35 sys=0.00, real=0.02 secs] 
: 440836K->48960K(440896K), 0.0209480 secs] 7780850K->7456775K(12533952K), 0.0211840 secs] [Times: user=0.29 sys=0.00, real=0.02 secs] 
: 440896K->48960K(440896K), 0.0225260 secs] 7848711K->7515080K(12533952K), 0.0227420 secs] [Times: user=0.26 sys=0.00, real=0.03 secs] 
: 440896K->48960K(440896K), 0.0228910 secs] 7907016K->7577262K(12533952K), 0.0231310 secs] [Times: user=0.24 sys=0.00, real=0.02 secs] 
: 440806K->48960K(440896K), 0.0208740 secs] 7969108K->7644238K(12533952K), 0.0210990 secs] [Times: user=0.34 sys=0.00, real=0.03 secs] 
: 440896K->48960K(440896K), 0.0225020 secs] 8036174K->7710450K(12533952K), 0.0227370 secs] [Times: user=0.33 sys=0.00, real=0.03 secs] 
: 440896K->48960K(440896K), 0.0194790 secs] 8102386K->7768524K(12533952K), 0.0196940 secs] [Times: user=0.24 sys=0.00, real=0.02 secs] 
: 440642K->48960K(440896K), 0.0246750 secs] 8160206K->7833184K(12533952K), 0.0249060 secs] [Times: user=0.30 sys=0.00, real=0.03 secs] 
: 440896K->48960K(440896K), 0.0202390 secs] 8225120K->7893171K(12533952K), 0.0206890 secs] [Times: user=0.27 sys=0.01, real=0.02 secs] 
: 440867K->48960K(440896K), 0.0217350 secs] 8285078K->7966135K(12533952K), 0.0219770 secs] [Times: user=0.30 sys=0.00, real=0.03 secs] 
: 440890K->48960K(440896K), 0.0188940 secs] 8358066K->8021277K(12533952K), 0.0191380 secs] [Times: user=0.28 sys=0.00, real=0.01 secs] 
: 440746K->48960K(440896K), 0.0204600 secs] 8413064K->8089667K(12533952K), 0.0206900 secs] [Times: user=0.29 sys=0.01, real=0.02 secs] 
: 440896K->48960K(440896K), 0.0185820 secs] 8481603K->8152328K(12533952K), 0.0187580 secs] [Times: user=0.27 sys=0.00, real=0.02 secs] 
: 440670K->48960K(440896K), 0.0190400 secs] 8544039K->8212152K(12533952K), 0.0192150 secs] [Times: user=0.27 sys=0.00, real=0.02 secs] 
: 440800K->48960K(440896K), 0.0212100 secs] 8603992K->8276040K(12533952K), 0.0214460 secs] [Times: user=0.30 sys=0.00, real=0.02 secs] 
: 440896K->48960K(440896K), 0.0208100 secs] 8667976K->8333781K(12533952K), 0.0210090 secs] [Times: user=0.33 sys=0.00, real=0.02 secs] 
: 440872K->48960K(440896K), 0.0251600 secs] 8725694K->8398122K(12533952K), 0.0253610 secs] [Times: user=0.34 sys=0.01, real=0.02 secs] 
: 440819K->48960K(440896K), 0.0202160 secs] 8789981K->8476324K(12533952K), 0.0203630 secs] [Times: user=0.33 sys=0.00, real=0.02 secs] 
: 440845K->48960K(440896K), 0.0222780 secs] 8868210K->8520814K(12533952K), 0.0224850 secs] [Times: user=0.29 sys=0.01, real=0.02 secs] 
2015-04-01T17:30:26.555-0700: 13231226.628: [GC [1 CMS-initial-mark: 8471854K(12093056K)] 8520881K(12533952K), 0.0043150 secs] [Times: user=0.01 sys=0.00, real=0.00 secs] 
2015-04-01T17:30:26.854-0700: 13231226.927: [CMS-concurrent-mark: 0.295/0.295 secs] [Times: user=1.81 sys=0.00, real=0.29 secs] 
2015-04-01T17:30:26.890-0700: 13231226.962: [CMS-concurrent-preclean: 0.035/0.035 secs] [Times: user=0.04 sys=0.00, real=0.04 secs] 
 CMS: abort preclean due to time 2015-04-01T17:30:32.007-0700: 13231232.080: [CMS-concurrent-abortable-preclean: 2.713/5.117 secs] [Times: user=3.10 sys=0.19, real=5.12 secs] 
2015-04-01T17:30:32.008-0700: 13231232.081: [GC[YG occupancy: 239946 K (440896 K)]13231232.081: [Rescan (parallel) , 0.0055010 secs]13231232.087: [weak refs processing, 0.0089400 secs] [1 CMS-remark: 8471854K(12093056K)] 8711801K(12533952K), 0.0149380 secs] [Times: user=0.10 sys=0.00, real=0.01 secs] 
2015-04-01T17:30:32.919-0700: 13231232.992: [CMS-concurrent-sweep: 0.895/0.895 secs] [Times: user=0.95 sys=0.02, real=0.90 secs] 
2015-04-01T17:30:32.952-0700: 13231233.025: [CMS-concurrent-reset: 0.033/0.033 secs] [Times: user=0.04 sys=0.00, real=0.03 secs] 
: 440749K->48960K(440896K), 0.0194500 secs] 3966039K->3639792K(12533952K), 0.0196360 secs] [Times: user=0.32 sys=0.00, real=0.02 secs] 
: 440778K->48960K(440896K), 0.0191430 secs] 4031610K->3703209K(12533952K), 0.0193670 secs] [Times: user=0.30 sys=0.00, real=0.02 secs] 
: 440896K->48960K(440896K), 0.0181590 secs] 4095145K->3769305K(12533952K), 0.0183660 secs] [Times: user=0.27 sys=0.00, real=0.02 secs] 
: 440703K->48960K(440896K), 0.0217440 secs] 4161049K->3833151K(12533952K), 0.0219870 secs] [Times: user=0.31 sys=0.01, real=0.02 secs] 
: 440856K->48960K(440896K), 0.0215780 secs] 4225048K->3896798K(12533952K), 0.0217940 secs] [Times: user=0.29 sys=0.01, real=0.02 secs] 
: 440848K->48960K(440896K), 0.0221710 secs] 4288686K->3961071K(12533952K), 0.0223660 secs] [Times: user=0.31 sys=0.00, real=0.03 secs] 
: 440828K->48960K(440896K), 0.0222240 secs] 4352940K->4025835K(12533952K), 0.0224440 secs] [Times: user=0.32 sys=0.00, real=0.02 secs] 
: 440784K->48960K(440896K), 0.0212670 secs] 4417660K->4095627K(12533952K), 0.0215080 secs] [Times: user=0.28 sys=0.00, real=0.02 secs] 
: 440781K->48960K(440896K), 0.0232740 secs] 4487449K->4156346K(12533952K), 0.0235020 secs] [Times: user=0.28 sys=0.02, real=0.02 secs] 
: 440870K->48960K(440896K), 0.0333780 secs] 4548257K->4221688K(12533952K), 0.0335880 secs] [Times: user=0.24 sys=0.01, real=0.04 secs] 
: 440896K->48960K(440896K), 0.0246040 secs] 4613624K->4286833K(12533952K), 0.0248320 secs] [Times: user=0.27 sys=0.00, real=0.02 secs] 
: 440896K->48960K(440896K), 0.0207630 secs] 4678769K->4353852K(12533952K), 0.0209970 secs] [Times: user=0.21 sys=0.00, real=0.02 secs] 
: 440896K->48960K(440896K), 0.0202270 secs] 4745788K->4420818K(12533952K), 0.0204710 secs] [Times: user=0.26 sys=0.00, real=0.02 secs] 
: 440896K->48960K(440896K), 0.0172950 secs] 4812754K->4485050K(12533952K), 0.0174720 secs] [Times: user=0.27 sys=0.00, real=0.02 secs] 
: 440759K->48960K(440896K), 0.0227710 secs] 4876849K->4545067K(12533952K), 0.0229970 secs] [Times: user=0.29 sys=0.00, real=0.02 secs] 
: 440702K->48960K(440896K), 0.0191480 secs] 4936809K->4614244K(12533952K), 0.0193930 secs] [Times: user=0.26 sys=0.00, real=0.02 secs] 
: 440660K->48960K(440896K), 0.0210060 secs] 5005945K->4677597K(12533952K), 0.0212200 secs] [Times: user=0.28 sys=0.00, real=0.03 secs] 
: 440749K->48960K(440896K), 0.0178750 secs] 5069387K->4739091K(12533952K), 0.0180540 secs] [Times: user=0.23 sys=0.01, real=0.02 secs] 
: 440710K->48960K(440896K), 0.0235150 secs] 5130842K->4807494K(12533952K), 0.0236880 secs] [Times: user=0.34 sys=0.01, real=0.02 secs] 
: 440799K->48960K(440896K), 0.0239230 secs] 5199333K->4870771K(12533952K), 0.0241820 secs] [Times: user=0.29 sys=0.01, real=0.03 secs] 
: 440896K->48960K(440896K), 0.0197590 secs] 5262707K->4926320K(12533952K), 0.0199950 secs] [Times: user=0.23 sys=0.00, real=0.02 secs] 
: 440896K->38439K(440896K), 0.0161810 secs] 5318256K->4953055K(12533952K), 0.0164010 secs] [Times: user=0.17 sys=0.01, real=0.01 secs] 
: 430375K->10768K(440896K), 0.0125080 secs] 5344991K->4925383K(12533952K), 0.0126490 secs] [Times: user=0.25 sys=0.00, real=0.01 secs] 
: 402704K->14499K(440896K), 0.0101650 secs] 5317319K->4929115K(12533952K), 0.0103830 secs] [Times: user=0.18 sys=0.01, real=0.01 secs] 
: 406435K->18518K(440896K), 0.0118260 secs] 5321051K->4933134K(12533952K), 0.0120450 secs] [Times: user=0.22 sys=0.00, real=0.01 secs] 
: 410256K->48960K(440896K), 0.0204790 secs] 5324872K->4988657K(12533952K), 0.0207030 secs] [Times: user=0.25 sys=0.00, real=0.02 secs] 
: 440896K->48960K(440896K), 0.0280130 secs] 5380593K->5047432K(12533952K), 0.0282370 secs] [Times: user=0.29 sys=0.00, real=0.03 secs] 
: 440811K->48926K(440896K), 0.0255420 secs] 5439283K->5111120K(12533952K), 0.0257550 secs] [Times: user=0.32 sys=0.00, real=0.03 secs] 
: 440838K->48898K(440896K), 0.0230360 secs] 5503032K->5176129K(12533952K), 0.0232560 secs] [Times: user=0.28 sys=0.01, real=0.02 secs] 
: 440714K->48943K(440896K), 0.0235630 secs] 5567945K->5241310K(12533952K), 0.0237910 secs] [Times: user=0.31 sys=0.00, real=0.02 secs] 
: 440879K->48960K(440896K), 0.0229990 secs] 5633246K->5309901K(12533952K), 0.0232490 secs] [Times: user=0.28 sys=0.00, real=0.02 secs] 
: 440872K->48960K(440896K), 0.0200800 secs] 5701814K->5370867K(12533952K), 0.0203210 secs] [Times: user=0.26 sys=0.00, real=0.02 secs] 
: 440831K->48960K(440896K), 0.0245390 secs] 5762739K->5435545K(12533952K), 0.0247610 secs] [Times: user=0.34 sys=0.00, real=0.02 secs] 
: 440896K->48960K(440896K), 0.0208740 secs] 5827481K->5501985K(12533952K), 0.0211050 secs] [Times: user=0.29 sys=0.00, real=0.02 secs] 
: 440744K->48958K(440896K), 0.0215930 secs] 5893770K->5565019K(12533952K), 0.0218230 secs] [Times: user=0.29 sys=0.00, real=0.02 secs] 
: 440894K->48960K(440896K), 0.0203900 secs] 5956955K->5628875K(12533952K), 0.0205850 secs] [Times: user=0.28 sys=0.00, real=0.02 secs] 
: 440896K->48960K(440896K), 0.0218390 secs] 6020811K->5688213K(12533952K), 0.0220650 secs] [Times: user=0.27 sys=0.00, real=0.02 secs] 
: 440840K->48960K(440896K), 0.0253950 secs] 6080094K->5749032K(12533952K), 0.0255970 secs] [Times: user=0.35 sys=0.00, real=0.02 secs] 
: 440641K->48960K(440896K), 0.0287720 secs] 6140713K->5815147K(12533952K), 0.0289970 secs] [Times: user=0.33 sys=0.00, real=0.03 secs] 
: 440705K->48960K(440896K), 0.0240660 secs] 6206892K->5879527K(12533952K), 0.0242160 secs] [Times: user=0.32 sys=0.00, real=0.03 secs] 
: 440831K->48960K(440896K), 0.0210070 secs] 6271399K->5937353K(12533952K), 0.0212020 secs] [Times: user=0.30 sys=0.00, real=0.02 secs] 
: 440870K->48960K(440896K), 0.0208760 secs] 6329264K->6002727K(12533952K), 0.0210290 secs] [Times: user=0.27 sys=0.01, real=0.02 secs] 
: 440721K->48960K(440896K), 0.0258120 secs] 6394489K->6066200K(12533952K), 0.0260180 secs] [Times: user=0.38 sys=0.01, real=0.02 secs] 
: 440896K->48960K(440896K), 0.0214110 secs] 6458136K->6128317K(12533952K), 0.0216210 secs] [Times: user=0.27 sys=0.01, real=0.02 secs] 
: 440848K->48960K(440896K), 0.0242770 secs] 6520205K->6206193K(12533952K), 0.0244800 secs] [Times: user=0.33 sys=0.00, real=0.02 secs] 
: 440697K->48960K(440896K), 0.0214620 secs] 6597930K->6262268K(12533952K), 0.0216950 secs] [Times: user=0.28 sys=0.00, real=0.02 secs] 
: 440715K->48960K(440896K), 0.0214580 secs] 6654023K->6323988K(12533952K), 0.0216560 secs] [Times: user=0.29 sys=0.00, real=0.02 secs] 
: 440681K->48960K(440896K), 0.0213270 secs] 6715709K->6384682K(12533952K), 0.0215040 secs] [Times: user=0.29 sys=0.01, real=0.02 secs] 
: 440865K->48946K(440896K), 0.0255520 secs] 6776587K->6450594K(12533952K), 0.0257400 secs] [Times: user=0.25 sys=0.01, real=0.02 secs] 
: 440834K->48960K(440896K), 0.0232700 secs] 6842482K->6516266K(12533952K), 0.0234780 secs] [Times: user=0.29 sys=0.01, real=0.03 secs] 
: 440869K->48960K(440896K), 0.0216930 secs] 6908176K->6580108K(12533952K), 0.0218770 secs] [Times: user=0.32 sys=0.01, real=0.02 secs] 
: 440896K->48926K(440896K), 0.0220180 secs] 6972044K->6644908K(12533952K), 0.0222530 secs] [Times: user=0.29 sys=0.00, real=0.02 secs] 
: 440749K->48948K(440896K), 0.0230100 secs] 7036731K->6709711K(12533952K), 0.0232450 secs] [Times: user=0.30 sys=0.00, real=0.03 secs] 
: 440845K->48960K(440896K), 0.0207590 secs] 7101608K->6774151K(12533952K), 0.0209720 secs] [Times: user=0.25 sys=0.00, real=0.02 secs] 
: 440766K->48960K(440896K), 0.0251400 secs] 7165958K->6839671K(12533952K), 0.0253780 secs] [Times: user=0.32 sys=0.00, real=0.03 secs] 
: 440664K->48960K(440896K), 0.0223470 secs] 7231375K->6904919K(12533952K), 0.0225010 secs] [Times: user=0.26 sys=0.00, real=0.02 secs] 
: 440896K->48927K(440896K), 0.0223020 secs] 7296855K->6969749K(12533952K), 0.0224250 secs] [Times: user=0.25 sys=0.01, real=0.02 secs] 
: 440737K->48949K(440896K), 0.0275130 secs] 7361558K->7035508K(12533952K), 0.0277070 secs] [Times: user=0.34 sys=0.00, real=0.03 secs] 
: 440798K->48960K(440896K), 0.0228350 secs] 7427357K->7100493K(12533952K), 0.0230400 secs] [Times: user=0.33 sys=0.01, real=0.03 secs] 
: 440880K->48960K(440896K), 0.0207450 secs] 7492414K->7165614K(12533952K), 0.0209450 secs] [Times: user=0.26 sys=0.00, real=0.02 secs] 
: 440896K->48959K(440896K), 0.0206940 secs] 7557550K->7230886K(12533952K), 0.0209010 secs] [Times: user=0.29 sys=0.01, real=0.02 secs] 
: 440740K->48960K(440896K), 0.0198520 secs] 7622667K->7293546K(12533952K), 0.0199990 secs] [Times: user=0.25 sys=0.01, real=0.02 secs] 
: 440757K->48960K(440896K), 0.0229170 secs] 7685343K->7360122K(12533952K), 0.0230690 secs] [Times: user=0.30 sys=0.00, real=0.03 secs] 
: 440863K->48949K(440896K), 0.0223010 secs] 7752026K->7425662K(12533952K), 0.0225140 secs] [Times: user=0.24 sys=0.00, real=0.02 secs] 
: 440664K->48913K(440896K), 0.0263270 secs] 7817378K->7495117K(12533952K), 0.0265560 secs] [Times: user=0.33 sys=0.01, real=0.03 secs] 
: 440849K->48960K(440896K), 0.0189120 secs] 7887053K->7556814K(12533952K), 0.0190740 secs] [Times: user=0.24 sys=0.01, real=0.02 secs] 
: 440896K->48949K(440896K), 0.0199710 secs] 7948750K->7620646K(12533952K), 0.0201570 secs] [Times: user=0.31 sys=0.00, real=0.02 secs] 
: 440784K->48960K(440896K), 0.0238390 secs] 8012481K->7685404K(12533952K), 0.0240450 secs] [Times: user=0.27 sys=0.01, real=0.03 secs] 
: 440746K->48960K(440896K), 0.0227450 secs] 8077191K->7750078K(12533952K), 0.0228960 secs] [Times: user=0.34 sys=0.00, real=0.03 secs] 
: 440831K->48960K(440896K), 0.0259370 secs] 8141949K->7819884K(12533952K), 0.0261180 secs] [Times: user=0.34 sys=0.00, real=0.03 secs] 
: 440772K->48960K(440896K), 0.0210710 secs] 8211696K->7881577K(12533952K), 0.0213090 secs] [Times: user=0.28 sys=0.00, real=0.03 secs] 
: 440662K->48919K(440896K), 0.0247780 secs] 8273279K->7948307K(12533952K), 0.0249840 secs] [Times: user=0.31 sys=0.01, real=0.03 secs] 
: 440855K->48960K(440896K), 0.0235350 secs] 8340243K->8022182K(12533952K), 0.0237290 secs] [Times: user=0.32 sys=0.01, real=0.02 secs] 
: 440861K->48949K(440896K), 0.0225040 secs] 8414084K->8081404K(12533952K), 0.0227410 secs] [Times: user=0.30 sys=0.00, real=0.02 secs] 
: 440885K->48960K(440896K), 0.0215690 secs] 8473340K->8146671K(12533952K), 0.0217710 secs] [Times: user=0.29 sys=0.00, real=0.02 secs] 
: 440791K->48960K(440896K), 0.0225010 secs] 8538503K->8209801K(12533952K), 0.0226980 secs] [Times: user=0.28 sys=0.01, real=0.02 secs] 
: 440896K->48960K(440896K), 0.0223330 secs] 8601737K->8274900K(12533952K), 0.0225270 secs] [Times: user=0.33 sys=0.00, real=0.02 secs] 
: 440869K->48960K(440896K), 0.0205720 secs] 8666810K->8341758K(12533952K), 0.0207890 secs] [Times: user=0.29 sys=0.01, real=0.02 secs] 
: 440883K->48927K(440896K), 0.0218250 secs] 8733681K->8406919K(12533952K), 0.0220230 secs] [Times: user=0.30 sys=0.01, real=0.02 secs] 
: 440659K->48960K(440896K), 0.0221010 secs] 8798651K->8471798K(12533952K), 0.0222970 secs] [Times: user=0.31 sys=0.01, real=0.02 secs] 
: 440894K->48960K(440896K), 0.0185010 secs] 8863732K->8536523K(12533952K), 0.0186960 secs] [Times: user=0.29 sys=0.00, real=0.02 secs] 
2015-04-01T17:47:02.601-0700: 13232222.673: [GC [1 CMS-initial-mark: 8487563K(12093056K)] 8536913K(12533952K), 0.0053420 secs] [Times: user=0.00 sys=0.00, real=0.01 secs] 
2015-04-01T17:47:02.888-0700: 13232222.961: [CMS-concurrent-mark: 0.282/0.282 secs] [Times: user=1.72 sys=0.01, real=0.28 secs] 
2015-04-01T17:47:02.923-0700: 13232222.996: [CMS-concurrent-preclean: 0.035/0.035 secs] [Times: user=0.04 sys=0.00, real=0.03 secs] 
2015-04-01T17:47:07.116-0700: 13232227.188: [CMS-concurrent-abortable-preclean: 2.489/4.193 secs] [Times: user=2.96 sys=0.20, real=4.19 secs] 
2015-04-01T17:47:07.117-0700: 13232227.190: [GC[YG occupancy: 247052 K (440896 K)]13232227.190: [Rescan (parallel) , 0.0071110 secs]13232227.197: [weak refs processing, 0.0043000 secs] [1 CMS-remark: 8487563K(12093056K)] 8734616K(12533952K), 0.0117450 secs] [Times: user=0.12 sys=0.00, real=0.01 secs] 
2015-04-01T17:47:07.986-0700: 13232228.059: [CMS-concurrent-sweep: 0.857/0.857 secs] [Times: user=0.95 sys=0.04, real=0.85 secs] 
2015-04-01T17:47:08.020-0700: 13232228.092: [CMS-concurrent-reset: 0.033/0.033 secs] [Times: user=0.03 sys=0.00, real=0.04 secs] 
: 440677K->48960K(440896K), 0.0211300 secs] 3806797K->3480713K(12533952K), 0.0213230 secs] [Times: user=0.34 sys=0.00, real=0.03 secs] 
: 440896K->48940K(440896K), 0.0174710 secs] 3872649K->3544286K(12533952K), 0.0176740 secs] [Times: user=0.30 sys=0.00, real=0.02 secs] 
: 440841K->48959K(440896K), 0.0167560 secs] 3936186K->3608877K(12533952K), 0.0168980 secs] [Times: user=0.28 sys=0.01, real=0.01 secs] 
: 440895K->48956K(440896K), 0.0201980 secs] 4000813K->3675728K(12533952K), 0.0204130 secs] [Times: user=0.31 sys=0.00, real=0.02 secs] 
: 440721K->48960K(440896K), 0.0202450 secs] 4067494K->3742894K(12533952K), 0.0206160 secs] [Times: user=0.31 sys=0.01, real=0.02 secs] 
: 440876K->48959K(440896K), 0.0183420 secs] 4134810K->3808259K(12533952K), 0.0185610 secs] [Times: user=0.27 sys=0.00, real=0.02 secs] 
: 440759K->48960K(440896K), 0.0185320 secs] 4200059K->3873033K(12533952K), 0.0187670 secs] [Times: user=0.24 sys=0.00, real=0.02 secs] 
: 440896K->48960K(440896K), 0.0217540 secs] 4264969K->3936810K(12533952K), 0.0219440 secs] [Times: user=0.29 sys=0.00, real=0.02 secs] 
: 440653K->48919K(440896K), 0.0208450 secs] 4328503K->4000144K(12533952K), 0.0210640 secs] [Times: user=0.25 sys=0.00, real=0.02 secs] 
: 440835K->48955K(440896K), 0.0330090 secs] 4392060K->4064929K(12533952K), 0.0332110 secs] [Times: user=0.29 sys=0.00, real=0.03 secs] 
: 440776K->48955K(440896K), 0.0244910 secs] 4456750K->4129824K(12533952K), 0.0246690 secs] [Times: user=0.28 sys=0.01, real=0.03 secs] 
: 440668K->48926K(440896K), 0.0196000 secs] 4521537K->4194926K(12533952K), 0.0198090 secs] [Times: user=0.27 sys=0.00, real=0.02 secs] 
: 440797K->48960K(440896K), 0.0188640 secs] 4586797K->4260148K(12533952K), 0.0190910 secs] [Times: user=0.26 sys=0.01, real=0.02 secs] 
: 440681K->48960K(440896K), 0.0186500 secs] 4651869K->4323038K(12533952K), 0.0188460 secs] [Times: user=0.27 sys=0.01, real=0.02 secs] 
: 440717K->48926K(440896K), 0.0182920 secs] 4714796K->4388102K(12533952K), 0.0185140 secs] [Times: user=0.23 sys=0.00, real=0.02 secs] 
: 440689K->48960K(440896K), 0.0218420 secs] 4779864K->4453197K(12533952K), 0.0220780 secs] [Times: user=0.30 sys=0.00, real=0.02 secs] 
: 440896K->48960K(440896K), 0.0210390 secs] 4845133K->4517348K(12533952K), 0.0212420 secs] [Times: user=0.27 sys=0.01, real=0.03 secs] 
: 440722K->48950K(440896K), 0.0227830 secs] 4909110K->4583082K(12533952K), 0.0230170 secs] [Times: user=0.31 sys=0.00, real=0.02 secs] 
: 440880K->48960K(440896K), 0.0205190 secs] 4975012K->4648320K(12533952K), 0.0208750 secs] [Times: user=0.27 sys=0.00, real=0.02 secs] 
: 440674K->48960K(440896K), 0.0234470 secs] 5040035K->4714089K(12533952K), 0.0236800 secs] [Times: user=0.30 sys=0.00, real=0.02 secs] 
: 440761K->48942K(440896K), 0.0196530 secs] 5105890K->4781291K(12533952K), 0.0198810 secs] [Times: user=0.23 sys=0.01, real=0.02 secs] 
: 440878K->48954K(440896K), 0.0251460 secs] 5173227K->4844734K(12533952K), 0.0253650 secs] [Times: user=0.27 sys=0.01, real=0.02 secs] 
: 440837K->48960K(440896K), 0.0265560 secs] 5236618K->4910302K(12533952K), 0.0268610 secs] [Times: user=0.31 sys=0.00, real=0.03 secs] 
: 440896K->48960K(440896K), 0.0202550 secs] 5302238K->4975969K(12533952K), 0.0205140 secs] [Times: user=0.23 sys=0.01, real=0.02 secs] 
: 440753K->48900K(440896K), 0.0198480 secs] 5367763K->5041746K(12533952K), 0.0200680 secs] [Times: user=0.24 sys=0.01, real=0.02 secs] 
: 440836K->48960K(440896K), 0.0183370 secs] 5433682K->5106313K(12533952K), 0.0185580 secs] [Times: user=0.24 sys=0.00, real=0.02 secs] 
: 440692K->48920K(440896K), 0.0225320 secs] 5498045K->5169778K(12533952K), 0.0227650 secs] [Times: user=0.33 sys=0.00, real=0.03 secs] 
: 440856K->48915K(440896K), 0.0210040 secs] 5561714K->5235468K(12533952K), 0.0211930 secs] [Times: user=0.28 sys=0.00, real=0.02 secs] 
: 440830K->48960K(440896K), 0.0189180 secs] 5627383K->5309589K(12533952K), 0.0190780 secs] [Times: user=0.24 sys=0.00, real=0.02 secs] 
: 440790K->48960K(440896K), 0.0196810 secs] 5701419K->5366842K(12533952K), 0.0199750 secs] [Times: user=0.28 sys=0.00, real=0.02 secs] 
: 440896K->48944K(440896K), 0.0220910 secs] 5758778K->5432660K(12533952K), 0.0223000 secs] [Times: user=0.31 sys=0.01, real=0.02 secs] 
: 440880K->48960K(440896K), 0.0221570 secs] 5824596K->5497737K(12533952K), 0.0223780 secs] [Times: user=0.29 sys=0.00, real=0.02 secs] 
: 440692K->48960K(440896K), 0.0249090 secs] 5889470K->5571102K(12533952K), 0.0251200 secs] [Times: user=0.30 sys=0.01, real=0.03 secs] 
: 440896K->48936K(440896K), 0.0209980 secs] 5963038K->5628185K(12533952K), 0.0211980 secs] [Times: user=0.27 sys=0.00, real=0.02 secs] 
: 440696K->48960K(440896K), 0.0234640 secs] 6019946K->5693712K(12533952K), 0.0236670 secs] [Times: user=0.28 sys=0.01, real=0.03 secs] 
: 440669K->48932K(440896K), 0.0184870 secs] 6085422K->5760205K(12533952K), 0.0186470 secs] [Times: user=0.23 sys=0.00, real=0.02 secs] 
: 440618K->48959K(440896K), 0.0171580 secs] 6151891K->5825031K(12533952K), 0.0173380 secs] [Times: user=0.27 sys=0.00, real=0.02 secs] 
: 440772K->48960K(440896K), 0.0200770 secs] 6216843K->5888966K(12533952K), 0.0202830 secs] [Times: user=0.30 sys=0.00, real=0.02 secs] 
: 440896K->48960K(440896K), 0.0192110 secs] 6280902K->5959731K(12533952K), 0.0193610 secs] [Times: user=0.26 sys=0.01, real=0.02 secs] 
: 440823K->48941K(440896K), 0.0187760 secs] 6351595K->6022603K(12533952K), 0.0189880 secs] [Times: user=0.27 sys=0.00, real=0.02 secs] 
: 440767K->48916K(440896K), 0.0181430 secs] 6414428K->6087576K(12533952K), 0.0183110 secs] [Times: user=0.24 sys=0.00, real=0.02 secs] 
: 440658K->48902K(440896K), 0.0217520 secs] 6479318K->6153088K(12533952K), 0.0220170 secs] [Times: user=0.29 sys=0.01, real=0.02 secs] 
: 440745K->48960K(440896K), 0.0196870 secs] 6544931K->6214811K(12533952K), 0.0198440 secs] [Times: user=0.28 sys=0.00, real=0.02 secs] 
: 440896K->48960K(440896K), 0.0223860 secs] 6606747K->6278241K(12533952K), 0.0225920 secs] [Times: user=0.26 sys=0.00, real=0.02 secs] 
: 440656K->48913K(440896K), 0.0209380 secs] 6669938K->6340709K(12533952K), 0.0211350 secs] [Times: user=0.31 sys=0.01, real=0.02 secs] 
: 440601K->48960K(440896K), 0.0253030 secs] 6732397K->6400678K(12533952K), 0.0254570 secs] [Times: user=0.34 sys=0.01, real=0.02 secs] 
: 440845K->48960K(440896K), 0.0245890 secs] 6792564K->6465700K(12533952K), 0.0247650 secs] [Times: user=0.32 sys=0.00, real=0.03 secs] 
: 440659K->48926K(440896K), 0.0200800 secs] 6857399K->6530083K(12533952K), 0.0203170 secs] [Times: user=0.29 sys=0.00, real=0.02 secs] 
: 440834K->48960K(440896K), 0.0197380 secs] 6921991K->6596327K(12533952K), 0.0199340 secs] [Times: user=0.28 sys=0.01, real=0.02 secs] 
: 440896K->48960K(440896K), 0.0189260 secs] 6988263K->6667721K(12533952K), 0.0191020 secs] [Times: user=0.28 sys=0.01, real=0.02 secs] 
: 440803K->48960K(440896K), 0.0211700 secs] 7059564K->6723851K(12533952K), 0.0213620 secs] [Times: user=0.31 sys=0.00, real=0.02 secs] 
: 440851K->48960K(440896K), 0.0230690 secs] 7115742K->6786610K(12533952K), 0.0232800 secs] [Times: user=0.32 sys=0.00, real=0.02 secs] 
: 440885K->48960K(440896K), 0.0195090 secs] 7178536K->6846462K(12533952K), 0.0196760 secs] [Times: user=0.30 sys=0.00, real=0.02 secs] 
: 440896K->48960K(440896K), 0.0242110 secs] 7238398K->6930048K(12533952K), 0.0244380 secs] [Times: user=0.40 sys=0.01, real=0.03 secs] 
: 440854K->48960K(440896K), 0.0196880 secs] 7321942K->6975867K(12533952K), 0.0199050 secs] [Times: user=0.31 sys=0.01, real=0.02 secs] 
: 440773K->48960K(440896K), 0.0194470 secs] 7367681K->7037690K(12533952K), 0.0196410 secs] [Times: user=0.32 sys=0.00, real=0.02 secs] 
: 440896K->48959K(440896K), 0.0181230 secs] 7429626K->7102014K(12533952K), 0.0183230 secs] [Times: user=0.25 sys=0.01, real=0.02 secs] 
: 440775K->48960K(440896K), 0.0228660 secs] 7493829K->7171380K(12533952K), 0.0230620 secs] [Times: user=0.32 sys=0.00, real=0.02 secs] 
: 440896K->48960K(440896K), 0.0230930 secs] 7563316K->7233712K(12533952K), 0.0232970 secs] [Times: user=0.33 sys=0.00, real=0.02 secs] 
: 440896K->48960K(440896K), 0.0195140 secs] 7625648K->7294860K(12533952K), 0.0197280 secs] [Times: user=0.31 sys=0.00, real=0.02 secs] 
: 440896K->48905K(440896K), 0.0207300 secs] 7686796K->7358706K(12533952K), 0.0209240 secs] [Times: user=0.28 sys=0.00, real=0.02 secs] 
: 440719K->48952K(440896K), 0.0180690 secs] 7750520K->7423446K(12533952K), 0.0182620 secs] [Times: user=0.27 sys=0.00, real=0.02 secs] 
: 440888K->48960K(440896K), 0.0225460 secs] 7815382K->7497200K(12533952K), 0.0227890 secs] [Times: user=0.32 sys=0.00, real=0.03 secs] 
: 440896K->48955K(440896K), 0.0241690 secs] 7889136K->7556699K(12533952K), 0.0243670 secs] [Times: user=0.35 sys=0.00, real=0.03 secs] 
: 440778K->48960K(440896K), 0.0201610 secs] 7948522K->7628293K(12533952K), 0.0203300 secs] [Times: user=0.28 sys=0.01, real=0.02 secs] 
: 440896K->48950K(440896K), 0.0226210 secs] 8020229K->7700235K(12533952K), 0.0227810 secs] [Times: user=0.34 sys=0.01, real=0.02 secs] 
: 440859K->48960K(440896K), 0.0179100 secs] 8092144K->7771650K(12533952K), 0.0181080 secs] [Times: user=0.23 sys=0.01, real=0.02 secs] 
: 440896K->48958K(440896K), 0.0191410 secs] 8163586K->7843114K(12533952K), 0.0193300 secs] [Times: user=0.25 sys=0.00, real=0.02 secs] 
: 440746K->48959K(440896K), 0.0194940 secs] 8234901K->7914749K(12533952K), 0.0196640 secs] [Times: user=0.30 sys=0.00, real=0.02 secs] 
: 440674K->48960K(440896K), 0.0194360 secs] 8306464K->7986346K(12533952K), 0.0196800 secs] [Times: user=0.23 sys=0.00, real=0.02 secs] 
: 440893K->48960K(440896K), 0.0193160 secs] 8378280K->8057873K(12533952K), 0.0194650 secs] [Times: user=0.23 sys=0.01, real=0.02 secs] 
: 440896K->48960K(440896K), 0.0205190 secs] 8449809K->8129681K(12533952K), 0.0206640 secs] [Times: user=0.26 sys=0.01, real=0.02 secs] 
: 440791K->48960K(440896K), 0.0187240 secs] 8521513K->8201123K(12533952K), 0.0188890 secs] [Times: user=0.23 sys=0.01, real=0.02 secs] 
: 440838K->48960K(440896K), 0.0213000 secs] 8593002K->8272481K(12533952K), 0.0214930 secs] [Times: user=0.27 sys=0.00, real=0.02 secs] 
: 440886K->48953K(440896K), 0.0173980 secs] 8664408K->8344408K(12533952K), 0.0175920 secs] [Times: user=0.23 sys=0.01, real=0.02 secs] 
: 440709K->48919K(440896K), 0.0191920 secs] 8736165K->8415728K(12533952K), 0.0194420 secs] [Times: user=0.25 sys=0.01, real=0.02 secs] 
: 440846K->48960K(440896K), 0.0211490 secs] 8807655K->8486885K(12533952K), 0.0213390 secs] [Times: user=0.32 sys=0.01, real=0.02 secs] 
: 440826K->48959K(440896K), 0.0180600 secs] 8878751K->8557767K(12533952K), 0.0182690 secs] [Times: user=0.27 sys=0.01, real=0.02 secs] 
2015-04-01T18:00:46.756-0700: 13233046.829: [GC [1 CMS-initial-mark: 8508808K(12093056K)] 8558139K(12533952K), 0.0054560 secs] [Times: user=0.00 sys=0.00, real=0.01 secs] 
2015-04-01T18:00:47.071-0700: 13233047.143: [CMS-concurrent-mark: 0.309/0.309 secs] [Times: user=1.95 sys=0.08, real=0.30 secs] 
2015-04-01T18:00:47.110-0700: 13233047.182: [CMS-concurrent-preclean: 0.038/0.039 secs] [Times: user=0.08 sys=0.03, real=0.04 secs] 
: 440823K->48960K(440896K), 0.0181910 secs] 8949631K->8629159K(12533952K), 0.0184040 secs] [Times: user=0.24 sys=0.01, real=0.02 secs] 
2015-04-01T18:00:48.558-0700: 13233048.631: [CMS-concurrent-abortable-preclean: 0.926/1.449 secs] [Times: user=1.84 sys=0.57, real=1.45 secs] 
2015-04-01T18:00:48.560-0700: 13233048.632: [GC[YG occupancy: 266775 K (440896 K)]13233048.632: [Rescan (parallel) , 0.0070060 secs]13233048.639: [weak refs processing, 0.0035060 secs] [1 CMS-remark: 8580199K(12093056K)] 8846975K(12533952K), 0.0108720 secs] [Times: user=0.11 sys=0.01, real=0.01 secs] 
: 440893K->48960K(440896K), 0.0192550 secs] 8060858K->7740407K(12533952K), 0.0194640 secs] [Times: user=0.26 sys=0.00, real=0.02 secs] 
2015-04-01T18:00:49.414-0700: 13233049.486: [CMS-concurrent-sweep: 0.822/0.843 secs] [Times: user=1.73 sys=0.46, real=0.85 secs] 
2015-04-01T18:00:49.444-0700: 13233049.516: [CMS-concurrent-reset: 0.030/0.030 secs] [Times: user=0.05 sys=0.02, real=0.03 secs] 
: 440885K->48960K(440896K), 0.0162300 secs] 4074580K->3753950K(12533952K), 0.0164290 secs] [Times: user=0.24 sys=0.00, real=0.01 secs] 
: 440797K->48960K(440896K), 0.0157190 secs] 4145788K->3823503K(12533952K), 0.0158650 secs] [Times: user=0.24 sys=0.00, real=0.02 secs] 
: 440896K->48960K(440896K), 0.0166920 secs] 4215439K->3892591K(12533952K), 0.0168490 secs] [Times: user=0.21 sys=0.01, real=0.02 secs] 
: 440691K->48960K(440896K), 0.0208790 secs] 4284322K->3957288K(12533952K), 0.0211170 secs] [Times: user=0.34 sys=0.01, real=0.02 secs] 
: 440669K->48943K(440896K), 0.0211710 secs] 4348998K->4025824K(12533952K), 0.0213630 secs] [Times: user=0.31 sys=0.01, real=0.02 secs] 
: 440849K->48959K(440896K), 0.0206720 secs] 4417731K->4095004K(12533952K), 0.0208710 secs] [Times: user=0.20 sys=0.01, real=0.02 secs] 
: 440895K->48960K(440896K), 0.0260450 secs] 4486940K->4165506K(12533952K), 0.0262640 secs] [Times: user=0.27 sys=0.01, real=0.02 secs] 
: 440822K->48960K(440896K), 0.0339190 secs] 4557369K->4234190K(12533952K), 0.0341490 secs] [Times: user=0.34 sys=0.00, real=0.03 secs] 
: 440896K->48960K(440896K), 0.0238750 secs] 4626126K->4303755K(12533952K), 0.0240580 secs] [Times: user=0.23 sys=0.01, real=0.02 secs] 
: 440748K->48950K(440896K), 0.0190240 secs] 4695543K->4374884K(12533952K), 0.0192490 secs] [Times: user=0.27 sys=0.00, real=0.02 secs] 
: 440805K->48941K(440896K), 0.0182640 secs] 4766739K->4446245K(12533952K), 0.0184820 secs] [Times: user=0.25 sys=0.01, real=0.02 secs] 
: 440774K->48922K(440896K), 0.0184940 secs] 4838077K->4517389K(12533952K), 0.0187200 secs] [Times: user=0.25 sys=0.00, real=0.02 secs] 
: 440612K->48960K(440896K), 0.0179830 secs] 4909079K->4587148K(12533952K), 0.0182050 secs] [Times: user=0.25 sys=0.00, real=0.02 secs] 
: 440875K->48960K(440896K), 0.0161690 secs] 4979064K->4656146K(12533952K), 0.0163590 secs] [Times: user=0.21 sys=0.01, real=0.02 secs] 
: 440896K->48960K(440896K), 0.0169230 secs] 5048082K->4721876K(12533952K), 0.0171730 secs] [Times: user=0.22 sys=0.00, real=0.02 secs] 
: 440880K->48960K(440896K), 0.0168430 secs] 5113797K->4791026K(12533952K), 0.0170240 secs] [Times: user=0.22 sys=0.00, real=0.01 secs] 
: 440848K->48940K(440896K), 0.0188910 secs] 5182914K->4862061K(12533952K), 0.0191040 secs] [Times: user=0.22 sys=0.01, real=0.02 secs] 
: 440876K->48960K(440896K), 0.0189050 secs] 5253997K->4929709K(12533952K), 0.0191290 secs] [Times: user=0.22 sys=0.00, real=0.01 secs] 
: 440839K->48958K(440896K), 0.0198580 secs] 5321589K->4998759K(12533952K), 0.0200980 secs] [Times: user=0.23 sys=0.01, real=0.02 secs] 
: 440894K->48929K(440896K), 0.0264260 secs] 5390695K->5068697K(12533952K), 0.0266580 secs] [Times: user=0.27 sys=0.01, real=0.02 secs] 
: 440820K->48960K(440896K), 0.0215160 secs] 5460588K->5137258K(12533952K), 0.0217370 secs] [Times: user=0.26 sys=0.01, real=0.03 secs] 
: 440896K->48960K(440896K), 0.0173760 secs] 5529194K->5202995K(12533952K), 0.0175550 secs] [Times: user=0.24 sys=0.01, real=0.02 secs] 
: 440896K->48958K(440896K), 0.0234530 secs] 5594931K->5269191K(12533952K), 0.0236340 secs] [Times: user=0.31 sys=0.00, real=0.02 secs] 
: 440736K->48933K(440896K), 0.0162620 secs] 5660969K->5335920K(12533952K), 0.0164940 secs] [Times: user=0.23 sys=0.01, real=0.02 secs] 
: 440763K->48949K(440896K), 0.0225640 secs] 5727750K->5402105K(12533952K), 0.0227590 secs] [Times: user=0.33 sys=0.00, real=0.02 secs] 
: 440718K->48960K(440896K), 0.0203700 secs] 5793874K->5466613K(12533952K), 0.0205940 secs] [Times: user=0.29 sys=0.00, real=0.02 secs] 
: 440826K->48919K(440896K), 0.0178480 secs] 5858480K->5530167K(12533952K), 0.0180340 secs] [Times: user=0.27 sys=0.01, real=0.02 secs] 
: 440855K->48960K(440896K), 0.0215000 secs] 5922103K->5595318K(12533952K), 0.0217510 secs] [Times: user=0.28 sys=0.00, real=0.02 secs] 
: 440726K->48959K(440896K), 0.0224140 secs] 5987085K->5659921K(12533952K), 0.0226840 secs] [Times: user=0.32 sys=0.01, real=0.02 secs] 
: 440872K->48960K(440896K), 0.0200720 secs] 6051834K->5725361K(12533952K), 0.0203400 secs] [Times: user=0.25 sys=0.01, real=0.02 secs] 
: 440896K->48960K(440896K), 0.0215590 secs] 6117297K->5790814K(12533952K), 0.0217980 secs] [Times: user=0.32 sys=0.00, real=0.02 secs] 
: 440842K->48960K(440896K), 0.0223350 secs] 6182696K->5853520K(12533952K), 0.0225110 secs] [Times: user=0.29 sys=0.00, real=0.02 secs] 
: 440894K->48957K(440896K), 0.0236150 secs] 6245455K->5918962K(12533952K), 0.0238350 secs] [Times: user=0.32 sys=0.01, real=0.02 secs] 
: 440893K->48960K(440896K), 0.0214860 secs] 6310898K->5984794K(12533952K), 0.0217200 secs] [Times: user=0.28 sys=0.01, real=0.02 secs] 
: 440836K->48959K(440896K), 0.0216150 secs] 6376671K->6050467K(12533952K), 0.0218400 secs] [Times: user=0.34 sys=0.00, real=0.02 secs] 
: 440704K->48960K(440896K), 0.0192070 secs] 6442212K->6113070K(12533952K), 0.0197210 secs] [Times: user=0.31 sys=0.00, real=0.02 secs] 
: 440842K->48942K(440896K), 0.0270220 secs] 6504953K->6178827K(12533952K), 0.0271690 secs] [Times: user=0.26 sys=0.00, real=0.03 secs] 
: 440764K->48960K(440896K), 0.0153230 secs] 6570649K->6243555K(12533952K), 0.0156110 secs] [Times: user=0.19 sys=0.00, real=0.02 secs] 
: 440870K->48960K(440896K), 0.0213580 secs] 6635465K->6307095K(12533952K), 0.0215910 secs] [Times: user=0.31 sys=0.00, real=0.02 secs] 
: 440780K->48948K(440896K), 0.0198660 secs] 6698916K->6367722K(12533952K), 0.0201220 secs] [Times: user=0.29 sys=0.00, real=0.02 secs] 
: 440793K->48960K(440896K), 0.0222120 secs] 6759567K->6432748K(12533952K), 0.0224500 secs] [Times: user=0.28 sys=0.00, real=0.02 secs] 
: 440757K->48960K(440896K), 0.0236170 secs] 6824546K->6496736K(12533952K), 0.0238520 secs] [Times: user=0.31 sys=0.00, real=0.02 secs] 
: 440896K->48958K(440896K), 0.0221470 secs] 6888672K->6557605K(12533952K), 0.0223870 secs] [Times: user=0.26 sys=0.00, real=0.02 secs] 
: 440894K->48942K(440896K), 0.0219770 secs] 6949541K->6620940K(12533952K), 0.0221980 secs] [Times: user=0.32 sys=0.01, real=0.02 secs] 
: 440833K->48960K(440896K), 0.0195140 secs] 7012831K->6684292K(12533952K), 0.0197070 secs] [Times: user=0.29 sys=0.00, real=0.02 secs] 
: 440866K->48903K(440896K), 0.0235620 secs] 7076198K->6749959K(12533952K), 0.0237890 secs] [Times: user=0.33 sys=0.00, real=0.02 secs] 
: 440610K->48940K(440896K), 0.0182960 secs] 7141667K->6812760K(12533952K), 0.0185170 secs] [Times: user=0.26 sys=0.00, real=0.02 secs] 
: 440653K->48960K(440896K), 0.0209910 secs] 7204473K->6876970K(12533952K), 0.0212170 secs] [Times: user=0.29 sys=0.00, real=0.03 secs] 
: 440869K->48958K(440896K), 0.0194490 secs] 7268880K->6939925K(12533952K), 0.0196160 secs] [Times: user=0.28 sys=0.00, real=0.02 secs] 
: 440654K->48960K(440896K), 0.0214390 secs] 7331621K->7002233K(12533952K), 0.0216650 secs] [Times: user=0.33 sys=0.00, real=0.02 secs] 
: 440787K->28196K(440896K), 0.0161280 secs] 7394060K->7029534K(12533952K), 0.0163770 secs] [Times: user=0.25 sys=0.00, real=0.02 secs] 
: 420013K->6562K(440896K), 0.0156240 secs] 7421351K->7034765K(12533952K), 0.0158320 secs] [Times: user=0.18 sys=0.01, real=0.01 secs] 
: 398498K->23546K(440896K), 0.0104290 secs] 7426701K->7051749K(12533952K), 0.0106420 secs] [Times: user=0.18 sys=0.00, real=0.01 secs] 
: 413609K->40703K(440896K), 0.0191290 secs] 7441812K->7068907K(12533952K), 0.0193390 secs] [Times: user=0.39 sys=0.00, real=0.02 secs] 
: 431808K->24310K(440896K), 0.0394110 secs] 7460011K->7074150K(12533952K), 0.0395960 secs] [Times: user=0.31 sys=0.01, real=0.04 secs] 
: 416063K->48960K(440896K), 0.0209000 secs] 7465903K->7119825K(12533952K), 0.0211210 secs] [Times: user=0.32 sys=0.00, real=0.02 secs] 
: 440868K->4915K(440896K), 0.0350620 secs] 7511733K->7119587K(12533952K), 0.0352610 secs] [Times: user=0.33 sys=0.00, real=0.03 secs] 
: 396836K->25434K(440896K), 0.0135990 secs] 7511508K->7140105K(12533952K), 0.0138070 secs] [Times: user=0.26 sys=0.00, real=0.01 secs] 
: 417370K->48960K(440896K), 0.0210400 secs] 7532041K->7165797K(12533952K), 0.0213110 secs] [Times: user=0.38 sys=0.00, real=0.02 secs] 
: 440327K->21246K(440896K), 0.1415760 secs] 7557164K->7184874K(12533952K), 0.1417450 secs] [Times: user=0.57 sys=0.01, real=0.14 secs] 
: 413182K->46665K(440896K), 0.0241370 secs] 7576810K->7285126K(12533952K), 0.0243140 secs] [Times: user=0.50 sys=0.00, real=0.02 secs] 
: 438562K->48960K(440896K), 0.0380350 secs] 7677023K->7332852K(12533952K), 0.0382710 secs] [Times: user=0.45 sys=0.01, real=0.04 secs] 
: 440688K->48960K(440896K), 0.0221160 secs] 7724580K->7396478K(12533952K), 0.0223640 secs] [Times: user=0.31 sys=0.00, real=0.02 secs] 
: 440710K->48960K(440896K), 0.0198920 secs] 7788228K->7458908K(12533952K), 0.0201070 secs] [Times: user=0.31 sys=0.00, real=0.02 secs] 
: 440896K->48938K(440896K), 0.0192310 secs] 7850844K->7524213K(12533952K), 0.0194170 secs] [Times: user=0.27 sys=0.01, real=0.02 secs] 
: 440837K->48937K(440896K), 0.0212020 secs] 7916112K->7588091K(12533952K), 0.0214220 secs] [Times: user=0.30 sys=0.00, real=0.02 secs] 
: 440663K->48917K(440896K), 0.0215780 secs] 7979816K->7652237K(12533952K), 0.0218020 secs] [Times: user=0.28 sys=0.01, real=0.02 secs] 
: 440640K->48960K(440896K), 0.0232550 secs] 8043960K->7715694K(12533952K), 0.0235200 secs] [Times: user=0.29 sys=0.00, real=0.02 secs] 
: 440832K->39234K(440896K), 0.0158750 secs] 8107567K->7752805K(12533952K), 0.0160920 secs] [Times: user=0.20 sys=0.01, real=0.02 secs] 
: 431120K->18624K(440896K), 0.0096690 secs] 8144691K->7732195K(12533952K), 0.0099080 secs] [Times: user=0.17 sys=0.00, real=0.01 secs] 
: 410510K->18794K(440896K), 0.0103870 secs] 8124081K->7732365K(12533952K), 0.0106290 secs] [Times: user=0.18 sys=0.00, real=0.01 secs] 
: 410692K->23447K(440896K), 0.0105650 secs] 8124263K->7737018K(12533952K), 0.0107710 secs] [Times: user=0.19 sys=0.00, real=0.01 secs] 
: 415363K->26478K(440896K), 0.0142480 secs] 8128934K->7746471K(12533952K), 0.0144770 secs] [Times: user=0.29 sys=0.00, real=0.01 secs] 
: 418379K->48960K(440896K), 0.0199510 secs] 8138372K->7811944K(12533952K), 0.0201660 secs] [Times: user=0.26 sys=0.01, real=0.02 secs] 
: 440721K->48914K(440896K), 0.0238770 secs] 8203706K->7877225K(12533952K), 0.0240970 secs] [Times: user=0.30 sys=0.01, real=0.02 secs] 
: 440747K->48906K(440896K), 0.0180170 secs] 8269058K->7943614K(12533952K), 0.0182500 secs] [Times: user=0.24 sys=0.00, real=0.01 secs] 
: 440819K->48960K(440896K), 0.0236870 secs] 8335527K->8006514K(12533952K), 0.0239080 secs] [Times: user=0.35 sys=0.00, real=0.02 secs] 
: 440719K->48960K(440896K), 0.0221530 secs] 8398274K->8071298K(12533952K), 0.0223930 secs] [Times: user=0.34 sys=0.00, real=0.03 secs] 
: 440836K->48960K(440896K), 0.0228380 secs] 8463175K->8138542K(12533952K), 0.0230130 secs] [Times: user=0.32 sys=0.01, real=0.03 secs] 
: 440750K->48958K(440896K), 0.0254730 secs] 8530332K->8204066K(12533952K), 0.0256950 secs] [Times: user=0.29 sys=0.01, real=0.02 secs] 
: 440720K->48960K(440896K), 0.0219620 secs] 8595829K->8272063K(12533952K), 0.0221970 secs] [Times: user=0.31 sys=0.00, real=0.02 secs] 
: 440885K->48960K(440896K), 0.0186630 secs] 8663989K->8335911K(12533952K), 0.0188860 secs] [Times: user=0.25 sys=0.01, real=0.01 secs] 
: 440891K->48951K(440896K), 0.0192660 secs] 8727843K->8397934K(12533952K), 0.0194700 secs] [Times: user=0.25 sys=0.01, real=0.02 secs] 
: 440887K->48909K(440896K), 0.0200860 secs] 8789870K->8461757K(12533952K), 0.0203090 secs] [Times: user=0.30 sys=0.00, real=0.02 secs] 
: 440845K->48960K(440896K), 0.0216240 secs] 8853693K->8528980K(12533952K), 0.0218160 secs] [Times: user=0.32 sys=0.00, real=0.02 secs] 
2015-04-01T18:16:59.640-0700: 13234019.712: [GC [1 CMS-initial-mark: 8480020K(12093056K)] 8529121K(12533952K), 0.0048190 secs] [Times: user=0.00 sys=0.00, real=0.01 secs] 
2015-04-01T18:16:59.968-0700: 13234020.041: [CMS-concurrent-mark: 0.324/0.324 secs] [Times: user=1.97 sys=0.01, real=0.32 secs] 
2015-04-01T18:17:00.009-0700: 13234020.081: [CMS-concurrent-preclean: 0.040/0.040 secs] [Times: user=0.04 sys=0.00, real=0.04 secs] 
2015-04-01T18:17:04.522-0700: 13234024.594: [CMS-concurrent-abortable-preclean: 2.509/4.513 secs] [Times: user=2.97 sys=0.22, real=4.52 secs] 
2015-04-01T18:17:04.523-0700: 13234024.596: [GC[YG occupancy: 247926 K (440896 K)]13234024.596: [Rescan (parallel) , 0.0073860 secs]13234024.603: [weak refs processing, 0.0053160 secs] [1 CMS-remark: 8480020K(12093056K)] 8727946K(12533952K), 0.0130690 secs] [Times: user=0.12 sys=0.00, real=0.01 secs] 
2015-04-01T18:17:05.396-0700: 13234025.468: [CMS-concurrent-sweep: 0.858/0.858 secs] [Times: user=0.96 sys=0.03, real=0.86 secs] 
2015-04-01T18:17:05.428-0700: 13234025.500: [CMS-concurrent-reset: 0.032/0.032 secs] [Times: user=0.04 sys=0.00, real=0.03 secs] 
: 440786K->48960K(440896K), 0.0200620 secs] 4065657K->3742164K(12533952K), 0.0202820 secs] [Times: user=0.33 sys=0.01, real=0.02 secs] 
: 440864K->48960K(440896K), 0.0172230 secs] 4134068K->3806204K(12533952K), 0.0176130 secs] [Times: user=0.30 sys=0.01, real=0.01 secs] 
: 440850K->48960K(440896K), 0.0177400 secs] 4198095K->3872581K(12533952K), 0.0179620 secs] [Times: user=0.29 sys=0.00, real=0.02 secs] 
: 440676K->48960K(440896K), 0.0180170 secs] 4264298K->3934749K(12533952K), 0.0182420 secs] [Times: user=0.27 sys=0.00, real=0.02 secs] 
: 440699K->48960K(440896K), 0.0169250 secs] 4326488K->4001774K(12533952K), 0.0171590 secs] [Times: user=0.22 sys=0.01, real=0.02 secs] 
: 440654K->48960K(440896K), 0.0201660 secs] 4393468K->4067140K(12533952K), 0.0203870 secs] [Times: user=0.25 sys=0.01, real=0.02 secs] 
: 440624K->48960K(440896K), 0.0170600 secs] 4458805K->4126475K(12533952K), 0.0172900 secs] [Times: user=0.24 sys=0.00, real=0.01 secs] 
: 440638K->36220K(440896K), 0.0149070 secs] 4518154K->4145812K(12533952K), 0.0151200 secs] [Times: user=0.22 sys=0.00, real=0.01 secs] 
: 427989K->48960K(440896K), 0.0152200 secs] 4537582K->4164523K(12533952K), 0.0154530 secs] [Times: user=0.27 sys=0.00, real=0.02 secs] 
: 440652K->48960K(440896K), 0.0222910 secs] 4556216K->4227548K(12533952K), 0.0225100 secs] [Times: user=0.26 sys=0.01, real=0.03 secs] 
: 440836K->48949K(440896K), 0.0297660 secs] 4619424K->4292447K(12533952K), 0.0299810 secs] [Times: user=0.26 sys=0.00, real=0.03 secs] 
: 440739K->48944K(440896K), 0.0252720 secs] 4684237K->4357808K(12533952K), 0.0254970 secs] [Times: user=0.23 sys=0.00, real=0.03 secs] 
: 440810K->48960K(440896K), 0.0210240 secs] 4749673K->4424159K(12533952K), 0.0212480 secs] [Times: user=0.26 sys=0.01, real=0.02 secs] 
: 440687K->48902K(440896K), 0.0202940 secs] 4815886K->4489867K(12533952K), 0.0205110 secs] [Times: user=0.27 sys=0.00, real=0.02 secs] 
: 440701K->48919K(440896K), 0.0165830 secs] 4881666K->4552884K(12533952K), 0.0168560 secs] [Times: user=0.23 sys=0.00, real=0.02 secs] 
: 440751K->48960K(440896K), 0.0205360 secs] 4944717K->4618327K(12533952K), 0.0207530 secs] [Times: user=0.27 sys=0.01, real=0.02 secs] 
: 440817K->48911K(440896K), 0.0207100 secs] 5010185K->4682925K(12533952K), 0.0209430 secs] [Times: user=0.27 sys=0.00, real=0.02 secs] 
: 440824K->48932K(440896K), 0.0202660 secs] 5074837K->4747318K(12533952K), 0.0205210 secs] [Times: user=0.28 sys=0.01, real=0.02 secs] 
: 440639K->48960K(440896K), 0.0200340 secs] 5139025K->4810145K(12533952K), 0.0202580 secs] [Times: user=0.29 sys=0.00, real=0.02 secs] 
: 440877K->48960K(440896K), 0.0200070 secs] 5202062K->4875857K(12533952K), 0.0202420 secs] [Times: user=0.26 sys=0.00, real=0.02 secs] 
: 440896K->48960K(440896K), 0.0216780 secs] 5267793K->4944314K(12533952K), 0.0219030 secs] [Times: user=0.26 sys=0.00, real=0.02 secs] 
: 440669K->48960K(440896K), 0.0207270 secs] 5336023K->5008775K(12533952K), 0.0209430 secs] [Times: user=0.26 sys=0.00, real=0.02 secs] 
: 440737K->48960K(440896K), 0.0233800 secs] 5400553K->5075703K(12533952K), 0.0236030 secs] [Times: user=0.29 sys=0.00, real=0.02 secs] 
: 440801K->48960K(440896K), 0.0299760 secs] 5467545K->5135831K(12533952K), 0.0302510 secs] [Times: user=0.29 sys=0.01, real=0.03 secs] 
: 440798K->48960K(440896K), 0.0195870 secs] 5527670K->5200435K(12533952K), 0.0199610 secs] [Times: user=0.23 sys=0.00, real=0.02 secs] 
: 440896K->48960K(440896K), 0.0207150 secs] 5592371K->5266397K(12533952K), 0.0209510 secs] [Times: user=0.23 sys=0.01, real=0.02 secs] 
: 440640K->48960K(440896K), 0.0211890 secs] 5658078K->5332753K(12533952K), 0.0214050 secs] [Times: user=0.33 sys=0.00, real=0.03 secs] 
: 440850K->48960K(440896K), 0.0181750 secs] 5724643K->5405409K(12533952K), 0.0183130 secs] [Times: user=0.27 sys=0.00, real=0.02 secs] 
: 440896K->48960K(440896K), 0.0185260 secs] 5797345K->5458596K(12533952K), 0.0187150 secs] [Times: user=0.28 sys=0.00, real=0.01 secs] 
: 440862K->48960K(440896K), 0.0163830 secs] 5850498K->5525973K(12533952K), 0.0166000 secs] [Times: user=0.23 sys=0.00, real=0.01 secs] 
: 440896K->48960K(440896K), 0.0193470 secs] 5917909K->5588819K(12533952K), 0.0195750 secs] [Times: user=0.23 sys=0.00, real=0.02 secs] 
: 440811K->48960K(440896K), 0.0176890 secs] 5980670K->5651097K(12533952K), 0.0179170 secs] [Times: user=0.23 sys=0.00, real=0.02 secs] 
: 440877K->48960K(440896K), 0.0215890 secs] 6043014K->5715358K(12533952K), 0.0218160 secs] [Times: user=0.25 sys=0.01, real=0.02 secs] 
: 440655K->48960K(440896K), 0.0250310 secs] 6107054K->5779591K(12533952K), 0.0252550 secs] [Times: user=0.31 sys=0.01, real=0.03 secs] 
: 440849K->48960K(440896K), 0.0273730 secs] 6171481K->5847372K(12533952K), 0.0275920 secs] [Times: user=0.31 sys=0.00, real=0.03 secs] 
: 440757K->48960K(440896K), 0.0231700 secs] 6239170K->5912116K(12533952K), 0.0233830 secs] [Times: user=0.32 sys=0.01, real=0.02 secs] 
: 440896K->48960K(440896K), 0.0183100 secs] 6304052K->5978377K(12533952K), 0.0185420 secs] [Times: user=0.27 sys=0.01, real=0.02 secs] 
: 440730K->48960K(440896K), 0.0193100 secs] 6370147K->6039372K(12533952K), 0.0194830 secs] [Times: user=0.27 sys=0.00, real=0.02 secs] 
: 440869K->48960K(440896K), 0.0186830 secs] 6431282K->6103309K(12533952K), 0.0188620 secs] [Times: user=0.24 sys=0.00, real=0.02 secs] 
: 440676K->48960K(440896K), 0.0201200 secs] 6495026K->6169641K(12533952K), 0.0203370 secs] [Times: user=0.26 sys=0.00, real=0.02 secs] 
: 440877K->48960K(440896K), 0.0209380 secs] 6561558K->6234268K(12533952K), 0.0211150 secs] [Times: user=0.34 sys=0.00, real=0.02 secs] 
: 440844K->48960K(440896K), 0.0180710 secs] 6626153K->6298360K(12533952K), 0.0182850 secs] [Times: user=0.26 sys=0.00, real=0.02 secs] 
: 440896K->48960K(440896K), 0.0193810 secs] 6690296K->6371013K(12533952K), 0.0195610 secs] [Times: user=0.30 sys=0.01, real=0.02 secs] 
: 440839K->48960K(440896K), 0.0214420 secs] 6762893K->6426685K(12533952K), 0.0216620 secs] [Times: user=0.27 sys=0.00, real=0.02 secs] 
: 440830K->48960K(440896K), 0.0233420 secs] 6818555K->6495882K(12533952K), 0.0235110 secs] [Times: user=0.32 sys=0.01, real=0.02 secs] 
: 440886K->48960K(440896K), 0.0195080 secs] 6887809K->6558830K(12533952K), 0.0197430 secs] [Times: user=0.30 sys=0.01, real=0.02 secs] 
: 440692K->48960K(440896K), 0.0198560 secs] 6950562K->6618148K(12533952K), 0.0200600 secs] [Times: user=0.30 sys=0.00, real=0.02 secs] 
: 440724K->48960K(440896K), 0.0191460 secs] 7009912K->6682657K(12533952K), 0.0193250 secs] [Times: user=0.28 sys=0.00, real=0.02 secs] 
: 440891K->48960K(440896K), 0.0201620 secs] 7074589K->6750246K(12533952K), 0.0203170 secs] [Times: user=0.32 sys=0.00, real=0.02 secs] 
: 440787K->48960K(440896K), 0.0194900 secs] 7142074K->6810331K(12533952K), 0.0196860 secs] [Times: user=0.30 sys=0.01, real=0.02 secs] 
: 440687K->48960K(440896K), 0.0207280 secs] 7202059K->6875073K(12533952K), 0.0209240 secs] [Times: user=0.33 sys=0.01, real=0.02 secs] 
: 440811K->48960K(440896K), 0.0196070 secs] 7266924K->6940251K(12533952K), 0.0198270 secs] [Times: user=0.28 sys=0.00, real=0.02 secs] 
: 440773K->48960K(440896K), 0.0203780 secs] 7332065K->6995564K(12533952K), 0.0205750 secs] [Times: user=0.25 sys=0.01, real=0.02 secs] 
: 440774K->48960K(440896K), 0.0182930 secs] 7387379K->7058161K(12533952K), 0.0184580 secs] [Times: user=0.28 sys=0.00, real=0.02 secs] 
: 440789K->48960K(440896K), 0.0241460 secs] 7449990K->7123639K(12533952K), 0.0243480 secs] [Times: user=0.29 sys=0.00, real=0.03 secs] 
: 440896K->48960K(440896K), 0.0206780 secs] 7515575K->7183946K(12533952K), 0.0208790 secs] [Times: user=0.24 sys=0.00, real=0.02 secs] 
: 440896K->48960K(440896K), 0.0200770 secs] 7575882K->7253447K(12533952K), 0.0202710 secs] [Times: user=0.27 sys=0.00, real=0.02 secs] 
: 440660K->48960K(440896K), 0.0213890 secs] 7645148K->7308123K(12533952K), 0.0215570 secs] [Times: user=0.31 sys=0.00, real=0.02 secs] 
: 440853K->48960K(440896K), 0.0202740 secs] 7700017K->7369077K(12533952K), 0.0204290 secs] [Times: user=0.25 sys=0.00, real=0.02 secs] 
: 440754K->48960K(440896K), 0.0198960 secs] 7760871K->7433173K(12533952K), 0.0200750 secs] [Times: user=0.29 sys=0.00, real=0.02 secs] 
: 440798K->48960K(440896K), 0.0227000 secs] 7825012K->7493789K(12533952K), 0.0229080 secs] [Times: user=0.27 sys=0.01, real=0.03 secs] 
: 440896K->48960K(440896K), 0.0210710 secs] 7885725K->7558903K(12533952K), 0.0212550 secs] [Times: user=0.27 sys=0.01, real=0.02 secs] 
: 440896K->48960K(440896K), 0.0217570 secs] 7950839K->7622178K(12533952K), 0.0219480 secs] [Times: user=0.30 sys=0.00, real=0.02 secs] 
: 440695K->48960K(440896K), 0.0202070 secs] 8013913K->7689104K(12533952K), 0.0204330 secs] [Times: user=0.24 sys=0.00, real=0.02 secs] 
: 440896K->48960K(440896K), 0.0214790 secs] 8081040K->7755147K(12533952K), 0.0216790 secs] [Times: user=0.28 sys=0.00, real=0.02 secs] 
: 440666K->48960K(440896K), 0.0209200 secs] 8146853K->7818587K(12533952K), 0.0210770 secs] [Times: user=0.32 sys=0.01, real=0.02 secs] 
: 440896K->48960K(440896K), 0.0215530 secs] 8210523K->7881364K(12533952K), 0.0217460 secs] [Times: user=0.30 sys=0.01, real=0.02 secs] 
: 440896K->48960K(440896K), 0.0231950 secs] 8273300K->7947465K(12533952K), 0.0234280 secs] [Times: user=0.32 sys=0.00, real=0.02 secs] 
: 440896K->48960K(440896K), 0.0181090 secs] 8339401K->8009833K(12533952K), 0.0183050 secs] [Times: user=0.27 sys=0.01, real=0.01 secs] 
: 440896K->48960K(440896K), 0.0207730 secs] 8401769K->8077825K(12533952K), 0.0209900 secs] [Times: user=0.34 sys=0.00, real=0.02 secs] 
: 440896K->48960K(440896K), 0.0202270 secs] 8469761K->8135217K(12533952K), 0.0204270 secs] [Times: user=0.33 sys=0.00, real=0.02 secs] 
: 440661K->48960K(440896K), 0.0197150 secs] 8526919K->8200395K(12533952K), 0.0199180 secs] [Times: user=0.33 sys=0.00, real=0.02 secs] 
: 440864K->48960K(440896K), 0.0178170 secs] 8592300K->8263314K(12533952K), 0.0180110 secs] [Times: user=0.26 sys=0.00, real=0.02 secs] 
: 440750K->48960K(440896K), 0.0188870 secs] 8655104K->8327454K(12533952K), 0.0190830 secs] [Times: user=0.26 sys=0.00, real=0.02 secs] 
: 440896K->48960K(440896K), 0.0225790 secs] 8719390K->8390465K(12533952K), 0.0227880 secs] [Times: user=0.33 sys=0.00, real=0.03 secs] 
: 440672K->48960K(440896K), 0.0194930 secs] 8782177K->8453289K(12533952K), 0.0196910 secs] [Times: user=0.28 sys=0.00, real=0.02 secs] 
: 440869K->48960K(440896K), 0.0197780 secs] 8845199K->8520965K(12533952K), 0.0199970 secs] [Times: user=0.35 sys=0.00, real=0.02 secs] 
2015-04-01T18:37:10.198-0700: 13235230.271: [GC [1 CMS-initial-mark: 8472005K(12093056K)] 8521450K(12533952K), 0.0053540 secs] [Times: user=0.00 sys=0.00, real=0.00 secs] 
2015-04-01T18:37:10.503-0700: 13235230.575: [CMS-concurrent-mark: 0.299/0.299 secs] [Times: user=1.83 sys=0.00, real=0.29 secs] 
2015-04-01T18:37:10.541-0700: 13235230.614: [CMS-concurrent-preclean: 0.038/0.038 secs] [Times: user=0.04 sys=0.00, real=0.04 secs] 
 CMS: abort preclean due to time 2015-04-01T18:37:15.674-0700: 13235235.746: [CMS-concurrent-abortable-preclean: 2.426/5.133 secs] [Times: user=2.79 sys=0.17, real=5.13 secs] 
2015-04-01T18:37:15.675-0700: 13235235.748: [GC[YG occupancy: 200011 K (440896 K)]13235235.748: [Rescan (parallel) , 0.0065980 secs]13235235.754: [weak refs processing, 0.0060960 secs] [1 CMS-remark: 8472005K(12093056K)] 8672017K(12533952K), 0.0131410 secs] [Times: user=0.10 sys=0.01, real=0.01 secs] 
2015-04-01T18:37:16.533-0700: 13235236.605: [CMS-concurrent-sweep: 0.844/0.844 secs] [Times: user=0.92 sys=0.02, real=0.84 secs] 
2015-04-01T18:37:16.560-0700: 13235236.633: [CMS-concurrent-reset: 0.027/0.027 secs] [Times: user=0.03 sys=0.00, real=0.03 secs] 
: 440893K->48960K(440896K), 0.0173160 secs] 3798353K->3466835K(12533952K), 0.0174660 secs] [Times: user=0.31 sys=0.00, real=0.02 secs] 
: 440896K->48960K(440896K), 0.0203310 secs] 3858771K->3523740K(12533952K), 0.0205330 secs] [Times: user=0.35 sys=0.00, real=0.02 secs] 
: 440864K->48960K(440896K), 0.0183960 secs] 3915645K->3587119K(12533952K), 0.0185830 secs] [Times: user=0.33 sys=0.00, real=0.02 secs] 
: 440692K->48960K(440896K), 0.0193300 secs] 3978851K->3640046K(12533952K), 0.0195370 secs] [Times: user=0.30 sys=0.01, real=0.02 secs] 
: 440896K->48960K(440896K), 0.0182770 secs] 4031982K->3696847K(12533952K), 0.0184720 secs] [Times: user=0.27 sys=0.00, real=0.02 secs] 
: 440841K->48960K(440896K), 0.0195060 secs] 4088729K->3758034K(12533952K), 0.0197140 secs] [Times: user=0.30 sys=0.00, real=0.02 secs] 
: 440896K->48960K(440896K), 0.0185310 secs] 4149970K->3823764K(12533952K), 0.0187490 secs] [Times: user=0.31 sys=0.00, real=0.02 secs] 
: 440695K->48960K(440896K), 0.0189700 secs] 4215500K->3886630K(12533952K), 0.0192000 secs] [Times: user=0.25 sys=0.00, real=0.02 secs] 
: 440771K->48960K(440896K), 0.0211750 secs] 4278441K->3952357K(12533952K), 0.0213830 secs] [Times: user=0.30 sys=0.00, real=0.02 secs] 
: 440837K->48960K(440896K), 0.0256380 secs] 4344235K->4014669K(12533952K), 0.0258480 secs] [Times: user=0.28 sys=0.01, real=0.02 secs] 
: 440896K->48960K(440896K), 0.0300280 secs] 4406605K->4081588K(12533952K), 0.0302360 secs] [Times: user=0.26 sys=0.00, real=0.03 secs] 
: 440896K->48960K(440896K), 0.0182330 secs] 4473524K->4145541K(12533952K), 0.0184590 secs] [Times: user=0.25 sys=0.00, real=0.02 secs] 
: 440690K->48960K(440896K), 0.0187160 secs] 4537272K->4213740K(12533952K), 0.0188740 secs] [Times: user=0.28 sys=0.01, real=0.02 secs] 
: 440857K->48960K(440896K), 0.0186550 secs] 4605638K->4274147K(12533952K), 0.0189560 secs] [Times: user=0.29 sys=0.00, real=0.02 secs] 
: 440665K->48960K(440896K), 0.0177180 secs] 4665852K->4339537K(12533952K), 0.0178710 secs] [Times: user=0.23 sys=0.00, real=0.02 secs] 
: 440879K->48960K(440896K), 0.0183530 secs] 4731456K->4403609K(12533952K), 0.0185560 secs] [Times: user=0.29 sys=0.00, real=0.02 secs] 
: 440684K->48960K(440896K), 0.0177620 secs] 4795334K->4466913K(12533952K), 0.0179670 secs] [Times: user=0.23 sys=0.00, real=0.02 secs] 
: 440889K->48960K(440896K), 0.0185450 secs] 4858843K->4531849K(12533952K), 0.0188890 secs] [Times: user=0.26 sys=0.00, real=0.02 secs] 
: 440818K->48960K(440896K), 0.0210700 secs] 4923708K->4597297K(12533952K), 0.0212720 secs] [Times: user=0.30 sys=0.01, real=0.02 secs] 
: 440791K->48960K(440896K), 0.0196860 secs] 4989128K->4662747K(12533952K), 0.0198830 secs] [Times: user=0.24 sys=0.01, real=0.02 secs] 
: 440896K->48960K(440896K), 0.0199860 secs] 5054683K->4725749K(12533952K), 0.0202030 secs] [Times: user=0.25 sys=0.00, real=0.02 secs] 
: 440870K->48960K(440896K), 0.0220490 secs] 5117659K->4790084K(12533952K), 0.0222730 secs] [Times: user=0.23 sys=0.01, real=0.02 secs] 
: 440896K->48960K(440896K), 0.0276680 secs] 5182020K->4853208K(12533952K), 0.0278890 secs] [Times: user=0.28 sys=0.02, real=0.03 secs] 
: 440652K->48960K(440896K), 0.0287370 secs] 5244901K->4920033K(12533952K), 0.0289660 secs] [Times: user=0.32 sys=0.01, real=0.03 secs] 
: 440812K->48960K(440896K), 0.0222110 secs] 5311886K->4986612K(12533952K), 0.0224200 secs] [Times: user=0.29 sys=0.01, real=0.03 secs] 
: 440790K->48960K(440896K), 0.0166060 secs] 5378442K->5048806K(12533952K), 0.0168360 secs] [Times: user=0.23 sys=0.00, real=0.02 secs] 
: 440849K->48960K(440896K), 0.0179020 secs] 5440695K->5112433K(12533952K), 0.0181480 secs] [Times: user=0.23 sys=0.00, real=0.02 secs] 
: 440757K->48960K(440896K), 0.0217500 secs] 5504230K->5176502K(12533952K), 0.0219910 secs] [Times: user=0.29 sys=0.00, real=0.02 secs] 
: 440793K->48960K(440896K), 0.0196680 secs] 5568335K->5242464K(12533952K), 0.0199830 secs] [Times: user=0.28 sys=0.00, real=0.02 secs] 
: 440896K->48960K(440896K), 0.0216640 secs] 5634400K->5306341K(12533952K), 0.0218350 secs] [Times: user=0.33 sys=0.00, real=0.03 secs] 
: 440750K->48960K(440896K), 0.0197420 secs] 5698132K->5370311K(12533952K), 0.0199710 secs] [Times: user=0.29 sys=0.01, real=0.02 secs] 
: 440773K->48960K(440896K), 0.0177920 secs] 5762124K->5439426K(12533952K), 0.0180090 secs] [Times: user=0.28 sys=0.00, real=0.02 secs] 
: 440896K->48960K(440896K), 0.0191080 secs] 5831362K->5502459K(12533952K), 0.0193310 secs] [Times: user=0.25 sys=0.01, real=0.02 secs] 
: 440797K->48960K(440896K), 0.0170500 secs] 5894296K->5565018K(12533952K), 0.0172900 secs] [Times: user=0.23 sys=0.00, real=0.02 secs] 
: 440717K->48960K(440896K), 0.0251150 secs] 5956775K->5631064K(12533952K), 0.0253450 secs] [Times: user=0.28 sys=0.00, real=0.03 secs] 
: 440896K->48960K(440896K), 0.0253850 secs] 6023000K->5699165K(12533952K), 0.0256260 secs] [Times: user=0.32 sys=0.00, real=0.02 secs] 
: 440896K->48960K(440896K), 0.0185360 secs] 6091101K->5762957K(12533952K), 0.0187580 secs] [Times: user=0.26 sys=0.01, real=0.02 secs] 
: 440857K->48960K(440896K), 0.0196160 secs] 6154854K->5828774K(12533952K), 0.0198270 secs] [Times: user=0.24 sys=0.01, real=0.02 secs] 
: 440756K->48960K(440896K), 0.0198770 secs] 6220570K->5894429K(12533952K), 0.0200780 secs] [Times: user=0.27 sys=0.00, real=0.02 secs] 
: 440858K->48960K(440896K), 0.0196700 secs] 6286328K->5959727K(12533952K), 0.0198750 secs] [Times: user=0.29 sys=0.00, real=0.02 secs] 
: 440669K->48960K(440896K), 0.0194780 secs] 6351437K->6023270K(12533952K), 0.0196820 secs] [Times: user=0.28 sys=0.00, real=0.02 secs] 
: 440753K->48960K(440896K), 0.0190640 secs] 6415064K->6094219K(12533952K), 0.0192590 secs] [Times: user=0.29 sys=0.01, real=0.02 secs] 
: 440707K->48960K(440896K), 0.0156760 secs] 6485966K->6152467K(12533952K), 0.0159040 secs] [Times: user=0.24 sys=0.00, real=0.02 secs] 
: 440850K->48960K(440896K), 0.0216500 secs] 6544357K->6215777K(12533952K), 0.0218760 secs] [Times: user=0.27 sys=0.00, real=0.02 secs] 
: 440802K->48960K(440896K), 0.0189640 secs] 6607620K->6278553K(12533952K), 0.0191530 secs] [Times: user=0.24 sys=0.00, real=0.02 secs] 
: 440749K->48960K(440896K), 0.0255830 secs] 6670342K->6345380K(12533952K), 0.0257790 secs] [Times: user=0.33 sys=0.00, real=0.03 secs] 
: 440849K->48960K(440896K), 0.0194790 secs] 6737270K->6409865K(12533952K), 0.0196810 secs] [Times: user=0.27 sys=0.00, real=0.02 secs] 
: 440896K->48960K(440896K), 0.0174640 secs] 6801801K->6480542K(12533952K), 0.0176660 secs] [Times: user=0.27 sys=0.00, real=0.02 secs] 
: 440896K->48960K(440896K), 0.0183050 secs] 6872478K->6536261K(12533952K), 0.0185030 secs] [Times: user=0.24 sys=0.00, real=0.02 secs] 
: 440679K->48960K(440896K), 0.0206520 secs] 6927980K->6603540K(12533952K), 0.0208550 secs] [Times: user=0.31 sys=0.01, real=0.02 secs] 
: 440896K->48960K(440896K), 0.0194160 secs] 6995476K->6667341K(12533952K), 0.0196450 secs] [Times: user=0.23 sys=0.00, real=0.02 secs] 
: 440870K->48960K(440896K), 0.0215910 secs] 7059251K->6733892K(12533952K), 0.0218010 secs] [Times: user=0.32 sys=0.01, real=0.02 secs] 
: 440770K->48960K(440896K), 0.0214770 secs] 7125702K->6797404K(12533952K), 0.0217050 secs] [Times: user=0.30 sys=0.01, real=0.02 secs] 
: 440896K->48960K(440896K), 0.0216280 secs] 7189340K->6851722K(12533952K), 0.0218320 secs] [Times: user=0.26 sys=0.01, real=0.02 secs] 
: 440896K->48960K(440896K), 0.0232870 secs] 7243658K->6906454K(12533952K), 0.0234940 secs] [Times: user=0.33 sys=0.00, real=0.02 secs] 
: 440728K->48960K(440896K), 0.0165270 secs] 7298222K->6975764K(12533952K), 0.0167170 secs] [Times: user=0.26 sys=0.01, real=0.01 secs] 
: 440646K->48960K(440896K), 0.0188060 secs] 7367450K->7036854K(12533952K), 0.0190010 secs] [Times: user=0.26 sys=0.00, real=0.02 secs] 
: 440741K->48960K(440896K), 0.0213720 secs] 7428636K->7102194K(12533952K), 0.0215260 secs] [Times: user=0.34 sys=0.00, real=0.02 secs] 
: 440693K->48960K(440896K), 0.0167110 secs] 7493928K->7167976K(12533952K), 0.0169380 secs] [Times: user=0.27 sys=0.00, real=0.02 secs] 
: 440869K->48960K(440896K), 0.0166130 secs] 7559886K->7232704K(12533952K), 0.0167640 secs] [Times: user=0.25 sys=0.00, real=0.02 secs] 
: 440673K->48960K(440896K), 0.0188240 secs] 7624418K->7290972K(12533952K), 0.0190120 secs] [Times: user=0.26 sys=0.01, real=0.02 secs] 
: 440896K->48960K(440896K), 0.0214240 secs] 7682908K->7353669K(12533952K), 0.0216220 secs] [Times: user=0.25 sys=0.01, real=0.02 secs] 
: 440896K->48960K(440896K), 0.0177670 secs] 7745605K->7420059K(12533952K), 0.0179760 secs] [Times: user=0.23 sys=0.00, real=0.01 secs] 
: 440704K->48960K(440896K), 0.0169700 secs] 7811804K->7485157K(12533952K), 0.0171980 secs] [Times: user=0.24 sys=0.01, real=0.02 secs] 
: 440709K->48960K(440896K), 0.0183560 secs] 7876907K->7550104K(12533952K), 0.0185050 secs] [Times: user=0.25 sys=0.01, real=0.02 secs] 
: 440728K->48960K(440896K), 0.0216520 secs] 7941873K->7615205K(12533952K), 0.0218520 secs] [Times: user=0.30 sys=0.00, real=0.02 secs] 
: 440644K->48960K(440896K), 0.0234990 secs] 8006889K->7681803K(12533952K), 0.0236920 secs] [Times: user=0.32 sys=0.00, real=0.03 secs] 
: 440896K->48960K(440896K), 0.0212850 secs] 8073739K->7744923K(12533952K), 0.0214810 secs] [Times: user=0.30 sys=0.00, real=0.02 secs] 
: 440896K->48960K(440896K), 0.0191340 secs] 8136859K->7810501K(12533952K), 0.0193290 secs] [Times: user=0.28 sys=0.00, real=0.02 secs] 
: 440887K->48960K(440896K), 0.0208510 secs] 8202428K->7877899K(12533952K), 0.0210640 secs] [Times: user=0.27 sys=0.01, real=0.02 secs] 
: 440896K->48960K(440896K), 0.0197930 secs] 8269835K->7940939K(12533952K), 0.0199940 secs] [Times: user=0.27 sys=0.01, real=0.02 secs] 
: 440687K->48960K(440896K), 0.0172310 secs] 8332667K->8007467K(12533952K), 0.0174320 secs] [Times: user=0.25 sys=0.00, real=0.02 secs] 
: 440868K->48960K(440896K), 0.0196750 secs] 8399375K->8073866K(12533952K), 0.0198630 secs] [Times: user=0.27 sys=0.00, real=0.02 secs] 
: 440649K->48960K(440896K), 0.0183100 secs] 8465555K->8134780K(12533952K), 0.0185100 secs] [Times: user=0.25 sys=0.00, real=0.02 secs] 
: 440660K->48960K(440896K), 0.0194460 secs] 8526481K->8199561K(12533952K), 0.0196410 secs] [Times: user=0.30 sys=0.00, real=0.02 secs] 
: 440850K->48960K(440896K), 0.0181220 secs] 8591451K->8261608K(12533952K), 0.0183220 secs] [Times: user=0.25 sys=0.00, real=0.02 secs] 
: 440806K->48960K(440896K), 0.0178600 secs] 8653455K->8326641K(12533952K), 0.0180960 secs] [Times: user=0.24 sys=0.00, real=0.02 secs] 
: 440699K->48960K(440896K), 0.0178160 secs] 8718381K->8391762K(12533952K), 0.0180040 secs] [Times: user=0.27 sys=0.00, real=0.01 secs] 
: 440882K->48960K(440896K), 0.0195380 secs] 8783684K->8454986K(12533952K), 0.0197160 secs] [Times: user=0.31 sys=0.01, real=0.02 secs] 
: 440725K->48960K(440896K), 0.0177220 secs] 8846752K->8517512K(12533952K), 0.0179560 secs] [Times: user=0.26 sys=0.01, real=0.02 secs] 
2015-04-01T18:55:50.730-0700: 13236350.803: [GC [1 CMS-initial-mark: 8468552K(12093056K)] 8518035K(12533952K), 0.0052190 secs] [Times: user=0.00 sys=0.00, real=0.01 secs] 
2015-04-01T18:55:51.022-0700: 13236351.095: [CMS-concurrent-mark: 0.286/0.286 secs] [Times: user=1.76 sys=0.00, real=0.28 secs] 
2015-04-01T18:55:51.056-0700: 13236351.128: [CMS-concurrent-preclean: 0.034/0.034 secs] [Times: user=0.03 sys=0.00, real=0.04 secs] 
 CMS: abort preclean due to time 2015-04-01T18:55:56.062-0700: 13236356.134: [CMS-concurrent-abortable-preclean: 2.292/5.006 secs] [Times: user=2.73 sys=0.18, real=5.00 secs] 
2015-04-01T18:55:56.063-0700: 13236356.135: [GC[YG occupancy: 230965 K (440896 K)]13236356.135: [Rescan (parallel) , 0.0058700 secs]13236356.141: [weak refs processing, 0.0034560 secs] [1 CMS-remark: 8468552K(12093056K)] 8699517K(12533952K), 0.0095490 secs] [Times: user=0.09 sys=0.00, real=0.01 secs] 
2015-04-01T18:55:56.778-0700: 13236356.851: [CMS-concurrent-sweep: 0.706/0.706 secs] [Times: user=0.77 sys=0.02, real=0.71 secs] 
2015-04-01T18:55:56.806-0700: 13236356.878: [CMS-concurrent-reset: 0.027/0.027 secs] [Times: user=0.03 sys=0.00, real=0.03 secs] 
: 440870K->48960K(440896K), 0.0169970 secs] 3790062K->3462086K(12533952K), 0.0171920 secs] [Times: user=0.27 sys=0.00, real=0.01 secs] 
: 440741K->48960K(440896K), 0.0190210 secs] 3853868K->3528359K(12533952K), 0.0192230 secs] [Times: user=0.31 sys=0.00, real=0.02 secs] 
: 440746K->48960K(440896K), 0.0170330 secs] 3920146K->3585062K(12533952K), 0.0172310 secs] [Times: user=0.26 sys=0.00, real=0.02 secs] 
: 440896K->48960K(440896K), 0.0160570 secs] 3976998K->3649460K(12533952K), 0.0162530 secs] [Times: user=0.24 sys=0.00, real=0.02 secs] 
: 440694K->48960K(440896K), 0.0168030 secs] 4041194K->3717643K(12533952K), 0.0169720 secs] [Times: user=0.22 sys=0.00, real=0.01 secs] 
: 440771K->48960K(440896K), 0.0164590 secs] 4109455K->3779260K(12533952K), 0.0166070 secs] [Times: user=0.23 sys=0.00, real=0.02 secs] 
: 440704K->48960K(440896K), 0.0171610 secs] 4171004K->3843420K(12533952K), 0.0173530 secs] [Times: user=0.21 sys=0.00, real=0.02 secs] 
: 440896K->48960K(440896K), 0.0248920 secs] 4235356K->3908810K(12533952K), 0.0251060 secs] [Times: user=0.30 sys=0.01, real=0.03 secs] 
: 440645K->48960K(440896K), 0.0193180 secs] 4300495K->3978040K(12533952K), 0.0194650 secs] [Times: user=0.27 sys=0.00, real=0.02 secs] 
: 440780K->48960K(440896K), 0.0294920 secs] 4369861K->4037914K(12533952K), 0.0297040 secs] [Times: user=0.32 sys=0.01, real=0.03 secs] 
: 440675K->48960K(440896K), 0.0204720 secs] 4429630K->4099721K(12533952K), 0.0207000 secs] [Times: user=0.22 sys=0.00, real=0.02 secs] 
: 440655K->48960K(440896K), 0.0179650 secs] 4491416K->4164265K(12533952K), 0.0181570 secs] [Times: user=0.24 sys=0.00, real=0.02 secs] 
: 440888K->48960K(440896K), 0.0196130 secs] 4556193K->4227367K(12533952K), 0.0198080 secs] [Times: user=0.23 sys=0.00, real=0.02 secs] 
: 440793K->48960K(440896K), 0.0199390 secs] 4619201K->4292471K(12533952K), 0.0201340 secs] [Times: user=0.25 sys=0.01, real=0.02 secs] 
: 440831K->48960K(440896K), 0.0189110 secs] 4684342K->4359430K(12533952K), 0.0191020 secs] [Times: user=0.25 sys=0.00, real=0.02 secs] 
: 440670K->48960K(440896K), 0.0207310 secs] 4751140K->4423458K(12533952K), 0.0209250 secs] [Times: user=0.28 sys=0.01, real=0.02 secs] 
: 440657K->48960K(440896K), 0.0199230 secs] 4815155K->4485707K(12533952K), 0.0201130 secs] [Times: user=0.24 sys=0.00, real=0.02 secs] 
: 440896K->48960K(440896K), 0.0196800 secs] 4877643K->4551197K(12533952K), 0.0199310 secs] [Times: user=0.24 sys=0.00, real=0.02 secs] 
: 440750K->48960K(440896K), 0.0187970 secs] 4942988K->4616305K(12533952K), 0.0190230 secs] [Times: user=0.24 sys=0.00, real=0.02 secs] 
: 440837K->48960K(440896K), 0.0229540 secs] 5008182K->4684405K(12533952K), 0.0231450 secs] [Times: user=0.31 sys=0.00, real=0.02 secs] 
: 440852K->48960K(440896K), 0.0232660 secs] 5076297K->4744911K(12533952K), 0.0234570 secs] [Times: user=0.31 sys=0.00, real=0.02 secs] 
: 440851K->48960K(440896K), 0.0245320 secs] 5136803K->4809945K(12533952K), 0.0247370 secs] [Times: user=0.25 sys=0.01, real=0.03 secs] 
: 440743K->48960K(440896K), 0.0245390 secs] 5201729K->4876248K(12533952K), 0.0247400 secs] [Times: user=0.29 sys=0.00, real=0.03 secs] 
: 440895K->48960K(440896K), 0.0197670 secs] 5268184K->4942633K(12533952K), 0.0199620 secs] [Times: user=0.26 sys=0.00, real=0.02 secs] 
: 440896K->48960K(440896K), 0.0161800 secs] 5334569K->5003887K(12533952K), 0.0167570 secs] [Times: user=0.23 sys=0.00, real=0.02 secs] 
: 440884K->48960K(440896K), 0.0226430 secs] 5395812K->5067553K(12533952K), 0.0228630 secs] [Times: user=0.30 sys=0.00, real=0.03 secs] 
: 440644K->48960K(440896K), 0.0194030 secs] 5459238K->5132175K(12533952K), 0.0196220 secs] [Times: user=0.27 sys=0.00, real=0.02 secs] 
: 440896K->48960K(440896K), 0.0208370 secs] 5524111K->5191362K(12533952K), 0.0210790 secs] [Times: user=0.29 sys=0.00, real=0.02 secs] 
: 440896K->48960K(440896K), 0.0222260 secs] 5583298K->5255925K(12533952K), 0.0224490 secs] [Times: user=0.28 sys=0.01, real=0.02 secs] 
: 440896K->48960K(440896K), 0.0195290 secs] 5647861K->5313947K(12533952K), 0.0197490 secs] [Times: user=0.31 sys=0.00, real=0.02 secs] 
: 440896K->48960K(440896K), 0.0220770 secs] 5705883K->5378921K(12533952K), 0.0223400 secs] [Times: user=0.35 sys=0.00, real=0.02 secs] 
: 440890K->48960K(440896K), 0.0206690 secs] 5770851K->5434423K(12533952K), 0.0209180 secs] [Times: user=0.25 sys=0.00, real=0.02 secs] 
: 440700K->48960K(440896K), 0.0231940 secs] 5826164K->5498403K(12533952K), 0.0234080 secs] [Times: user=0.35 sys=0.00, real=0.02 secs] 
: 440789K->48960K(440896K), 0.0236790 secs] 5890232K->5562420K(12533952K), 0.0239040 secs] [Times: user=0.28 sys=0.00, real=0.02 secs] 
: 440896K->48960K(440896K), 0.0210240 secs] 5954356K->5628979K(12533952K), 0.0212010 secs] [Times: user=0.24 sys=0.00, real=0.02 secs] 
: 440769K->48960K(440896K), 0.0205830 secs] 6020788K->5692414K(12533952K), 0.0208360 secs] [Times: user=0.28 sys=0.00, real=0.02 secs] 
: 440837K->48960K(440896K), 0.0213050 secs] 6084291K->5754355K(12533952K), 0.0215510 secs] [Times: user=0.30 sys=0.00, real=0.02 secs] 
: 440667K->48960K(440896K), 0.0184790 secs] 6146062K->5819261K(12533952K), 0.0187390 secs] [Times: user=0.24 sys=0.01, real=0.02 secs] 
: 440692K->48960K(440896K), 0.0168660 secs] 6210993K->5882087K(12533952K), 0.0171000 secs] [Times: user=0.24 sys=0.01, real=0.02 secs] 
: 440736K->48960K(440896K), 0.0212550 secs] 6273864K->5952186K(12533952K), 0.0214770 secs] [Times: user=0.28 sys=0.01, real=0.02 secs] 
: 440848K->48960K(440896K), 0.0188700 secs] 6344075K->6009715K(12533952K), 0.0191090 secs] [Times: user=0.31 sys=0.01, real=0.02 secs] 
: 440896K->48960K(440896K), 0.0216360 secs] 6401651K->6075990K(12533952K), 0.0218800 secs] [Times: user=0.33 sys=0.00, real=0.03 secs] 
: 440882K->48960K(440896K), 0.0192580 secs] 6467913K->6135544K(12533952K), 0.0194300 secs] [Times: user=0.26 sys=0.00, real=0.02 secs] 
: 440815K->48960K(440896K), 0.0175190 secs] 6527400K->6201442K(12533952K), 0.0177410 secs] [Times: user=0.23 sys=0.00, real=0.02 secs] 
: 440667K->48960K(440896K), 0.0230060 secs] 6593149K->6268440K(12533952K), 0.0231850 secs] [Times: user=0.27 sys=0.00, real=0.02 secs] 
: 440896K->48960K(440896K), 0.0218430 secs] 6660376K->6335509K(12533952K), 0.0220940 secs] [Times: user=0.22 sys=0.01, real=0.02 secs] 
: 440705K->48960K(440896K), 0.0213740 secs] 6727254K->6400131K(12533952K), 0.0215980 secs] [Times: user=0.29 sys=0.00, real=0.02 secs] 
: 440740K->48960K(440896K), 0.0172070 secs] 6791912K->6464312K(12533952K), 0.0173870 secs] [Times: user=0.26 sys=0.01, real=0.02 secs] 
: 440837K->48960K(440896K), 0.0183290 secs] 6856189K->6526662K(12533952K), 0.0185100 secs] [Times: user=0.27 sys=0.01, real=0.02 secs] 
: 440896K->48960K(440896K), 0.0225890 secs] 6918598K->6588199K(12533952K), 0.0228160 secs] [Times: user=0.29 sys=0.01, real=0.02 secs] 
: 440883K->48960K(440896K), 0.0213010 secs] 6980123K->6645417K(12533952K), 0.0215310 secs] [Times: user=0.30 sys=0.00, real=0.02 secs] 
: 440896K->48960K(440896K), 0.0207570 secs] 7037353K->6710627K(12533952K), 0.0209750 secs] [Times: user=0.32 sys=0.01, real=0.02 secs] 
: 440833K->48960K(440896K), 0.0211990 secs] 7102500K->6773277K(12533952K), 0.0214230 secs] [Times: user=0.30 sys=0.00, real=0.02 secs] 
: 440830K->48960K(440896K), 0.0220520 secs] 7165148K->6819575K(12533952K), 0.0222150 secs] [Times: user=0.32 sys=0.00, real=0.03 secs] 
: 440895K->48960K(440896K), 0.0214030 secs] 7211510K->6872301K(12533952K), 0.0216080 secs] [Times: user=0.29 sys=0.01, real=0.02 secs] 
: 440896K->48960K(440896K), 0.0183560 secs] 7264237K->6936857K(12533952K), 0.0185660 secs] [Times: user=0.26 sys=0.00, real=0.02 secs] 
: 440671K->48960K(440896K), 0.0231800 secs] 7328569K->6998712K(12533952K), 0.0234150 secs] [Times: user=0.31 sys=0.01, real=0.03 secs] 
: 440779K->48960K(440896K), 0.0195160 secs] 7390532K->7062175K(12533952K), 0.0197070 secs] [Times: user=0.24 sys=0.00, real=0.02 secs] 
: 440741K->48960K(440896K), 0.0200410 secs] 7453956K->7125503K(12533952K), 0.0206840 secs] [Times: user=0.27 sys=0.01, real=0.03 secs] 
: 440896K->48960K(440896K), 0.0205150 secs] 7517439K->7192794K(12533952K), 0.0206670 secs] [Times: user=0.28 sys=0.01, real=0.02 secs] 
: 440861K->48960K(440896K), 0.0205960 secs] 7584695K->7248753K(12533952K), 0.0207940 secs] [Times: user=0.30 sys=0.00, real=0.02 secs] 
: 440889K->48960K(440896K), 0.0189360 secs] 7640682K->7314360K(12533952K), 0.0191420 secs] [Times: user=0.26 sys=0.01, real=0.02 secs] 
: 440691K->48960K(440896K), 0.0227200 secs] 7706092K->7370207K(12533952K), 0.0228850 secs] [Times: user=0.29 sys=0.01, real=0.02 secs] 
: 440896K->48960K(440896K), 0.0241820 secs] 7762143K->7438032K(12533952K), 0.0281950 secs] [Times: user=0.31 sys=0.01, real=0.03 secs] 
: 440896K->48960K(440896K), 0.0178150 secs] 7829968K->7506801K(12533952K), 0.0179930 secs] [Times: user=0.28 sys=0.00, real=0.02 secs] 
: 440896K->48960K(440896K), 0.0245250 secs] 7898737K->7564631K(12533952K), 0.0246910 secs] [Times: user=0.33 sys=0.00, real=0.02 secs] 
: 440825K->48960K(440896K), 0.0219890 secs] 7956496K->7630768K(12533952K), 0.0222130 secs] [Times: user=0.32 sys=0.00, real=0.03 secs] 
: 440896K->48960K(440896K), 0.0194140 secs] 8022704K->7696686K(12533952K), 0.0196200 secs] [Times: user=0.24 sys=0.00, real=0.02 secs] 
: 440201K->48960K(440896K), 0.0211540 secs] 8087928K->7759734K(12533952K), 0.0213860 secs] [Times: user=0.35 sys=0.00, real=0.02 secs] 
: 440896K->48960K(440896K), 0.0207760 secs] 8151670K->7822767K(12533952K), 0.0210180 secs] [Times: user=0.27 sys=0.00, real=0.02 secs] 
: 440694K->48960K(440896K), 0.0213410 secs] 8214502K->7888242K(12533952K), 0.0215490 secs] [Times: user=0.29 sys=0.00, real=0.03 secs] 
: 440861K->48960K(440896K), 0.0186980 secs] 8280143K->7942060K(12533952K), 0.0188680 secs] [Times: user=0.27 sys=0.00, real=0.02 secs] 
: 440896K->48960K(440896K), 0.0218330 secs] 8333996K->8006149K(12533952K), 0.0220420 secs] [Times: user=0.33 sys=0.00, real=0.03 secs] 
: 440880K->48960K(440896K), 0.0177380 secs] 8398069K->8071489K(12533952K), 0.0179390 secs] [Times: user=0.24 sys=0.01, real=0.02 secs] 
: 440765K->48960K(440896K), 0.0175890 secs] 8463294K->8134435K(12533952K), 0.0178000 secs] [Times: user=0.25 sys=0.00, real=0.01 secs] 
: 440646K->48960K(440896K), 0.0217370 secs] 8526121K->8202742K(12533952K), 0.0219690 secs] [Times: user=0.29 sys=0.00, real=0.02 secs] 
: 440755K->48960K(440896K), 0.0196510 secs] 8594538K->8260954K(12533952K), 0.0198910 secs] [Times: user=0.30 sys=0.00, real=0.01 secs] 
: 440741K->48960K(440896K), 0.0187960 secs] 8652736K->8322900K(12533952K), 0.0189470 secs] [Times: user=0.29 sys=0.00, real=0.02 secs] 
: 440896K->48960K(440896K), 0.0189880 secs] 8714836K->8391220K(12533952K), 0.0191460 secs] [Times: user=0.31 sys=0.00, real=0.02 secs] 
: 440818K->48960K(440896K), 0.0193840 secs] 8783079K->8457730K(12533952K), 0.0196130 secs] [Times: user=0.30 sys=0.00, real=0.02 secs] 
: 440648K->48960K(440896K), 0.0203790 secs] 8849419K->8510688K(12533952K), 0.0205810 secs] [Times: user=0.33 sys=0.00, real=0.02 secs] 
: 440747K->48960K(440896K), 0.0189600 secs] 8902476K->8575056K(12533952K), 0.0191600 secs] [Times: user=0.32 sys=0.01, real=0.02 secs] 
2015-04-01T19:20:30.460-0700: 13237830.533: [GC [1 CMS-initial-mark: 8526096K(12093056K)] 8575317K(12533952K), 0.0069260 secs] [Times: user=0.00 sys=0.00, real=0.00 secs] 
2015-04-01T19:20:30.741-0700: 13237830.813: [CMS-concurrent-mark: 0.273/0.273 secs] [Times: user=1.66 sys=0.00, real=0.28 secs] 
2015-04-01T19:20:30.780-0700: 13237830.853: [CMS-concurrent-preclean: 0.039/0.039 secs] [Times: user=0.05 sys=0.00, real=0.04 secs] 
 CMS: abort preclean due to time 2015-04-01T19:20:35.881-0700: 13237835.954: [CMS-concurrent-abortable-preclean: 2.597/5.101 secs] [Times: user=2.96 sys=0.11, real=5.10 secs] 
2015-04-01T19:20:35.882-0700: 13237835.955: [GC[YG occupancy: 174971 K (440896 K)]13237835.955: [Rescan (parallel) , 0.0049500 secs]13237835.960: [weak refs processing, 0.0092820 secs] [1 CMS-remark: 8526096K(12093056K)] 8701067K(12533952K), 0.0146350 secs] [Times: user=0.08 sys=0.01, real=0.01 secs] 
2015-04-01T19:20:36.658-0700: 13237836.730: [CMS-concurrent-sweep: 0.760/0.760 secs] [Times: user=0.80 sys=0.01, real=0.76 secs] 
2015-04-01T19:20:36.685-0700: 13237836.758: [CMS-concurrent-reset: 0.027/0.027 secs] [Times: user=0.03 sys=0.00, real=0.03 secs] 
: 440684K->48960K(440896K), 0.0192570 secs] 3794949K->3468118K(12533952K), 0.0194590 secs] [Times: user=0.32 sys=0.00, real=0.02 secs] 
: 440896K->48960K(440896K), 0.0229140 secs] 3860054K->3521896K(12533952K), 0.0231470 secs] [Times: user=0.37 sys=0.00, real=0.02 secs] 
: 440763K->48960K(440896K), 0.0229690 secs] 3913699K->3587725K(12533952K), 0.0231790 secs] [Times: user=0.37 sys=0.00, real=0.03 secs] 
: 440686K->48960K(440896K), 0.0208320 secs] 3979451K->3643397K(12533952K), 0.0209940 secs] [Times: user=0.35 sys=0.01, real=0.02 secs] 
: 440896K->48960K(440896K), 0.0243990 secs] 4035333K->3708365K(12533952K), 0.0246510 secs] [Times: user=0.38 sys=0.00, real=0.03 secs] 
: 440829K->48960K(440896K), 0.0208610 secs] 4100235K->3768937K(12533952K), 0.0210670 secs] [Times: user=0.29 sys=0.00, real=0.02 secs] 
: 440896K->48960K(440896K), 0.0170290 secs] 4160873K->3837084K(12533952K), 0.0172320 secs] [Times: user=0.24 sys=0.00, real=0.02 secs] 
: 440729K->48960K(440896K), 0.0177200 secs] 4228854K->3896871K(12533952K), 0.0179480 secs] [Times: user=0.27 sys=0.01, real=0.02 secs] 
: 440798K->48960K(440896K), 0.0241930 secs] 4288709K->3962698K(12533952K), 0.0243930 secs] [Times: user=0.31 sys=0.01, real=0.02 secs] 
: 440880K->48960K(440896K), 0.0292420 secs] 4354618K->4029267K(12533952K), 0.0294490 secs] [Times: user=0.31 sys=0.00, real=0.03 secs] 
: 440825K->48960K(440896K), 0.0239610 secs] 4421132K->4091712K(12533952K), 0.0241700 secs] [Times: user=0.32 sys=0.00, real=0.03 secs] 
: 440896K->48960K(440896K), 0.0203960 secs] 4483648K->4159697K(12533952K), 0.0206610 secs] [Times: user=0.32 sys=0.00, real=0.02 secs] 
: 440896K->48960K(440896K), 0.0219630 secs] 4551633K->4227330K(12533952K), 0.0221460 secs] [Times: user=0.36 sys=0.00, real=0.03 secs] 
: 440653K->48960K(440896K), 0.0177080 secs] 4619024K->4286451K(12533952K), 0.0179480 secs] [Times: user=0.24 sys=0.00, real=0.02 secs] 
: 440896K->48960K(440896K), 0.0191540 secs] 4678387K->4346155K(12533952K), 0.0193450 secs] [Times: user=0.29 sys=0.00, real=0.02 secs] 
: 440725K->48960K(440896K), 0.0229760 secs] 4737920K->4415872K(12533952K), 0.0232280 secs] [Times: user=0.37 sys=0.00, real=0.03 secs] 
: 440889K->48960K(440896K), 0.0224590 secs] 4807802K->4480943K(12533952K), 0.0226750 secs] [Times: user=0.33 sys=0.00, real=0.03 secs] 
: 440869K->48960K(440896K), 0.0187050 secs] 4872853K->4541546K(12533952K), 0.0189250 secs] [Times: user=0.30 sys=0.00, real=0.02 secs] 
: 440812K->48960K(440896K), 0.0204010 secs] 4933398K->4598828K(12533952K), 0.0206410 secs] [Times: user=0.26 sys=0.00, real=0.02 secs] 
: 440798K->48960K(440896K), 0.0208920 secs] 4990666K->4656919K(12533952K), 0.0211110 secs] [Times: user=0.30 sys=0.00, real=0.02 secs] 
: 440689K->48960K(440896K), 0.0218640 secs] 5048648K->4722021K(12533952K), 0.0223240 secs] [Times: user=0.28 sys=0.00, real=0.02 secs] 
: 440670K->48960K(440896K), 0.0233240 secs] 5113732K->4783056K(12533952K), 0.0235460 secs] [Times: user=0.27 sys=0.01, real=0.02 secs] 
: 440690K->48960K(440896K), 0.0277670 secs] 5174787K->4847528K(12533952K), 0.0279800 secs] [Times: user=0.32 sys=0.00, real=0.03 secs] 
: 440670K->48960K(440896K), 0.0227510 secs] 5239239K->4911145K(12533952K), 0.0229710 secs] [Times: user=0.30 sys=0.00, real=0.02 secs] 
: 440702K->48960K(440896K), 0.0207970 secs] 5302888K->4972464K(12533952K), 0.0210130 secs] [Times: user=0.28 sys=0.00, real=0.02 secs] 
: 440753K->48960K(440896K), 0.0190340 secs] 5364258K->5034403K(12533952K), 0.0192890 secs] [Times: user=0.25 sys=0.00, real=0.02 secs] 
: 440872K->48960K(440896K), 0.0192560 secs] 5426316K->5099887K(12533952K), 0.0194640 secs] [Times: user=0.30 sys=0.00, real=0.02 secs] 
: 440731K->48960K(440896K), 0.0224900 secs] 5491658K->5163464K(12533952K), 0.0227270 secs] [Times: user=0.31 sys=0.00, real=0.02 secs] 
: 440704K->48960K(440896K), 0.0181940 secs] 5555208K->5227182K(12533952K), 0.0183630 secs] [Times: user=0.25 sys=0.01, real=0.02 secs] 
: 440671K->48960K(440896K), 0.0184910 secs] 5618893K->5291019K(12533952K), 0.0186610 secs] [Times: user=0.24 sys=0.00, real=0.02 secs] 
: 440800K->48960K(440896K), 0.0214580 secs] 5682859K->5355266K(12533952K), 0.0216890 secs] [Times: user=0.31 sys=0.00, real=0.02 secs] 
: 440896K->48960K(440896K), 0.0189890 secs] 5747202K->5422536K(12533952K), 0.0191960 secs] [Times: user=0.28 sys=0.00, real=0.02 secs] 
: 440875K->48960K(440896K), 0.0220560 secs] 5814452K->5485273K(12533952K), 0.0224220 secs] [Times: user=0.32 sys=0.00, real=0.03 secs] 
: 440773K->48960K(440896K), 0.0231880 secs] 5877086K->5545682K(12533952K), 0.0233910 secs] [Times: user=0.27 sys=0.00, real=0.02 secs] 
: 440789K->48960K(440896K), 0.0242260 secs] 5937511K->5609459K(12533952K), 0.0244270 secs] [Times: user=0.26 sys=0.00, real=0.03 secs] 
: 440652K->48960K(440896K), 0.0212600 secs] 6001152K->5678264K(12533952K), 0.0214190 secs] [Times: user=0.29 sys=0.01, real=0.02 secs] 
: 440820K->48960K(440896K), 0.0178110 secs] 6070125K->5741642K(12533952K), 0.0180070 secs] [Times: user=0.24 sys=0.00, real=0.02 secs] 
: 440718K->48960K(440896K), 0.0198240 secs] 6133400K->5805388K(12533952K), 0.0200360 secs] [Times: user=0.28 sys=0.00, real=0.02 secs] 
: 440859K->48960K(440896K), 0.0173970 secs] 6197287K->5867585K(12533952K), 0.0175930 secs] [Times: user=0.24 sys=0.00, real=0.02 secs] 
: 440852K->48960K(440896K), 0.0218330 secs] 6259477K->5942423K(12533952K), 0.0220730 secs] [Times: user=0.36 sys=0.00, real=0.02 secs] 
: 440696K->48960K(440896K), 0.0206460 secs] 6334160K->5992397K(12533952K), 0.0208590 secs] [Times: user=0.30 sys=0.00, real=0.02 secs] 
: 440858K->48960K(440896K), 0.0211870 secs] 6384296K->6057698K(12533952K), 0.0213880 secs] [Times: user=0.31 sys=0.00, real=0.02 secs] 
: 440896K->48960K(440896K), 0.0193490 secs] 6449634K->6120570K(12533952K), 0.0195680 secs] [Times: user=0.28 sys=0.01, real=0.02 secs] 
: 440896K->48960K(440896K), 0.0190990 secs] 6512506K->6181681K(12533952K), 0.0192600 secs] [Times: user=0.26 sys=0.00, real=0.02 secs] 
: 440795K->48960K(440896K), 0.0256550 secs] 6573517K->6241892K(12533952K), 0.0258690 secs] [Times: user=0.30 sys=0.00, real=0.03 secs] 
: 440896K->48960K(440896K), 0.0232180 secs] 6633828K->6307323K(12533952K), 0.0234280 secs] [Times: user=0.30 sys=0.01, real=0.03 secs] 
: 440741K->48960K(440896K), 0.0224670 secs] 6699104K->6365287K(12533952K), 0.0226430 secs] [Times: user=0.29 sys=0.00, real=0.02 secs] 
: 440695K->48960K(440896K), 0.0192820 secs] 6757022K->6424285K(12533952K), 0.0194870 secs] [Times: user=0.28 sys=0.00, real=0.02 secs] 
: 440896K->48960K(440896K), 0.0242380 secs] 6816221K->6487211K(12533952K), 0.0244400 secs] [Times: user=0.35 sys=0.01, real=0.03 secs] 
: 440886K->48960K(440896K), 0.0216640 secs] 6879137K->6554462K(12533952K), 0.0218640 secs] [Times: user=0.34 sys=0.00, real=0.02 secs] 
: 440896K->48960K(440896K), 0.0153530 secs] 6946398K->6611602K(12533952K), 0.0155510 secs] [Times: user=0.25 sys=0.00, real=0.02 secs] 
: 440896K->48960K(440896K), 0.0224990 secs] 7003538K->6676179K(12533952K), 0.0226920 secs] [Times: user=0.33 sys=0.00, real=0.03 secs] 
: 440896K->48960K(440896K), 0.0188540 secs] 7068115K->6736885K(12533952K), 0.0190540 secs] [Times: user=0.28 sys=0.01, real=0.02 secs] 
: 440830K->48960K(440896K), 0.0181420 secs] 7128756K->6801051K(12533952K), 0.0183470 secs] [Times: user=0.26 sys=0.00, real=0.02 secs] 
: 440857K->48960K(440896K), 0.0223860 secs] 7192949K->6856953K(12533952K), 0.0225820 secs] [Times: user=0.30 sys=0.01, real=0.02 secs] 
: 440844K->48960K(440896K), 0.0232620 secs] 7248837K->6921969K(12533952K), 0.0234740 secs] [Times: user=0.34 sys=0.00, real=0.03 secs] 
: 440896K->48960K(440896K), 0.0212680 secs] 7313905K->6974622K(12533952K), 0.0214990 secs] [Times: user=0.36 sys=0.00, real=0.02 secs] 
: 440659K->48960K(440896K), 0.0193740 secs] 7366321K->7037743K(12533952K), 0.0195720 secs] [Times: user=0.27 sys=0.01, real=0.02 secs] 
: 440677K->48960K(440896K), 0.0217500 secs] 7429460K->7099916K(12533952K), 0.0219750 secs] [Times: user=0.33 sys=0.00, real=0.02 secs] 
: 440813K->48960K(440896K), 0.0191710 secs] 7491769K->7164545K(12533952K), 0.0197430 secs] [Times: user=0.29 sys=0.01, real=0.02 secs] 
: 440821K->48960K(440896K), 0.0198580 secs] 7556406K->7228798K(12533952K), 0.0200980 secs] [Times: user=0.27 sys=0.00, real=0.02 secs] 
: 440896K->48960K(440896K), 0.0203710 secs] 7620734K->7295821K(12533952K), 0.0205960 secs] [Times: user=0.33 sys=0.01, real=0.02 secs] 
: 440801K->48960K(440896K), 0.0223680 secs] 7687662K->7359818K(12533952K), 0.0226090 secs] [Times: user=0.28 sys=0.00, real=0.02 secs] 
: 440710K->48960K(440896K), 0.0191550 secs] 7751568K->7422291K(12533952K), 0.0193260 secs] [Times: user=0.30 sys=0.00, real=0.02 secs] 
: 440896K->48960K(440896K), 0.0190000 secs] 7814227K->7487655K(12533952K), 0.0192410 secs] [Times: user=0.30 sys=0.01, real=0.02 secs] 
: 440663K->48960K(440896K), 0.0196810 secs] 7879359K->7548179K(12533952K), 0.0199070 secs] [Times: user=0.24 sys=0.00, real=0.02 secs] 
: 440676K->48960K(440896K), 0.0193330 secs] 7939895K->7614047K(12533952K), 0.0195570 secs] [Times: user=0.24 sys=0.01, real=0.02 secs] 
: 440896K->48960K(440896K), 0.0205850 secs] 8005983K->7678636K(12533952K), 0.0210040 secs] [Times: user=0.27 sys=0.00, real=0.02 secs] 
: 440827K->48960K(440896K), 0.0178010 secs] 8070504K->7745854K(12533952K), 0.0180600 secs] [Times: user=0.27 sys=0.00, real=0.02 secs] 
: 440860K->48960K(440896K), 0.0216600 secs] 8137755K->7806998K(12533952K), 0.0218990 secs] [Times: user=0.32 sys=0.00, real=0.03 secs] 
: 440896K->48960K(440896K), 0.0237520 secs] 8198934K->7866226K(12533952K), 0.0240840 secs] [Times: user=0.34 sys=0.00, real=0.03 secs] 
: 440896K->48960K(440896K), 0.0212460 secs] 8258162K->7933687K(12533952K), 0.0214140 secs] [Times: user=0.27 sys=0.01, real=0.02 secs] 
: 440840K->48960K(440896K), 0.0233050 secs] 8325567K->7996060K(12533952K), 0.0234990 secs] [Times: user=0.29 sys=0.01, real=0.03 secs] 
: 440877K->48960K(440896K), 0.0204560 secs] 8387977K->8059990K(12533952K), 0.0206620 secs] [Times: user=0.28 sys=0.01, real=0.02 secs] 
: 440808K->48960K(440896K), 0.0213910 secs] 8451839K->8131478K(12533952K), 0.0216140 secs] [Times: user=0.32 sys=0.00, real=0.03 secs] 
: 440757K->48960K(440896K), 0.0210190 secs] 8523276K->8189143K(12533952K), 0.0211700 secs] [Times: user=0.34 sys=0.00, real=0.02 secs] 
: 440830K->48960K(440896K), 0.0214220 secs] 8581013K->8252604K(12533952K), 0.0216300 secs] [Times: user=0.31 sys=0.00, real=0.02 secs] 
: 440707K->48960K(440896K), 0.0229670 secs] 8644352K->8319369K(12533952K), 0.0231790 secs] [Times: user=0.33 sys=0.00, real=0.02 secs] 
: 440743K->48960K(440896K), 0.0220740 secs] 8711152K->8378794K(12533952K), 0.0222770 secs] [Times: user=0.33 sys=0.00, real=0.02 secs] 
: 440896K->48960K(440896K), 0.0186200 secs] 8770730K->8441952K(12533952K), 0.0188130 secs] [Times: user=0.24 sys=0.01, real=0.02 secs] 
: 440896K->48960K(440896K), 0.0224330 secs] 8833888K->8508986K(12533952K), 0.0227370 secs] [Times: user=0.31 sys=0.00, real=0.02 secs] 
: 440768K->48960K(440896K), 0.0164360 secs] 8900795K->8567011K(12533952K), 0.0166300 secs] [Times: user=0.26 sys=0.00, real=0.02 secs] 
2015-04-01T19:43:36.143-0700: 13239216.216: [GC [1 CMS-initial-mark: 8518051K(12093056K)] 8567405K(12533952K), 0.0051340 secs] [Times: user=0.00 sys=0.00, real=0.00 secs] 
2015-04-01T19:43:36.418-0700: 13239216.491: [CMS-concurrent-mark: 0.270/0.270 secs] [Times: user=1.64 sys=0.00, real=0.27 secs] 
2015-04-01T19:43:36.454-0700: 13239216.526: [CMS-concurrent-preclean: 0.035/0.035 secs] [Times: user=0.04 sys=0.00, real=0.04 secs] 
 CMS: abort preclean due to time 2015-04-01T19:43:41.468-0700: 13239221.541: [CMS-concurrent-abortable-preclean: 2.409/5.014 secs] [Times: user=2.82 sys=0.13, real=5.01 secs] 
2015-04-01T19:43:41.470-0700: 13239221.542: [GC[YG occupancy: 185194 K (440896 K)]13239221.542: [Rescan (parallel) , 0.0049170 secs]13239221.547: [weak refs processing, 0.0094130 secs] [1 CMS-remark: 8518051K(12093056K)] 8703245K(12533952K), 0.0147970 secs] [Times: user=0.09 sys=0.00, real=0.02 secs] 
2015-04-01T19:43:42.217-0700: 13239222.289: [CMS-concurrent-sweep: 0.732/0.732 secs] [Times: user=0.80 sys=0.02, real=0.73 secs] 
2015-04-01T19:43:42.244-0700: 13239222.316: [CMS-concurrent-reset: 0.027/0.027 secs] [Times: user=0.03 sys=0.01, real=0.03 secs] 
: 440896K->48960K(440896K), 0.0182650 secs] 3839300K->3523279K(12533952K), 0.0184780 secs] [Times: user=0.29 sys=0.00, real=0.02 secs] 
: 440740K->48960K(440896K), 0.0201500 secs] 3915060K->3579295K(12533952K), 0.0203360 secs] [Times: user=0.33 sys=0.00, real=0.02 secs] 
: 440777K->48960K(440896K), 0.0197310 secs] 3971112K->3655056K(12533952K), 0.0201460 secs] [Times: user=0.29 sys=0.00, real=0.02 secs] 
: 440896K->48960K(440896K), 0.0167300 secs] 4046992K->3706203K(12533952K), 0.0169230 secs] [Times: user=0.25 sys=0.01, real=0.02 secs] 
: 440896K->48960K(440896K), 0.0161170 secs] 4098139K->3769366K(12533952K), 0.0162840 secs] [Times: user=0.22 sys=0.00, real=0.02 secs] 
: 440651K->48960K(440896K), 0.0209130 secs] 4161057K->3833365K(12533952K), 0.0211220 secs] [Times: user=0.28 sys=0.00, real=0.03 secs] 
: 440869K->48960K(440896K), 0.0166120 secs] 4225274K->3901142K(12533952K), 0.0167330 secs] [Times: user=0.28 sys=0.00, real=0.02 secs] 
: 440647K->48960K(440896K), 0.0208850 secs] 4292830K->3966927K(12533952K), 0.0210790 secs] [Times: user=0.28 sys=0.00, real=0.02 secs] 
: 440896K->48960K(440896K), 0.0239050 secs] 4358863K->4025101K(12533952K), 0.0241040 secs] [Times: user=0.28 sys=0.00, real=0.02 secs] 
: 440874K->48960K(440896K), 0.0323870 secs] 4417016K->4087979K(12533952K), 0.0325830 secs] [Times: user=0.26 sys=0.00, real=0.03 secs] 
: 440850K->48960K(440896K), 0.0218080 secs] 4479870K->4158690K(12533952K), 0.0219780 secs] [Times: user=0.32 sys=0.00, real=0.02 secs] 
: 440658K->48960K(440896K), 0.0201770 secs] 4550389K->4222386K(12533952K), 0.0203910 secs] [Times: user=0.29 sys=0.01, real=0.03 secs] 
: 440862K->48960K(440896K), 0.0200210 secs] 4614288K->4289992K(12533952K), 0.0202030 secs] [Times: user=0.31 sys=0.00, real=0.02 secs] 
: 440896K->48960K(440896K), 0.0174220 secs] 4681928K->4352708K(12533952K), 0.0176330 secs] [Times: user=0.26 sys=0.00, real=0.01 secs] 
: 440896K->48960K(440896K), 0.0207450 secs] 4744644K->4415872K(12533952K), 0.0209350 secs] [Times: user=0.28 sys=0.00, real=0.02 secs] 
: 440896K->48960K(440896K), 0.0155980 secs] 4807808K->4480375K(12533952K), 0.0158000 secs] [Times: user=0.22 sys=0.01, real=0.02 secs] 
: 440857K->48960K(440896K), 0.0198510 secs] 4872272K->4550957K(12533952K), 0.0200540 secs] [Times: user=0.26 sys=0.00, real=0.02 secs] 
: 440756K->48960K(440896K), 0.0164960 secs] 4942754K->4611511K(12533952K), 0.0167130 secs] [Times: user=0.26 sys=0.00, real=0.02 secs] 
: 440675K->48960K(440896K), 0.0187910 secs] 5003226K->4674220K(12533952K), 0.0190020 secs] [Times: user=0.25 sys=0.00, real=0.02 secs] 
: 440717K->48960K(440896K), 0.0206590 secs] 5065977K->4739399K(12533952K), 0.0208300 secs] [Times: user=0.29 sys=0.00, real=0.02 secs] 
: 440850K->48960K(440896K), 0.0218800 secs] 5131289K->4808528K(12533952K), 0.0220740 secs] [Times: user=0.24 sys=0.01, real=0.02 secs] 
: 440826K->48960K(440896K), 0.0237770 secs] 5200395K->4869389K(12533952K), 0.0239730 secs] [Times: user=0.31 sys=0.00, real=0.02 secs] 
: 440896K->48960K(440896K), 0.0225500 secs] 5261325K->4935789K(12533952K), 0.0227620 secs] [Times: user=0.29 sys=0.00, real=0.02 secs] 
: 440896K->48960K(440896K), 0.0180480 secs] 5327725K->5002077K(12533952K), 0.0182590 secs] [Times: user=0.23 sys=0.00, real=0.02 secs] 
: 440863K->48960K(440896K), 0.0200190 secs] 5393981K->5062440K(12533952K), 0.0202150 secs] [Times: user=0.29 sys=0.01, real=0.02 secs] 
: 440763K->48960K(440896K), 0.0199690 secs] 5454243K->5129364K(12533952K), 0.0201680 secs] [Times: user=0.30 sys=0.00, real=0.02 secs] 
: 440691K->48960K(440896K), 0.0219870 secs] 5521096K->5194763K(12533952K), 0.0222610 secs] [Times: user=0.31 sys=0.00, real=0.02 secs] 
: 440846K->48960K(440896K), 0.0184660 secs] 5586649K->5262869K(12533952K), 0.0186880 secs] [Times: user=0.28 sys=0.00, real=0.02 secs] 
: 440687K->48960K(440896K), 0.0180570 secs] 5654597K->5327323K(12533952K), 0.0182880 secs] [Times: user=0.28 sys=0.00, real=0.02 secs] 
: 440669K->48960K(440896K), 0.0180020 secs] 5719033K->5391068K(12533952K), 0.0182430 secs] [Times: user=0.26 sys=0.00, real=0.02 secs] 
: 440896K->48960K(440896K), 0.0181180 secs] 5783004K->5456152K(12533952K), 0.0182910 secs] [Times: user=0.28 sys=0.01, real=0.02 secs] 
: 440883K->48960K(440896K), 0.0172270 secs] 5848075K->5523246K(12533952K), 0.0173880 secs] [Times: user=0.28 sys=0.00, real=0.02 secs] 
: 440859K->48960K(440896K), 0.0166120 secs] 5915145K->5585475K(12533952K), 0.0167920 secs] [Times: user=0.27 sys=0.00, real=0.02 secs] 
: 440896K->48960K(440896K), 0.0207510 secs] 5977411K->5649663K(12533952K), 0.0209950 secs] [Times: user=0.29 sys=0.01, real=0.02 secs] 
: 440790K->48960K(440896K), 0.0188930 secs] 6041494K->5705684K(12533952K), 0.0190870 secs] [Times: user=0.25 sys=0.00, real=0.02 secs] 
: 440858K->48960K(440896K), 0.0214610 secs] 6097582K->5768246K(12533952K), 0.0217050 secs] [Times: user=0.30 sys=0.00, real=0.03 secs] 
: 440662K->48960K(440896K), 0.0184330 secs] 6159949K->5832622K(12533952K), 0.0186540 secs] [Times: user=0.24 sys=0.00, real=0.02 secs] 
: 440896K->48960K(440896K), 0.0195330 secs] 6224558K->5896463K(12533952K), 0.0197630 secs] [Times: user=0.26 sys=0.00, real=0.02 secs] 
: 440896K->48960K(440896K), 0.0179290 secs] 6288399K->5958415K(12533952K), 0.0181860 secs] [Times: user=0.24 sys=0.01, real=0.01 secs] 
: 440850K->48960K(440896K), 0.0203160 secs] 6350306K->6023005K(12533952K), 0.0208440 secs] [Times: user=0.26 sys=0.00, real=0.02 secs] 
: 440794K->48960K(440896K), 0.0196230 secs] 6414839K->6086953K(12533952K), 0.0198440 secs] [Times: user=0.27 sys=0.00, real=0.02 secs] 
: 440764K->48960K(440896K), 0.0200130 secs] 6478758K->6153846K(12533952K), 0.0202470 secs] [Times: user=0.28 sys=0.00, real=0.02 secs] 
: 440896K->48960K(440896K), 0.0221430 secs] 6545782K->6217960K(12533952K), 0.0223670 secs] [Times: user=0.32 sys=0.00, real=0.02 secs] 
: 440872K->48960K(440896K), 0.0213430 secs] 6609873K->6283081K(12533952K), 0.0215430 secs] [Times: user=0.30 sys=0.00, real=0.03 secs] 
: 440720K->48960K(440896K), 0.0245660 secs] 6674842K->6345656K(12533952K), 0.0247940 secs] [Times: user=0.28 sys=0.01, real=0.03 secs] 
: 440662K->48960K(440896K), 0.0207870 secs] 6737358K->6411808K(12533952K), 0.0210170 secs] [Times: user=0.30 sys=0.00, real=0.02 secs] 
: 440640K->48960K(440896K), 0.0189910 secs] 6803488K->6477227K(12533952K), 0.0192230 secs] [Times: user=0.23 sys=0.01, real=0.02 secs] 
: 440863K->48960K(440896K), 0.0179670 secs] 6869130K->6537773K(12533952K), 0.0181800 secs] [Times: user=0.28 sys=0.00, real=0.02 secs] 
: 440823K->48960K(440896K), 0.0235700 secs] 6929637K->6606290K(12533952K), 0.0238150 secs] [Times: user=0.33 sys=0.00, real=0.03 secs] 
: 440681K->48960K(440896K), 0.0175230 secs] 6998012K->6671601K(12533952K), 0.0177380 secs] [Times: user=0.26 sys=0.00, real=0.02 secs] 
: 440709K->48960K(440896K), 0.0223610 secs] 7063350K->6728021K(12533952K), 0.0225810 secs] [Times: user=0.31 sys=0.00, real=0.02 secs] 
: 440794K->48960K(440896K), 0.0201660 secs] 7119856K->6792054K(12533952K), 0.0204000 secs] [Times: user=0.24 sys=0.00, real=0.02 secs] 
: 440896K->48960K(440896K), 0.0247320 secs] 7183990K->6859753K(12533952K), 0.0250010 secs] [Times: user=0.29 sys=0.01, real=0.03 secs] 
: 440668K->48960K(440896K), 0.0184610 secs] 7251462K->6926770K(12533952K), 0.0186350 secs] [Times: user=0.24 sys=0.00, real=0.02 secs] 
: 440753K->48960K(440896K), 0.0179680 secs] 7318564K->6993788K(12533952K), 0.0181780 secs] [Times: user=0.27 sys=0.00, real=0.02 secs] 
: 440783K->48960K(440896K), 0.0199450 secs] 7385612K->7059310K(12533952K), 0.0201690 secs] [Times: user=0.31 sys=0.00, real=0.02 secs] 
: 440768K->48960K(440896K), 0.0170150 secs] 7451118K->7117231K(12533952K), 0.0172580 secs] [Times: user=0.25 sys=0.00, real=0.02 secs] 
: 440896K->48960K(440896K), 0.0254610 secs] 7509167K->7178268K(12533952K), 0.0256780 secs] [Times: user=0.33 sys=0.00, real=0.02 secs] 
: 440844K->48960K(440896K), 0.0199270 secs] 7570153K->7244089K(12533952K), 0.0201480 secs] [Times: user=0.28 sys=0.00, real=0.02 secs] 
: 440857K->48960K(440896K), 0.0198270 secs] 7635986K->7307757K(12533952K), 0.0200630 secs] [Times: user=0.29 sys=0.00, real=0.02 secs] 
: 440738K->48960K(440896K), 0.0211010 secs] 7699535K->7371188K(12533952K), 0.0213260 secs] [Times: user=0.25 sys=0.00, real=0.02 secs] 
: 440764K->48960K(440896K), 0.0217280 secs] 7762992K->7434431K(12533952K), 0.0219560 secs] [Times: user=0.28 sys=0.00, real=0.02 secs] 
: 440877K->48960K(440896K), 0.0177390 secs] 7826349K->7503139K(12533952K), 0.0179580 secs] [Times: user=0.27 sys=0.00, real=0.02 secs] 
: 440878K->48960K(440896K), 0.0213040 secs] 7895057K->7558960K(12533952K), 0.0215220 secs] [Times: user=0.32 sys=0.00, real=0.02 secs] 
: 440800K->48960K(440896K), 0.0198320 secs] 7950801K->7627396K(12533952K), 0.0200470 secs] [Times: user=0.28 sys=0.00, real=0.02 secs] 
: 440896K->48960K(440896K), 0.0180490 secs] 8019332K->7672565K(12533952K), 0.0183470 secs] [Times: user=0.23 sys=0.00, real=0.02 secs] 
: 440896K->43555K(440896K), 0.0155910 secs] 8064501K->7710372K(12533952K), 0.0158540 secs] [Times: user=0.22 sys=0.00, real=0.02 secs] 
: 435491K->11096K(440896K), 0.0123390 secs] 8102308K->7677914K(12533952K), 0.0125750 secs] [Times: user=0.23 sys=0.00, real=0.01 secs] 
: 403032K->4760K(440896K), 0.0094910 secs] 8069850K->7671578K(12533952K), 0.0097010 secs] [Times: user=0.18 sys=0.00, real=0.01 secs] 
: 396696K->4179K(440896K), 0.0089930 secs] 8063514K->7670997K(12533952K), 0.0092030 secs] [Times: user=0.16 sys=0.00, real=0.01 secs] 
: 396115K->3601K(440896K), 0.0094530 secs] 8062933K->7670731K(12533952K), 0.0096260 secs] [Times: user=0.18 sys=0.00, real=0.01 secs] 
: 395537K->3483K(440896K), 0.0096780 secs] 8062667K->7671193K(12533952K), 0.0098890 secs] [Times: user=0.16 sys=0.00, real=0.01 secs] 
: 395419K->4197K(440896K), 0.0100790 secs] 8063129K->7672231K(12533952K), 0.0102980 secs] [Times: user=0.17 sys=0.01, real=0.01 secs] 
: 396133K->3986K(440896K), 0.0092270 secs] 8064167K->7672369K(12533952K), 0.0094310 secs] [Times: user=0.17 sys=0.00, real=0.01 secs] 
: 395922K->3905K(440896K), 0.0095570 secs] 8064305K->7672917K(12533952K), 0.0097760 secs] [Times: user=0.18 sys=0.00, real=0.01 secs] 
: 395841K->3319K(440896K), 0.0130680 secs] 8064853K->7673299K(12533952K), 0.0132490 secs] [Times: user=0.26 sys=0.00, real=0.01 secs] 
: 395117K->2965K(440896K), 0.0103260 secs] 8065097K->7673426K(12533952K), 0.0105440 secs] [Times: user=0.17 sys=0.00, real=0.01 secs] 
: 394901K->3707K(440896K), 0.0099030 secs] 8065362K->7674303K(12533952K), 0.0101630 secs] [Times: user=0.16 sys=0.00, real=0.01 secs] 
: 395643K->3614K(440896K), 0.0085330 secs] 8066239K->7674878K(12533952K), 0.0087540 secs] [Times: user=0.16 sys=0.00, real=0.01 secs] 
: 395550K->3646K(440896K), 0.0095650 secs] 8066814K->7675361K(12533952K), 0.0097430 secs] [Times: user=0.17 sys=0.00, real=0.01 secs] 
: 395582K->4794K(440896K), 0.0127560 secs] 8067297K->7676575K(12533952K), 0.0129520 secs] [Times: user=0.23 sys=0.00, real=0.02 secs] 
: 396730K->5510K(440896K), 0.0094220 secs] 8068511K->7678212K(12533952K), 0.0096450 secs] [Times: user=0.17 sys=0.00, real=0.01 secs] 
: 397357K->5589K(440896K), 0.0095620 secs] 8070058K->7679013K(12533952K), 0.0097320 secs] [Times: user=0.18 sys=0.00, real=0.01 secs] 
: 397525K->6028K(440896K), 0.0093790 secs] 8070949K->7679798K(12533952K), 0.0095990 secs] [Times: user=0.18 sys=0.01, real=0.01 secs] 
: 397964K->5759K(440896K), 0.0123520 secs] 8071734K->7680569K(12533952K), 0.0125940 secs] [Times: user=0.22 sys=0.00, real=0.02 secs] 
: 397695K->5185K(440896K), 0.0117120 secs] 8072505K->7681676K(12533952K), 0.0119070 secs] [Times: user=0.21 sys=0.00, real=0.02 secs] 
: 397121K->5949K(440896K), 0.0129640 secs] 8073612K->7682835K(12533952K), 0.0131470 secs] [Times: user=0.26 sys=0.00, real=0.01 secs] 
: 397885K->5229K(440896K), 0.0106420 secs] 8074771K->7683148K(12533952K), 0.0108410 secs] [Times: user=0.20 sys=0.00, real=0.02 secs] 
: 397165K->6289K(440896K), 0.0121430 secs] 8075084K->7685047K(12533952K), 0.0123460 secs] [Times: user=0.23 sys=0.00, real=0.01 secs] 
: 398225K->7517K(440896K), 0.0143210 secs] 8076983K->7687043K(12533952K), 0.0145020 secs] [Times: user=0.26 sys=0.00, real=0.01 secs] 
: 399453K->8745K(440896K), 0.0113180 secs] 8078979K->7689252K(12533952K), 0.0115410 secs] [Times: user=0.20 sys=0.00, real=0.01 secs] 
: 400681K->9820K(440896K), 0.0129470 secs] 8081188K->7691305K(12533952K), 0.0131870 secs] [Times: user=0.25 sys=0.00, real=0.01 secs] 
: 401756K->10491K(440896K), 0.0112830 secs] 8083241K->7693658K(12533952K), 0.0114870 secs] [Times: user=0.20 sys=0.00, real=0.01 secs] 
: 402427K->9791K(440896K), 0.0093170 secs] 8085594K->7694957K(12533952K), 0.0095810 secs] [Times: user=0.17 sys=0.00, real=0.01 secs] 
: 401727K->8733K(440896K), 0.0094610 secs] 8086893K->7696110K(12533952K), 0.0096900 secs] [Times: user=0.17 sys=0.00, real=0.01 secs] 
: 400669K->9139K(440896K), 0.0105720 secs] 8088046K->7698518K(12533952K), 0.0107980 secs] [Times: user=0.19 sys=0.00, real=0.01 secs] 
: 401075K->7964K(440896K), 0.0113220 secs] 8090454K->7699922K(12533952K), 0.0115840 secs] [Times: user=0.21 sys=0.00, real=0.02 secs] 
: 399900K->8467K(440896K), 0.0111730 secs] 8091858K->7701719K(12533952K), 0.0113970 secs] [Times: user=0.21 sys=0.00, real=0.02 secs] 
: 400403K->9164K(440896K), 0.0132660 secs] 8093655K->7703449K(12533952K), 0.0133990 secs] [Times: user=0.25 sys=0.00, real=0.01 secs] 
: 401100K->8260K(440896K), 0.0111190 secs] 8095385K->7704809K(12533952K), 0.0112710 secs] [Times: user=0.21 sys=0.00, real=0.02 secs] 
: 400196K->8199K(440896K), 0.0136970 secs] 8096745K->7706305K(12533952K), 0.0139240 secs] [Times: user=0.25 sys=0.00, real=0.01 secs] 
: 400135K->8256K(440896K), 0.0115100 secs] 8098241K->7708166K(12533952K), 0.0116980 secs] [Times: user=0.20 sys=0.00, real=0.01 secs] 
: 400192K->7176K(440896K), 0.0107190 secs] 8100102K->7708894K(12533952K), 0.0109660 secs] [Times: user=0.20 sys=0.00, real=0.01 secs] 
: 399112K->6799K(440896K), 0.0127740 secs] 8100830K->7709877K(12533952K), 0.0129880 secs] [Times: user=0.25 sys=0.00, real=0.01 secs] 
: 398735K->7053K(440896K), 0.0100400 secs] 8101813K->7711491K(12533952K), 0.0102660 secs] [Times: user=0.18 sys=0.00, real=0.01 secs] 
: 398989K->5934K(440896K), 0.0113380 secs] 8103427K->7712375K(12533952K), 0.0115520 secs] [Times: user=0.20 sys=0.00, real=0.02 secs] 
: 397870K->6874K(440896K), 0.0126030 secs] 8104311K->7713996K(12533952K), 0.0128180 secs] [Times: user=0.22 sys=0.00, real=0.02 secs] 
: 398810K->6446K(440896K), 0.0129480 secs] 8105932K->7714377K(12533952K), 0.0131100 secs] [Times: user=0.23 sys=0.00, real=0.02 secs] 
: 398382K->5531K(440896K), 0.0154260 secs] 8106313K->7715181K(12533952K), 0.0156360 secs] [Times: user=0.28 sys=0.00, real=0.02 secs] 
: 397467K->5421K(440896K), 0.0094180 secs] 8107117K->7715944K(12533952K), 0.0096570 secs] [Times: user=0.18 sys=0.00, real=0.01 secs] 
: 397357K->4483K(440896K), 0.0125620 secs] 8107880K->7716554K(12533952K), 0.0128280 secs] [Times: user=0.25 sys=0.00, real=0.01 secs] 
: 396419K->4618K(440896K), 0.0092940 secs] 8108490K->7717306K(12533952K), 0.0095180 secs] [Times: user=0.16 sys=0.00, real=0.01 secs] 
: 396554K->4124K(440896K), 0.0091570 secs] 8109242K->7717334K(12533952K), 0.0093790 secs] [Times: user=0.18 sys=0.01, real=0.01 secs] 
: 396060K->3528K(440896K), 0.0132410 secs] 8109270K->7717707K(12533952K), 0.0134750 secs] [Times: user=0.27 sys=0.00, real=0.01 secs] 
: 395464K->3493K(440896K), 0.0122800 secs] 8109643K->7718318K(12533952K), 0.0125160 secs] [Times: user=0.25 sys=0.00, real=0.01 secs] 
: 395429K->3280K(440896K), 0.0128370 secs] 8110254K->7718688K(12533952K), 0.0130650 secs] [Times: user=0.24 sys=0.00, real=0.01 secs] 
: 395216K->3804K(440896K), 0.0101440 secs] 8110624K->7719409K(12533952K), 0.0103530 secs] [Times: user=0.18 sys=0.00, real=0.01 secs] 
: 395740K->4172K(440896K), 0.0107640 secs] 8111345K->7720174K(12533952K), 0.0109390 secs] [Times: user=0.21 sys=0.00, real=0.01 secs] 
: 396108K->4047K(440896K), 0.0092540 secs] 8112110K->7720440K(12533952K), 0.0095250 secs] [Times: user=0.17 sys=0.00, real=0.01 secs] 
: 395983K->5082K(440896K), 0.0104810 secs] 8112376K->7721869K(12533952K), 0.0106680 secs] [Times: user=0.20 sys=0.00, real=0.01 secs] 
: 397018K->5615K(440896K), 0.0120640 secs] 8113805K->7723116K(12533952K), 0.0122840 secs] [Times: user=0.22 sys=0.00, real=0.01 secs] 
: 397551K->11134K(440896K), 0.0110670 secs] 8115052K->7729031K(12533952K), 0.0112710 secs] [Times: user=0.20 sys=0.00, real=0.01 secs] 
: 403070K->12372K(440896K), 0.0096550 secs] 8120967K->7730834K(12533952K), 0.0099430 secs] [Times: user=0.17 sys=0.00, real=0.01 secs] 
: 404308K->10030K(440896K), 0.0104710 secs] 8122770K->7729723K(12533952K), 0.0107010 secs] [Times: user=0.19 sys=0.00, real=0.01 secs] 
: 401966K->16528K(440896K), 0.0134650 secs] 8121659K->7737728K(12533952K), 0.0136810 secs] [Times: user=0.26 sys=0.00, real=0.01 secs] 
: 408464K->18867K(440896K), 0.0135810 secs] 8129664K->7741709K(12533952K), 0.0137360 secs] [Times: user=0.26 sys=0.00, real=0.01 secs] 
: 410803K->16201K(440896K), 0.0113270 secs] 8133645K->7740309K(12533952K), 0.0115880 secs] [Times: user=0.19 sys=0.00, real=0.01 secs] 
: 408137K->16464K(440896K), 0.0110990 secs] 8132245K->7743977K(12533952K), 0.0113060 secs] [Times: user=0.19 sys=0.00, real=0.02 secs] 
: 408400K->16903K(440896K), 0.0100390 secs] 8135913K->7747827K(12533952K), 0.0102200 secs] [Times: user=0.19 sys=0.00, real=0.01 secs] 
: 408839K->16173K(440896K), 0.0124440 secs] 8139763K->7751050K(12533952K), 0.0126670 secs] [Times: user=0.22 sys=0.00, real=0.01 secs] 
: 408109K->15969K(440896K), 0.0122480 secs] 8142986K->7754982K(12533952K), 0.0124370 secs] [Times: user=0.21 sys=0.00, real=0.01 secs] 
: 407905K->15613K(440896K), 0.0126040 secs] 8146918K->7758044K(12533952K), 0.0127920 secs] [Times: user=0.23 sys=0.00, real=0.02 secs] 
: 407549K->15465K(440896K), 0.0102720 secs] 8149980K->7761835K(12533952K), 0.0104580 secs] [Times: user=0.20 sys=0.00, real=0.01 secs] 
: 407401K->15117K(440896K), 0.0117790 secs] 8153771K->7764620K(12533952K), 0.0120150 secs] [Times: user=0.22 sys=0.00, real=0.01 secs] 
: 407053K->14077K(440896K), 0.0133810 secs] 8156556K->7767614K(12533952K), 0.0135640 secs] [Times: user=0.20 sys=0.00, real=0.01 secs] 
: 406013K->14360K(440896K), 0.0115920 secs] 8159550K->7770837K(12533952K), 0.0118120 secs] [Times: user=0.21 sys=0.01, real=0.01 secs] 
: 406296K->12731K(440896K), 0.0123480 secs] 8162773K->7773127K(12533952K), 0.0125230 secs] [Times: user=0.23 sys=0.00, real=0.01 secs] 
: 404667K->12106K(440896K), 0.0102530 secs] 8165063K->7775203K(12533952K), 0.0104970 secs] [Times: user=0.19 sys=0.00, real=0.01 secs] 
: 404042K->11271K(440896K), 0.0098890 secs] 8167139K->7776985K(12533952K), 0.0100800 secs] [Times: user=0.16 sys=0.01, real=0.01 secs] 
: 403207K->8444K(440896K), 0.0126690 secs] 8168921K->7778225K(12533952K), 0.0128700 secs] [Times: user=0.23 sys=0.00, real=0.02 secs] 
: 400380K->8157K(440896K), 0.0101930 secs] 8170161K->7780185K(12533952K), 0.0104310 secs] [Times: user=0.19 sys=0.00, real=0.01 secs] 
: 400093K->8490K(440896K), 0.0112640 secs] 8172121K->7782511K(12533952K), 0.0114920 secs] [Times: user=0.19 sys=0.01, real=0.02 secs] 
: 400426K->8418K(440896K), 0.0097440 secs] 8174447K->7784144K(12533952K), 0.0099150 secs] [Times: user=0.19 sys=0.00, real=0.01 secs] 
: 400354K->10851K(440896K), 0.0112510 secs] 8176080K->7788077K(12533952K), 0.0115070 secs] [Times: user=0.22 sys=0.00, real=0.01 secs] 
: 402787K->12588K(440896K), 0.0106460 secs] 8180013K->7791688K(12533952K), 0.0111280 secs] [Times: user=0.19 sys=0.00, real=0.01 secs] 
: 404524K->14038K(440896K), 0.0130410 secs] 8183624K->7795471K(12533952K), 0.0133120 secs] [Times: user=0.25 sys=0.00, real=0.01 secs] 
: 405974K->14853K(440896K), 0.0139880 secs] 8187407K->7797790K(12533952K), 0.0142240 secs] [Times: user=0.27 sys=0.00, real=0.01 secs] 
: 406789K->13814K(440896K), 0.0150470 secs] 8189726K->7801010K(12533952K), 0.0153010 secs] [Times: user=0.29 sys=0.00, real=0.01 secs] 
: 405750K->18150K(440896K), 0.0105950 secs] 8192946K->7808586K(12533952K), 0.0108540 secs] [Times: user=0.19 sys=0.00, real=0.01 secs] 
: 410086K->22725K(440896K), 0.0103830 secs] 8200522K->7816618K(12533952K), 0.0106970 secs] [Times: user=0.18 sys=0.00, real=0.02 secs] 
: 414661K->19478K(440896K), 0.0110380 secs] 8208554K->7815978K(12533952K), 0.0112980 secs] [Times: user=0.20 sys=0.00, real=0.01 secs] 
: 411414K->18088K(440896K), 0.0115550 secs] 8207914K->7817813K(12533952K), 0.0117870 secs] [Times: user=0.21 sys=0.00, real=0.01 secs] 
: 410024K->15582K(440896K), 0.0115880 secs] 8209749K->7820783K(12533952K), 0.0118620 secs] [Times: user=0.21 sys=0.00, real=0.01 secs] 
: 407518K->15634K(440896K), 0.0127490 secs] 8212719K->7824736K(12533952K), 0.0129920 secs] [Times: user=0.25 sys=0.00, real=0.01 secs] 
: 407570K->15459K(440896K), 0.0147520 secs] 8216672K->7827948K(12533952K), 0.0149730 secs] [Times: user=0.27 sys=0.00, real=0.01 secs] 
: 407395K->14938K(440896K), 0.0125400 secs] 8219884K->7831358K(12533952K), 0.0127160 secs] [Times: user=0.25 sys=0.00, real=0.01 secs] 
: 406874K->16416K(440896K), 0.0122780 secs] 8223294K->7835876K(12533952K), 0.0125560 secs] [Times: user=0.21 sys=0.00, real=0.02 secs] 
: 408352K->14898K(440896K), 0.0135580 secs] 8227812K->7838239K(12533952K), 0.0137540 secs] [Times: user=0.26 sys=0.00, real=0.01 secs] 
: 406834K->14320K(440896K), 0.0110860 secs] 8230175K->7841225K(12533952K), 0.0113120 secs] [Times: user=0.20 sys=0.00, real=0.01 secs] 
: 406256K->14996K(440896K), 0.0150120 secs] 8233161K->7845321K(12533952K), 0.0151980 secs] [Times: user=0.28 sys=0.00, real=0.02 secs] 
: 406932K->14592K(440896K), 0.0106360 secs] 8237257K->7849077K(12533952K), 0.0108420 secs] [Times: user=0.20 sys=0.00, real=0.01 secs] 
: 406528K->15396K(440896K), 0.0123110 secs] 8241013K->7852590K(12533952K), 0.0124850 secs] [Times: user=0.24 sys=0.01, real=0.01 secs] 
: 407332K->15237K(440896K), 0.0136820 secs] 8244526K->7855608K(12533952K), 0.0138390 secs] [Times: user=0.27 sys=0.00, real=0.01 secs] 
: 407143K->15307K(440896K), 0.0117010 secs] 8247515K->7859485K(12533952K), 0.0119390 secs] [Times: user=0.20 sys=0.00, real=0.01 secs] 
: 407243K->15015K(440896K), 0.0104030 secs] 8251421K->7862799K(12533952K), 0.0108740 secs] [Times: user=0.18 sys=0.00, real=0.01 secs] 
: 406951K->14550K(440896K), 0.0112530 secs] 8254735K->7865897K(12533952K), 0.0114810 secs] [Times: user=0.19 sys=0.00, real=0.01 secs] 
: 406486K->15587K(440896K), 0.0101750 secs] 8257833K->7869938K(12533952K), 0.0104060 secs] [Times: user=0.20 sys=0.00, real=0.01 secs] 
: 407523K->14949K(440896K), 0.0133440 secs] 8261874K->7873058K(12533952K), 0.0135410 secs] [Times: user=0.26 sys=0.00, real=0.01 secs] 
: 406885K->14683K(440896K), 0.0132690 secs] 8264994K->7876080K(12533952K), 0.0134550 secs] [Times: user=0.25 sys=0.00, real=0.02 secs] 
: 406619K->15075K(440896K), 0.0122320 secs] 8268016K->7879765K(12533952K), 0.0124350 secs] [Times: user=0.22 sys=0.00, real=0.01 secs] 
: 407011K->15727K(440896K), 0.0107100 secs] 8271701K->7884297K(12533952K), 0.0109170 secs] [Times: user=0.20 sys=0.00, real=0.01 secs] 
: 407663K->15349K(440896K), 0.0109280 secs] 8276233K->7887027K(12533952K), 0.0111290 secs] [Times: user=0.19 sys=0.00, real=0.01 secs] 
: 407285K->15676K(440896K), 0.0100540 secs] 8278963K->7890449K(12533952K), 0.0102700 secs] [Times: user=0.17 sys=0.00, real=0.01 secs] 
: 407612K->14619K(440896K), 0.0132290 secs] 8282385K->7893197K(12533952K), 0.0134990 secs] [Times: user=0.24 sys=0.00, real=0.01 secs] 
: 406555K->12788K(440896K), 0.0107560 secs] 8285133K->7895776K(12533952K), 0.0109900 secs] [Times: user=0.19 sys=0.00, real=0.01 secs] 
: 404724K->13286K(440896K), 0.0121610 secs] 8287712K->7898986K(12533952K), 0.0123760 secs] [Times: user=0.21 sys=0.00, real=0.01 secs] 
: 405222K->13255K(440896K), 0.0099180 secs] 8290922K->7902313K(12533952K), 0.0101280 secs] [Times: user=0.16 sys=0.00, real=0.01 secs] 
: 405191K->13251K(440896K), 0.0117130 secs] 8294249K->7905149K(12533952K), 0.0119160 secs] [Times: user=0.23 sys=0.00, real=0.01 secs] 
: 405187K->12664K(440896K), 0.0111460 secs] 8297085K->7906949K(12533952K), 0.0113550 secs] [Times: user=0.21 sys=0.00, real=0.01 secs] 
: 404600K->12262K(440896K), 0.0099790 secs] 8298885K->7910035K(12533952K), 0.0102110 secs] [Times: user=0.17 sys=0.00, real=0.01 secs] 
: 404198K->11577K(440896K), 0.0106740 secs] 8301971K->7912894K(12533952K), 0.0108700 secs] [Times: user=0.18 sys=0.00, real=0.01 secs] 
: 403513K->11233K(440896K), 0.0130050 secs] 8304830K->7915325K(12533952K), 0.0132020 secs] [Times: user=0.26 sys=0.00, real=0.02 secs] 
: 403166K->12733K(440896K), 0.0135090 secs] 8307258K->7918568K(12533952K), 0.0137070 secs] [Times: user=0.28 sys=0.00, real=0.02 secs] 
: 404669K->13290K(440896K), 0.0116180 secs] 8310504K->7922364K(12533952K), 0.0118350 secs] [Times: user=0.22 sys=0.00, real=0.01 secs] 
: 405226K->13919K(440896K), 0.0125750 secs] 8314300K->7925893K(12533952K), 0.0127960 secs] [Times: user=0.24 sys=0.00, real=0.01 secs] 
: 405855K->15415K(440896K), 0.0105080 secs] 8317829K->7929711K(12533952K), 0.0107680 secs] [Times: user=0.19 sys=0.00, real=0.01 secs] 
: 407351K->15644K(440896K), 0.0115920 secs] 8321647K->7933106K(12533952K), 0.0118400 secs] [Times: user=0.22 sys=0.00, real=0.01 secs] 
: 407580K->14555K(440896K), 0.0111880 secs] 8325042K->7935885K(12533952K), 0.0113850 secs] [Times: user=0.22 sys=0.00, real=0.01 secs] 
: 406315K->13094K(440896K), 0.0102540 secs] 8327645K->7938105K(12533952K), 0.0104970 secs] [Times: user=0.18 sys=0.00, real=0.01 secs] 
: 405030K->13068K(440896K), 0.0101730 secs] 8330041K->7941688K(12533952K), 0.0104320 secs] [Times: user=0.19 sys=0.01, real=0.01 secs] 
: 405004K->13537K(440896K), 0.0102630 secs] 8333624K->7945686K(12533952K), 0.0105280 secs] [Times: user=0.17 sys=0.00, real=0.01 secs] 
: 405473K->14509K(440896K), 0.0127610 secs] 8337622K->7949456K(12533952K), 0.0130230 secs] [Times: user=0.24 sys=0.01, real=0.01 secs] 
: 406445K->14762K(440896K), 0.0140400 secs] 8341392K->7951963K(12533952K), 0.0143090 secs] [Times: user=0.27 sys=0.00, real=0.02 secs] 
: 406698K->14255K(440896K), 0.0106290 secs] 8343899K->7954811K(12533952K), 0.0109750 secs] [Times: user=0.20 sys=0.00, real=0.01 secs] 
: 406191K->12212K(440896K), 0.0141400 secs] 8346747K->7956838K(12533952K), 0.0143480 secs] [Times: user=0.27 sys=0.00, real=0.02 secs] 
: 404148K->11100K(440896K), 0.0118410 secs] 8348774K->7959474K(12533952K), 0.0121090 secs] [Times: user=0.22 sys=0.00, real=0.01 secs] 
: 403036K->10287K(440896K), 0.0111330 secs] 8351410K->7961178K(12533952K), 0.0113920 secs] [Times: user=0.20 sys=0.01, real=0.01 secs] 
: 402223K->8567K(440896K), 0.0109610 secs] 8353114K->7962302K(12533952K), 0.0112000 secs] [Times: user=0.22 sys=0.00, real=0.02 secs] 
: 400503K->7489K(440896K), 0.0120550 secs] 8354238K->7963287K(12533952K), 0.0122940 secs] [Times: user=0.23 sys=0.00, real=0.01 secs] 
: 399425K->5530K(440896K), 0.0135310 secs] 8355223K->7964113K(12533952K), 0.0137540 secs] [Times: user=0.24 sys=0.01, real=0.01 secs] 
: 397466K->4765K(440896K), 0.0198340 secs] 8356049K->7964900K(12533952K), 0.0200640 secs] [Times: user=0.28 sys=0.00, real=0.02 secs] 
: 396701K->4175K(440896K), 0.0117120 secs] 8356836K->7965474K(12533952K), 0.0118610 secs] [Times: user=0.19 sys=0.00, real=0.01 secs] 
: 396111K->4209K(440896K), 0.0100720 secs] 8357410K->7966481K(12533952K), 0.0103710 secs] [Times: user=0.18 sys=0.00, real=0.01 secs] 
: 396145K->3600K(440896K), 0.0112970 secs] 8358417K->7966787K(12533952K), 0.0115490 secs] [Times: user=0.21 sys=0.00, real=0.01 secs] 
: 395536K->4494K(440896K), 0.0119150 secs] 8358723K->7968326K(12533952K), 0.0121640 secs] [Times: user=0.22 sys=0.00, real=0.02 secs] 
: 396430K->11380K(440896K), 0.0115290 secs] 8360262K->7975798K(12533952K), 0.0117850 secs] [Times: user=0.21 sys=0.00, real=0.01 secs] 
: 403316K->10018K(440896K), 0.0131190 secs] 8367734K->7975472K(12533952K), 0.0133940 secs] [Times: user=0.24 sys=0.00, real=0.02 secs] 
: 401954K->24392K(440896K), 0.0136730 secs] 8367408K->7990203K(12533952K), 0.0138840 secs] [Times: user=0.27 sys=0.00, real=0.01 secs] 
: 416328K->10654K(440896K), 0.0144860 secs] 8382139K->7978024K(12533952K), 0.0146730 secs] [Times: user=0.28 sys=0.00, real=0.02 secs] 
: 402590K->3491K(440896K), 0.0124590 secs] 8369960K->7976177K(12533952K), 0.0127120 secs] [Times: user=0.24 sys=0.00, real=0.02 secs] 
: 395427K->1937K(440896K), 0.0115470 secs] 8368113K->7976391K(12533952K), 0.0118070 secs] [Times: user=0.21 sys=0.00, real=0.01 secs] 
: 393873K->1711K(440896K), 0.0128780 secs] 8368327K->7976516K(12533952K), 0.0131530 secs] [Times: user=0.24 sys=0.00, real=0.02 secs] 
: 393647K->1759K(440896K), 0.0116710 secs] 8368452K->7976694K(12533952K), 0.0119110 secs] [Times: user=0.20 sys=0.00, real=0.01 secs] 
: 393695K->1536K(440896K), 0.0127410 secs] 8368630K->7976608K(12533952K), 0.0129830 secs] [Times: user=0.24 sys=0.00, real=0.02 secs] 
: 393472K->1186K(440896K), 0.0142640 secs] 8368544K->7976588K(12533952K), 0.0145240 secs] [Times: user=0.28 sys=0.00, real=0.02 secs] 
: 393105K->1113K(440896K), 0.0115530 secs] 8368506K->7976658K(12533952K), 0.0117430 secs] [Times: user=0.20 sys=0.00, real=0.01 secs] 
: 393049K->1257K(440896K), 0.0118100 secs] 8368594K->7976868K(12533952K), 0.0120230 secs] [Times: user=0.22 sys=0.00, real=0.02 secs] 
: 393193K->1395K(440896K), 0.0132660 secs] 8368804K->7977014K(12533952K), 0.0134420 secs] [Times: user=0.22 sys=0.01, real=0.01 secs] 
: 393331K->1337K(440896K), 0.0092390 secs] 8368950K->7976970K(12533952K), 0.0095120 secs] [Times: user=0.17 sys=0.00, real=0.01 secs] 
: 393273K->1233K(440896K), 0.0130060 secs] 8368906K->7977006K(12533952K), 0.0132070 secs] [Times: user=0.23 sys=0.00, real=0.01 secs] 
: 393169K->3440K(440896K), 0.0093820 secs] 8368942K->7979283K(12533952K), 0.0096330 secs] [Times: user=0.17 sys=0.01, real=0.01 secs] 
: 395376K->6551K(440896K), 0.0126540 secs] 8371219K->7982461K(12533952K), 0.0128610 secs] [Times: user=0.25 sys=0.00, real=0.01 secs] 
: 398487K->11612K(440896K), 0.0101630 secs] 8374397K->7987597K(12533952K), 0.0103790 secs] [Times: user=0.18 sys=0.00, real=0.01 secs] 
: 403548K->14414K(440896K), 0.0128660 secs] 8379533K->7990483K(12533952K), 0.0130870 secs] [Times: user=0.25 sys=0.00, real=0.01 secs] 
: 406350K->16380K(440896K), 0.0138710 secs] 8382419K->7994826K(12533952K), 0.0140820 secs] [Times: user=0.26 sys=0.00, real=0.02 secs] 
: 408316K->16281K(440896K), 0.0121000 secs] 8386762K->7997639K(12533952K), 0.0123310 secs] [Times: user=0.20 sys=0.00, real=0.01 secs] 
: 408217K->14150K(440896K), 0.0141730 secs] 8389575K->8000687K(12533952K), 0.0143810 secs] [Times: user=0.26 sys=0.00, real=0.01 secs] 
: 406086K->15326K(440896K), 0.0106500 secs] 8392623K->8004737K(12533952K), 0.0108650 secs] [Times: user=0.18 sys=0.00, real=0.01 secs] 
: 407097K->14894K(440896K), 0.0099260 secs] 8396508K->8007667K(12533952K), 0.0101390 secs] [Times: user=0.19 sys=0.00, real=0.01 secs] 
: 406830K->15121K(440896K), 0.0103590 secs] 8399603K->8010280K(12533952K), 0.0106290 secs] [Times: user=0.20 sys=0.00, real=0.02 secs] 
: 407057K->17684K(440896K), 0.0142920 secs] 8402216K->8015373K(12533952K), 0.0145070 secs] [Times: user=0.25 sys=0.00, real=0.01 secs] 
: 409620K->17992K(440896K), 0.0109480 secs] 8407309K->8019660K(12533952K), 0.0112000 secs] [Times: user=0.21 sys=0.00, real=0.02 secs] 
: 409928K->16709K(440896K), 0.0100780 secs] 8411596K->8023376K(12533952K), 0.0102920 secs] [Times: user=0.18 sys=0.00, real=0.01 secs] 
: 408645K->16869K(440896K), 0.0127960 secs] 8415312K->8026008K(12533952K), 0.0130000 secs] [Times: user=0.24 sys=0.00, real=0.01 secs] 
: 408805K->16211K(440896K), 0.0103620 secs] 8417944K->8030453K(12533952K), 0.0106100 secs] [Times: user=0.19 sys=0.00, real=0.01 secs] 
: 408147K->16932K(440896K), 0.0132210 secs] 8422389K->8035429K(12533952K), 0.0134470 secs] [Times: user=0.24 sys=0.00, real=0.02 secs] 
: 408868K->17267K(440896K), 0.0106620 secs] 8427365K->8039573K(12533952K), 0.0108730 secs] [Times: user=0.19 sys=0.00, real=0.01 secs] 
: 409203K->19054K(440896K), 0.0138430 secs] 8431509K->8044184K(12533952K), 0.0140570 secs] [Times: user=0.23 sys=0.00, real=0.02 secs] 
: 410990K->20111K(440896K), 0.0104260 secs] 8436120K->8049508K(12533952K), 0.0106640 secs] [Times: user=0.19 sys=0.00, real=0.01 secs] 
: 412047K->20662K(440896K), 0.0097820 secs] 8441444K->8054826K(12533952K), 0.0100060 secs] [Times: user=0.18 sys=0.00, real=0.01 secs] 
: 412598K->20491K(440896K), 0.0206980 secs] 8446762K->8058457K(12533952K), 0.0208680 secs] [Times: user=0.41 sys=0.00, real=0.02 secs] 
: 412427K->19575K(440896K), 0.0109220 secs] 8450393K->8062267K(12533952K), 0.0111760 secs] [Times: user=0.20 sys=0.00, real=0.01 secs] 
: 411511K->21173K(440896K), 0.0139590 secs] 8454203K->8069348K(12533952K), 0.0141780 secs] [Times: user=0.26 sys=0.00, real=0.02 secs] 
: 413109K->21754K(440896K), 0.0133990 secs] 8461284K->8075153K(12533952K), 0.0135920 secs] [Times: user=0.24 sys=0.00, real=0.01 secs] 
: 413533K->22713K(440896K), 0.0131060 secs] 8466932K->8079791K(12533952K), 0.0132790 secs] [Times: user=0.25 sys=0.00, real=0.01 secs] 
: 414649K->48939K(440896K), 0.0120040 secs] 8471727K->8112198K(12533952K), 0.0122330 secs] [Times: user=0.22 sys=0.00, real=0.02 secs] 
: 440875K->8797K(440896K), 0.0129720 secs] 8504134K->8088071K(12533952K), 0.0131830 secs] [Times: user=0.24 sys=0.00, real=0.01 secs] 
: 400733K->13600K(440896K), 0.0097340 secs] 8480007K->8092874K(12533952K), 0.0099450 secs] [Times: user=0.17 sys=0.00, real=0.01 secs] 
: 405536K->17753K(440896K), 0.0101320 secs] 8484810K->8097026K(12533952K), 0.0103510 secs] [Times: user=0.19 sys=0.00, real=0.01 secs] 
: 409689K->18296K(440896K), 0.0138070 secs] 8488962K->8100859K(12533952K), 0.0139990 secs] [Times: user=0.26 sys=0.00, real=0.01 secs] 
: 410179K->17364K(440896K), 0.0138840 secs] 8492743K->8104298K(12533952K), 0.0140970 secs] [Times: user=0.26 sys=0.00, real=0.01 secs] 
: 409300K->16366K(440896K), 0.0117560 secs] 8496234K->8108328K(12533952K), 0.0119870 secs] [Times: user=0.21 sys=0.01, real=0.02 secs] 
: 408302K->17136K(440896K), 0.0129240 secs] 8500264K->8113154K(12533952K), 0.0131440 secs] [Times: user=0.24 sys=0.00, real=0.01 secs] 
: 409072K->16918K(440896K), 0.0124810 secs] 8505090K->8116774K(12533952K), 0.0127070 secs] [Times: user=0.20 sys=0.00, real=0.01 secs] 
: 408854K->16204K(440896K), 0.0150640 secs] 8508710K->8119133K(12533952K), 0.0152730 secs] [Times: user=0.28 sys=0.00, real=0.01 secs] 
: 408140K->15740K(440896K), 0.0124010 secs] 8511069K->8122754K(12533952K), 0.0128740 secs] [Times: user=0.22 sys=0.00, real=0.02 secs] 
: 407596K->14650K(440896K), 0.0127750 secs] 8514610K->8126208K(12533952K), 0.0129880 secs] [Times: user=0.23 sys=0.00, real=0.01 secs] 
: 406586K->14948K(440896K), 0.0102640 secs] 8518144K->8129959K(12533952K), 0.0104540 secs] [Times: user=0.19 sys=0.00, real=0.01 secs] 
: 406824K->15402K(440896K), 0.0100870 secs] 8521834K->8133360K(12533952K), 0.0103240 secs] [Times: user=0.17 sys=0.00, real=0.01 secs] 
: 407338K->15482K(440896K), 0.0151590 secs] 8525296K->8137046K(12533952K), 0.0153810 secs] [Times: user=0.27 sys=0.00, real=0.01 secs] 
: 407418K->16072K(440896K), 0.0119210 secs] 8528982K->8141059K(12533952K), 0.0121040 secs] [Times: user=0.21 sys=0.01, real=0.02 secs] 
: 408008K->16570K(440896K), 0.0142560 secs] 8532995K->8145380K(12533952K), 0.0144740 secs] [Times: user=0.29 sys=0.00, real=0.01 secs] 
: 408437K->17218K(440896K), 0.0132590 secs] 8537247K->8149532K(12533952K), 0.0134390 secs] [Times: user=0.25 sys=0.01, real=0.01 secs] 
: 409099K->17140K(440896K), 0.0106730 secs] 8541413K->8153260K(12533952K), 0.0109040 secs] [Times: user=0.19 sys=0.00, real=0.02 secs] 
: 409076K->16786K(440896K), 0.0118770 secs] 8545196K->8156757K(12533952K), 0.0120840 secs] [Times: user=0.22 sys=0.00, real=0.01 secs] 
: 408722K->17173K(440896K), 0.0100770 secs] 8548693K->8161140K(12533952K), 0.0103270 secs] [Times: user=0.17 sys=0.00, real=0.01 secs] 
: 409090K->15558K(440896K), 0.0126470 secs] 8553057K->8164134K(12533952K), 0.0128550 secs] [Times: user=0.21 sys=0.00, real=0.02 secs] 
: 407494K->15318K(440896K), 0.0139400 secs] 8556070K->8167449K(12533952K), 0.0141470 secs] [Times: user=0.26 sys=0.00, real=0.01 secs] 
: 407254K->16226K(440896K), 0.0129290 secs] 8559385K->8171860K(12533952K), 0.0131560 secs] [Times: user=0.22 sys=0.00, real=0.01 secs] 
: 408162K->16915K(440896K), 0.0110510 secs] 8563796K->8177011K(12533952K), 0.0112630 secs] [Times: user=0.19 sys=0.00, real=0.02 secs] 
: 408851K->17289K(440896K), 0.0120700 secs] 8568947K->8180357K(12533952K), 0.0122790 secs] [Times: user=0.23 sys=0.00, real=0.01 secs] 
: 409225K->19169K(440896K), 0.0134890 secs] 8572293K->8185579K(12533952K), 0.0136950 secs] [Times: user=0.22 sys=0.00, real=0.02 secs] 
: 411105K->23046K(440896K), 0.0107230 secs] 8577515K->8193649K(12533952K), 0.0109610 secs] [Times: user=0.19 sys=0.00, real=0.01 secs] 
: 414982K->37787K(440896K), 0.0129280 secs] 8585585K->8213610K(12533952K), 0.0131470 secs] [Times: user=0.24 sys=0.01, real=0.01 secs] 
: 429723K->8696K(440896K), 0.0143290 secs] 8605546K->8199235K(12533952K), 0.0144850 secs] [Times: user=0.26 sys=0.00, real=0.01 secs] 
: 400632K->11909K(440896K), 0.0134030 secs] 8591171K->8202448K(12533952K), 0.0138900 secs] [Times: user=0.24 sys=0.00, real=0.01 secs] 
: 403813K->14768K(440896K), 0.0106670 secs] 8594352K->8205307K(12533952K), 0.0108980 secs] [Times: user=0.20 sys=0.00, real=0.01 secs] 
: 406704K->14756K(440896K), 0.0115920 secs] 8597243K->8208852K(12533952K), 0.0118070 secs] [Times: user=0.20 sys=0.00, real=0.01 secs] 
: 406692K->15145K(440896K), 0.0134440 secs] 8600788K->8213168K(12533952K), 0.0136590 secs] [Times: user=0.24 sys=0.01, real=0.01 secs] 
: 407081K->16645K(440896K), 0.0124570 secs] 8605104K->8218146K(12533952K), 0.0126850 secs] [Times: user=0.24 sys=0.00, real=0.01 secs] 
: 408581K->16730K(440896K), 0.0130350 secs] 8610082K->8221003K(12533952K), 0.0132330 secs] [Times: user=0.25 sys=0.00, real=0.01 secs] 
: 408666K->16971K(440896K), 0.0109640 secs] 8612939K->8224867K(12533952K), 0.0111560 secs] [Times: user=0.19 sys=0.00, real=0.02 secs] 
: 408907K->17694K(440896K), 0.0122640 secs] 8616803K->8229853K(12533952K), 0.0124870 secs] [Times: user=0.21 sys=0.00, real=0.01 secs] 
: 409630K->16926K(440896K), 0.0135360 secs] 8621789K->8234067K(12533952K), 0.0137580 secs] [Times: user=0.24 sys=0.00, real=0.01 secs] 
: 408862K->16924K(440896K), 0.0122150 secs] 8626003K->8236982K(12533952K), 0.0124810 secs] [Times: user=0.23 sys=0.00, real=0.01 secs] 
: 408860K->18319K(440896K), 0.0133020 secs] 8628918K->8241699K(12533952K), 0.0135120 secs] [Times: user=0.24 sys=0.00, real=0.01 secs] 
: 410255K->17823K(440896K), 0.0147210 secs] 8633635K->8246102K(12533952K), 0.0149220 secs] [Times: user=0.26 sys=0.00, real=0.01 secs] 
: 409759K->16350K(440896K), 0.0105670 secs] 8638038K->8248893K(12533952K), 0.0107820 secs] [Times: user=0.20 sys=0.00, real=0.01 secs] 
: 408286K->17061K(440896K), 0.0133990 secs] 8640829K->8252723K(12533952K), 0.0136160 secs] [Times: user=0.26 sys=0.00, real=0.01 secs] 
: 408997K->17060K(440896K), 0.0102680 secs] 8644659K->8257234K(12533952K), 0.0104420 secs] [Times: user=0.17 sys=0.00, real=0.01 secs] 
: 408996K->16129K(440896K), 0.0147660 secs] 8649170K->8261010K(12533952K), 0.0150100 secs] [Times: user=0.28 sys=0.00, real=0.01 secs] 
: 408065K->17214K(440896K), 0.0111660 secs] 8652946K->8265127K(12533952K), 0.0114000 secs] [Times: user=0.20 sys=0.00, real=0.01 secs] 
: 409150K->17993K(440896K), 0.0111020 secs] 8657063K->8269582K(12533952K), 0.0113100 secs] [Times: user=0.20 sys=0.00, real=0.01 secs] 
: 409929K->17918K(440896K), 0.0132360 secs] 8661518K->8274028K(12533952K), 0.0134720 secs] [Times: user=0.24 sys=0.00, real=0.01 secs] 
: 409854K->17433K(440896K), 0.0121080 secs] 8665964K->8277456K(12533952K), 0.0123070 secs] [Times: user=0.23 sys=0.00, real=0.01 secs] 
: 409369K->17211K(440896K), 0.0125220 secs] 8669392K->8280977K(12533952K), 0.0127580 secs] [Times: user=0.23 sys=0.00, real=0.01 secs] 
: 409147K->16295K(440896K), 0.0120150 secs] 8672913K->8284509K(12533952K), 0.0121910 secs] [Times: user=0.22 sys=0.00, real=0.01 secs] 
: 408231K->17185K(440896K), 0.0125230 secs] 8676445K->8289527K(12533952K), 0.0127350 secs] [Times: user=0.24 sys=0.00, real=0.01 secs] 
: 409121K->17681K(440896K), 0.0105620 secs] 8681463K->8293870K(12533952K), 0.0107810 secs] [Times: user=0.19 sys=0.00, real=0.01 secs] 
: 409481K->17563K(440896K), 0.0127770 secs] 8685670K->8297332K(12533952K), 0.0130000 secs] [Times: user=0.23 sys=0.00, real=0.01 secs] 
: 409499K->18329K(440896K), 0.0109520 secs] 8689268K->8301645K(12533952K), 0.0111630 secs] [Times: user=0.21 sys=0.00, real=0.01 secs] 
: 410265K->17736K(440896K), 0.0112900 secs] 8693581K->8305955K(12533952K), 0.0115110 secs] [Times: user=0.21 sys=0.00, real=0.01 secs] 
: 409672K->17334K(440896K), 0.0111600 secs] 8697891K->8309807K(12533952K), 0.0114030 secs] [Times: user=0.21 sys=0.00, real=0.01 secs] 
: 409270K->16770K(440896K), 0.0125360 secs] 8701743K->8313089K(12533952K), 0.0127710 secs] [Times: user=0.24 sys=0.00, real=0.01 secs] 
: 408706K->16387K(440896K), 0.0139220 secs] 8705025K->8316962K(12533952K), 0.0141440 secs] [Times: user=0.26 sys=0.00, real=0.02 secs] 
: 408323K->15738K(440896K), 0.0138480 secs] 8708898K->8320771K(12533952K), 0.0140660 secs] [Times: user=0.25 sys=0.00, real=0.01 secs] 
: 407674K->15922K(440896K), 0.0126650 secs] 8712707K->8324756K(12533952K), 0.0128770 secs] [Times: user=0.23 sys=0.00, real=0.01 secs] 
: 407858K->16344K(440896K), 0.0135100 secs] 8716692K->8328405K(12533952K), 0.0137240 secs] [Times: user=0.26 sys=0.00, real=0.02 secs] 
: 408280K->16139K(440896K), 0.0101330 secs] 8720341K->8331967K(12533952K), 0.0103520 secs] [Times: user=0.19 sys=0.00, real=0.01 secs] 
: 408075K->15561K(440896K), 0.0139080 secs] 8723903K->8335463K(12533952K), 0.0140970 secs] [Times: user=0.27 sys=0.00, real=0.02 secs] 
: 407497K->15083K(440896K), 0.0135440 secs] 8727399K->8338758K(12533952K), 0.0137510 secs] [Times: user=0.25 sys=0.00, real=0.01 secs] 
: 407019K->15827K(440896K), 0.0126730 secs] 8730694K->8343124K(12533952K), 0.0129040 secs] [Times: user=0.24 sys=0.00, real=0.01 secs] 
: 407763K->15036K(440896K), 0.0109090 secs] 8735060K->8345945K(12533952K), 0.0111110 secs] [Times: user=0.19 sys=0.00, real=0.01 secs] 
: 406972K->15221K(440896K), 0.0126490 secs] 8737881K->8349752K(12533952K), 0.0128840 secs] [Times: user=0.23 sys=0.01, real=0.01 secs] 
: 407157K->16068K(440896K), 0.0106510 secs] 8741688K->8353709K(12533952K), 0.0108730 secs] [Times: user=0.20 sys=0.00, real=0.01 secs] 
: 408004K->16485K(440896K), 0.0113290 secs] 8745645K->8358510K(12533952K), 0.0115200 secs] [Times: user=0.21 sys=0.00, real=0.01 secs] 
: 408421K->18289K(440896K), 0.0103340 secs] 8750446K->8363349K(12533952K), 0.0105580 secs] [Times: user=0.19 sys=0.00, real=0.01 secs] 
: 410225K->17704K(440896K), 0.0138080 secs] 8755285K->8366574K(12533952K), 0.0140100 secs] [Times: user=0.26 sys=0.00, real=0.01 secs] 
: 409640K->18359K(440896K), 0.0109840 secs] 8758510K->8371123K(12533952K), 0.0112010 secs] [Times: user=0.20 sys=0.01, real=0.01 secs] 
: 410295K->18780K(440896K), 0.0112000 secs] 8763059K->8376249K(12533952K), 0.0114360 secs] [Times: user=0.22 sys=0.00, real=0.01 secs] 
: 410716K->19133K(440896K), 0.0151620 secs] 8768185K->8381312K(12533952K), 0.0154390 secs] [Times: user=0.30 sys=0.00, real=0.02 secs] 
: 411069K->19114K(440896K), 0.0137880 secs] 8773248K->8384413K(12533952K), 0.0140320 secs] [Times: user=0.28 sys=0.00, real=0.02 secs] 
: 411050K->18421K(440896K), 0.0135850 secs] 8776349K->8388366K(12533952K), 0.0138050 secs] [Times: user=0.27 sys=0.00, real=0.02 secs] 
: 410357K->16590K(440896K), 0.0153530 secs] 8780302K->8391938K(12533952K), 0.0155670 secs] [Times: user=0.29 sys=0.00, real=0.02 secs] 
: 408526K->16619K(440896K), 0.0113560 secs] 8783874K->8396934K(12533952K), 0.0115930 secs] [Times: user=0.20 sys=0.01, real=0.01 secs] 
: 408555K->17278K(440896K), 0.0112280 secs] 8788870K->8400625K(12533952K), 0.0114680 secs] [Times: user=0.21 sys=0.00, real=0.01 secs] 
: 409214K->16281K(440896K), 0.0105620 secs] 8792561K->8403663K(12533952K), 0.0108260 secs] [Times: user=0.20 sys=0.00, real=0.01 secs] 
: 408217K->17314K(440896K), 0.0109610 secs] 8795599K->8408049K(12533952K), 0.0111690 secs] [Times: user=0.20 sys=0.00, real=0.01 secs] 
: 409250K->15559K(440896K), 0.0104070 secs] 8799985K->8411330K(12533952K), 0.0105870 secs] [Times: user=0.22 sys=0.00, real=0.01 secs] 
: 407495K->16038K(440896K), 0.0110860 secs] 8803266K->8415502K(12533952K), 0.0113310 secs] [Times: user=0.19 sys=0.00, real=0.01 secs] 
: 407974K->17392K(440896K), 0.0094150 secs] 8807438K->8419896K(12533952K), 0.0096620 secs] [Times: user=0.19 sys=0.00, real=0.01 secs] 
: 409328K->18635K(440896K), 0.0117290 secs] 8811832K->8425723K(12533952K), 0.0119080 secs] [Times: user=0.22 sys=0.00, real=0.01 secs] 
: 410571K->19324K(440896K), 0.0110370 secs] 8817659K->8429572K(12533952K), 0.0112680 secs] [Times: user=0.21 sys=0.00, real=0.01 secs] 
: 411260K->19717K(440896K), 0.0103490 secs] 8821508K->8434053K(12533952K), 0.0105880 secs] [Times: user=0.20 sys=0.00, real=0.01 secs] 
: 411653K->18188K(440896K), 0.0150230 secs] 8825989K->8436782K(12533952K), 0.0152060 secs] [Times: user=0.29 sys=0.00, real=0.02 secs] 
: 410124K->16400K(440896K), 0.0106920 secs] 8828718K->8440994K(12533952K), 0.0111800 secs] [Times: user=0.19 sys=0.00, real=0.01 secs] 
: 408336K->16513K(440896K), 0.0129600 secs] 8832930K->8444913K(12533952K), 0.0131720 secs] [Times: user=0.24 sys=0.00, real=0.01 secs] 
: 408449K->16032K(440896K), 0.0117960 secs] 8836849K->8448817K(12533952K), 0.0119890 secs] [Times: user=0.21 sys=0.00, real=0.01 secs] 
: 407968K->17262K(440896K), 0.0122630 secs] 8840753K->8452989K(12533952K), 0.0124790 secs] [Times: user=0.22 sys=0.00, real=0.01 secs] 
: 409198K->15288K(440896K), 0.0133660 secs] 8844925K->8455102K(12533952K), 0.0135820 secs] [Times: user=0.25 sys=0.00, real=0.02 secs] 
: 407224K->14957K(440896K), 0.0119450 secs] 8847038K->8458651K(12533952K), 0.0121930 secs] [Times: user=0.23 sys=0.00, real=0.01 secs] 
: 406893K->14544K(440896K), 0.0107670 secs] 8850587K->8462369K(12533952K), 0.0109350 secs] [Times: user=0.20 sys=0.00, real=0.01 secs] 
: 406480K->14232K(440896K), 0.0140890 secs] 8854305K->8466121K(12533952K), 0.0142770 secs] [Times: user=0.27 sys=0.00, real=0.02 secs] 
: 406168K->14761K(440896K), 0.0142230 secs] 8858057K->8468850K(12533952K), 0.0144390 secs] [Times: user=0.28 sys=0.00, real=0.02 secs] 
: 406697K->15068K(440896K), 0.0142980 secs] 8860786K->8472687K(12533952K), 0.0145270 secs] [Times: user=0.26 sys=0.00, real=0.02 secs] 
: 407004K->16468K(440896K), 0.0112390 secs] 8864623K->8477575K(12533952K), 0.0114750 secs] [Times: user=0.19 sys=0.00, real=0.01 secs] 
: 408404K->16755K(440896K), 0.0125350 secs] 8869511K->8481477K(12533952K), 0.0127680 secs] [Times: user=0.23 sys=0.00, real=0.01 secs] 
: 408691K->17841K(440896K), 0.0108780 secs] 8873413K->8485206K(12533952K), 0.0110780 secs] [Times: user=0.19 sys=0.00, real=0.01 secs] 
2015-04-01T19:59:06.007-0700: 13240146.079: [GC [1 CMS-initial-mark: 8467364K(12093056K)] 8485215K(12533952K), 0.0043640 secs] [Times: user=0.00 sys=0.01, real=0.01 secs] 
2015-04-01T19:59:06.271-0700: 13240146.344: [CMS-concurrent-mark: 0.260/0.260 secs] [Times: user=1.85 sys=0.01, real=0.26 secs] 
2015-04-01T19:59:06.299-0700: 13240146.372: [CMS-concurrent-preclean: 0.028/0.028 secs] [Times: user=0.06 sys=0.00, real=0.02 secs] 
: 409777K->17290K(440896K), 0.0102230 secs] 8877142K->8488592K(12533952K), 0.0104510 secs] [Times: user=0.17 sys=0.00, real=0.02 secs] 
2015-04-01T19:59:06.760-0700: 13240146.832: [CMS-concurrent-abortable-preclean: 0.448/0.460 secs] [Times: user=1.11 sys=0.04, real=0.46 secs] 
2015-04-01T19:59:06.761-0700: 13240146.834: [GC[YG occupancy: 221982 K (440896 K)]13240146.834: [Rescan (parallel) , 0.0059120 secs]13240146.840: [weak refs processing, 0.0040110 secs] [1 CMS-remark: 8471301K(12093056K)] 8693284K(12533952K), 0.0102270 secs] [Times: user=0.09 sys=0.00, real=0.01 secs] 
: 409226K->15128K(440896K), 0.0138470 secs] 8149729K->7760919K(12533952K), 0.0141070 secs] [Times: user=0.23 sys=0.00, real=0.02 secs] 
2015-04-01T19:59:07.436-0700: 13240147.508: [CMS-concurrent-sweep: 0.648/0.664 secs] [Times: user=1.61 sys=0.03, real=0.66 secs] 
2015-04-01T19:59:07.461-0700: 13240147.534: [CMS-concurrent-reset: 0.026/0.026 secs] [Times: user=0.06 sys=0.00, real=0.03 secs] 
: 407064K->15802K(440896K), 0.0103040 secs] 3684536K->3297087K(12533952K), 0.0105360 secs] [Times: user=0.18 sys=0.00, real=0.01 secs] 
: 407738K->16618K(440896K), 0.0138690 secs] 3689023K->3301522K(12533952K), 0.0140890 secs] [Times: user=0.27 sys=0.00, real=0.01 secs] 
: 408554K->16353K(440896K), 0.0102210 secs] 3693458K->3304806K(12533952K), 0.0104440 secs] [Times: user=0.18 sys=0.00, real=0.01 secs] 
: 408289K->17053K(440896K), 0.0103410 secs] 3696742K->3308472K(12533952K), 0.0105810 secs] [Times: user=0.18 sys=0.00, real=0.01 secs] 
: 408989K->17304K(440896K), 0.0113400 secs] 3700408K->3313285K(12533952K), 0.0115580 secs] [Times: user=0.21 sys=0.00, real=0.02 secs] 
: 409026K->15669K(440896K), 0.0146490 secs] 3705007K->3316190K(12533952K), 0.0148790 secs] [Times: user=0.28 sys=0.00, real=0.02 secs] 
: 407605K->16503K(440896K), 0.0092610 secs] 3708126K->3320342K(12533952K), 0.0094720 secs] [Times: user=0.15 sys=0.00, real=0.01 secs] 
: 408439K->17354K(440896K), 0.0124570 secs] 3712278K->3324738K(12533952K), 0.0126880 secs] [Times: user=0.24 sys=0.00, real=0.01 secs] 
: 409290K->16310K(440896K), 0.0108290 secs] 3716674K->3328188K(12533952K), 0.0110270 secs] [Times: user=0.19 sys=0.00, real=0.01 secs] 
: 408246K->18294K(440896K), 0.0136050 secs] 3720124K->3333397K(12533952K), 0.0138350 secs] [Times: user=0.25 sys=0.00, real=0.01 secs] 
: 410051K->17910K(440896K), 0.0103130 secs] 3725154K->3337293K(12533952K), 0.0105360 secs] [Times: user=0.18 sys=0.00, real=0.02 secs] 
: 409846K->16729K(440896K), 0.0117690 secs] 3729229K->3340430K(12533952K), 0.0119950 secs] [Times: user=0.23 sys=0.00, real=0.01 secs] 
: 408649K->40135K(440896K), 0.0117730 secs] 3732351K->3367129K(12533952K), 0.0119660 secs] [Times: user=0.22 sys=0.00, real=0.01 secs] 
: 432019K->48960K(440896K), 0.0204630 secs] 3759013K->3434432K(12533952K), 0.0206220 secs] [Times: user=0.31 sys=0.00, real=0.02 secs] 
: 440648K->48960K(440896K), 0.0213590 secs] 3826121K->3500630K(12533952K), 0.0215870 secs] [Times: user=0.31 sys=0.00, real=0.02 secs] 
: 440852K->48960K(440896K), 0.0199510 secs] 3892523K->3564759K(12533952K), 0.0201760 secs] [Times: user=0.24 sys=0.01, real=0.02 secs] 
: 440896K->48960K(440896K), 0.0183460 secs] 3956695K->3631231K(12533952K), 0.0185460 secs] [Times: user=0.26 sys=0.00, real=0.02 secs] 
: 440896K->48946K(440896K), 0.0206640 secs] 4023167K->3696153K(12533952K), 0.0208900 secs] [Times: user=0.30 sys=0.00, real=0.02 secs] 
: 440804K->48960K(440896K), 0.0224180 secs] 4088011K->3761533K(12533952K), 0.0229990 secs] [Times: user=0.32 sys=0.00, real=0.02 secs] 
: 440882K->48959K(440896K), 0.0212520 secs] 4153455K->3829726K(12533952K), 0.0214460 secs] [Times: user=0.30 sys=0.01, real=0.02 secs] 
: 440895K->48936K(440896K), 0.0202680 secs] 4221662K->3888560K(12533952K), 0.0204430 secs] [Times: user=0.31 sys=0.00, real=0.02 secs] 
: 440648K->48960K(440896K), 0.0237910 secs] 4280271K->3956507K(12533952K), 0.0240120 secs] [Times: user=0.27 sys=0.01, real=0.02 secs] 
: 440656K->48960K(440896K), 0.0309020 secs] 4348204K->4025332K(12533952K), 0.0311230 secs] [Times: user=0.25 sys=0.01, real=0.03 secs] 
: 440875K->48923K(440896K), 0.0256030 secs] 4417247K->4084730K(12533952K), 0.0257830 secs] [Times: user=0.32 sys=0.00, real=0.03 secs] 
: 440859K->48960K(440896K), 0.0207300 secs] 4476666K->4147243K(12533952K), 0.0209680 secs] [Times: user=0.28 sys=0.00, real=0.02 secs] 
: 440745K->48960K(440896K), 0.0198860 secs] 4539029K->4212292K(12533952K), 0.0201670 secs] [Times: user=0.25 sys=0.00, real=0.02 secs] 
: 440896K->48947K(440896K), 0.0164860 secs] 4604228K->4277071K(12533952K), 0.0166770 secs] [Times: user=0.24 sys=0.01, real=0.02 secs] 
: 440667K->48960K(440896K), 0.0185090 secs] 4668792K->4341132K(12533952K), 0.0187300 secs] [Times: user=0.24 sys=0.00, real=0.02 secs] 
: 440896K->48960K(440896K), 0.0211670 secs] 4733068K->4404716K(12533952K), 0.0214100 secs] [Times: user=0.30 sys=0.00, real=0.03 secs] 
: 440692K->48960K(440896K), 0.0188940 secs] 4796448K->4475049K(12533952K), 0.0191280 secs] [Times: user=0.24 sys=0.01, real=0.02 secs] 
: 440658K->48960K(440896K), 0.0188460 secs] 4866747K->4535641K(12533952K), 0.0191050 secs] [Times: user=0.28 sys=0.01, real=0.02 secs] 
: 440896K->48960K(440896K), 0.0218160 secs] 4927577K->4598824K(12533952K), 0.0220540 secs] [Times: user=0.29 sys=0.00, real=0.02 secs] 
: 440692K->48960K(440896K), 0.0218700 secs] 4990557K->4659189K(12533952K), 0.0221000 secs] [Times: user=0.27 sys=0.00, real=0.02 secs] 
: 440871K->48960K(440896K), 0.0226850 secs] 5051101K->4731428K(12533952K), 0.0229270 secs] [Times: user=0.26 sys=0.01, real=0.02 secs] 
: 440784K->48919K(440896K), 0.0217210 secs] 5123253K->4788165K(12533952K), 0.0218970 secs] [Times: user=0.29 sys=0.00, real=0.02 secs] 
: 440673K->48959K(440896K), 0.0276410 secs] 5179919K->4852102K(12533952K), 0.0278750 secs] [Times: user=0.32 sys=0.01, real=0.03 secs] 
: 440720K->48929K(440896K), 0.0200700 secs] 5243863K->4916360K(12533952K), 0.0202500 secs] [Times: user=0.23 sys=0.01, real=0.02 secs] 
: 440625K->48938K(440896K), 0.0232900 secs] 5308056K->4980964K(12533952K), 0.0235240 secs] [Times: user=0.28 sys=0.00, real=0.02 secs] 
: 440861K->48960K(440896K), 0.0245150 secs] 5372887K->5043876K(12533952K), 0.0247720 secs] [Times: user=0.25 sys=0.00, real=0.03 secs] 
: 440743K->48960K(440896K), 0.0208860 secs] 5435659K->5108085K(12533952K), 0.0211090 secs] [Times: user=0.26 sys=0.01, real=0.02 secs] 
: 440651K->48960K(440896K), 0.0217950 secs] 5499776K->5178127K(12533952K), 0.0220120 secs] [Times: user=0.27 sys=0.00, real=0.02 secs] 
: 440835K->48960K(440896K), 0.0174920 secs] 5570002K->5239006K(12533952K), 0.0176730 secs] [Times: user=0.26 sys=0.00, real=0.02 secs] 
: 440896K->48960K(440896K), 0.0216040 secs] 5630942K->5303280K(12533952K), 0.0218270 secs] [Times: user=0.30 sys=0.00, real=0.03 secs] 
: 440795K->48960K(440896K), 0.0179560 secs] 5695116K->5368317K(12533952K), 0.0181890 secs] [Times: user=0.24 sys=0.00, real=0.01 secs] 
: 440896K->48960K(440896K), 0.0208090 secs] 5760253K->5432504K(12533952K), 0.0210450 secs] [Times: user=0.30 sys=0.01, real=0.02 secs] 
: 440896K->48960K(440896K), 0.0209360 secs] 5824440K->5496912K(12533952K), 0.0211080 secs] [Times: user=0.31 sys=0.00, real=0.02 secs] 
: 440896K->48960K(440896K), 0.0213120 secs] 5888848K->5561476K(12533952K), 0.0216610 secs] [Times: user=0.32 sys=0.00, real=0.02 secs] 
: 440709K->48949K(440896K), 0.0231400 secs] 5953226K->5624215K(12533952K), 0.0233650 secs] [Times: user=0.30 sys=0.00, real=0.03 secs] 
: 440866K->48955K(440896K), 0.0212100 secs] 6016132K->5687822K(12533952K), 0.0214400 secs] [Times: user=0.29 sys=0.00, real=0.02 secs] 
: 440840K->48960K(440896K), 0.0209810 secs] 6079707K->5752727K(12533952K), 0.0212120 secs] [Times: user=0.30 sys=0.00, real=0.02 secs] 
: 440889K->48960K(440896K), 0.0198010 secs] 6144657K->5817459K(12533952K), 0.0200140 secs] [Times: user=0.28 sys=0.00, real=0.02 secs] 
: 440896K->48960K(440896K), 0.0231370 secs] 6209395K->5880556K(12533952K), 0.0233990 secs] [Times: user=0.32 sys=0.00, real=0.03 secs] 
: 440670K->48960K(440896K), 0.0197470 secs] 6272267K->5947321K(12533952K), 0.0203200 secs] [Times: user=0.28 sys=0.00, real=0.02 secs] 
: 440756K->48960K(440896K), 0.0173690 secs] 6339117K->6007765K(12533952K), 0.0175840 secs] [Times: user=0.24 sys=0.00, real=0.02 secs] 
: 440807K->48941K(440896K), 0.0199690 secs] 6399613K->6073044K(12533952K), 0.0201830 secs] [Times: user=0.26 sys=0.00, real=0.02 secs] 
: 440852K->48938K(440896K), 0.0223970 secs] 6464955K->6136745K(12533952K), 0.0226320 secs] [Times: user=0.34 sys=0.00, real=0.02 secs] 
: 440811K->48960K(440896K), 0.0234070 secs] 6528618K->6198929K(12533952K), 0.0236260 secs] [Times: user=0.27 sys=0.01, real=0.03 secs] 
: 440880K->48960K(440896K), 0.0269180 secs] 6590849K->6274255K(12533952K), 0.0271380 secs] [Times: user=0.33 sys=0.01, real=0.03 secs] 
: 440864K->48960K(440896K), 0.0242310 secs] 6666159K->6325236K(12533952K), 0.0244470 secs] [Times: user=0.33 sys=0.01, real=0.03 secs] 
: 440708K->48960K(440896K), 0.0208810 secs] 6716984K->6388760K(12533952K), 0.0211130 secs] [Times: user=0.29 sys=0.01, real=0.02 secs] 
: 440896K->48960K(440896K), 0.0191610 secs] 6780696K->6453094K(12533952K), 0.0193350 secs] [Times: user=0.27 sys=0.00, real=0.01 secs] 
: 440796K->48960K(440896K), 0.0207330 secs] 6844931K->6515848K(12533952K), 0.0212280 secs] [Times: user=0.32 sys=0.00, real=0.02 secs] 
: 440862K->48918K(440896K), 0.0202500 secs] 6907750K->6579582K(12533952K), 0.0204540 secs] [Times: user=0.31 sys=0.00, real=0.02 secs] 
: 440854K->48947K(440896K), 0.0204680 secs] 6971518K->6650482K(12533952K), 0.0209910 secs] [Times: user=0.25 sys=0.00, real=0.02 secs] 
: 440651K->48960K(440896K), 0.0186570 secs] 7042186K->6710751K(12533952K), 0.0189010 secs] [Times: user=0.25 sys=0.00, real=0.02 secs] 
: 440680K->48919K(440896K), 0.0229220 secs] 7102472K->6774483K(12533952K), 0.0231220 secs] [Times: user=0.33 sys=0.00, real=0.02 secs] 
: 440855K->48960K(440896K), 0.0223620 secs] 7166419K->6840632K(12533952K), 0.0225550 secs] [Times: user=0.27 sys=0.00, real=0.03 secs] 
: 440882K->48960K(440896K), 0.0250160 secs] 7232555K->6903794K(12533952K), 0.0252110 secs] [Times: user=0.37 sys=0.00, real=0.03 secs] 
: 440742K->48960K(440896K), 0.0222970 secs] 7295576K->6962839K(12533952K), 0.0224990 secs] [Times: user=0.33 sys=0.00, real=0.02 secs] 
: 440741K->48903K(440896K), 0.0247420 secs] 7354621K->7025329K(12533952K), 0.0249430 secs] [Times: user=0.29 sys=0.00, real=0.03 secs] 
: 440839K->48960K(440896K), 0.0267170 secs] 7417265K->7091737K(12533952K), 0.0269180 secs] [Times: user=0.33 sys=0.01, real=0.03 secs] 
: 440771K->48938K(440896K), 0.0198080 secs] 7483549K->7156925K(12533952K), 0.0200120 secs] [Times: user=0.25 sys=0.01, real=0.02 secs] 
: 440826K->48960K(440896K), 0.0243470 secs] 7548813K->7222278K(12533952K), 0.0245500 secs] [Times: user=0.32 sys=0.01, real=0.03 secs] 
: 440707K->48926K(440896K), 0.0189830 secs] 7614025K->7285125K(12533952K), 0.0191320 secs] [Times: user=0.26 sys=0.01, real=0.02 secs] 
: 440711K->48934K(440896K), 0.0181390 secs] 7676910K->7339169K(12533952K), 0.0183620 secs] [Times: user=0.25 sys=0.01, real=0.02 secs] 
: 440781K->4306K(440896K), 0.0177760 secs] 7731016K->7342777K(12533952K), 0.0179640 secs] [Times: user=0.24 sys=0.00, real=0.02 secs] 
: 396236K->10510K(440896K), 0.0098820 secs] 7734708K->7348981K(12533952K), 0.0101470 secs] [Times: user=0.17 sys=0.01, real=0.01 secs] 
: 402439K->24831K(440896K), 0.0127060 secs] 7740911K->7363303K(12533952K), 0.0132020 secs] [Times: user=0.24 sys=0.00, real=0.01 secs] 
: 415955K->35055K(440896K), 0.0121120 secs] 7754427K->7373526K(12533952K), 0.0122900 secs] [Times: user=0.21 sys=0.00, real=0.01 secs] 
: 425537K->24916K(440896K), 0.0149870 secs] 7764009K->7373259K(12533952K), 0.0151740 secs] [Times: user=0.21 sys=0.00, real=0.01 secs] 
: 416277K->29592K(440896K), 0.0104270 secs] 7764621K->7377935K(12533952K), 0.0106080 secs] [Times: user=0.17 sys=0.00, real=0.01 secs] 
: 420286K->17386K(440896K), 0.0233160 secs] 7768629K->7379295K(12533952K), 0.0234640 secs] [Times: user=0.22 sys=0.01, real=0.02 secs] 
: 409023K->8702K(440896K), 0.0146230 secs] 7770933K->7377563K(12533952K), 0.0148280 secs] [Times: user=0.19 sys=0.00, real=0.02 secs] 
: 399472K->5843K(440896K), 0.0115130 secs] 7768333K->7375155K(12533952K), 0.0117170 secs] [Times: user=0.22 sys=0.00, real=0.01 secs] 
: 397701K->42480K(440896K), 0.0146430 secs] 7767013K->7419527K(12533952K), 0.0148330 secs] [Times: user=0.27 sys=0.00, real=0.01 secs] 
: 434370K->48902K(440896K), 0.0241440 secs] 7811417K->7484067K(12533952K), 0.0243530 secs] [Times: user=0.32 sys=0.01, real=0.02 secs] 
: 440828K->48922K(440896K), 0.0226930 secs] 7875993K->7548344K(12533952K), 0.0228940 secs] [Times: user=0.31 sys=0.00, real=0.03 secs] 
: 440651K->44993K(440896K), 0.0145540 secs] 7940073K->7592026K(12533952K), 0.0146910 secs] [Times: user=0.23 sys=0.00, real=0.02 secs] 
: 436921K->652K(440896K), 0.0171130 secs] 7983954K->7592354K(12533952K), 0.0172890 secs] [Times: user=0.24 sys=0.00, real=0.02 secs] 
: 392583K->9375K(440896K), 0.0107680 secs] 7984285K->7601077K(12533952K), 0.0109450 secs] [Times: user=0.19 sys=0.00, real=0.01 secs] 
: 401081K->37955K(440896K), 0.0142420 secs] 7992783K->7629658K(12533952K), 0.0144020 secs] [Times: user=0.27 sys=0.00, real=0.02 secs] 
: 429489K->25722K(440896K), 0.1303510 secs] 8021191K->7652483K(12533952K), 0.1304960 secs] [Times: user=0.55 sys=0.04, real=0.13 secs] 
: 416025K->16916K(440896K), 0.0133050 secs] 8042787K->7643678K(12533952K), 0.0134740 secs] [Times: user=0.26 sys=0.00, real=0.01 secs] 
: 408829K->15396K(440896K), 0.0098710 secs] 8035590K->7642157K(12533952K), 0.0100390 secs] [Times: user=0.17 sys=0.00, real=0.01 secs] 
: 407306K->17582K(440896K), 0.0097830 secs] 8034067K->7644343K(12533952K), 0.0099300 secs] [Times: user=0.18 sys=0.00, real=0.01 secs] 
: 407899K->11479K(440896K), 0.0287910 secs] 8034661K->7647906K(12533952K), 0.0289180 secs] [Times: user=0.23 sys=0.00, real=0.03 secs] 
: 403278K->4928K(440896K), 0.0133970 secs] 8039705K->7641379K(12533952K), 0.0136100 secs] [Times: user=0.25 sys=0.00, real=0.01 secs] 
: 396622K->33401K(440896K), 0.0199030 secs] 8033073K->7745109K(12533952K), 0.0201000 secs] [Times: user=0.38 sys=0.00, real=0.02 secs] 
: 425337K->48960K(440896K), 0.0321840 secs] 8137045K->7805516K(12533952K), 0.0324200 secs] [Times: user=0.44 sys=0.00, real=0.03 secs] 
: 440896K->48960K(440896K), 0.0377180 secs] 8197452K->7864533K(12533952K), 0.0379480 secs] [Times: user=0.44 sys=0.01, real=0.04 secs] 
: 440839K->48913K(440896K), 0.0251190 secs] 8256413K->7923449K(12533952K), 0.0253520 secs] [Times: user=0.36 sys=0.00, real=0.02 secs] 
: 440671K->48960K(440896K), 0.0215720 secs] 8315207K->7986484K(12533952K), 0.0218460 secs] [Times: user=0.31 sys=0.01, real=0.02 secs] 
: 440861K->48960K(440896K), 0.0224540 secs] 8378385K->8052117K(12533952K), 0.0227230 secs] [Times: user=0.30 sys=0.00, real=0.02 secs] 
: 440896K->48960K(440896K), 0.0227910 secs] 8444053K->8115267K(12533952K), 0.0229910 secs] [Times: user=0.31 sys=0.01, real=0.02 secs] 
: 440713K->48960K(440896K), 0.0199080 secs] 8507020K->8176078K(12533952K), 0.0201130 secs] [Times: user=0.31 sys=0.00, real=0.02 secs] 
: 440872K->48938K(440896K), 0.0228060 secs] 8567990K->8242159K(12533952K), 0.0230160 secs] [Times: user=0.30 sys=0.00, real=0.02 secs] 
: 440874K->48948K(440896K), 0.0247650 secs] 8634095K->8304828K(12533952K), 0.0249630 secs] [Times: user=0.40 sys=0.01, real=0.02 secs] 
: 440785K->48960K(440896K), 0.0202930 secs] 8696666K->8381539K(12533952K), 0.0204500 secs] [Times: user=0.28 sys=0.00, real=0.02 secs] 
: 440837K->48960K(440896K), 0.0194400 secs] 8773417K->8433969K(12533952K), 0.0195970 secs] [Times: user=0.35 sys=0.00, real=0.02 secs] 
: 440888K->48960K(440896K), 0.0254440 secs] 8825897K->8495781K(12533952K), 0.0256510 secs] [Times: user=0.36 sys=0.00, real=0.02 secs] 
: 440667K->48960K(440896K), 0.0194040 secs] 8887489K->8558892K(12533952K), 0.0195580 secs] [Times: user=0.28 sys=0.00, real=0.02 secs] 
2015-04-01T20:17:25.353-0700: 13241245.426: [GC [1 CMS-initial-mark: 8509932K(12093056K)] 8559383K(12533952K), 0.0040440 secs] [Times: user=0.01 sys=0.00, real=0.00 secs] 
2015-04-01T20:17:25.666-0700: 13241245.738: [CMS-concurrent-mark: 0.308/0.308 secs] [Times: user=1.88 sys=0.00, real=0.31 secs] 
2015-04-01T20:17:25.702-0700: 13241245.775: [CMS-concurrent-preclean: 0.037/0.037 secs] [Times: user=0.04 sys=0.00, real=0.04 secs] 
 CMS: abort preclean due to time 2015-04-01T20:17:30.812-0700: 13241250.885: [CMS-concurrent-abortable-preclean: 2.704/5.109 secs] [Times: user=2.92 sys=0.06, real=5.11 secs] 
2015-04-01T20:17:30.813-0700: 13241250.886: [GC[YG occupancy: 111671 K (440896 K)]13241250.886: [Rescan (parallel) , 0.0067730 secs]13241250.893: [weak refs processing, 0.0057050 secs] [1 CMS-remark: 8509932K(12093056K)] 8621604K(12533952K), 0.0128930 secs] [Times: user=0.11 sys=0.00, real=0.01 secs] 
2015-04-01T20:17:31.548-0700: 13241251.621: [CMS-concurrent-sweep: 0.722/0.722 secs] [Times: user=0.76 sys=0.00, real=0.72 secs] 
2015-04-01T20:17:31.576-0700: 13241251.648: [CMS-concurrent-reset: 0.027/0.027 secs] [Times: user=0.03 sys=0.00, real=0.03 secs] 
: 440835K->48960K(440896K), 0.0204130 secs] 3857763K->3528985K(12533952K), 0.0206100 secs] [Times: user=0.31 sys=0.00, real=0.03 secs] 
: 440657K->48960K(440896K), 0.0178260 secs] 3920682K->3591446K(12533952K), 0.0179820 secs] [Times: user=0.28 sys=0.01, real=0.02 secs] 
: 440711K->48960K(440896K), 0.0196310 secs] 3983197K->3655948K(12533952K), 0.0198330 secs] [Times: user=0.31 sys=0.00, real=0.02 secs] 
: 440711K->48960K(440896K), 0.0214140 secs] 4047700K->3725310K(12533952K), 0.0215710 secs] [Times: user=0.24 sys=0.00, real=0.02 secs] 
: 440747K->48960K(440896K), 0.0190140 secs] 4117098K->3781356K(12533952K), 0.0191580 secs] [Times: user=0.31 sys=0.00, real=0.02 secs] 
: 440720K->48960K(440896K), 0.0208360 secs] 4173117K->3849103K(12533952K), 0.0210020 secs] [Times: user=0.33 sys=0.00, real=0.02 secs] 
: 440732K->48960K(440896K), 0.0208910 secs] 4240876K->3915209K(12533952K), 0.0211200 secs] [Times: user=0.32 sys=0.01, real=0.02 secs] 
: 440896K->48960K(440896K), 0.0223100 secs] 4307145K->3984266K(12533952K), 0.0224760 secs] [Times: user=0.31 sys=0.00, real=0.02 secs] 
: 440896K->48960K(440896K), 0.0205860 secs] 4376202K->4046988K(12533952K), 0.0208000 secs] [Times: user=0.25 sys=0.01, real=0.02 secs] 
: 440835K->48960K(440896K), 0.0309360 secs] 4438864K->4108742K(12533952K), 0.0311340 secs] [Times: user=0.25 sys=0.01, real=0.03 secs] 
: 440896K->48960K(440896K), 0.0196170 secs] 4500678K->4171794K(12533952K), 0.0197710 secs] [Times: user=0.28 sys=0.00, real=0.02 secs] 
: 440896K->48960K(440896K), 0.0204350 secs] 4563730K->4239086K(12533952K), 0.0206370 secs] [Times: user=0.27 sys=0.00, real=0.03 secs] 
: 440842K->48960K(440896K), 0.0197830 secs] 4630969K->4301108K(12533952K), 0.0199450 secs] [Times: user=0.31 sys=0.00, real=0.02 secs] 
: 440896K->48960K(440896K), 0.0204850 secs] 4693044K->4365703K(12533952K), 0.0206990 secs] [Times: user=0.29 sys=0.00, real=0.02 secs] 
: 440801K->48960K(440896K), 0.0165620 secs] 4757545K->4428073K(12533952K), 0.0167250 secs] [Times: user=0.24 sys=0.00, real=0.02 secs] 
: 440896K->48960K(440896K), 0.0226490 secs] 4820009K->4491332K(12533952K), 0.0228020 secs] [Times: user=0.35 sys=0.00, real=0.03 secs] 
: 440643K->48960K(440896K), 0.0193500 secs] 4883015K->4559064K(12533952K), 0.0195130 secs] [Times: user=0.30 sys=0.00, real=0.02 secs] 
: 440896K->48960K(440896K), 0.0202720 secs] 4951000K->4616381K(12533952K), 0.0204280 secs] [Times: user=0.31 sys=0.00, real=0.02 secs] 
: 440882K->48960K(440896K), 0.0210060 secs] 5008303K->4680521K(12533952K), 0.0211690 secs] [Times: user=0.30 sys=0.01, real=0.02 secs] 
: 440873K->48960K(440896K), 0.0236830 secs] 5072435K->4741300K(12533952K), 0.0238690 secs] [Times: user=0.33 sys=0.01, real=0.02 secs] 
: 440896K->48960K(440896K), 0.0215980 secs] 5133236K->4810738K(12533952K), 0.0217650 secs] [Times: user=0.31 sys=0.01, real=0.03 secs] 
: 440863K->48960K(440896K), 0.0317140 secs] 5202641K->4866437K(12533952K), 0.0319210 secs] [Times: user=0.32 sys=0.00, real=0.03 secs] 
: 440896K->48960K(440896K), 0.0268250 secs] 5258373K->4931026K(12533952K), 0.0270170 secs] [Times: user=0.31 sys=0.01, real=0.02 secs] 
: 440896K->48960K(440896K), 0.0196700 secs] 5322962K->4995613K(12533952K), 0.0198400 secs] [Times: user=0.28 sys=0.01, real=0.02 secs] 
: 440896K->48960K(440896K), 0.0228850 secs] 5387549K->5066269K(12533952K), 0.0231230 secs] [Times: user=0.28 sys=0.01, real=0.03 secs] 
: 440655K->48960K(440896K), 0.0196230 secs] 5457965K->5124410K(12533952K), 0.0197680 secs] [Times: user=0.28 sys=0.01, real=0.02 secs] 
: 440878K->48960K(440896K), 0.0208830 secs] 5516329K->5184510K(12533952K), 0.0210870 secs] [Times: user=0.30 sys=0.01, real=0.02 secs] 
: 440719K->48960K(440896K), 0.0239850 secs] 5576269K->5246643K(12533952K), 0.0241680 secs] [Times: user=0.27 sys=0.00, real=0.03 secs] 
: 440836K->48960K(440896K), 0.0225590 secs] 5638519K->5315746K(12533952K), 0.0227760 secs] [Times: user=0.29 sys=0.00, real=0.02 secs] 
: 440832K->48960K(440896K), 0.0189760 secs] 5707619K->5379924K(12533952K), 0.0192130 secs] [Times: user=0.24 sys=0.00, real=0.02 secs] 
: 440858K->48960K(440896K), 0.0231320 secs] 5771823K->5444926K(12533952K), 0.0234120 secs] [Times: user=0.33 sys=0.00, real=0.03 secs] 
: 440701K->48960K(440896K), 0.0193880 secs] 5836668K->5507509K(12533952K), 0.0196040 secs] [Times: user=0.28 sys=0.00, real=0.02 secs] 
: 440896K->48960K(440896K), 0.0216220 secs] 5899445K->5568762K(12533952K), 0.0218840 secs] [Times: user=0.30 sys=0.00, real=0.02 secs] 
: 440690K->48960K(440896K), 0.0270310 secs] 5960492K->5637327K(12533952K), 0.0273120 secs] [Times: user=0.29 sys=0.01, real=0.03 secs] 
: 440662K->48960K(440896K), 0.0227200 secs] 6029030K->5700512K(12533952K), 0.0229490 secs] [Times: user=0.29 sys=0.00, real=0.02 secs] 
: 440721K->48960K(440896K), 0.0231760 secs] 6092273K->5768415K(12533952K), 0.0234400 secs] [Times: user=0.32 sys=0.00, real=0.03 secs] 
: 440853K->48960K(440896K), 0.0192910 secs] 6160308K->5830961K(12533952K), 0.0195630 secs] [Times: user=0.27 sys=0.01, real=0.02 secs] 
: 440660K->48960K(440896K), 0.0193610 secs] 6222662K->5897423K(12533952K), 0.0196440 secs] [Times: user=0.25 sys=0.01, real=0.02 secs] 
: 440890K->48960K(440896K), 0.0219390 secs] 6289353K->5961277K(12533952K), 0.0222060 secs] [Times: user=0.27 sys=0.01, real=0.03 secs] 
: 440787K->48960K(440896K), 0.0200600 secs] 6353105K->6029872K(12533952K), 0.0203270 secs] [Times: user=0.28 sys=0.01, real=0.02 secs] 
: 440880K->48960K(440896K), 0.0212270 secs] 6421792K->6093823K(12533952K), 0.0214850 secs] [Times: user=0.25 sys=0.00, real=0.02 secs] 
: 440889K->48960K(440896K), 0.0198160 secs] 6485753K->6152161K(12533952K), 0.0200270 secs] [Times: user=0.30 sys=0.00, real=0.02 secs] 
: 440661K->48960K(440896K), 0.0252220 secs] 6543862K->6214877K(12533952K), 0.0254390 secs] [Times: user=0.33 sys=0.00, real=0.02 secs] 
: 440860K->48960K(440896K), 0.0289940 secs] 6606778K->6277692K(12533952K), 0.0292160 secs] [Times: user=0.32 sys=0.00, real=0.03 secs] 
: 440896K->48960K(440896K), 0.0242090 secs] 6669628K->6339723K(12533952K), 0.0244310 secs] [Times: user=0.30 sys=0.01, real=0.03 secs] 
: 440884K->48960K(440896K), 0.0203860 secs] 6731647K->6400140K(12533952K), 0.0205590 secs] [Times: user=0.29 sys=0.01, real=0.03 secs] 
: 440743K->48960K(440896K), 0.0217850 secs] 6791923K->6467363K(12533952K), 0.0219810 secs] [Times: user=0.30 sys=0.00, real=0.03 secs] 
: 440786K->48960K(440896K), 0.0210340 secs] 6859189K->6529456K(12533952K), 0.0212530 secs] [Times: user=0.28 sys=0.00, real=0.02 secs] 
: 440870K->48960K(440896K), 0.0213760 secs] 6921367K->6592130K(12533952K), 0.0215940 secs] [Times: user=0.30 sys=0.00, real=0.02 secs] 
: 440896K->48960K(440896K), 0.0180490 secs] 6984066K->6655102K(12533952K), 0.0182720 secs] [Times: user=0.24 sys=0.00, real=0.01 secs] 
: 440896K->48960K(440896K), 0.0216640 secs] 7047038K->6722600K(12533952K), 0.0218770 secs] [Times: user=0.28 sys=0.00, real=0.03 secs] 
: 440829K->48960K(440896K), 0.0225850 secs] 7114470K->6782125K(12533952K), 0.0228030 secs] [Times: user=0.34 sys=0.00, real=0.03 secs] 
: 440838K->48960K(440896K), 0.0221530 secs] 7174004K->6846596K(12533952K), 0.0223980 secs] [Times: user=0.31 sys=0.00, real=0.02 secs] 
: 440645K->48959K(440896K), 0.0207350 secs] 7238282K->6909095K(12533952K), 0.0209690 secs] [Times: user=0.26 sys=0.01, real=0.02 secs] 
: 440868K->48960K(440896K), 0.0201450 secs] 7301004K->6974219K(12533952K), 0.0204070 secs] [Times: user=0.28 sys=0.00, real=0.02 secs] 
: 440896K->48960K(440896K), 0.0234870 secs] 7366155K->7039585K(12533952K), 0.0236560 secs] [Times: user=0.30 sys=0.00, real=0.02 secs] 
: 440896K->48960K(440896K), 0.0207930 secs] 7431521K->7105360K(12533952K), 0.0209480 secs] [Times: user=0.30 sys=0.00, real=0.02 secs] 
: 440847K->48960K(440896K), 0.0214130 secs] 7497248K->7168188K(12533952K), 0.0216120 secs] [Times: user=0.32 sys=0.00, real=0.02 secs] 
: 440706K->48960K(440896K), 0.0232230 secs] 7559934K->7229909K(12533952K), 0.0234240 secs] [Times: user=0.28 sys=0.01, real=0.02 secs] 
: 440682K->48960K(440896K), 0.0239950 secs] 7621632K->7295344K(12533952K), 0.0242100 secs] [Times: user=0.31 sys=0.00, real=0.03 secs] 
: 440896K->48960K(440896K), 0.0213140 secs] 7687280K->7358739K(12533952K), 0.0215200 secs] [Times: user=0.25 sys=0.01, real=0.02 secs] 
: 440896K->48960K(440896K), 0.0171930 secs] 7750675K->7425436K(12533952K), 0.0173690 secs] [Times: user=0.24 sys=0.00, real=0.02 secs] 
: 440729K->48960K(440896K), 0.0200580 secs] 7817205K->7489022K(12533952K), 0.0202370 secs] [Times: user=0.25 sys=0.00, real=0.02 secs] 
: 440655K->48960K(440896K), 0.0236450 secs] 7880717K->7553192K(12533952K), 0.0238480 secs] [Times: user=0.28 sys=0.01, real=0.02 secs] 
: 440644K->48960K(440896K), 0.0260990 secs] 7944876K->7621994K(12533952K), 0.0263010 secs] [Times: user=0.29 sys=0.00, real=0.02 secs] 
: 440896K->48960K(440896K), 0.0247210 secs] 8013930K->7689108K(12533952K), 0.0249310 secs] [Times: user=0.38 sys=0.00, real=0.03 secs] 
: 440646K->48960K(440896K), 0.0217680 secs] 8080794K->7754800K(12533952K), 0.0219640 secs] [Times: user=0.24 sys=0.00, real=0.02 secs] 
: 440813K->48960K(440896K), 0.0204510 secs] 8146654K->7818010K(12533952K), 0.0206630 secs] [Times: user=0.29 sys=0.00, real=0.02 secs] 
: 440890K->48960K(440896K), 0.0194620 secs] 8209940K->7877848K(12533952K), 0.0196350 secs] [Times: user=0.22 sys=0.01, real=0.02 secs] 
: 439012K->48960K(440896K), 0.0185250 secs] 8267901K->7935146K(12533952K), 0.0186640 secs] [Times: user=0.29 sys=0.00, real=0.01 secs] 
: 440651K->48960K(440896K), 0.0211530 secs] 8326837K->7982504K(12533952K), 0.0213670 secs] [Times: user=0.28 sys=0.00, real=0.02 secs] 
: 440814K->20939K(440896K), 0.0106640 secs] 8374359K->7954484K(12533952K), 0.0108110 secs] [Times: user=0.19 sys=0.00, real=0.01 secs] 
: 412760K->13363K(440896K), 0.0126480 secs] 8346304K->7946908K(12533952K), 0.0129000 secs] [Times: user=0.22 sys=0.00, real=0.01 secs] 
: 403622K->12021K(440896K), 0.0108760 secs] 8337167K->7945566K(12533952K), 0.0111080 secs] [Times: user=0.21 sys=0.00, real=0.01 secs] 
: 402091K->10238K(440896K), 0.0164010 secs] 8335636K->7953274K(12533952K), 0.0166880 secs] [Times: user=0.27 sys=0.00, real=0.02 secs] 
: 400746K->9952K(440896K), 0.0144470 secs] 8343782K->7953053K(12533952K), 0.0146790 secs] [Times: user=0.28 sys=0.00, real=0.02 secs] 
: 401398K->10110K(440896K), 0.0126230 secs] 8344499K->7953229K(12533952K), 0.0128730 secs] [Times: user=0.24 sys=0.00, real=0.02 secs] 
: 400063K->9950K(440896K), 0.0123020 secs] 8343181K->7953198K(12533952K), 0.0125740 secs] [Times: user=0.22 sys=0.00, real=0.01 secs] 
: 400093K->24782K(440896K), 0.0171470 secs] 8343340K->7976792K(12533952K), 0.0173630 secs] [Times: user=0.27 sys=0.00, real=0.02 secs] 
: 416072K->18873K(440896K), 0.0113430 secs] 8368082K->7971013K(12533952K), 0.0115100 secs] [Times: user=0.19 sys=0.00, real=0.01 secs] 
: 410212K->19059K(440896K), 0.0152490 secs] 8362352K->7971199K(12533952K), 0.0154390 secs] [Times: user=0.28 sys=0.00, real=0.02 secs] 
: 410492K->19194K(440896K), 0.0137350 secs] 8362632K->7971400K(12533952K), 0.0139190 secs] [Times: user=0.25 sys=0.00, real=0.02 secs] 
: 409568K->26216K(440896K), 0.0197370 secs] 8361774K->7993847K(12533952K), 0.0199410 secs] [Times: user=0.31 sys=0.00, real=0.02 secs] 
: 417838K->480K(440896K), 0.0152310 secs] 8385469K->7989668K(12533952K), 0.0154020 secs] [Times: user=0.20 sys=0.00, real=0.01 secs] 
: 391538K->347K(440896K), 0.0141220 secs] 8380726K->7989535K(12533952K), 0.0143210 secs] [Times: user=0.27 sys=0.00, real=0.01 secs] 
: 391843K->1215K(440896K), 0.0091550 secs] 8381031K->7990403K(12533952K), 0.0093450 secs] [Times: user=0.17 sys=0.00, real=0.01 secs] 
: 392637K->10913K(440896K), 0.0114880 secs] 8381826K->8000102K(12533952K), 0.0116860 secs] [Times: user=0.23 sys=0.00, real=0.01 secs] 
: 400910K->11840K(440896K), 0.0144360 secs] 8390098K->8001046K(12533952K), 0.0146670 secs] [Times: user=0.27 sys=0.00, real=0.01 secs] 
: 402030K->11805K(440896K), 0.0148930 secs] 8391236K->8001016K(12533952K), 0.0151330 secs] [Times: user=0.27 sys=0.00, real=0.01 secs] 
: 403376K->13475K(440896K), 0.0128130 secs] 8392587K->8003486K(12533952K), 0.0130020 secs] [Times: user=0.25 sys=0.00, real=0.01 secs] 
: 403876K->3407K(440896K), 0.0132820 secs] 8393887K->8003213K(12533952K), 0.0134840 secs] [Times: user=0.21 sys=0.00, real=0.01 secs] 
: 393354K->2760K(440896K), 0.0101730 secs] 8393160K->8002601K(12533952K), 0.0103510 secs] [Times: user=0.17 sys=0.00, real=0.01 secs] 
: 392724K->2482K(440896K), 0.0118250 secs] 8392565K->8002592K(12533952K), 0.0120350 secs] [Times: user=0.21 sys=0.00, real=0.01 secs] 
: 394405K->34653K(440896K), 0.0163300 secs] 8394515K->8034763K(12533952K), 0.0165860 secs] [Times: user=0.30 sys=0.00, real=0.02 secs] 
: 426446K->48960K(440896K), 0.0248870 secs] 8426556K->8112082K(12533952K), 0.0250640 secs] [Times: user=0.35 sys=0.00, real=0.02 secs] 
: 440823K->48960K(440896K), 0.0227300 secs] 8503946K->8144485K(12533952K), 0.0228980 secs] [Times: user=0.34 sys=0.00, real=0.02 secs] 
: 440892K->48960K(440896K), 0.0220330 secs] 8536418K->8206499K(12533952K), 0.0222770 secs] [Times: user=0.33 sys=0.00, real=0.02 secs] 
: 440896K->48960K(440896K), 0.0241980 secs] 8598435K->8268698K(12533952K), 0.0244240 secs] [Times: user=0.35 sys=0.00, real=0.03 secs] 
: 440815K->48960K(440896K), 0.0243810 secs] 8660554K->8328088K(12533952K), 0.0245660 secs] [Times: user=0.33 sys=0.00, real=0.03 secs] 
: 440689K->48919K(440896K), 0.0226660 secs] 8719818K->8387219K(12533952K), 0.0229110 secs] [Times: user=0.30 sys=0.00, real=0.02 secs] 
: 440652K->48960K(440896K), 0.0197520 secs] 8778952K->8449624K(12533952K), 0.0199510 secs] [Times: user=0.27 sys=0.00, real=0.02 secs] 
: 440717K->48960K(440896K), 0.0211930 secs] 8841382K->8513607K(12533952K), 0.0214090 secs] [Times: user=0.31 sys=0.01, real=0.03 secs] 
: 440896K->48919K(440896K), 0.0230070 secs] 8905543K->8583561K(12533952K), 0.0232290 secs] [Times: user=0.29 sys=0.00, real=0.03 secs] 
2015-04-01T20:40:04.367-0700: 13242604.439: [GC [1 CMS-initial-mark: 8534642K(12093056K)] 8583632K(12533952K), 0.0036310 secs] [Times: user=0.01 sys=0.00, real=0.00 secs] 
2015-04-01T20:40:04.712-0700: 13242604.785: [CMS-concurrent-mark: 0.342/0.342 secs] [Times: user=2.08 sys=0.00, real=0.34 secs] 
2015-04-01T20:40:04.746-0700: 13242604.819: [CMS-concurrent-preclean: 0.034/0.034 secs] [Times: user=0.04 sys=0.00, real=0.04 secs] 
 CMS: abort preclean due to time 2015-04-01T20:40:09.854-0700: 13242609.927: [CMS-concurrent-abortable-preclean: 2.003/5.108 secs] [Times: user=2.33 sys=0.12, real=5.10 secs] 
2015-04-01T20:40:09.856-0700: 13242609.928: [GC[YG occupancy: 171562 K (440896 K)]13242609.928: [Rescan (parallel) , 0.0083510 secs]13242609.937: [weak refs processing, 0.0069270 secs] [1 CMS-remark: 8534642K(12093056K)] 8706205K(12533952K), 0.0156030 secs] [Times: user=0.15 sys=0.00, real=0.01 secs] 
2015-04-01T20:40:10.629-0700: 13242610.701: [CMS-concurrent-sweep: 0.757/0.757 secs] [Times: user=0.81 sys=0.01, real=0.76 secs] 
2015-04-01T20:40:10.662-0700: 13242610.734: [CMS-concurrent-reset: 0.033/0.033 secs] [Times: user=0.03 sys=0.00, real=0.03 secs] 
: 440811K->48960K(440896K), 0.0188200 secs] 3893190K->3564440K(12533952K), 0.0189830 secs] [Times: user=0.36 sys=0.00, real=0.01 secs] 
: 440839K->48960K(440896K), 0.0208840 secs] 3956320K->3623177K(12533952K), 0.0210360 secs] [Times: user=0.28 sys=0.00, real=0.02 secs] 
: 440654K->48960K(440896K), 0.0210120 secs] 4014872K->3684152K(12533952K), 0.0212400 secs] [Times: user=0.29 sys=0.00, real=0.02 secs] 
: 440647K->48926K(440896K), 0.0224870 secs] 4075840K->3746472K(12533952K), 0.0227060 secs] [Times: user=0.29 sys=0.01, real=0.02 secs] 
: 440694K->48960K(440896K), 0.0218770 secs] 4138240K->3816985K(12533952K), 0.0220670 secs] [Times: user=0.33 sys=0.00, real=0.02 secs] 
: 440803K->48938K(440896K), 0.0202340 secs] 4208829K->3871343K(12533952K), 0.0204730 secs] [Times: user=0.26 sys=0.00, real=0.02 secs] 
: 440874K->48906K(440896K), 0.0218910 secs] 4263279K->3941443K(12533952K), 0.0221180 secs] [Times: user=0.30 sys=0.00, real=0.02 secs] 
: 440663K->48960K(440896K), 0.0171590 secs] 4333200K->3999396K(12533952K), 0.0173110 secs] [Times: user=0.23 sys=0.01, real=0.02 secs] 
: 440796K->48960K(440896K), 0.0232780 secs] 4391233K->4063832K(12533952K), 0.0235020 secs] [Times: user=0.30 sys=0.00, real=0.03 secs] 
: 440845K->48897K(440896K), 0.0316160 secs] 4455717K->4128682K(12533952K), 0.0318700 secs] [Times: user=0.32 sys=0.01, real=0.03 secs] 
: 440833K->48960K(440896K), 0.0264430 secs] 4520618K->4193776K(12533952K), 0.0267100 secs] [Times: user=0.31 sys=0.01, real=0.03 secs] 
: 440773K->48960K(440896K), 0.0213670 secs] 4585590K->4262027K(12533952K), 0.0215860 secs] [Times: user=0.31 sys=0.00, real=0.02 secs] 
: 440730K->48960K(440896K), 0.0173100 secs] 4653797K->4324600K(12533952K), 0.0174960 secs] [Times: user=0.25 sys=0.00, real=0.01 secs] 
: 440893K->48924K(440896K), 0.0178700 secs] 4716534K->4387500K(12533952K), 0.0180900 secs] [Times: user=0.26 sys=0.00, real=0.02 secs] 
: 440816K->48960K(440896K), 0.0226050 secs] 4779392K->4452116K(12533952K), 0.0228970 secs] [Times: user=0.27 sys=0.00, real=0.02 secs] 
: 440888K->48960K(440896K), 0.0175290 secs] 4844045K->4516404K(12533952K), 0.0177490 secs] [Times: user=0.22 sys=0.01, real=0.02 secs] 
: 440823K->48923K(440896K), 0.0180530 secs] 4908267K->4583201K(12533952K), 0.0181980 secs] [Times: user=0.26 sys=0.00, real=0.01 secs] 
: 440859K->48960K(440896K), 0.0182300 secs] 4975137K->4648560K(12533952K), 0.0184770 secs] [Times: user=0.25 sys=0.00, real=0.02 secs] 
: 440896K->48960K(440896K), 0.0218030 secs] 5040496K->4714804K(12533952K), 0.0220300 secs] [Times: user=0.31 sys=0.00, real=0.02 secs] 
: 440716K->48960K(440896K), 0.0214810 secs] 5106561K->4777941K(12533952K), 0.0217080 secs] [Times: user=0.29 sys=0.00, real=0.02 secs] 
: 440896K->48960K(440896K), 0.0207800 secs] 5169877K->4842164K(12533952K), 0.0210410 secs] [Times: user=0.24 sys=0.00, real=0.02 secs] 
: 440799K->48960K(440896K), 0.0256150 secs] 5234003K->4907548K(12533952K), 0.0260150 secs] [Times: user=0.29 sys=0.00, real=0.03 secs] 
: 440887K->48960K(440896K), 0.0269350 secs] 5299475K->4973461K(12533952K), 0.0272220 secs] [Times: user=0.26 sys=0.00, real=0.03 secs] 
: 440896K->48960K(440896K), 0.0216450 secs] 5365397K->5044442K(12533952K), 0.0219140 secs] [Times: user=0.29 sys=0.01, real=0.02 secs] 
: 440819K->48960K(440896K), 0.0215760 secs] 5436301K->5105737K(12533952K), 0.0217980 secs] [Times: user=0.31 sys=0.01, real=0.02 secs] 
: 440764K->48960K(440896K), 0.0204470 secs] 5497541K->5168279K(12533952K), 0.0207020 secs] [Times: user=0.30 sys=0.00, real=0.02 secs] 
: 440842K->48960K(440896K), 0.0223330 secs] 5560162K->5234075K(12533952K), 0.0225590 secs] [Times: user=0.33 sys=0.01, real=0.02 secs] 
: 440774K->48960K(440896K), 0.0202790 secs] 5625889K->5297863K(12533952K), 0.0205000 secs] [Times: user=0.27 sys=0.00, real=0.02 secs] 
: 440774K->48960K(440896K), 0.0194190 secs] 5689677K->5361371K(12533952K), 0.0196310 secs] [Times: user=0.24 sys=0.00, real=0.02 secs] 
: 440894K->48949K(440896K), 0.0233870 secs] 5753306K->5421280K(12533952K), 0.0236190 secs] [Times: user=0.32 sys=0.00, real=0.02 secs] 
: 440729K->48960K(440896K), 0.0222540 secs] 5813060K->5484935K(12533952K), 0.0227670 secs] [Times: user=0.32 sys=0.01, real=0.02 secs] 
: 440653K->48960K(440896K), 0.0213500 secs] 5876628K->5550271K(12533952K), 0.0215810 secs] [Times: user=0.26 sys=0.00, real=0.02 secs] 
: 440711K->48960K(440896K), 0.0209150 secs] 5942023K->5619635K(12533952K), 0.0211480 secs] [Times: user=0.26 sys=0.00, real=0.02 secs] 
: 440896K->48941K(440896K), 0.0221650 secs] 6011571K->5685246K(12533952K), 0.0224300 secs] [Times: user=0.25 sys=0.00, real=0.02 secs] 
: 440817K->48960K(440896K), 0.0254910 secs] 6077122K->5748311K(12533952K), 0.0257080 secs] [Times: user=0.34 sys=0.01, real=0.03 secs] 
: 440742K->48960K(440896K), 0.0220420 secs] 6140093K->5812448K(12533952K), 0.0223050 secs] [Times: user=0.28 sys=0.01, real=0.02 secs] 
: 440896K->48960K(440896K), 0.0201980 secs] 6204384K->5877238K(12533952K), 0.0204310 secs] [Times: user=0.30 sys=0.00, real=0.02 secs] 
: 440896K->48917K(440896K), 0.0238720 secs] 6269174K->5941157K(12533952K), 0.0241090 secs] [Times: user=0.33 sys=0.00, real=0.02 secs] 
: 440853K->48960K(440896K), 0.0235940 secs] 6333093K->6004667K(12533952K), 0.0238220 secs] [Times: user=0.33 sys=0.00, real=0.03 secs] 
: 440842K->48960K(440896K), 0.0180930 secs] 6396549K->6071109K(12533952K), 0.0182700 secs] [Times: user=0.23 sys=0.01, real=0.02 secs] 
: 440679K->48904K(440896K), 0.0208050 secs] 6462828K->6133240K(12533952K), 0.0209760 secs] [Times: user=0.33 sys=0.00, real=0.02 secs] 
: 440800K->48952K(440896K), 0.0207990 secs] 6525136K->6200713K(12533952K), 0.0213190 secs] [Times: user=0.28 sys=0.00, real=0.02 secs] 
: 440791K->48960K(440896K), 0.0226410 secs] 6592552K->6266614K(12533952K), 0.0228140 secs] [Times: user=0.31 sys=0.01, real=0.02 secs] 
: 440738K->48960K(440896K), 0.0214870 secs] 6658393K->6328520K(12533952K), 0.0217080 secs] [Times: user=0.30 sys=0.00, real=0.02 secs] 
: 440896K->48960K(440896K), 0.0224520 secs] 6720456K->6397236K(12533952K), 0.0226700 secs] [Times: user=0.24 sys=0.00, real=0.02 secs] 
: 440752K->48960K(440896K), 0.0227690 secs] 6789028K->6454511K(12533952K), 0.0230040 secs] [Times: user=0.32 sys=0.00, real=0.03 secs] 
: 440896K->48960K(440896K), 0.0190360 secs] 6846447K->6517826K(12533952K), 0.0192610 secs] [Times: user=0.26 sys=0.00, real=0.02 secs] 
: 440858K->48960K(440896K), 0.0245700 secs] 6909724K->6589055K(12533952K), 0.0248000 secs] [Times: user=0.38 sys=0.00, real=0.03 secs] 
: 440896K->48960K(440896K), 0.0209670 secs] 6980991K->6641122K(12533952K), 0.0212270 secs] [Times: user=0.26 sys=0.00, real=0.02 secs] 
: 440896K->48944K(440896K), 0.0213740 secs] 7033058K->6705573K(12533952K), 0.0218660 secs] [Times: user=0.26 sys=0.00, real=0.02 secs] 
: 440794K->48960K(440896K), 0.0219830 secs] 7097423K->6771277K(12533952K), 0.0221570 secs] [Times: user=0.34 sys=0.00, real=0.02 secs] 
: 440682K->48960K(440896K), 0.0222710 secs] 7163000K->6837979K(12533952K), 0.0224480 secs] [Times: user=0.29 sys=0.01, real=0.02 secs] 
: 440685K->48960K(440896K), 0.0210120 secs] 7229704K->6906410K(12533952K), 0.0212050 secs] [Times: user=0.29 sys=0.00, real=0.02 secs] 
: 440650K->48960K(440896K), 0.0258470 secs] 7298100K->6973355K(12533952K), 0.0260290 secs] [Times: user=0.32 sys=0.00, real=0.02 secs] 
: 440811K->48928K(440896K), 0.0221950 secs] 7365206K->7029486K(12533952K), 0.0223970 secs] [Times: user=0.33 sys=0.00, real=0.02 secs] 
: 440725K->48960K(440896K), 0.0219480 secs] 7421283K->7098209K(12533952K), 0.0221570 secs] [Times: user=0.30 sys=0.00, real=0.02 secs] 
: 440896K->48960K(440896K), 0.0190310 secs] 7490145K->7159270K(12533952K), 0.0192650 secs] [Times: user=0.31 sys=0.01, real=0.02 secs] 
: 440896K->40124K(440896K), 0.0200610 secs] 7551206K->7198504K(12533952K), 0.0202600 secs] [Times: user=0.32 sys=0.00, real=0.02 secs] 
: 432020K->48960K(440896K), 0.0215560 secs] 7590400K->7258398K(12533952K), 0.0217590 secs] [Times: user=0.36 sys=0.00, real=0.02 secs] 
: 440816K->48960K(440896K), 0.0205810 secs] 7650254K->7322508K(12533952K), 0.0207850 secs] [Times: user=0.27 sys=0.00, real=0.02 secs] 
: 440834K->48943K(440896K), 0.0237830 secs] 7714382K->7384127K(12533952K), 0.0239860 secs] [Times: user=0.35 sys=0.00, real=0.03 secs] 
: 440817K->48960K(440896K), 0.0211470 secs] 7776001K->7446749K(12533952K), 0.0213810 secs] [Times: user=0.32 sys=0.01, real=0.02 secs] 
: 440896K->48960K(440896K), 0.0225810 secs] 7838685K->7508449K(12533952K), 0.0227350 secs] [Times: user=0.38 sys=0.00, real=0.02 secs] 
: 440642K->48960K(440896K), 0.0205700 secs] 7900131K->7571940K(12533952K), 0.0207820 secs] [Times: user=0.26 sys=0.00, real=0.02 secs] 
: 440752K->48933K(440896K), 0.0191720 secs] 7963732K->7635971K(12533952K), 0.0193760 secs] [Times: user=0.25 sys=0.00, real=0.02 secs] 
: 440649K->48960K(440896K), 0.0219300 secs] 8027686K->7700525K(12533952K), 0.0221320 secs] [Times: user=0.26 sys=0.01, real=0.02 secs] 
: 440696K->48960K(440896K), 0.0254780 secs] 8092261K->7781579K(12533952K), 0.0256850 secs] [Times: user=0.39 sys=0.00, real=0.02 secs] 
: 440778K->48960K(440896K), 0.0198710 secs] 8173397K->7828996K(12533952K), 0.0200210 secs] [Times: user=0.34 sys=0.00, real=0.02 secs] 
: 440671K->48909K(440896K), 0.0192970 secs] 8220707K->7893775K(12533952K), 0.0195050 secs] [Times: user=0.28 sys=0.00, real=0.02 secs] 
: 440845K->48923K(440896K), 0.0213720 secs] 8285711K->7958916K(12533952K), 0.0215790 secs] [Times: user=0.28 sys=0.00, real=0.03 secs] 
: 440773K->48949K(440896K), 0.0233720 secs] 8350766K->8024321K(12533952K), 0.0235760 secs] [Times: user=0.33 sys=0.01, real=0.03 secs] 
: 440692K->48960K(440896K), 0.0235020 secs] 8416063K->8086956K(12533952K), 0.0237170 secs] [Times: user=0.35 sys=0.01, real=0.02 secs] 
: 440806K->48960K(440896K), 0.0220000 secs] 8478802K->8158983K(12533952K), 0.0222040 secs] [Times: user=0.28 sys=0.01, real=0.02 secs] 
: 440896K->48960K(440896K), 0.0189460 secs] 8550919K->8216743K(12533952K), 0.0191070 secs] [Times: user=0.32 sys=0.00, real=0.02 secs] 
: 440896K->48960K(440896K), 0.0220610 secs] 8608679K->8281391K(12533952K), 0.0222960 secs] [Times: user=0.30 sys=0.00, real=0.02 secs] 
: 440772K->48960K(440896K), 0.0218030 secs] 8673204K->8349857K(12533952K), 0.0220070 secs] [Times: user=0.33 sys=0.00, real=0.03 secs] 
: 440871K->48960K(440896K), 0.0176500 secs] 8741769K->8412582K(12533952K), 0.0178790 secs] [Times: user=0.25 sys=0.01, real=0.02 secs] 
: 440896K->48960K(440896K), 0.0228010 secs] 8804518K->8475672K(12533952K), 0.0230100 secs] [Times: user=0.32 sys=0.01, real=0.02 secs] 
: 440856K->48940K(440896K), 0.0222710 secs] 8867568K->8539421K(12533952K), 0.0228130 secs] [Times: user=0.33 sys=0.00, real=0.02 secs] 
2015-04-01T20:57:30.173-0700: 13243650.246: [GC [1 CMS-initial-mark: 8490481K(12093056K)] 8539681K(12533952K), 0.0050170 secs] [Times: user=0.00 sys=0.00, real=0.00 secs] 
2015-04-01T20:57:30.529-0700: 13243650.602: [CMS-concurrent-mark: 0.351/0.351 secs] [Times: user=2.17 sys=0.00, real=0.35 secs] 
2015-04-01T20:57:30.566-0700: 13243650.639: [CMS-concurrent-preclean: 0.036/0.037 secs] [Times: user=0.04 sys=0.00, real=0.04 secs] 
2015-04-01T20:57:34.932-0700: 13243655.005: [CMS-concurrent-abortable-preclean: 2.241/4.366 secs] [Times: user=2.72 sys=0.19, real=4.36 secs] 
2015-04-01T20:57:34.934-0700: 13243655.006: [GC[YG occupancy: 246916 K (440896 K)]13243655.007: [Rescan (parallel) , 0.0051270 secs]13243655.012: [weak refs processing, 0.0057720 secs] [1 CMS-remark: 8490481K(12093056K)] 8737397K(12533952K), 0.0112950 secs] [Times: user=0.09 sys=0.00, real=0.02 secs] 
2015-04-01T20:57:35.784-0700: 13243655.857: [CMS-concurrent-sweep: 0.839/0.839 secs] [Times: user=0.95 sys=0.03, real=0.84 secs] 
2015-04-01T20:57:35.819-0700: 13243655.892: [CMS-concurrent-reset: 0.035/0.035 secs] [Times: user=0.04 sys=0.00, real=0.03 secs] 
: 440676K->48946K(440896K), 0.0205460 secs] 3813691K->3488592K(12533952K), 0.0210580 secs] [Times: user=0.33 sys=0.01, real=0.02 secs] 
: 440882K->48960K(440896K), 0.0205320 secs] 3880528K->3558660K(12533952K), 0.0207530 secs] [Times: user=0.33 sys=0.00, real=0.02 secs] 
: 440795K->48928K(440896K), 0.0178130 secs] 3950496K->3621678K(12533952K), 0.0179770 secs] [Times: user=0.27 sys=0.00, real=0.01 secs] 
: 440753K->48960K(440896K), 0.0216280 secs] 4013503K->3691836K(12533952K), 0.0218280 secs] [Times: user=0.32 sys=0.01, real=0.02 secs] 
: 440750K->48960K(440896K), 0.0169810 secs] 4083627K->3749658K(12533952K), 0.0171980 secs] [Times: user=0.27 sys=0.00, real=0.01 secs] 
: 440896K->48960K(440896K), 0.0216580 secs] 4141594K->3812518K(12533952K), 0.0218430 secs] [Times: user=0.32 sys=0.01, real=0.02 secs] 
: 440896K->48960K(440896K), 0.0247940 secs] 4204454K->3884501K(12533952K), 0.0253330 secs] [Times: user=0.35 sys=0.00, real=0.02 secs] 
: 440896K->48960K(440896K), 0.0236790 secs] 4276437K->3942732K(12533952K), 0.0239170 secs] [Times: user=0.29 sys=0.00, real=0.03 secs] 
: 440806K->48960K(440896K), 0.0228360 secs] 4334579K->4004265K(12533952K), 0.0230140 secs] [Times: user=0.33 sys=0.01, real=0.03 secs] 
: 440896K->48926K(440896K), 0.0266510 secs] 4396201K->4068988K(12533952K), 0.0268530 secs] [Times: user=0.34 sys=0.00, real=0.03 secs] 
: 440707K->48905K(440896K), 0.0230150 secs] 4460768K->4135400K(12533952K), 0.0231910 secs] [Times: user=0.30 sys=0.00, real=0.03 secs] 
: 440841K->48960K(440896K), 0.0217550 secs] 4527336K->4198469K(12533952K), 0.0219720 secs] [Times: user=0.27 sys=0.01, real=0.02 secs] 
: 440835K->48960K(440896K), 0.0204990 secs] 4590345K->4262342K(12533952K), 0.0206780 secs] [Times: user=0.31 sys=0.00, real=0.02 secs] 
: 440896K->48960K(440896K), 0.0243420 secs] 4654278K->4332065K(12533952K), 0.0245970 secs] [Times: user=0.35 sys=0.01, real=0.03 secs] 
: 440757K->48960K(440896K), 0.0169380 secs] 4723862K->4396751K(12533952K), 0.0171240 secs] [Times: user=0.23 sys=0.00, real=0.01 secs] 
: 440768K->48913K(440896K), 0.0166740 secs] 4788559K->4467684K(12533952K), 0.0169000 secs] [Times: user=0.21 sys=0.00, real=0.02 secs] 
: 440698K->48899K(440896K), 0.0171090 secs] 4859469K->4539432K(12533952K), 0.0173670 secs] [Times: user=0.21 sys=0.00, real=0.02 secs] 
: 440763K->48960K(440896K), 0.0183900 secs] 4931296K->4610954K(12533952K), 0.0185580 secs] [Times: user=0.21 sys=0.00, real=0.01 secs] 
: 440752K->48960K(440896K), 0.0188400 secs] 5002746K->4682217K(12533952K), 0.0190110 secs] [Times: user=0.21 sys=0.00, real=0.02 secs] 
: 440662K->48915K(440896K), 0.0196460 secs] 5073920K->4753715K(12533952K), 0.0198860 secs] [Times: user=0.20 sys=0.01, real=0.02 secs] 
: 440709K->48960K(440896K), 0.0225960 secs] 5145508K->4825179K(12533952K), 0.0228200 secs] [Times: user=0.24 sys=0.01, real=0.02 secs] 
: 440660K->48911K(440896K), 0.0262420 secs] 5216879K->4896249K(12533952K), 0.0264780 secs] [Times: user=0.22 sys=0.00, real=0.02 secs] 
: 440679K->48960K(440896K), 0.0211190 secs] 5288017K->4967674K(12533952K), 0.0213390 secs] [Times: user=0.21 sys=0.00, real=0.02 secs] 
: 440896K->48960K(440896K), 0.0202960 secs] 5359610K->5038772K(12533952K), 0.0204700 secs] [Times: user=0.22 sys=0.00, real=0.02 secs] 
: 440784K->48960K(440896K), 0.0184740 secs] 5430596K->5110774K(12533952K), 0.0187080 secs] [Times: user=0.21 sys=0.01, real=0.02 secs] 
: 440773K->48945K(440896K), 0.0193410 secs] 5502587K->5182185K(12533952K), 0.0195700 secs] [Times: user=0.22 sys=0.00, real=0.02 secs] 
: 440881K->48923K(440896K), 0.0181450 secs] 5574121K->5253321K(12533952K), 0.0183470 secs] [Times: user=0.22 sys=0.01, real=0.02 secs] 
: 440681K->48960K(440896K), 0.0182270 secs] 5645079K->5324272K(12533952K), 0.0184440 secs] [Times: user=0.22 sys=0.00, real=0.02 secs] 
: 440772K->48960K(440896K), 0.0179920 secs] 5716084K->5395565K(12533952K), 0.0181960 secs] [Times: user=0.21 sys=0.00, real=0.02 secs] 
: 440896K->48960K(440896K), 0.0177500 secs] 5787501K->5467045K(12533952K), 0.0179170 secs] [Times: user=0.21 sys=0.00, real=0.01 secs] 
: 440773K->48960K(440896K), 0.0205960 secs] 5858858K->5538157K(12533952K), 0.0208190 secs] [Times: user=0.23 sys=0.00, real=0.02 secs] 
: 440841K->48960K(440896K), 0.0217110 secs] 5930038K->5609326K(12533952K), 0.0219050 secs] [Times: user=0.22 sys=0.00, real=0.02 secs] 
: 440756K->48960K(440896K), 0.0249260 secs] 6001123K->5680558K(12533952K), 0.0251500 secs] [Times: user=0.22 sys=0.00, real=0.03 secs] 
: 440896K->48960K(440896K), 0.0218620 secs] 6072494K->5755352K(12533952K), 0.0220730 secs] [Times: user=0.22 sys=0.01, real=0.02 secs] 
: 440754K->48960K(440896K), 0.0197920 secs] 6147147K->5824057K(12533952K), 0.0200250 secs] [Times: user=0.25 sys=0.01, real=0.02 secs] 
: 440738K->48903K(440896K), 0.0185470 secs] 6215835K->5895704K(12533952K), 0.0187820 secs] [Times: user=0.25 sys=0.00, real=0.02 secs] 
: 440834K->48927K(440896K), 0.0182160 secs] 6287635K->5968062K(12533952K), 0.0184350 secs] [Times: user=0.24 sys=0.00, real=0.01 secs] 
: 440729K->48943K(440896K), 0.0178050 secs] 6359864K->6039476K(12533952K), 0.0180070 secs] [Times: user=0.23 sys=0.01, real=0.01 secs] 
: 440785K->48934K(440896K), 0.0218550 secs] 6431318K->6110898K(12533952K), 0.0220790 secs] [Times: user=0.31 sys=0.00, real=0.02 secs] 
: 440828K->48960K(440896K), 0.0187310 secs] 6502792K->6182095K(12533952K), 0.0189500 secs] [Times: user=0.23 sys=0.01, real=0.02 secs] 
: 440785K->48960K(440896K), 0.0191330 secs] 6573921K->6253599K(12533952K), 0.0193440 secs] [Times: user=0.21 sys=0.00, real=0.02 secs] 
: 440785K->48960K(440896K), 0.0194120 secs] 6645424K->6324636K(12533952K), 0.0196370 secs] [Times: user=0.22 sys=0.01, real=0.02 secs] 
: 440826K->48960K(440896K), 0.0275520 secs] 6716502K->6395132K(12533952K), 0.0277870 secs] [Times: user=0.33 sys=0.01, real=0.03 secs] 
: 440825K->48960K(440896K), 0.0177480 secs] 6786997K->6465986K(12533952K), 0.0179690 secs] [Times: user=0.22 sys=0.00, real=0.02 secs] 
: 440896K->48960K(440896K), 0.0213690 secs] 6857922K->6542389K(12533952K), 0.0215590 secs] [Times: user=0.27 sys=0.00, real=0.02 secs] 
: 440896K->48960K(440896K), 0.0193340 secs] 6934325K->6610966K(12533952K), 0.0195330 secs] [Times: user=0.24 sys=0.00, real=0.02 secs] 
: 440856K->48960K(440896K), 0.0220840 secs] 7002862K->6680797K(12533952K), 0.0223050 secs] [Times: user=0.30 sys=0.00, real=0.02 secs] 
: 440847K->48946K(440896K), 0.0201870 secs] 7072684K->6749977K(12533952K), 0.0204460 secs] [Times: user=0.25 sys=0.01, real=0.02 secs] 
: 440708K->48960K(440896K), 0.0200880 secs] 7141739K->6820078K(12533952K), 0.0203170 secs] [Times: user=0.25 sys=0.00, real=0.02 secs] 
: 440772K->48960K(440896K), 0.0224830 secs] 7211891K->6881979K(12533952K), 0.0226450 secs] [Times: user=0.34 sys=0.00, real=0.02 secs] 
: 440896K->48960K(440896K), 0.0266680 secs] 7273915K->6951260K(12533952K), 0.0268650 secs] [Times: user=0.33 sys=0.01, real=0.03 secs] 
: 440823K->48960K(440896K), 0.0219810 secs] 7343123K->7013237K(12533952K), 0.0221920 secs] [Times: user=0.32 sys=0.01, real=0.02 secs] 
: 440850K->48909K(440896K), 0.0217320 secs] 7405127K->7079090K(12533952K), 0.0219370 secs] [Times: user=0.27 sys=0.00, real=0.03 secs] 
: 440619K->48960K(440896K), 0.0198460 secs] 7470800K->7145416K(12533952K), 0.0200450 secs] [Times: user=0.28 sys=0.00, real=0.02 secs] 
: 440716K->48960K(440896K), 0.0231190 secs] 7537173K->7209842K(12533952K), 0.0233090 secs] [Times: user=0.28 sys=0.00, real=0.02 secs] 
: 440848K->48910K(440896K), 0.0232800 secs] 7601731K->7274292K(12533952K), 0.0234940 secs] [Times: user=0.35 sys=0.01, real=0.02 secs] 
: 440789K->48960K(440896K), 0.0228730 secs] 7666172K->7338330K(12533952K), 0.0230570 secs] [Times: user=0.30 sys=0.01, real=0.03 secs] 
: 440779K->48960K(440896K), 0.0228390 secs] 7730149K->7404918K(12533952K), 0.0230290 secs] [Times: user=0.28 sys=0.01, real=0.03 secs] 
: 440725K->48908K(440896K), 0.0177250 secs] 7796683K->7464213K(12533952K), 0.0178680 secs] [Times: user=0.28 sys=0.00, real=0.02 secs] 
: 440775K->48960K(440896K), 0.0240790 secs] 7856080K->7527686K(12533952K), 0.0244570 secs] [Times: user=0.36 sys=0.00, real=0.03 secs] 
: 440806K->48960K(440896K), 0.0236930 secs] 7919533K->7591866K(12533952K), 0.0239010 secs] [Times: user=0.32 sys=0.00, real=0.03 secs] 
: 440794K->48919K(440896K), 0.0252980 secs] 7983701K->7657869K(12533952K), 0.0255450 secs] [Times: user=0.34 sys=0.00, real=0.02 secs] 
: 440855K->48960K(440896K), 0.0206650 secs] 8049805K->7722967K(12533952K), 0.0209100 secs] [Times: user=0.28 sys=0.00, real=0.02 secs] 
: 440857K->48906K(440896K), 0.0226710 secs] 8114864K->7785701K(12533952K), 0.0228860 secs] [Times: user=0.30 sys=0.01, real=0.02 secs] 
: 440772K->48960K(440896K), 0.0215790 secs] 8177567K->7849548K(12533952K), 0.0217810 secs] [Times: user=0.33 sys=0.00, real=0.03 secs] 
: 440733K->48924K(440896K), 0.0233190 secs] 8241321K->7915562K(12533952K), 0.0235210 secs] [Times: user=0.32 sys=0.00, real=0.02 secs] 
: 440860K->48960K(440896K), 0.0179200 secs] 8307498K->7978369K(12533952K), 0.0180680 secs] [Times: user=0.26 sys=0.00, real=0.01 secs] 
: 440682K->48958K(440896K), 0.0220500 secs] 8370092K->8041231K(12533952K), 0.0222010 secs] [Times: user=0.29 sys=0.00, real=0.02 secs] 
: 440639K->48960K(440896K), 0.0196340 secs] 8432912K->8111231K(12533952K), 0.0197990 secs] [Times: user=0.25 sys=0.00, real=0.02 secs] 
: 440896K->48960K(440896K), 0.0229090 secs] 8503167K->8175521K(12533952K), 0.0231020 secs] [Times: user=0.30 sys=0.01, real=0.02 secs] 
: 440655K->48960K(440896K), 0.0211040 secs] 8567216K->8245723K(12533952K), 0.0213070 secs] [Times: user=0.28 sys=0.00, real=0.02 secs] 
: 440820K->48960K(440896K), 0.0198960 secs] 8637583K->8305532K(12533952K), 0.0200570 secs] [Times: user=0.33 sys=0.00, real=0.02 secs] 
: 440719K->48960K(440896K), 0.0212090 secs] 8697292K->8368337K(12533952K), 0.0214180 secs] [Times: user=0.32 sys=0.00, real=0.02 secs] 
: 440724K->48941K(440896K), 0.0216200 secs] 8760102K->8433759K(12533952K), 0.0218670 secs] [Times: user=0.26 sys=0.00, real=0.02 secs] 
: 440877K->48939K(440896K), 0.0218760 secs] 8825695K->8496039K(12533952K), 0.0220680 secs] [Times: user=0.29 sys=0.00, real=0.02 secs] 
: 440823K->48960K(440896K), 0.0242480 secs] 8887924K->8562387K(12533952K), 0.0244600 secs] [Times: user=0.32 sys=0.00, real=0.02 secs] 
2015-04-01T21:07:31.186-0700: 13244251.258: [GC [1 CMS-initial-mark: 8513427K(12093056K)] 8562650K(12533952K), 0.0052060 secs] [Times: user=0.01 sys=0.00, real=0.00 secs] 
2015-04-01T21:07:31.559-0700: 13244251.631: [CMS-concurrent-mark: 0.367/0.367 secs] [Times: user=2.22 sys=0.00, real=0.37 secs] 
2015-04-01T21:07:31.589-0700: 13244251.662: [CMS-concurrent-preclean: 0.031/0.031 secs] [Times: user=0.03 sys=0.00, real=0.03 secs] 
 CMS: abort preclean due to time 2015-04-01T21:07:36.738-0700: 13244256.810: [CMS-concurrent-abortable-preclean: 3.244/5.148 secs] [Times: user=3.58 sys=0.11, real=5.15 secs] 
2015-04-01T21:07:36.739-0700: 13244256.812: [GC[YG occupancy: 184496 K (440896 K)]13244256.812: [Rescan (parallel) , 0.0058540 secs]13244256.818: [weak refs processing, 0.0030970 secs] [1 CMS-remark: 8513427K(12093056K)] 8697923K(12533952K), 0.0092590 secs] [Times: user=0.09 sys=0.00, real=0.01 secs] 
2015-04-01T21:07:37.378-0700: 13244257.451: [CMS-concurrent-sweep: 0.630/0.630 secs] [Times: user=0.66 sys=0.00, real=0.63 secs] 
2015-04-01T21:07:37.406-0700: 13244257.478: [CMS-concurrent-reset: 0.027/0.027 secs] [Times: user=0.03 sys=0.00, real=0.03 secs] 
: 440667K->48960K(440896K), 0.0186090 secs] 3941774K->3610799K(12533952K), 0.0188330 secs] [Times: user=0.25 sys=0.01, real=0.02 secs] 
: 440866K->48960K(440896K), 0.0184350 secs] 4002706K->3673404K(12533952K), 0.0186340 secs] [Times: user=0.25 sys=0.00, real=0.02 secs] 
: 440807K->48960K(440896K), 0.0213280 secs] 4065251K->3735188K(12533952K), 0.0215490 secs] [Times: user=0.33 sys=0.00, real=0.02 secs] 
: 440896K->48959K(440896K), 0.0202470 secs] 4127124K->3799644K(12533952K), 0.0204320 secs] [Times: user=0.30 sys=0.00, real=0.02 secs] 
: 440665K->48960K(440896K), 0.0178760 secs] 4191350K->3861412K(12533952K), 0.0180260 secs] [Times: user=0.30 sys=0.00, real=0.02 secs] 
: 440814K->48960K(440896K), 0.0200180 secs] 4253266K->3926672K(12533952K), 0.0203100 secs] [Times: user=0.31 sys=0.00, real=0.02 secs] 
: 440896K->48960K(440896K), 0.0209920 secs] 4318608K->3997365K(12533952K), 0.0211870 secs] [Times: user=0.28 sys=0.01, real=0.02 secs] 
: 440687K->48959K(440896K), 0.0211240 secs] 4389092K->4054974K(12533952K), 0.0213240 secs] [Times: user=0.31 sys=0.00, real=0.03 secs] 
: 440895K->48900K(440896K), 0.0234430 secs] 4446910K->4118049K(12533952K), 0.0236080 secs] [Times: user=0.25 sys=0.00, real=0.02 secs] 
: 439411K->48960K(440896K), 0.0234140 secs] 4508561K->4180085K(12533952K), 0.0236200 secs] [Times: user=0.32 sys=0.00, real=0.02 secs] 
: 440688K->48960K(440896K), 0.0325110 secs] 4571813K->4246308K(12533952K), 0.0327020 secs] [Times: user=0.27 sys=0.01, real=0.03 secs] 
: 440820K->48960K(440896K), 0.0213070 secs] 4638169K->4307152K(12533952K), 0.0215030 secs] [Times: user=0.29 sys=0.01, real=0.02 secs] 
: 440896K->48955K(440896K), 0.0215030 secs] 4699088K->4371121K(12533952K), 0.0217210 secs] [Times: user=0.30 sys=0.00, real=0.02 secs] 
: 440891K->48960K(440896K), 0.0236800 secs] 4763057K->4439611K(12533952K), 0.0238990 secs] [Times: user=0.28 sys=0.00, real=0.03 secs] 
: 440795K->48945K(440896K), 0.0244350 secs] 4831447K->4501913K(12533952K), 0.0246480 secs] [Times: user=0.34 sys=0.00, real=0.03 secs] 
: 440842K->48960K(440896K), 0.0210610 secs] 4893811K->4566340K(12533952K), 0.0212750 secs] [Times: user=0.30 sys=0.00, real=0.02 secs] 
: 440821K->48950K(440896K), 0.0207160 secs] 4958201K->4629446K(12533952K), 0.0209230 secs] [Times: user=0.24 sys=0.01, real=0.02 secs] 
: 440856K->48960K(440896K), 0.0229470 secs] 5021352K->4694501K(12533952K), 0.0231460 secs] [Times: user=0.28 sys=0.00, real=0.03 secs] 
: 440896K->48960K(440896K), 0.0221310 secs] 5086437K->4759540K(12533952K), 0.0223220 secs] [Times: user=0.32 sys=0.00, real=0.02 secs] 
: 440896K->48960K(440896K), 0.0197630 secs] 5151476K->4820253K(12533952K), 0.0199600 secs] [Times: user=0.29 sys=0.00, real=0.02 secs] 
: 439671K->48960K(440896K), 0.0225290 secs] 5210965K->4891974K(12533952K), 0.0227290 secs] [Times: user=0.28 sys=0.00, real=0.02 secs] 
: 440896K->48960K(440896K), 0.0220050 secs] 5283910K->4952953K(12533952K), 0.0222030 secs] [Times: user=0.29 sys=0.00, real=0.02 secs] 
: 440656K->48960K(440896K), 0.0225800 secs] 5344649K->5014388K(12533952K), 0.0227880 secs] [Times: user=0.27 sys=0.00, real=0.02 secs] 
: 440652K->48960K(440896K), 0.0298720 secs] 5406081K->5075415K(12533952K), 0.0300820 secs] [Times: user=0.35 sys=0.00, real=0.03 secs] 
: 440660K->48960K(440896K), 0.0220570 secs] 5467116K->5137903K(12533952K), 0.0221640 secs] [Times: user=0.29 sys=0.00, real=0.02 secs] 
: 440896K->48960K(440896K), 0.0218470 secs] 5529839K->5195988K(12533952K), 0.0220570 secs] [Times: user=0.30 sys=0.00, real=0.02 secs] 
: 440658K->48920K(440896K), 0.0257380 secs] 5587686K->5262488K(12533952K), 0.0259350 secs] [Times: user=0.35 sys=0.00, real=0.03 secs] 
: 440725K->48916K(440896K), 0.0247030 secs] 5654293K->5326550K(12533952K), 0.0249010 secs] [Times: user=0.36 sys=0.00, real=0.02 secs] 
: 440726K->48960K(440896K), 0.0217920 secs] 5718360K->5386405K(12533952K), 0.0220080 secs] [Times: user=0.29 sys=0.00, real=0.02 secs] 
: 440896K->48918K(440896K), 0.0237850 secs] 5778341K->5449945K(12533952K), 0.0239800 secs] [Times: user=0.33 sys=0.01, real=0.02 secs] 
: 440854K->48958K(440896K), 0.0220880 secs] 5841881K->5511224K(12533952K), 0.0222890 secs] [Times: user=0.29 sys=0.00, real=0.02 secs] 
: 440894K->48960K(440896K), 0.0206060 secs] 5903160K->5572487K(12533952K), 0.0208070 secs] [Times: user=0.30 sys=0.00, real=0.02 secs] 
: 440817K->48960K(440896K), 0.0244450 secs] 5964345K->5642297K(12533952K), 0.0246370 secs] [Times: user=0.31 sys=0.00, real=0.03 secs] 
: 440885K->48959K(440896K), 0.0223270 secs] 6034223K->5701836K(12533952K), 0.0225360 secs] [Times: user=0.32 sys=0.00, real=0.02 secs] 
: 440696K->48906K(440896K), 0.0213010 secs] 6093572K->5763263K(12533952K), 0.0215080 secs] [Times: user=0.27 sys=0.01, real=0.02 secs] 
: 440841K->48954K(440896K), 0.0240720 secs] 6155199K->5828090K(12533952K), 0.0242740 secs] [Times: user=0.30 sys=0.00, real=0.02 secs] 
: 440768K->48959K(440896K), 0.0209790 secs] 6219904K->5893226K(12533952K), 0.0212040 secs] [Times: user=0.23 sys=0.01, real=0.03 secs] 
: 440678K->48924K(440896K), 0.0194910 secs] 6284945K->5956052K(12533952K), 0.0197140 secs] [Times: user=0.27 sys=0.00, real=0.02 secs] 
: 440860K->48960K(440896K), 0.0217380 secs] 6347988K->6021432K(12533952K), 0.0219300 secs] [Times: user=0.31 sys=0.00, real=0.02 secs] 
: 440674K->48960K(440896K), 0.0206390 secs] 6413146K->6092005K(12533952K), 0.0208470 secs] [Times: user=0.27 sys=0.00, real=0.02 secs] 
: 440824K->48960K(440896K), 0.0195630 secs] 6483869K->6148385K(12533952K), 0.0197690 secs] [Times: user=0.27 sys=0.01, real=0.02 secs] 
: 440843K->48960K(440896K), 0.0199930 secs] 6540268K->6210938K(12533952K), 0.0203110 secs] [Times: user=0.26 sys=0.01, real=0.02 secs] 
: 440867K->48960K(440896K), 0.0206770 secs] 6602846K->6273801K(12533952K), 0.0209220 secs] [Times: user=0.28 sys=0.00, real=0.02 secs] 
: 440834K->48919K(440896K), 0.0243760 secs] 6665675K->6333711K(12533952K), 0.0245920 secs] [Times: user=0.35 sys=0.00, real=0.02 secs] 
: 440795K->48921K(440896K), 0.0234920 secs] 6725586K->6399146K(12533952K), 0.0237140 secs] [Times: user=0.32 sys=0.00, real=0.02 secs] 
: 440646K->48960K(440896K), 0.0241560 secs] 6790871K->6456630K(12533952K), 0.0243810 secs] [Times: user=0.37 sys=0.00, real=0.02 secs] 
: 440896K->48960K(440896K), 0.0264380 secs] 6848566K->6531226K(12533952K), 0.0266580 secs] [Times: user=0.32 sys=0.00, real=0.03 secs] 
: 440823K->48960K(440896K), 0.0202370 secs] 6923090K->6584168K(12533952K), 0.0204540 secs] [Times: user=0.28 sys=0.01, real=0.02 secs] 
: 440896K->48960K(440896K), 0.0189860 secs] 6976104K->6645104K(12533952K), 0.0191960 secs] [Times: user=0.25 sys=0.00, real=0.02 secs] 
: 440886K->48960K(440896K), 0.0214890 secs] 7037030K->6724993K(12533952K), 0.0217150 secs] [Times: user=0.31 sys=0.00, real=0.02 secs] 
: 440771K->48960K(440896K), 0.0204380 secs] 7116805K->6769796K(12533952K), 0.0206810 secs] [Times: user=0.31 sys=0.00, real=0.02 secs] 
: 440844K->48960K(440896K), 0.0218940 secs] 7161680K->6832347K(12533952K), 0.0222820 secs] [Times: user=0.32 sys=0.00, real=0.02 secs] 
: 440650K->48960K(440896K), 0.0253730 secs] 7224038K->6908603K(12533952K), 0.0255970 secs] [Times: user=0.37 sys=0.00, real=0.03 secs] 
: 440710K->48960K(440896K), 0.0180850 secs] 7300353K->6959404K(12533952K), 0.0183020 secs] [Times: user=0.28 sys=0.00, real=0.01 secs] 
: 440868K->41207K(440896K), 0.0188290 secs] 7351312K->6999568K(12533952K), 0.0190770 secs] [Times: user=0.34 sys=0.00, real=0.02 secs] 
: 433017K->12457K(440896K), 0.0148590 secs] 7391379K->7005154K(12533952K), 0.0150470 secs] [Times: user=0.24 sys=0.00, real=0.02 secs] 
: 404298K->28896K(440896K), 0.0107780 secs] 7396996K->7021593K(12533952K), 0.0109990 secs] [Times: user=0.19 sys=0.00, real=0.01 secs] 
: 420768K->43398K(440896K), 0.0169080 secs] 7413466K->7042366K(12533952K), 0.0171550 secs] [Times: user=0.31 sys=0.00, real=0.01 secs] 
: 435334K->24082K(440896K), 0.0182980 secs] 7434302K->7060106K(12533952K), 0.0185420 secs] [Times: user=0.22 sys=0.01, real=0.02 secs] 
: 416018K->37509K(440896K), 0.0115940 secs] 7452042K->7073533K(12533952K), 0.0119030 secs] [Times: user=0.22 sys=0.01, real=0.01 secs] 
: 429445K->31314K(440896K), 0.0125680 secs] 7465469K->7083192K(12533952K), 0.0127760 secs] [Times: user=0.23 sys=0.01, real=0.01 secs] 
: 423250K->33934K(440896K), 0.0157060 secs] 7475128K->7101750K(12533952K), 0.0159280 secs] [Times: user=0.30 sys=0.00, real=0.02 secs] 
: 425870K->37681K(440896K), 0.0115480 secs] 7493686K->7115042K(12533952K), 0.0117250 secs] [Times: user=0.21 sys=0.00, real=0.01 secs] 
: 429617K->35687K(440896K), 0.0119180 secs] 7506978K->7125346K(12533952K), 0.0121460 secs] [Times: user=0.21 sys=0.00, real=0.01 secs] 
: 427555K->21640K(440896K), 0.0166050 secs] 7517214K->7126522K(12533952K), 0.0168240 secs] [Times: user=0.25 sys=0.00, real=0.02 secs] 
: 413576K->36037K(440896K), 0.0114890 secs] 7518458K->7140919K(12533952K), 0.0116430 secs] [Times: user=0.21 sys=0.00, real=0.01 secs] 
: 427973K->37646K(440896K), 0.0165840 secs] 7532855K->7154800K(12533952K), 0.0167980 secs] [Times: user=0.31 sys=0.00, real=0.02 secs] 
: 429582K->33338K(440896K), 0.0128190 secs] 7546736K->7168106K(12533952K), 0.0129740 secs] [Times: user=0.21 sys=0.00, real=0.01 secs] 
: 425274K->32893K(440896K), 0.0140790 secs] 7560042K->7181652K(12533952K), 0.0143100 secs] [Times: user=0.25 sys=0.00, real=0.02 secs] 
: 424829K->31059K(440896K), 0.0124430 secs] 7573588K->7192949K(12533952K), 0.0126210 secs] [Times: user=0.23 sys=0.00, real=0.01 secs] 
: 422799K->29197K(440896K), 0.0148170 secs] 7584689K->7204819K(12533952K), 0.0150370 secs] [Times: user=0.27 sys=0.00, real=0.02 secs] 
: 421133K->24305K(440896K), 0.0156250 secs] 7596755K->7210994K(12533952K), 0.0158560 secs] [Times: user=0.27 sys=0.00, real=0.02 secs] 
: 416233K->39882K(440896K), 0.0127030 secs] 7602922K->7226570K(12533952K), 0.0129300 secs] [Times: user=0.24 sys=0.01, real=0.01 secs] 
: 431818K->34062K(440896K), 0.0167170 secs] 7618506K->7238713K(12533952K), 0.0169540 secs] [Times: user=0.30 sys=0.00, real=0.01 secs] 
: 425998K->29526K(440896K), 0.0128110 secs] 7630649K->7249687K(12533952K), 0.0129890 secs] [Times: user=0.22 sys=0.00, real=0.02 secs] 
: 421429K->28479K(440896K), 0.0129860 secs] 7641590K->7260619K(12533952K), 0.0131200 secs] [Times: user=0.25 sys=0.00, real=0.01 secs] 
: 420407K->32639K(440896K), 0.0121650 secs] 7652547K->7276192K(12533952K), 0.0123510 secs] [Times: user=0.22 sys=0.00, real=0.01 secs] 
: 424575K->42224K(440896K), 0.0145500 secs] 7668128K->7296303K(12533952K), 0.0147370 secs] [Times: user=0.28 sys=0.00, real=0.01 secs] 
: 434160K->24974K(440896K), 0.0132010 secs] 7688239K->7315428K(12533952K), 0.0133360 secs] [Times: user=0.21 sys=0.00, real=0.01 secs] 
: 416910K->23044K(440896K), 0.0154190 secs] 7707364K->7332221K(12533952K), 0.0156610 secs] [Times: user=0.23 sys=0.01, real=0.01 secs] 
: 414980K->40702K(440896K), 0.0151670 secs] 7724157K->7349879K(12533952K), 0.0153640 secs] [Times: user=0.26 sys=0.00, real=0.02 secs] 
: 432638K->35581K(440896K), 0.0130510 secs] 7741815K->7361781K(12533952K), 0.0132010 secs] [Times: user=0.22 sys=0.00, real=0.01 secs] 
: 427517K->26769K(440896K), 0.0122730 secs] 7753717K->7370533K(12533952K), 0.0124360 secs] [Times: user=0.19 sys=0.00, real=0.01 secs] 
: 418705K->40261K(440896K), 0.0126620 secs] 7762469K->7395911K(12533952K), 0.0128580 secs] [Times: user=0.23 sys=0.00, real=0.02 secs] 
: 432163K->21775K(440896K), 0.0193310 secs] 7787813K->7411255K(12533952K), 0.0195640 secs] [Times: user=0.26 sys=0.00, real=0.02 secs] 
: 413711K->41256K(440896K), 0.0109770 secs] 7803191K->7430737K(12533952K), 0.0111740 secs] [Times: user=0.19 sys=0.00, real=0.01 secs] 
: 432949K->21378K(440896K), 0.0129340 secs] 7822430K->7444412K(12533952K), 0.0130870 secs] [Times: user=0.21 sys=0.00, real=0.01 secs] 
: 413252K->43365K(440896K), 0.0130860 secs] 7836286K->7466399K(12533952K), 0.0132430 secs] [Times: user=0.24 sys=0.00, real=0.01 secs] 
: 435301K->23657K(440896K), 0.0165400 secs] 7858335K->7483807K(12533952K), 0.0167030 secs] [Times: user=0.28 sys=0.00, real=0.01 secs] 
: 415593K->42894K(440896K), 0.0128300 secs] 7875743K->7503043K(12533952K), 0.0130210 secs] [Times: user=0.25 sys=0.00, real=0.01 secs] 
: 434830K->15158K(440896K), 0.0156650 secs] 7894979K->7512300K(12533952K), 0.0158300 secs] [Times: user=0.24 sys=0.00, real=0.01 secs] 
: 407094K->37562K(440896K), 0.0103700 secs] 7904236K->7534703K(12533952K), 0.0105790 secs] [Times: user=0.20 sys=0.00, real=0.01 secs] 
: 429498K->20376K(440896K), 0.0129390 secs] 7926639K->7548972K(12533952K), 0.0132410 secs] [Times: user=0.22 sys=0.01, real=0.02 secs] 
: 412312K->32857K(440896K), 0.0127810 secs] 7940908K->7561453K(12533952K), 0.0129710 secs] [Times: user=0.24 sys=0.01, real=0.02 secs] 
: 424793K->48960K(440896K), 0.0139320 secs] 7953389K->7597716K(12533952K), 0.0141290 secs] [Times: user=0.26 sys=0.00, real=0.01 secs] 
: 440896K->24589K(440896K), 0.0189910 secs] 7989652K->7606493K(12533952K), 0.0191970 secs] [Times: user=0.32 sys=0.00, real=0.02 secs] 
: 416486K->44016K(440896K), 0.0157660 secs] 7998390K->7625920K(12533952K), 0.0159840 secs] [Times: user=0.29 sys=0.01, real=0.02 secs] 
: 435922K->21854K(440896K), 0.0141220 secs] 8017826K->7641592K(12533952K), 0.0143660 secs] [Times: user=0.20 sys=0.00, real=0.01 secs] 
: 413790K->40904K(440896K), 0.0145550 secs] 8033528K->7660642K(12533952K), 0.0148000 secs] [Times: user=0.25 sys=0.00, real=0.02 secs] 
: 432840K->19038K(440896K), 0.0155350 secs] 8052578K->7673589K(12533952K), 0.0157670 secs] [Times: user=0.24 sys=0.00, real=0.01 secs] 
: 410974K->32957K(440896K), 0.0133700 secs] 8065525K->7687508K(12533952K), 0.0135560 secs] [Times: user=0.25 sys=0.00, real=0.01 secs] 
: 424893K->43655K(440896K), 0.0148870 secs] 8079444K->7711222K(12533952K), 0.0150820 secs] [Times: user=0.26 sys=0.00, real=0.01 secs] 
: 435591K->24868K(440896K), 0.0176740 secs] 8103158K->7723497K(12533952K), 0.0178720 secs] [Times: user=0.27 sys=0.01, real=0.02 secs] 
: 416596K->20457K(440896K), 0.0143740 secs] 8115225K->7737673K(12533952K), 0.0145850 secs] [Times: user=0.24 sys=0.01, real=0.01 secs] 
: 412393K->37246K(440896K), 0.0143830 secs] 8129609K->7754461K(12533952K), 0.0145990 secs] [Times: user=0.28 sys=0.00, real=0.02 secs] 
: 428994K->44230K(440896K), 0.0130050 secs] 8146209K->7775647K(12533952K), 0.0132110 secs] [Times: user=0.24 sys=0.00, real=0.01 secs] 
: 436166K->28472K(440896K), 0.0175770 secs] 8167583K->7797561K(12533952K), 0.0177800 secs] [Times: user=0.27 sys=0.00, real=0.01 secs] 
: 420408K->22662K(440896K), 0.0126810 secs] 8189497K->7814102K(12533952K), 0.0129280 secs] [Times: user=0.21 sys=0.00, real=0.01 secs] 
: 414598K->39069K(440896K), 0.0145750 secs] 8206038K->7830509K(12533952K), 0.0152160 secs] [Times: user=0.27 sys=0.00, real=0.02 secs] 
: 431002K->35326K(440896K), 0.0134180 secs] 8222442K->7843381K(12533952K), 0.0136190 secs] [Times: user=0.24 sys=0.00, real=0.02 secs] 
: 427262K->31197K(440896K), 0.0149620 secs] 8235317K->7855895K(12533952K), 0.0151650 secs] [Times: user=0.28 sys=0.00, real=0.01 secs] 
: 423133K->47949K(440896K), 0.0194150 secs] 8247831K->7885305K(12533952K), 0.0196010 secs] [Times: user=0.33 sys=0.00, real=0.02 secs] 
: 439885K->30918K(440896K), 0.0147190 secs] 8277241K->7897736K(12533952K), 0.0149240 secs] [Times: user=0.27 sys=0.00, real=0.01 secs] 
: 422760K->22829K(440896K), 0.0122880 secs] 8289578K->7914120K(12533952K), 0.0124330 secs] [Times: user=0.21 sys=0.00, real=0.01 secs] 
: 414765K->45449K(440896K), 0.0136850 secs] 8306056K->7936741K(12533952K), 0.0138800 secs] [Times: user=0.26 sys=0.00, real=0.01 secs] 
: 437385K->25260K(440896K), 0.0188590 secs] 8328677K->7956177K(12533952K), 0.0190730 secs] [Times: user=0.31 sys=0.00, real=0.02 secs] 
: 417196K->37203K(440896K), 0.0152320 secs] 8348113K->7987120K(12533952K), 0.0154230 secs] [Times: user=0.28 sys=0.00, real=0.01 secs] 
: 428997K->34042K(440896K), 0.0137720 secs] 8378914K->8014921K(12533952K), 0.0139810 secs] [Times: user=0.23 sys=0.00, real=0.02 secs] 
: 425978K->19458K(440896K), 0.0138620 secs] 8406857K->8028450K(12533952K), 0.0140630 secs] [Times: user=0.20 sys=0.00, real=0.02 secs] 
: 411394K->42154K(440896K), 0.0125980 secs] 8420386K->8051146K(12533952K), 0.0127930 secs] [Times: user=0.24 sys=0.01, real=0.01 secs] 
: 434061K->29014K(440896K), 0.0153460 secs] 8443053K->8067939K(12533952K), 0.0155450 secs] [Times: user=0.26 sys=0.00, real=0.01 secs] 
: 420942K->37150K(440896K), 0.0150290 secs] 8459868K->8099059K(12533952K), 0.0152540 secs] [Times: user=0.27 sys=0.00, real=0.02 secs] 
: 429086K->32293K(440896K), 0.0145400 secs] 8490995K->8125218K(12533952K), 0.0147040 secs] [Times: user=0.25 sys=0.01, real=0.01 secs] 
: 424229K->28761K(440896K), 0.0115410 secs] 8517154K->8148017K(12533952K), 0.0117120 secs] [Times: user=0.20 sys=0.00, real=0.01 secs] 
: 420697K->14476K(440896K), 0.0126500 secs] 8539953K->8156436K(12533952K), 0.0128390 secs] [Times: user=0.18 sys=0.00, real=0.02 secs] 
: 406412K->22607K(440896K), 0.0123130 secs] 8548372K->8164567K(12533952K), 0.0125240 secs] [Times: user=0.22 sys=0.00, real=0.01 secs] 
: 414543K->28646K(440896K), 0.0109480 secs] 8556503K->8170606K(12533952K), 0.0110760 secs] [Times: user=0.22 sys=0.00, real=0.01 secs] 
: 420525K->33528K(440896K), 0.0112170 secs] 8562485K->8183806K(12533952K), 0.0114170 secs] [Times: user=0.20 sys=0.00, real=0.01 secs] 
: 425452K->38152K(440896K), 0.0146490 secs] 8575731K->8202611K(12533952K), 0.0148820 secs] [Times: user=0.26 sys=0.00, real=0.02 secs] 
: 430017K->30724K(440896K), 0.0142460 secs] 8594475K->8226970K(12533952K), 0.0144150 secs] [Times: user=0.24 sys=0.00, real=0.02 secs] 
: 422406K->40797K(440896K), 0.0159740 secs] 8618651K->8261835K(12533952K), 0.0161740 secs] [Times: user=0.29 sys=0.00, real=0.02 secs] 
: 432733K->20540K(440896K), 0.0125010 secs] 8653771K->8274105K(12533952K), 0.0130010 secs] [Times: user=0.23 sys=0.00, real=0.02 secs] 
: 412476K->41843K(440896K), 0.0125040 secs] 8666041K->8295408K(12533952K), 0.0127100 secs] [Times: user=0.24 sys=0.00, real=0.02 secs] 
: 433779K->40329K(440896K), 0.0139230 secs] 8687344K->8329622K(12533952K), 0.0141260 secs] [Times: user=0.21 sys=0.01, real=0.02 secs] 
: 432126K->39737K(440896K), 0.0188230 secs] 8721419K->8362918K(12533952K), 0.0190280 secs] [Times: user=0.29 sys=0.00, real=0.02 secs] 
: 431663K->22171K(440896K), 0.0159190 secs] 8754844K->8378999K(12533952K), 0.0161190 secs] [Times: user=0.27 sys=0.00, real=0.01 secs] 
: 414107K->37632K(440896K), 0.0139300 secs] 8770935K->8394459K(12533952K), 0.0141650 secs] [Times: user=0.24 sys=0.00, real=0.02 secs] 
: 429545K->33292K(440896K), 0.0198980 secs] 8786372K->8406122K(12533952K), 0.0200980 secs] [Times: user=0.33 sys=0.00, real=0.02 secs] 
: 425228K->44027K(440896K), 0.0160010 secs] 8798058K->8432387K(12533952K), 0.0161750 secs] [Times: user=0.31 sys=0.00, real=0.02 secs] 
: 435963K->20585K(440896K), 0.0177390 secs] 8824323K->8441106K(12533952K), 0.0179490 secs] [Times: user=0.30 sys=0.00, real=0.02 secs] 
: 412358K->40723K(440896K), 0.0139900 secs] 8832879K->8461245K(12533952K), 0.0141860 secs] [Times: user=0.26 sys=0.00, real=0.01 secs] 
: 432659K->16657K(440896K), 0.0143980 secs] 8853181K->8471906K(12533952K), 0.0145530 secs] [Times: user=0.21 sys=0.00, real=0.01 secs] 
: 408593K->25033K(440896K), 0.0095430 secs] 8863842K->8480281K(12533952K), 0.0097260 secs] [Times: user=0.19 sys=0.00, real=0.01 secs] 
: 416969K->25321K(440896K), 0.0145180 secs] 8872217K->8491181K(12533952K), 0.0147440 secs] [Times: user=0.26 sys=0.00, real=0.02 secs] 
2015-04-01T21:31:11.505-0700: 13245671.578: [GC [1 CMS-initial-mark: 8465859K(12093056K)] 8491218K(12533952K), 0.0042070 secs] [Times: user=0.01 sys=0.00, real=0.00 secs] 
2015-04-01T21:31:11.834-0700: 13245671.907: [CMS-concurrent-mark: 0.324/0.324 secs] [Times: user=2.00 sys=0.00, real=0.33 secs] 
2015-04-01T21:31:11.873-0700: 13245671.945: [CMS-concurrent-preclean: 0.038/0.038 secs] [Times: user=0.04 sys=0.00, real=0.04 secs] 
2015-04-01T21:31:13.448-0700: 13245673.521: [CMS-concurrent-abortable-preclean: 0.774/1.575 secs] [Times: user=1.17 sys=0.12, real=1.57 secs] 
2015-04-01T21:31:13.449-0700: 13245673.522: [GC[YG occupancy: 235168 K (440896 K)]13245673.522: [Rescan (parallel) , 0.0119420 secs]13245673.534: [weak refs processing, 0.0082250 secs] [1 CMS-remark: 8465859K(12093056K)] 8701027K(12533952K), 0.0206130 secs] [Times: user=0.23 sys=0.00, real=0.02 secs] 
2015-04-01T21:31:14.425-0700: 13245674.497: [CMS-concurrent-sweep: 0.955/0.955 secs] [Times: user=1.02 sys=0.03, real=0.96 secs] 
2015-04-01T21:31:14.452-0700: 13245674.525: [CMS-concurrent-reset: 0.028/0.028 secs] [Times: user=0.03 sys=0.00, real=0.03 secs] 
: 417257K->36768K(440896K), 0.0131430 secs] 3870035K->3498077K(12533952K), 0.0133270 secs] [Times: user=0.24 sys=0.00, real=0.02 secs] 
: 428704K->19646K(440896K), 0.0132870 secs] 3890013K->3511665K(12533952K), 0.0134800 secs] [Times: user=0.20 sys=0.01, real=0.01 secs] 
: 411582K->35890K(440896K), 0.0097550 secs] 3903601K->3527909K(12533952K), 0.0099650 secs] [Times: user=0.17 sys=0.00, real=0.01 secs] 
: 427826K->41155K(440896K), 0.0129590 secs] 3919845K->3546791K(12533952K), 0.0131150 secs] [Times: user=0.23 sys=0.00, real=0.01 secs] 
: 433091K->34084K(440896K), 0.0172660 secs] 3938727K->3574516K(12533952K), 0.0174580 secs] [Times: user=0.27 sys=0.01, real=0.02 secs] 
: 426020K->31827K(440896K), 0.0136910 secs] 3966452K->3599971K(12533952K), 0.0138710 secs] [Times: user=0.21 sys=0.00, real=0.02 secs] 
: 423542K->26829K(440896K), 0.0169360 secs] 3991685K->3620535K(12533952K), 0.0171230 secs] [Times: user=0.29 sys=0.00, real=0.01 secs] 
: 418655K->28609K(440896K), 0.0126960 secs] 4012361K->3642579K(12533952K), 0.0128910 secs] [Times: user=0.21 sys=0.00, real=0.02 secs] 
: 420545K->13633K(440896K), 0.0120080 secs] 4034515K->3650051K(12533952K), 0.0122060 secs] [Times: user=0.18 sys=0.00, real=0.01 secs] 
: 405569K->27944K(440896K), 0.0113740 secs] 4041987K->3664362K(12533952K), 0.0115810 secs] [Times: user=0.20 sys=0.00, real=0.01 secs] 
: 419677K->48960K(440896K), 0.0144180 secs] 4056095K->3696333K(12533952K), 0.0146160 secs] [Times: user=0.26 sys=0.00, real=0.01 secs] 
: 440896K->18479K(440896K), 0.0152900 secs] 4088269K->3707129K(12533952K), 0.0155000 secs] [Times: user=0.26 sys=0.00, real=0.02 secs] 
: 410415K->48531K(440896K), 0.0125130 secs] 4099065K->3737181K(12533952K), 0.0127530 secs] [Times: user=0.25 sys=0.00, real=0.02 secs] 
: 440467K->28101K(440896K), 0.0142260 secs] 4129117K->3754876K(12533952K), 0.0143420 secs] [Times: user=0.24 sys=0.00, real=0.02 secs] 
: 420037K->23753K(440896K), 0.0148440 secs] 4146812K->3772262K(12533952K), 0.0150400 secs] [Times: user=0.26 sys=0.00, real=0.01 secs] 
: 415682K->38588K(440896K), 0.0128610 secs] 4164191K->3787097K(12533952K), 0.0130490 secs] [Times: user=0.25 sys=0.00, real=0.01 secs] 
: 430524K->32734K(440896K), 0.0123870 secs] 4179033K->3798619K(12533952K), 0.0126000 secs] [Times: user=0.21 sys=0.00, real=0.01 secs] 
: 424670K->39341K(440896K), 0.0136760 secs] 4190555K->3819935K(12533952K), 0.0138750 secs] [Times: user=0.26 sys=0.00, real=0.01 secs] 
: 431277K->20174K(440896K), 0.0143570 secs] 4211871K->3834118K(12533952K), 0.0145630 secs] [Times: user=0.24 sys=0.00, real=0.01 secs] 
: 411871K->36610K(440896K), 0.0143450 secs] 4225815K->3850554K(12533952K), 0.0145500 secs] [Times: user=0.28 sys=0.00, real=0.01 secs] 
: 428517K->48960K(440896K), 0.0190230 secs] 4242461K->3907821K(12533952K), 0.0192290 secs] [Times: user=0.28 sys=0.00, real=0.02 secs] 
: 440859K->24485K(440896K), 0.0133140 secs] 4299721K->3907812K(12533952K), 0.0135210 secs] [Times: user=0.24 sys=0.00, real=0.01 secs] 
: 416421K->34864K(440896K), 0.0142040 secs] 4299748K->3918192K(12533952K), 0.0143780 secs] [Times: user=0.26 sys=0.00, real=0.02 secs] 
: 426781K->41560K(440896K), 0.0123450 secs] 4310108K->3942898K(12533952K), 0.0125660 secs] [Times: user=0.20 sys=0.00, real=0.02 secs] 
: 433496K->22382K(440896K), 0.0156230 secs] 4334834K->3958926K(12533952K), 0.0158240 secs] [Times: user=0.21 sys=0.00, real=0.01 secs] 
: 414318K->45785K(440896K), 0.0096890 secs] 4350862K->3982329K(12533952K), 0.0099230 secs] [Times: user=0.18 sys=0.01, real=0.01 secs] 
: 437721K->42669K(440896K), 0.0178860 secs] 4374265K->4018811K(12533952K), 0.0181020 secs] [Times: user=0.23 sys=0.00, real=0.02 secs] 
: 434605K->25249K(440896K), 0.0151100 secs] 4410747K->4035947K(12533952K), 0.0152590 secs] [Times: user=0.22 sys=0.00, real=0.01 secs] 
: 417129K->23099K(440896K), 0.0150280 secs] 4427827K->4052833K(12533952K), 0.0152280 secs] [Times: user=0.24 sys=0.00, real=0.02 secs] 
: 415035K->34693K(440896K), 0.0126860 secs] 4444769K->4064427K(12533952K), 0.0128940 secs] [Times: user=0.26 sys=0.00, real=0.01 secs] 
: 426629K->22453K(440896K), 0.0114110 secs] 4456363K->4068584K(12533952K), 0.0116240 secs] [Times: user=0.19 sys=0.00, real=0.01 secs] 
: 414348K->33989K(440896K), 0.0142660 secs] 4460480K->4080120K(12533952K), 0.0144900 secs] [Times: user=0.26 sys=0.00, real=0.02 secs] 
: 425925K->45717K(440896K), 0.0131050 secs] 4472056K->4103717K(12533952K), 0.0132970 secs] [Times: user=0.21 sys=0.01, real=0.01 secs] 
: 437653K->25731K(440896K), 0.0198440 secs] 4495653K->4123306K(12533952K), 0.0200430 secs] [Times: user=0.22 sys=0.01, real=0.02 secs] 
: 417667K->32527K(440896K), 0.0190030 secs] 4515242K->4149968K(12533952K), 0.0191870 secs] [Times: user=0.27 sys=0.01, real=0.02 secs] 
: 424463K->28530K(440896K), 0.0159060 secs] 4541904K->4172423K(12533952K), 0.0161200 secs] [Times: user=0.21 sys=0.00, real=0.02 secs] 
: 420466K->14125K(440896K), 0.0117080 secs] 4564359K->4180410K(12533952K), 0.0118640 secs] [Times: user=0.18 sys=0.00, real=0.02 secs] 
: 406061K->36959K(440896K), 0.0102100 secs] 4572346K->4203244K(12533952K), 0.0104370 secs] [Times: user=0.18 sys=0.00, real=0.01 secs] 
: 428814K->12900K(440896K), 0.0123980 secs] 4595100K->4210381K(12533952K), 0.0125910 secs] [Times: user=0.20 sys=0.01, real=0.01 secs] 
: 404836K->22374K(440896K), 0.0123530 secs] 4602317K->4219855K(12533952K), 0.0125050 secs] [Times: user=0.22 sys=0.00, real=0.01 secs] 
: 414310K->45342K(440896K), 0.0134440 secs] 4611791K->4242824K(12533952K), 0.0136980 secs] [Times: user=0.23 sys=0.01, real=0.01 secs] 
: 437276K->30555K(440896K), 0.0191080 secs] 4634757K->4267181K(12533952K), 0.0193740 secs] [Times: user=0.28 sys=0.00, real=0.02 secs] 
: 422491K->37673K(440896K), 0.0120830 secs] 4659117K->4298037K(12533952K), 0.0123510 secs] [Times: user=0.19 sys=0.00, real=0.02 secs] 
: 429568K->40116K(440896K), 0.0149560 secs] 4689933K->4331892K(12533952K), 0.0152350 secs] [Times: user=0.21 sys=0.00, real=0.01 secs] 
: 431822K->21742K(440896K), 0.0156290 secs] 4723598K->4347586K(12533952K), 0.0158930 secs] [Times: user=0.21 sys=0.00, real=0.01 secs] 
: 413452K->48949K(440896K), 0.0151900 secs] 4739297K->4379540K(12533952K), 0.0155010 secs] [Times: user=0.27 sys=0.00, real=0.02 secs] 
: 440885K->26600K(440896K), 0.0138300 secs] 4771476K->4399997K(12533952K), 0.0141010 secs] [Times: user=0.20 sys=0.00, real=0.01 secs] 
: 418530K->30161K(440896K), 0.0141950 secs] 4791927K->4422373K(12533952K), 0.0144610 secs] [Times: user=0.24 sys=0.00, real=0.02 secs] 
: 422097K->23242K(440896K), 0.0140090 secs] 4814309K->4431171K(12533952K), 0.0143150 secs] [Times: user=0.23 sys=0.01, real=0.02 secs] 
: 415178K->48257K(440896K), 0.0139080 secs] 4823107K->4456186K(12533952K), 0.0141910 secs] [Times: user=0.24 sys=0.00, real=0.01 secs] 
: 440193K->29857K(440896K), 0.0139230 secs] 4848122K->4480122K(12533952K), 0.0141600 secs] [Times: user=0.19 sys=0.00, real=0.01 secs] 
: 421742K->23802K(440896K), 0.0138570 secs] 4872007K->4498097K(12533952K), 0.0141230 secs] [Times: user=0.20 sys=0.00, real=0.02 secs] 
: 415738K->42375K(440896K), 0.0131040 secs] 4890033K->4516670K(12533952K), 0.0133880 secs] [Times: user=0.25 sys=0.00, real=0.01 secs] 
: 434311K->33437K(440896K), 0.0159860 secs] 4908606K->4544189K(12533952K), 0.0162670 secs] [Times: user=0.24 sys=0.01, real=0.01 secs] 
: 425373K->18362K(440896K), 0.0131990 secs] 4936125K->4556318K(12533952K), 0.0134760 secs] [Times: user=0.20 sys=0.00, real=0.01 secs] 
: 410298K->43529K(440896K), 0.0115030 secs] 4948254K->4581484K(12533952K), 0.0117820 secs] [Times: user=0.21 sys=0.00, real=0.01 secs] 
: 435465K->33852K(440896K), 0.0167480 secs] 4973420K->4609182K(12533952K), 0.0169960 secs] [Times: user=0.22 sys=0.00, real=0.02 secs] 
: 425785K->27442K(440896K), 0.0178470 secs] 5001115K->4630522K(12533952K), 0.0181160 secs] [Times: user=0.28 sys=0.01, real=0.02 secs] 
: 419378K->24931K(440896K), 0.0145660 secs] 5022458K->4649351K(12533952K), 0.0147710 secs] [Times: user=0.25 sys=0.00, real=0.02 secs] 
: 416859K->28508K(440896K), 0.0158230 secs] 5041279K->4672745K(12533952K), 0.0160060 secs] [Times: user=0.28 sys=0.00, real=0.02 secs] 
: 420444K->25156K(440896K), 0.0123960 secs] 5064681K->4691704K(12533952K), 0.0126270 secs] [Times: user=0.21 sys=0.00, real=0.02 secs] 
: 417092K->25652K(440896K), 0.0136910 secs] 5083640K->4711318K(12533952K), 0.0139190 secs] [Times: user=0.24 sys=0.00, real=0.02 secs] 
: 417588K->28471K(440896K), 0.0145880 secs] 5103254K->4733638K(12533952K), 0.0148100 secs] [Times: user=0.26 sys=0.00, real=0.02 secs] 
: 420407K->24246K(440896K), 0.0159240 secs] 5125574K->4751708K(12533952K), 0.0161600 secs] [Times: user=0.27 sys=0.00, real=0.02 secs] 
: 416182K->26623K(440896K), 0.0111800 secs] 5143644K->4754085K(12533952K), 0.0114230 secs] [Times: user=0.20 sys=0.00, real=0.02 secs] 
: 418559K->28296K(440896K), 0.0104950 secs] 5146021K->4773906K(12533952K), 0.0106720 secs] [Times: user=0.18 sys=0.00, real=0.01 secs] 
: 420232K->18477K(440896K), 0.0140200 secs] 5165842K->4786444K(12533952K), 0.0145170 secs] [Times: user=0.21 sys=0.00, real=0.02 secs] 
: 410361K->48955K(440896K), 0.0139010 secs] 5178328K->4816986K(12533952K), 0.0141400 secs] [Times: user=0.26 sys=0.00, real=0.01 secs] 
: 440891K->22165K(440896K), 0.0177600 secs] 5208922K->4833081K(12533952K), 0.0180120 secs] [Times: user=0.25 sys=0.01, real=0.02 secs] 
: 413975K->47018K(440896K), 0.0104630 secs] 5224891K->4857934K(12533952K), 0.0106940 secs] [Times: user=0.19 sys=0.00, real=0.01 secs] 
: 438954K->28454K(440896K), 0.0168390 secs] 5249870K->4880419K(12533952K), 0.0170650 secs] [Times: user=0.24 sys=0.00, real=0.01 secs] 
: 420390K->34103K(440896K), 0.0155380 secs] 5272355K->4908256K(12533952K), 0.0157710 secs] [Times: user=0.25 sys=0.00, real=0.02 secs] 
: 426039K->27966K(440896K), 0.0147860 secs] 5300192K->4930514K(12533952K), 0.0150260 secs] [Times: user=0.23 sys=0.00, real=0.02 secs] 
: 419902K->27095K(440896K), 0.0162990 secs] 5322450K->4951683K(12533952K), 0.0165810 secs] [Times: user=0.23 sys=0.00, real=0.01 secs] 
: 419031K->25490K(440896K), 0.0173150 secs] 5343619K->4971048K(12533952K), 0.0175330 secs] [Times: user=0.19 sys=0.01, real=0.02 secs] 
: 417426K->28976K(440896K), 0.0146380 secs] 5362984K->4993896K(12533952K), 0.0148710 secs] [Times: user=0.22 sys=0.00, real=0.02 secs] 
: 420912K->18907K(440896K), 0.0170270 secs] 5385832K->5006860K(12533952K), 0.0174110 secs] [Times: user=0.24 sys=0.00, real=0.02 secs] 
: 410822K->42848K(440896K), 0.0112110 secs] 5398775K->5030801K(12533952K), 0.0114340 secs] [Times: user=0.21 sys=0.00, real=0.01 secs] 
: 434784K->35146K(440896K), 0.0180300 secs] 5422737K->5060012K(12533952K), 0.0182530 secs] [Times: user=0.27 sys=0.00, real=0.02 secs] 
: 427082K->32667K(440896K), 0.0166140 secs] 5451948K->5082408K(12533952K), 0.0168280 secs] [Times: user=0.28 sys=0.00, real=0.02 secs] 
: 424603K->35000K(440896K), 0.0166570 secs] 5474344K->5111376K(12533952K), 0.0168910 secs] [Times: user=0.26 sys=0.00, real=0.02 secs] 
: 426936K->31552K(440896K), 0.0167090 secs] 5503312K->5136959K(12533952K), 0.0169510 secs] [Times: user=0.25 sys=0.00, real=0.02 secs] 
: 423488K->25912K(440896K), 0.0128050 secs] 5528895K->5154867K(12533952K), 0.0130300 secs] [Times: user=0.20 sys=0.00, real=0.01 secs] 
: 417646K->26361K(440896K), 0.0130520 secs] 5546601K->5174925K(12533952K), 0.0132620 secs] [Times: user=0.23 sys=0.00, real=0.01 secs] 
: 418174K->33621K(440896K), 0.0119510 secs] 5566738K->5202589K(12533952K), 0.0121760 secs] [Times: user=0.19 sys=0.00, real=0.01 secs] 
: 425557K->33204K(440896K), 0.0148270 secs] 5594525K->5229552K(12533952K), 0.0150020 secs] [Times: user=0.20 sys=0.00, real=0.01 secs] 
: 425140K->24838K(440896K), 0.0140090 secs] 5621488K->5249647K(12533952K), 0.0141710 secs] [Times: user=0.20 sys=0.01, real=0.02 secs] 
: 416659K->30404K(440896K), 0.0137980 secs] 5641468K->5273705K(12533952K), 0.0139470 secs] [Times: user=0.25 sys=0.00, real=0.02 secs] 
: 422340K->31852K(440896K), 0.0140350 secs] 5665641K->5299288K(12533952K), 0.0142650 secs] [Times: user=0.22 sys=0.00, real=0.02 secs] 
: 423788K->20708K(440896K), 0.0115530 secs] 5691224K->5313754K(12533952K), 0.0117710 secs] [Times: user=0.17 sys=0.00, real=0.01 secs] 
: 412644K->38558K(440896K), 0.0111630 secs] 5705690K->5331604K(12533952K), 0.0114080 secs] [Times: user=0.21 sys=0.00, real=0.01 secs] 
: 430494K->45376K(440896K), 0.0159840 secs] 5723540K->5352978K(12533952K), 0.0161500 secs] [Times: user=0.28 sys=0.00, real=0.02 secs] 
: 437312K->25823K(440896K), 0.0214090 secs] 5744914K->5372932K(12533952K), 0.0216590 secs] [Times: user=0.25 sys=0.00, real=0.02 secs] 
: 417759K->24413K(440896K), 0.0116470 secs] 5764868K->5391370K(12533952K), 0.0118740 secs] [Times: user=0.20 sys=0.00, real=0.01 secs] 
: 416304K->42344K(440896K), 0.0185200 secs] 5783261K->5409302K(12533952K), 0.0187470 secs] [Times: user=0.33 sys=0.00, real=0.02 secs] 
: 434241K->48914K(440896K), 0.0156970 secs] 5801198K->5435534K(12533952K), 0.0159220 secs] [Times: user=0.22 sys=0.00, real=0.02 secs] 
: 440789K->16621K(440896K), 0.0206160 secs] 5827409K->5446113K(12533952K), 0.0208530 secs] [Times: user=0.26 sys=0.01, real=0.02 secs] 
: 408557K->39579K(440896K), 0.0118200 secs] 5838049K->5469071K(12533952K), 0.0121000 secs] [Times: user=0.20 sys=0.00, real=0.01 secs] 
: 431515K->21614K(440896K), 0.0129110 secs] 5861007K->5484584K(12533952K), 0.0130510 secs] [Times: user=0.18 sys=0.00, real=0.01 secs] 
: 413550K->31043K(440896K), 0.0131260 secs] 5876520K->5494013K(12533952K), 0.0133370 secs] [Times: user=0.25 sys=0.00, real=0.01 secs] 
: 422979K->38698K(440896K), 0.0138880 secs] 5885949K->5517200K(12533952K), 0.0140700 secs] [Times: user=0.25 sys=0.00, real=0.01 secs] 
: 430601K->28500K(440896K), 0.0143100 secs] 5909103K->5539838K(12533952K), 0.0145590 secs] [Times: user=0.25 sys=0.00, real=0.01 secs] 
: 420436K->15678K(440896K), 0.0123700 secs] 5931774K->5549214K(12533952K), 0.0125890 secs] [Times: user=0.16 sys=0.01, real=0.01 secs] 
: 407614K->45026K(440896K), 0.0121180 secs] 5941150K->5578562K(12533952K), 0.0123570 secs] [Times: user=0.24 sys=0.00, real=0.01 secs] 
: 436962K->35485K(440896K), 0.0162610 secs] 5970498K->5607878K(12533952K), 0.0164770 secs] [Times: user=0.23 sys=0.00, real=0.01 secs] 
: 427421K->8660K(440896K), 0.0144360 secs] 5999814K->5606492K(12533952K), 0.0146330 secs] [Times: user=0.23 sys=0.00, real=0.01 secs] 
: 400596K->24712K(440896K), 0.0103630 secs] 5998428K->5622543K(12533952K), 0.0105780 secs] [Times: user=0.21 sys=0.00, real=0.02 secs] 
: 416648K->41631K(440896K), 0.0185250 secs] 6014479K->5642245K(12533952K), 0.0187670 secs] [Times: user=0.30 sys=0.00, real=0.02 secs] 
: 433567K->20601K(440896K), 0.0171160 secs] 6034181K->5656569K(12533952K), 0.0173090 secs] [Times: user=0.25 sys=0.00, real=0.02 secs] 
: 412537K->35455K(440896K), 0.0141560 secs] 6048505K->5671423K(12533952K), 0.0143590 secs] [Times: user=0.26 sys=0.00, real=0.01 secs] 
: 427391K->26615K(440896K), 0.0123650 secs] 6063359K->5677183K(12533952K), 0.0124860 secs] [Times: user=0.19 sys=0.00, real=0.02 secs] 
: 418528K->41781K(440896K), 0.0158220 secs] 6069096K->5707014K(12533952K), 0.0160160 secs] [Times: user=0.26 sys=0.00, real=0.02 secs] 
: 433717K->22535K(440896K), 0.0152120 secs] 6098950K->5721132K(12533952K), 0.0153670 secs] [Times: user=0.21 sys=0.01, real=0.02 secs] 
: 414471K->43299K(440896K), 0.0133210 secs] 6113068K->5741895K(12533952K), 0.0135420 secs] [Times: user=0.26 sys=0.00, real=0.01 secs] 
: 435235K->16372K(440896K), 0.0197660 secs] 6133831K->5752256K(12533952K), 0.0199910 secs] [Times: user=0.25 sys=0.01, real=0.02 secs] 
: 408308K->34649K(440896K), 0.0133520 secs] 6144192K->5770533K(12533952K), 0.0135330 secs] [Times: user=0.26 sys=0.00, real=0.02 secs] 
: 426585K->18365K(440896K), 0.0193000 secs] 6162469K->5782852K(12533952K), 0.0195410 secs] [Times: user=0.28 sys=0.00, real=0.02 secs] 
: 410301K->29625K(440896K), 0.0146520 secs] 6174788K->5794112K(12533952K), 0.0149150 secs] [Times: user=0.29 sys=0.00, real=0.02 secs] 
: 421561K->25919K(440896K), 0.0140930 secs] 6186048K->5803160K(12533952K), 0.0142940 secs] [Times: user=0.24 sys=0.00, real=0.02 secs] 
: 417855K->30039K(440896K), 0.0108640 secs] 6195096K->5818023K(12533952K), 0.0110550 secs] [Times: user=0.20 sys=0.00, real=0.01 secs] 
: 421975K->32483K(440896K), 0.0098940 secs] 6209959K->5829647K(12533952K), 0.0100430 secs] [Times: user=0.19 sys=0.01, real=0.01 secs] 
: 424419K->24366K(440896K), 0.0126800 secs] 6221583K->5836524K(12533952K), 0.0128330 secs] [Times: user=0.19 sys=0.00, real=0.01 secs] 
: 416302K->48946K(440896K), 0.0124680 secs] 6228460K->5865144K(12533952K), 0.0126440 secs] [Times: user=0.22 sys=0.00, real=0.01 secs] 
: 440868K->28422K(440896K), 0.0186890 secs] 6257066K->5878228K(12533952K), 0.0188650 secs] [Times: user=0.26 sys=0.00, real=0.02 secs] 
: 420358K->19120K(440896K), 0.0156800 secs] 6270164K->5891230K(12533952K), 0.0158660 secs] [Times: user=0.27 sys=0.00, real=0.01 secs] 
: 411056K->38102K(440896K), 0.0139080 secs] 6283166K->5910212K(12533952K), 0.0141250 secs] [Times: user=0.25 sys=0.00, real=0.02 secs] 
: 430038K->13582K(440896K), 0.0188180 secs] 6302148K->5917786K(12533952K), 0.0190270 secs] [Times: user=0.28 sys=0.00, real=0.02 secs] 
: 405518K->28315K(440896K), 0.0129420 secs] 6309722K->5932518K(12533952K), 0.0131030 secs] [Times: user=0.26 sys=0.00, real=0.02 secs] 
: 420251K->29270K(440896K), 0.0142920 secs] 6324454K->5940390K(12533952K), 0.0145060 secs] [Times: user=0.25 sys=0.00, real=0.02 secs] 
: 421206K->36748K(440896K), 0.0141150 secs] 6332326K->5963075K(12533952K), 0.0143240 secs] [Times: user=0.26 sys=0.00, real=0.02 secs] 
: 428657K->22469K(440896K), 0.0142170 secs] 6354984K->5979289K(12533952K), 0.0144000 secs] [Times: user=0.19 sys=0.00, real=0.01 secs] 
: 414405K->36054K(440896K), 0.0142240 secs] 6371225K->5992874K(12533952K), 0.0143620 secs] [Times: user=0.26 sys=0.00, real=0.01 secs] 
: 427990K->41121K(440896K), 0.0143720 secs] 6384810K->6013995K(12533952K), 0.0145340 secs] [Times: user=0.26 sys=0.00, real=0.02 secs] 
: 433057K->28551K(440896K), 0.0205200 secs] 6405931K->6034560K(12533952K), 0.0206740 secs] [Times: user=0.25 sys=0.00, real=0.02 secs] 
: 420487K->37536K(440896K), 0.0148530 secs] 6426496K->6065490K(12533952K), 0.0151240 secs] [Times: user=0.24 sys=0.00, real=0.02 secs] 
: 429472K->13318K(440896K), 0.0138670 secs] 6457426K->6072507K(12533952K), 0.0140900 secs] [Times: user=0.19 sys=0.00, real=0.01 secs] 
: 405127K->25604K(440896K), 0.0118040 secs] 6464317K->6084793K(12533952K), 0.0120340 secs] [Times: user=0.21 sys=0.01, real=0.01 secs] 
: 417540K->33084K(440896K), 0.0120020 secs] 6476729K->6099335K(12533952K), 0.0121420 secs] [Times: user=0.22 sys=0.00, real=0.01 secs] 
: 424931K->27704K(440896K), 0.0127930 secs] 6491182K->6106283K(12533952K), 0.0130500 secs] [Times: user=0.23 sys=0.01, real=0.02 secs] 
: 419636K->23793K(440896K), 0.0162380 secs] 6498214K->6117284K(12533952K), 0.0164590 secs] [Times: user=0.27 sys=0.00, real=0.02 secs] 
: 415729K->39578K(440896K), 0.0117070 secs] 6509220K->6133068K(12533952K), 0.0118660 secs] [Times: user=0.22 sys=0.00, real=0.01 secs] 
: 431514K->40125K(440896K), 0.0124860 secs] 6525004K->6151219K(12533952K), 0.0127150 secs] [Times: user=0.20 sys=0.00, real=0.01 secs] 
: 432061K->48960K(440896K), 0.0152760 secs] 6543155K->6187367K(12533952K), 0.0155000 secs] [Times: user=0.24 sys=0.00, real=0.01 secs] 
: 440896K->35132K(440896K), 0.0158430 secs] 6579303K->6206343K(12533952K), 0.0160720 secs] [Times: user=0.23 sys=0.01, real=0.01 secs] 
: 427068K->30330K(440896K), 0.0165500 secs] 6598279K->6230580K(12533952K), 0.0167730 secs] [Times: user=0.24 sys=0.00, real=0.01 secs] 
: 422266K->26647K(440896K), 0.0127990 secs] 6622516K->6251141K(12533952K), 0.0130030 secs] [Times: user=0.19 sys=0.00, real=0.01 secs] 
: 418402K->32189K(440896K), 0.0138970 secs] 6642895K->6277422K(12533952K), 0.0141600 secs] [Times: user=0.22 sys=0.00, real=0.01 secs] 
: 424116K->38769K(440896K), 0.0143880 secs] 6669348K->6309948K(12533952K), 0.0146070 secs] [Times: user=0.26 sys=0.00, real=0.02 secs] 
: 430705K->28176K(440896K), 0.0149000 secs] 6701884K->6329625K(12533952K), 0.0150830 secs] [Times: user=0.20 sys=0.00, real=0.01 secs] 
: 420073K->30519K(440896K), 0.0149940 secs] 6721522K->6354020K(12533952K), 0.0152160 secs] [Times: user=0.22 sys=0.01, real=0.02 secs] 
: 422455K->23848K(440896K), 0.0140590 secs] 6745956K->6371652K(12533952K), 0.0142250 secs] [Times: user=0.21 sys=0.00, real=0.02 secs] 
: 415759K->27762K(440896K), 0.0097660 secs] 6763562K->6375566K(12533952K), 0.0099450 secs] [Times: user=0.17 sys=0.00, real=0.01 secs] 
: 419698K->31434K(440896K), 0.0135350 secs] 6767502K->6397305K(12533952K), 0.0137870 secs] [Times: user=0.21 sys=0.00, real=0.01 secs] 
: 423370K->38013K(440896K), 0.0181670 secs] 6789241K->6429372K(12533952K), 0.0183550 secs] [Times: user=0.29 sys=0.00, real=0.01 secs] 
: 429949K->42064K(440896K), 0.0161790 secs] 6821308K->6465420K(12533952K), 0.0164310 secs] [Times: user=0.23 sys=0.00, real=0.02 secs] 
: 433752K->32121K(440896K), 0.0166090 secs] 6857108K->6485312K(12533952K), 0.0169350 secs] [Times: user=0.22 sys=0.01, real=0.02 secs] 
: 424036K->33353K(440896K), 0.0160620 secs] 6877227K->6512061K(12533952K), 0.0162980 secs] [Times: user=0.22 sys=0.01, real=0.02 secs] 
: 425049K->29659K(440896K), 0.0163730 secs] 6903757K->6535509K(12533952K), 0.0166140 secs] [Times: user=0.20 sys=0.00, real=0.01 secs] 
: 421595K->25538K(440896K), 0.0156620 secs] 6927445K->6554823K(12533952K), 0.0159030 secs] [Times: user=0.25 sys=0.01, real=0.02 secs] 
: 417474K->30767K(440896K), 0.0158990 secs] 6946759K->6577677K(12533952K), 0.0161490 secs] [Times: user=0.28 sys=0.00, real=0.02 secs] 
: 422703K->25130K(440896K), 0.0149130 secs] 6969613K->6597072K(12533952K), 0.0151460 secs] [Times: user=0.21 sys=0.00, real=0.01 secs] 
: 417066K->28682K(440896K), 0.0201790 secs] 6989008K->6619986K(12533952K), 0.0204210 secs] [Times: user=0.28 sys=0.00, real=0.02 secs] 
: 420618K->16278K(440896K), 0.0156220 secs] 7011922K->6629821K(12533952K), 0.0158240 secs] [Times: user=0.22 sys=0.01, real=0.01 secs] 
: 408214K->43098K(440896K), 0.0128480 secs] 7021757K->6656642K(12533952K), 0.0130590 secs] [Times: user=0.24 sys=0.00, real=0.02 secs] 
: 435034K->22788K(440896K), 0.0164940 secs] 7048578K->6673524K(12533952K), 0.0166860 secs] [Times: user=0.21 sys=0.00, real=0.01 secs] 
: 414724K->43350K(440896K), 0.0130040 secs] 7065460K->6694085K(12533952K), 0.0132340 secs] [Times: user=0.25 sys=0.00, real=0.02 secs] 
: 435286K->26594K(440896K), 0.0167870 secs] 7086021K->6711474K(12533952K), 0.0170040 secs] [Times: user=0.29 sys=0.00, real=0.01 secs] 
: 418530K->16966K(440896K), 0.0128590 secs] 7103410K->6722756K(12533952K), 0.0130550 secs] [Times: user=0.20 sys=0.00, real=0.01 secs] 
: 408716K->42981K(440896K), 0.0138380 secs] 7114506K->6748770K(12533952K), 0.0140320 secs] [Times: user=0.25 sys=0.00, real=0.01 secs] 
: 434917K->32782K(440896K), 0.0153340 secs] 7140706K->6775586K(12533952K), 0.0155650 secs] [Times: user=0.21 sys=0.00, real=0.02 secs] 
: 424718K->15987K(440896K), 0.0186590 secs] 7167522K->6785475K(12533952K), 0.0188740 secs] [Times: user=0.29 sys=0.00, real=0.02 secs] 
: 407923K->25989K(440896K), 0.0137040 secs] 7177411K->6795476K(12533952K), 0.0140800 secs] [Times: user=0.26 sys=0.00, real=0.01 secs] 
: 417871K->32134K(440896K), 0.0129370 secs] 7187359K->6811339K(12533952K), 0.0131680 secs] [Times: user=0.23 sys=0.00, real=0.01 secs] 
: 424070K->48960K(440896K), 0.0148170 secs] 7203275K->6846844K(12533952K), 0.0150440 secs] [Times: user=0.24 sys=0.00, real=0.02 secs] 
: 440896K->30101K(440896K), 0.0198130 secs] 7238780K->6872439K(12533952K), 0.0200350 secs] [Times: user=0.28 sys=0.00, real=0.02 secs] 
: 421952K->20956K(440896K), 0.0148600 secs] 7264290K->6887381K(12533952K), 0.0151080 secs] [Times: user=0.24 sys=0.00, real=0.01 secs] 
: 412892K->34410K(440896K), 0.0110300 secs] 7279317K->6900836K(12533952K), 0.0112560 secs] [Times: user=0.21 sys=0.00, real=0.01 secs] 
: 426244K->48909K(440896K), 0.0158690 secs] 7292670K->6938076K(12533952K), 0.0160910 secs] [Times: user=0.25 sys=0.00, real=0.01 secs] 
: 440845K->33088K(440896K), 0.0203050 secs] 7330012K->6966506K(12533952K), 0.0205220 secs] [Times: user=0.27 sys=0.01, real=0.02 secs] 
: 425024K->22687K(440896K), 0.0137650 secs] 7358442K->6983152K(12533952K), 0.0140140 secs] [Times: user=0.22 sys=0.00, real=0.02 secs] 
: 414623K->48912K(440896K), 0.0145230 secs] 7375088K->7010852K(12533952K), 0.0147460 secs] [Times: user=0.28 sys=0.00, real=0.01 secs] 
: 440712K->27501K(440896K), 0.0239930 secs] 7402652K->7032454K(12533952K), 0.0242120 secs] [Times: user=0.29 sys=0.00, real=0.02 secs] 
: 419274K->23113K(440896K), 0.0154610 secs] 7424227K->7049614K(12533952K), 0.0156890 secs] [Times: user=0.22 sys=0.00, real=0.02 secs] 
: 415036K->47132K(440896K), 0.0119500 secs] 7441537K->7073633K(12533952K), 0.0121800 secs] [Times: user=0.21 sys=0.00, real=0.02 secs] 
: 439068K->23849K(440896K), 0.0187640 secs] 7465569K->7091793K(12533952K), 0.0189980 secs] [Times: user=0.25 sys=0.01, real=0.02 secs] 
: 415785K->25150K(440896K), 0.0114990 secs] 7483729K->7093094K(12533952K), 0.0116830 secs] [Times: user=0.24 sys=0.00, real=0.01 secs] 
: 417062K->12453K(440896K), 0.0124480 secs] 7485006K->7098180K(12533952K), 0.0126670 secs] [Times: user=0.17 sys=0.00, real=0.02 secs] 
: 404389K->21403K(440896K), 0.0135320 secs] 7490116K->7107130K(12533952K), 0.0137440 secs] [Times: user=0.23 sys=0.00, real=0.02 secs] 
: 413339K->21335K(440896K), 0.0111440 secs] 7499066K->7107063K(12533952K), 0.0113620 secs] [Times: user=0.20 sys=0.01, real=0.01 secs] 
: 413271K->20308K(440896K), 0.0111520 secs] 7498999K->7106823K(12533952K), 0.0113680 secs] [Times: user=0.20 sys=0.00, real=0.01 secs] 
: 412244K->17824K(440896K), 0.0141240 secs] 7498759K->7109256K(12533952K), 0.0143390 secs] [Times: user=0.25 sys=0.00, real=0.02 secs] 
: 409760K->11513K(440896K), 0.0131000 secs] 7501192K->7112009K(12533952K), 0.0133230 secs] [Times: user=0.23 sys=0.00, real=0.02 secs] 
: 403449K->17391K(440896K), 0.0128210 secs] 7503945K->7117887K(12533952K), 0.0130250 secs] [Times: user=0.24 sys=0.00, real=0.01 secs] 
: 409327K->17321K(440896K), 0.0133790 secs] 7509823K->7117939K(12533952K), 0.0135670 secs] [Times: user=0.22 sys=0.00, real=0.02 secs] 
: 409257K->15881K(440896K), 0.0133570 secs] 7509875K->7118083K(12533952K), 0.0135770 secs] [Times: user=0.25 sys=0.00, real=0.02 secs] 
: 407753K->15667K(440896K), 0.0151800 secs] 7509955K->7120947K(12533952K), 0.0154070 secs] [Times: user=0.27 sys=0.00, real=0.01 secs] 
: 407603K->9870K(440896K), 0.0141450 secs] 7512883K->7121201K(12533952K), 0.0144010 secs] [Times: user=0.24 sys=0.01, real=0.01 secs] 
: 401806K->15287K(440896K), 0.0146970 secs] 7513137K->7126618K(12533952K), 0.0149920 secs] [Times: user=0.26 sys=0.00, real=0.02 secs] 
: 407223K->17783K(440896K), 0.0158660 secs] 7518554K->7129114K(12533952K), 0.0161030 secs] [Times: user=0.29 sys=0.00, real=0.01 secs] 
: 409719K->14349K(440896K), 0.0112900 secs] 7521050K->7128116K(12533952K), 0.0114680 secs] [Times: user=0.20 sys=0.00, real=0.01 secs] 
: 406269K->19117K(440896K), 0.0120060 secs] 7520036K->7133012K(12533952K), 0.0122750 secs] [Times: user=0.21 sys=0.00, real=0.01 secs] 
: 411053K->12538K(440896K), 0.0130220 secs] 7524948K->7132435K(12533952K), 0.0132960 secs] [Times: user=0.20 sys=0.00, real=0.01 secs] 
: 404474K->11195K(440896K), 0.0141700 secs] 7524371K->7132787K(12533952K), 0.0144180 secs] [Times: user=0.25 sys=0.00, real=0.02 secs] 
: 403131K->10783K(440896K), 0.0112850 secs] 7524723K->7132375K(12533952K), 0.0115010 secs] [Times: user=0.19 sys=0.00, real=0.02 secs] 
: 402665K->7158K(440896K), 0.0150180 secs] 7524258K->7132980K(12533952K), 0.0152530 secs] [Times: user=0.23 sys=0.00, real=0.01 secs] 
: 399094K->13526K(440896K), 0.0099530 secs] 7524916K->7139349K(12533952K), 0.0101580 secs] [Times: user=0.17 sys=0.00, real=0.01 secs] 
: 405462K->13321K(440896K), 0.0134580 secs] 7531285K->7139144K(12533952K), 0.0136280 secs] [Times: user=0.26 sys=0.00, real=0.01 secs] 
: 405257K->12639K(440896K), 0.0120720 secs] 7531080K->7139151K(12533952K), 0.0122850 secs] [Times: user=0.19 sys=0.00, real=0.01 secs] 
: 404575K->14679K(440896K), 0.0134100 secs] 7531087K->7141619K(12533952K), 0.0136560 secs] [Times: user=0.26 sys=0.00, real=0.02 secs] 
: 406615K->9049K(440896K), 0.0137440 secs] 7533555K->7141576K(12533952K), 0.0139420 secs] [Times: user=0.21 sys=0.00, real=0.02 secs] 
: 400985K->8972K(440896K), 0.0127460 secs] 7533512K->7141499K(12533952K), 0.0129740 secs] [Times: user=0.23 sys=0.00, real=0.01 secs] 
: 400908K->7559K(440896K), 0.0128640 secs] 7533435K->7140138K(12533952K), 0.0130460 secs] [Times: user=0.24 sys=0.00, real=0.01 secs] 
: 399495K->7486K(440896K), 0.0127150 secs] 7532074K->7142373K(12533952K), 0.0129280 secs] [Times: user=0.22 sys=0.00, real=0.01 secs] 
: 399422K->7483K(440896K), 0.0128560 secs] 7534309K->7142371K(12533952K), 0.0130700 secs] [Times: user=0.23 sys=0.00, real=0.01 secs] 
: 399419K->7441K(440896K), 0.0149600 secs] 7534307K->7142329K(12533952K), 0.0151860 secs] [Times: user=0.27 sys=0.00, real=0.01 secs] 
: 399377K->7115K(440896K), 0.0127910 secs] 7534265K->7142111K(12533952K), 0.0130230 secs] [Times: user=0.24 sys=0.00, real=0.02 secs] 
: 399051K->6800K(440896K), 0.0141610 secs] 7534047K->7143123K(12533952K), 0.0144040 secs] [Times: user=0.25 sys=0.00, real=0.02 secs] 
: 398736K->6583K(440896K), 0.0109570 secs] 7535059K->7142907K(12533952K), 0.0111220 secs] [Times: user=0.19 sys=0.00, real=0.02 secs] 
: 398519K->6148K(440896K), 0.0114820 secs] 7534843K->7142471K(12533952K), 0.0117370 secs] [Times: user=0.20 sys=0.00, real=0.02 secs] 
: 398084K->6934K(440896K), 0.0124580 secs] 7534407K->7143695K(12533952K), 0.0126550 secs] [Times: user=0.24 sys=0.00, real=0.01 secs] 
: 398870K->6558K(440896K), 0.0104110 secs] 7535631K->7143630K(12533952K), 0.0105910 secs] [Times: user=0.19 sys=0.00, real=0.01 secs] 
: 398494K->5782K(440896K), 0.0104450 secs] 7535566K->7142854K(12533952K), 0.0106300 secs] [Times: user=0.19 sys=0.00, real=0.01 secs] 
: 397718K->7853K(440896K), 0.0128960 secs] 7534790K->7145571K(12533952K), 0.0131010 secs] [Times: user=0.23 sys=0.00, real=0.01 secs] 
: 399789K->7841K(440896K), 0.0099130 secs] 7537507K->7145560K(12533952K), 0.0101070 secs] [Times: user=0.18 sys=0.00, real=0.01 secs] 
: 399532K->8327K(440896K), 0.0132910 secs] 7537250K->7146045K(12533952K), 0.0135160 secs] [Times: user=0.25 sys=0.00, real=0.02 secs] 
: 400263K->8557K(440896K), 0.0111820 secs] 7537981K->7146320K(12533952K), 0.0114070 secs] [Times: user=0.19 sys=0.00, real=0.01 secs] 
: 400493K->6712K(440896K), 0.0151540 secs] 7538256K->7146470K(12533952K), 0.0153720 secs] [Times: user=0.26 sys=0.00, real=0.02 secs] 
: 398648K->6930K(440896K), 0.0144810 secs] 7538406K->7146689K(12533952K), 0.0147380 secs] [Times: user=0.26 sys=0.01, real=0.01 secs] 
: 398866K->8749K(440896K), 0.0115340 secs] 7538625K->7148751K(12533952K), 0.0117570 secs] [Times: user=0.19 sys=0.01, real=0.01 secs] 
: 400685K->8854K(440896K), 0.0127380 secs] 7540687K->7149142K(12533952K), 0.0129190 secs] [Times: user=0.23 sys=0.00, real=0.01 secs] 
: 400790K->11623K(440896K), 0.0128230 secs] 7541078K->7151911K(12533952K), 0.0130250 secs] [Times: user=0.24 sys=0.00, real=0.01 secs] 
: 403559K->11248K(440896K), 0.0151630 secs] 7543847K->7152565K(12533952K), 0.0153450 secs] [Times: user=0.27 sys=0.00, real=0.01 secs] 
: 403184K->9248K(440896K), 0.0117100 secs] 7544501K->7152273K(12533952K), 0.0118680 secs] [Times: user=0.19 sys=0.00, real=0.01 secs] 
: 401184K->9289K(440896K), 0.0114080 secs] 7544209K->7152314K(12533952K), 0.0116220 secs] [Times: user=0.20 sys=0.00, real=0.02 secs] 
: 401225K->6710K(440896K), 0.0121240 secs] 7544250K->7152990K(12533952K), 0.0122910 secs] [Times: user=0.18 sys=0.00, real=0.01 secs] 
: 398646K->6093K(440896K), 0.0105250 secs] 7544926K->7152373K(12533952K), 0.0107190 secs] [Times: user=0.20 sys=0.01, real=0.01 secs] 
: 398029K->6475K(440896K), 0.0117560 secs] 7544309K->7152756K(12533952K), 0.0119440 secs] [Times: user=0.21 sys=0.00, real=0.01 secs] 
: 398411K->6947K(440896K), 0.0141950 secs] 7544692K->7153280K(12533952K), 0.0145960 secs] [Times: user=0.25 sys=0.00, real=0.01 secs] 
: 398883K->6684K(440896K), 0.0132580 secs] 7545216K->7153240K(12533952K), 0.0134760 secs] [Times: user=0.24 sys=0.00, real=0.01 secs] 
: 398620K->6369K(440896K), 0.0145790 secs] 7545176K->7152925K(12533952K), 0.0148270 secs] [Times: user=0.27 sys=0.00, real=0.01 secs] 
: 398305K->5930K(440896K), 0.0102460 secs] 7544861K->7153168K(12533952K), 0.0105670 secs] [Times: user=0.18 sys=0.00, real=0.01 secs] 
: 397866K->6888K(440896K), 0.0107540 secs] 7545104K->7154127K(12533952K), 0.0109660 secs] [Times: user=0.19 sys=0.00, real=0.02 secs] 
: 398824K->6913K(440896K), 0.0123650 secs] 7546063K->7154155K(12533952K), 0.0125540 secs] [Times: user=0.21 sys=0.00, real=0.01 secs] 
: 398849K->7432K(440896K), 0.0139410 secs] 7546091K->7154840K(12533952K), 0.0141820 secs] [Times: user=0.23 sys=0.00, real=0.02 secs] 
: 399368K->8260K(440896K), 0.0109140 secs] 7546776K->7155668K(12533952K), 0.0111750 secs] [Times: user=0.20 sys=0.00, real=0.01 secs] 
: 400196K->7790K(440896K), 0.0135010 secs] 7547604K->7156211K(12533952K), 0.0136950 secs] [Times: user=0.22 sys=0.00, real=0.01 secs] 
: 399726K->7594K(440896K), 0.0126380 secs] 7548147K->7156074K(12533952K), 0.0128700 secs] [Times: user=0.19 sys=0.00, real=0.01 secs] 
: 399530K->6733K(440896K), 0.0106270 secs] 7548010K->7155600K(12533952K), 0.0108650 secs] [Times: user=0.17 sys=0.01, real=0.01 secs] 
: 398669K->6626K(440896K), 0.0120110 secs] 7547536K->7156697K(12533952K), 0.0122360 secs] [Times: user=0.19 sys=0.00, real=0.01 secs] 
: 398562K->7488K(440896K), 0.0106050 secs] 7548633K->7157560K(12533952K), 0.0107890 secs] [Times: user=0.16 sys=0.00, real=0.01 secs] 
: 399424K->7250K(440896K), 0.0106810 secs] 7549496K->7157322K(12533952K), 0.0108620 secs] [Times: user=0.18 sys=0.00, real=0.01 secs] 
: 399186K->8036K(440896K), 0.0133850 secs] 7549258K->7158392K(12533952K), 0.0135720 secs] [Times: user=0.25 sys=0.00, real=0.01 secs] 
: 399972K->7813K(440896K), 0.0103560 secs] 7550328K->7158591K(12533952K), 0.0105620 secs] [Times: user=0.18 sys=0.01, real=0.01 secs] 
: 399749K->7246K(440896K), 0.0148440 secs] 7550527K->7158910K(12533952K), 0.0150150 secs] [Times: user=0.27 sys=0.00, real=0.02 secs] 
: 399182K->6792K(440896K), 0.0143130 secs] 7550846K->7158457K(12533952K), 0.0144880 secs] [Times: user=0.26 sys=0.00, real=0.02 secs] 
: 398728K->6351K(440896K), 0.0155990 secs] 7550393K->7158624K(12533952K), 0.0157820 secs] [Times: user=0.25 sys=0.01, real=0.02 secs] 
: 398287K->7155K(440896K), 0.0126930 secs] 7550560K->7159826K(12533952K), 0.0128880 secs] [Times: user=0.22 sys=0.00, real=0.01 secs] 
: 399091K->7136K(440896K), 0.0115450 secs] 7551762K->7159807K(12533952K), 0.0117560 secs] [Times: user=0.20 sys=0.00, real=0.02 secs] 
: 399072K->7078K(440896K), 0.0151450 secs] 7551743K->7159749K(12533952K), 0.0153140 secs] [Times: user=0.25 sys=0.00, real=0.02 secs] 
: 399014K->6898K(440896K), 0.0150310 secs] 7551685K->7159572K(12533952K), 0.0152100 secs] [Times: user=0.24 sys=0.00, real=0.01 secs] 
: 398834K->6284K(440896K), 0.0117860 secs] 7551508K->7160135K(12533952K), 0.0119810 secs] [Times: user=0.19 sys=0.00, real=0.01 secs] 
: 398220K->6053K(440896K), 0.0144470 secs] 7552071K->7159905K(12533952K), 0.0145940 secs] [Times: user=0.27 sys=0.00, real=0.01 secs] 
: 397989K->5728K(440896K), 0.0092810 secs] 7551841K->7159580K(12533952K), 0.0094930 secs] [Times: user=0.16 sys=0.00, real=0.01 secs] 
: 397664K->6366K(440896K), 0.0118180 secs] 7551516K->7160258K(12533952K), 0.0119840 secs] [Times: user=0.22 sys=0.00, real=0.01 secs] 
: 398302K->5520K(440896K), 0.0149430 secs] 7552194K->7160021K(12533952K), 0.0151140 secs] [Times: user=0.28 sys=0.00, real=0.02 secs] 
: 397456K->7038K(440896K), 0.0114570 secs] 7551957K->7161539K(12533952K), 0.0116610 secs] [Times: user=0.21 sys=0.00, real=0.01 secs] 
: 398974K->9352K(440896K), 0.0095510 secs] 7553475K->7163912K(12533952K), 0.0097190 secs] [Times: user=0.17 sys=0.00, real=0.01 secs] 
: 401288K->9638K(440896K), 0.0116790 secs] 7555848K->7164198K(12533952K), 0.0118700 secs] [Times: user=0.21 sys=0.00, real=0.01 secs] 
: 401574K->10027K(440896K), 0.0110380 secs] 7556134K->7164587K(12533952K), 0.0112670 secs] [Times: user=0.19 sys=0.00, real=0.01 secs] 
: 401963K->9669K(440896K), 0.0142400 secs] 7556523K->7165168K(12533952K), 0.0144390 secs] [Times: user=0.26 sys=0.00, real=0.01 secs] 
: 401605K->7912K(440896K), 0.0132270 secs] 7557104K->7165647K(12533952K), 0.0134020 secs] [Times: user=0.22 sys=0.00, real=0.02 secs] 
: 399848K->7280K(440896K), 0.0121880 secs] 7557583K->7165016K(12533952K), 0.0123680 secs] [Times: user=0.23 sys=0.00, real=0.01 secs] 
: 399216K->8855K(440896K), 0.0117380 secs] 7556952K->7166591K(12533952K), 0.0119530 secs] [Times: user=0.22 sys=0.00, real=0.01 secs] 
: 400791K->7998K(440896K), 0.0115100 secs] 7558527K->7166839K(12533952K), 0.0117350 secs] [Times: user=0.18 sys=0.00, real=0.02 secs] 
: 399934K->8211K(440896K), 0.0129260 secs] 7558775K->7167147K(12533952K), 0.0131680 secs] [Times: user=0.24 sys=0.00, real=0.01 secs] 
: 400147K->6572K(440896K), 0.0149140 secs] 7559083K->7165508K(12533952K), 0.0150610 secs] [Times: user=0.28 sys=0.00, real=0.02 secs] 
: 398508K->6234K(440896K), 0.0146410 secs] 7557444K->7167148K(12533952K), 0.0148640 secs] [Times: user=0.25 sys=0.00, real=0.02 secs] 
: 398170K->6272K(440896K), 0.0122940 secs] 7559084K->7167187K(12533952K), 0.0124570 secs] [Times: user=0.22 sys=0.00, real=0.02 secs] 
: 398208K->5081K(440896K), 0.0145050 secs] 7559123K->7165996K(12533952K), 0.0147250 secs] [Times: user=0.28 sys=0.00, real=0.01 secs] 
: 397017K->5830K(440896K), 0.0093420 secs] 7557932K->7166848K(12533952K), 0.0095940 secs] [Times: user=0.17 sys=0.00, real=0.01 secs] 
: 397766K->6751K(440896K), 0.0118590 secs] 7558784K->7167961K(12533952K), 0.0121190 secs] [Times: user=0.21 sys=0.00, real=0.02 secs] 
: 398687K->6798K(440896K), 0.0134810 secs] 7559897K->7168009K(12533952K), 0.0137020 secs] [Times: user=0.25 sys=0.00, real=0.01 secs] 
: 398734K->7428K(440896K), 0.0109260 secs] 7559945K->7168639K(12533952K), 0.0111450 secs] [Times: user=0.20 sys=0.00, real=0.01 secs] 
: 399364K->7097K(440896K), 0.0110110 secs] 7560575K->7168350K(12533952K), 0.0111510 secs] [Times: user=0.19 sys=0.00, real=0.01 secs] 
: 399033K->7317K(440896K), 0.0126880 secs] 7560286K->7169246K(12533952K), 0.0129040 secs] [Times: user=0.22 sys=0.00, real=0.01 secs] 
: 399253K->6768K(440896K), 0.0117860 secs] 7561182K->7168697K(12533952K), 0.0119660 secs] [Times: user=0.20 sys=0.00, real=0.01 secs] 
: 398704K->5804K(440896K), 0.0108680 secs] 7560633K->7168977K(12533952K), 0.0110500 secs] [Times: user=0.17 sys=0.00, real=0.01 secs] 
: 397740K->6386K(440896K), 0.0103640 secs] 7560913K->7169560K(12533952K), 0.0105960 secs] [Times: user=0.18 sys=0.00, real=0.01 secs] 
: 398322K->6550K(440896K), 0.0121190 secs] 7561496K->7169724K(12533952K), 0.0123320 secs] [Times: user=0.22 sys=0.00, real=0.01 secs] 
: 398486K->6233K(440896K), 0.0111000 secs] 7561660K->7169407K(12533952K), 0.0113030 secs] [Times: user=0.19 sys=0.00, real=0.01 secs] 
: 398169K->6249K(440896K), 0.0124460 secs] 7561343K->7169501K(12533952K), 0.0126150 secs] [Times: user=0.22 sys=0.00, real=0.02 secs] 
: 398185K->6721K(440896K), 0.0107900 secs] 7561437K->7170454K(12533952K), 0.0110070 secs] [Times: user=0.19 sys=0.00, real=0.01 secs] 
: 398657K->7090K(440896K), 0.0118490 secs] 7562390K->7170935K(12533952K), 0.0120610 secs] [Times: user=0.21 sys=0.00, real=0.02 secs] 
: 399026K->6823K(440896K), 0.0137510 secs] 7562871K->7170668K(12533952K), 0.0140030 secs] [Times: user=0.24 sys=0.00, real=0.01 secs] 
: 398759K->7399K(440896K), 0.0104080 secs] 7562604K->7171367K(12533952K), 0.0106430 secs] [Times: user=0.20 sys=0.00, real=0.01 secs] 
: 399335K->6995K(440896K), 0.0134940 secs] 7563303K->7171509K(12533952K), 0.0137110 secs] [Times: user=0.26 sys=0.00, real=0.01 secs] 
: 398931K->7485K(440896K), 0.0118280 secs] 7563445K->7172379K(12533952K), 0.0120480 secs] [Times: user=0.21 sys=0.00, real=0.01 secs] 
: 399421K->8445K(440896K), 0.0143360 secs] 7564315K->7173671K(12533952K), 0.0145350 secs] [Times: user=0.26 sys=0.00, real=0.01 secs] 
: 400381K->8913K(440896K), 0.0145850 secs] 7565607K->7174140K(12533952K), 0.0148110 secs] [Times: user=0.28 sys=0.00, real=0.02 secs] 
: 400849K->8081K(440896K), 0.0101010 secs] 7566076K->7174467K(12533952K), 0.0103060 secs] [Times: user=0.18 sys=0.00, real=0.01 secs] 
: 400017K->8322K(440896K), 0.0116130 secs] 7566403K->7174708K(12533952K), 0.0118620 secs] [Times: user=0.20 sys=0.00, real=0.01 secs] 
: 400258K->7294K(440896K), 0.0102590 secs] 7566644K->7175155K(12533952K), 0.0104560 secs] [Times: user=0.18 sys=0.00, real=0.01 secs] 
: 399230K->7011K(440896K), 0.0098890 secs] 7567091K->7174873K(12533952K), 0.0101330 secs] [Times: user=0.17 sys=0.00, real=0.01 secs] 
: 398947K->6935K(440896K), 0.0142770 secs] 7566809K->7174870K(12533952K), 0.0145090 secs] [Times: user=0.24 sys=0.00, real=0.01 secs] 
: 398871K->9154K(440896K), 0.0126810 secs] 7566806K->7177910K(12533952K), 0.0128890 secs] [Times: user=0.23 sys=0.00, real=0.01 secs] 
: 401090K->9648K(440896K), 0.0127760 secs] 7569846K->7178405K(12533952K), 0.0129900 secs] [Times: user=0.23 sys=0.00, real=0.01 secs] 
: 401584K->9984K(440896K), 0.0164320 secs] 7570341K->7178742K(12533952K), 0.0167120 secs] [Times: user=0.26 sys=0.00, real=0.01 secs] 
: 401920K->10634K(440896K), 0.0132190 secs] 7570678K->7179392K(12533952K), 0.0133630 secs] [Times: user=0.24 sys=0.01, real=0.01 secs] 
: 402570K->7715K(440896K), 0.0143510 secs] 7571328K->7179382K(12533952K), 0.0145760 secs] [Times: user=0.25 sys=0.01, real=0.01 secs] 
: 399651K->7556K(440896K), 0.0141180 secs] 7571318K->7179674K(12533952K), 0.0143190 secs] [Times: user=0.19 sys=0.00, real=0.01 secs] 
: 399409K->7267K(440896K), 0.0121990 secs] 7571526K->7179429K(12533952K), 0.0124310 secs] [Times: user=0.21 sys=0.00, real=0.01 secs] 
: 399203K->5660K(440896K), 0.0121690 secs] 7571365K->7179373K(12533952K), 0.0123740 secs] [Times: user=0.21 sys=0.00, real=0.02 secs] 
: 397596K->8925K(440896K), 0.0108370 secs] 7571309K->7182639K(12533952K), 0.0111500 secs] [Times: user=0.20 sys=0.00, real=0.01 secs] 
: 400861K->9112K(440896K), 0.0157390 secs] 7574575K->7182826K(12533952K), 0.0159380 secs] [Times: user=0.29 sys=0.00, real=0.01 secs] 
: 401048K->10895K(440896K), 0.0129220 secs] 7574762K->7184609K(12533952K), 0.0131270 secs] [Times: user=0.23 sys=0.00, real=0.01 secs] 
: 402831K->11094K(440896K), 0.0125460 secs] 7576545K->7184808K(12533952K), 0.0127090 secs] [Times: user=0.24 sys=0.00, real=0.01 secs] 
: 403030K->8579K(440896K), 0.0122050 secs] 7576744K->7185151K(12533952K), 0.0124190 secs] [Times: user=0.21 sys=0.00, real=0.01 secs] 
: 400515K->7753K(440896K), 0.0106560 secs] 7577087K->7184326K(12533952K), 0.0108470 secs] [Times: user=0.18 sys=0.00, real=0.01 secs] 
: 399689K->8404K(440896K), 0.0155550 secs] 7576262K->7186384K(12533952K), 0.0157660 secs] [Times: user=0.27 sys=0.00, real=0.01 secs] 
: 400340K->8181K(440896K), 0.0118090 secs] 7578320K->7186162K(12533952K), 0.0119860 secs] [Times: user=0.21 sys=0.00, real=0.01 secs] 
: 400117K->8418K(440896K), 0.0120070 secs] 7578098K->7186398K(12533952K), 0.0121850 secs] [Times: user=0.21 sys=0.00, real=0.01 secs] 
: 400354K->8188K(440896K), 0.0132170 secs] 7578334K->7186214K(12533952K), 0.0134740 secs] [Times: user=0.25 sys=0.00, real=0.01 secs] 
: 400124K->8599K(440896K), 0.0109970 secs] 7578150K->7188671K(12533952K), 0.0111550 secs] [Times: user=0.18 sys=0.00, real=0.01 secs] 
: 400535K->9001K(440896K), 0.0132180 secs] 7580607K->7189073K(12533952K), 0.0133870 secs] [Times: user=0.26 sys=0.00, real=0.01 secs] 
: 400937K->8672K(440896K), 0.0154280 secs] 7581009K->7188744K(12533952K), 0.0156610 secs] [Times: user=0.26 sys=0.00, real=0.02 secs] 
: 400608K->8930K(440896K), 0.0115490 secs] 7580680K->7189002K(12533952K), 0.0117740 secs] [Times: user=0.20 sys=0.00, real=0.01 secs] 
: 400866K->6521K(440896K), 0.0150790 secs] 7580938K->7188853K(12533952K), 0.0153090 secs] [Times: user=0.25 sys=0.00, real=0.01 secs] 
: 398457K->7359K(440896K), 0.0100000 secs] 7580789K->7190077K(12533952K), 0.0101910 secs] [Times: user=0.17 sys=0.00, real=0.01 secs] 
: 399295K->7738K(440896K), 0.0097430 secs] 7582013K->7190457K(12533952K), 0.0099690 secs] [Times: user=0.18 sys=0.00, real=0.01 secs] 
: 399674K->7894K(440896K), 0.0131160 secs] 7582393K->7190613K(12533952K), 0.0133310 secs] [Times: user=0.24 sys=0.00, real=0.02 secs] 
: 399830K->7933K(440896K), 0.0129840 secs] 7582549K->7190699K(12533952K), 0.0132600 secs] [Times: user=0.23 sys=0.00, real=0.02 secs] 
: 399869K->17231K(440896K), 0.0110940 secs] 7582635K->7201194K(12533952K), 0.0112650 secs] [Times: user=0.19 sys=0.00, real=0.01 secs] 
: 409167K->37918K(440896K), 0.0142870 secs] 7593130K->7221882K(12533952K), 0.0145010 secs] [Times: user=0.24 sys=0.00, real=0.02 secs] 
: 429854K->6647K(440896K), 0.0137290 secs] 7613818K->7195766K(12533952K), 0.0139080 secs] [Times: user=0.24 sys=0.01, real=0.01 secs] 
: 398583K->5752K(440896K), 0.0150620 secs] 7587702K->7194871K(12533952K), 0.0156620 secs] [Times: user=0.28 sys=0.00, real=0.01 secs] 
: 397688K->5889K(440896K), 0.0147020 secs] 7586807K->7195008K(12533952K), 0.0149410 secs] [Times: user=0.29 sys=0.00, real=0.02 secs] 
: 397825K->9676K(440896K), 0.0144350 secs] 7586944K->7198796K(12533952K), 0.0146490 secs] [Times: user=0.27 sys=0.00, real=0.01 secs] 
: 401612K->9832K(440896K), 0.0134000 secs] 7590732K->7198960K(12533952K), 0.0136000 secs] [Times: user=0.24 sys=0.00, real=0.01 secs] 
: 401768K->10368K(440896K), 0.0142700 secs] 7590896K->7199495K(12533952K), 0.0144600 secs] [Times: user=0.27 sys=0.00, real=0.02 secs] 
: 402304K->10183K(440896K), 0.0104870 secs] 7591431K->7199354K(12533952K), 0.0109110 secs] [Times: user=0.20 sys=0.00, real=0.01 secs] 
: 402119K->6391K(440896K), 0.0168040 secs] 7591290K->7199454K(12533952K), 0.0170290 secs] [Times: user=0.28 sys=0.00, real=0.02 secs] 
: 398327K->8660K(440896K), 0.0111490 secs] 7591390K->7201723K(12533952K), 0.0112660 secs] [Times: user=0.19 sys=0.00, real=0.01 secs] 
: 400596K->8960K(440896K), 0.0126930 secs] 7593659K->7202024K(12533952K), 0.0128690 secs] [Times: user=0.24 sys=0.00, real=0.01 secs] 
: 400896K->8862K(440896K), 0.0130920 secs] 7593960K->7201926K(12533952K), 0.0132440 secs] [Times: user=0.25 sys=0.00, real=0.01 secs] 
: 400798K->9251K(440896K), 0.0154740 secs] 7593862K->7202315K(12533952K), 0.0156750 secs] [Times: user=0.27 sys=0.00, real=0.01 secs] 
: 401187K->6279K(440896K), 0.0167140 secs] 7594251K->7202080K(12533952K), 0.0169000 secs] [Times: user=0.29 sys=0.00, real=0.01 secs] 
: 398215K->11286K(440896K), 0.0113840 secs] 7594016K->7207087K(12533952K), 0.0116070 secs] [Times: user=0.21 sys=0.00, real=0.01 secs] 
: 403222K->11992K(440896K), 0.0142980 secs] 7599023K->7207801K(12533952K), 0.0144900 secs] [Times: user=0.27 sys=0.00, real=0.02 secs] 
: 403928K->11671K(440896K), 0.0127730 secs] 7599737K->7207479K(12533952K), 0.0129100 secs] [Times: user=0.25 sys=0.00, real=0.01 secs] 
: 403607K->11503K(440896K), 0.0133800 secs] 7599415K->7207359K(12533952K), 0.0135450 secs] [Times: user=0.24 sys=0.00, real=0.01 secs] 
: 403439K->7484K(440896K), 0.0139230 secs] 7599295K->7208728K(12533952K), 0.0141420 secs] [Times: user=0.18 sys=0.01, real=0.02 secs] 
: 399420K->6043K(440896K), 0.0124210 secs] 7600664K->7207287K(12533952K), 0.0126210 secs] [Times: user=0.22 sys=0.00, real=0.01 secs] 
: 397979K->23189K(440896K), 0.0141710 secs] 7599223K->7224434K(12533952K), 0.0143290 secs] [Times: user=0.27 sys=0.01, real=0.01 secs] 
: 415125K->27955K(440896K), 0.0143250 secs] 7616370K->7229200K(12533952K), 0.0145000 secs] [Times: user=0.25 sys=0.00, real=0.01 secs] 
: 419891K->12004K(440896K), 0.0197460 secs] 7621136K->7229821K(12533952K), 0.0199470 secs] [Times: user=0.27 sys=0.00, real=0.02 secs] 
: 403940K->12368K(440896K), 0.0167750 secs] 7621757K->7230185K(12533952K), 0.0169680 secs] [Times: user=0.31 sys=0.00, real=0.01 secs] 
: 404304K->11098K(440896K), 0.0118240 secs] 7622121K->7228915K(12533952K), 0.0120090 secs] [Times: user=0.20 sys=0.00, real=0.01 secs] 
: 403034K->9678K(440896K), 0.0138240 secs] 7620851K->7231378K(12533952K), 0.0140150 secs] [Times: user=0.24 sys=0.00, real=0.01 secs] 
: 401614K->9523K(440896K), 0.0113130 secs] 7623314K->7231231K(12533952K), 0.0115630 secs] [Times: user=0.21 sys=0.00, real=0.01 secs] 
: 401459K->9488K(440896K), 0.0102390 secs] 7623167K->7231197K(12533952K), 0.0104600 secs] [Times: user=0.17 sys=0.00, real=0.01 secs] 
: 401424K->9275K(440896K), 0.0133070 secs] 7623133K->7230983K(12533952K), 0.0134920 secs] [Times: user=0.22 sys=0.00, real=0.01 secs] 
: 401211K->6225K(440896K), 0.0128840 secs] 7622919K->7231452K(12533952K), 0.0131000 secs] [Times: user=0.19 sys=0.00, real=0.02 secs] 
: 398161K->12930K(440896K), 0.0122750 secs] 7623388K->7238157K(12533952K), 0.0124890 secs] [Times: user=0.21 sys=0.00, real=0.01 secs] 
: 404866K->13477K(440896K), 0.0148070 secs] 7630093K->7238705K(12533952K), 0.0150280 secs] [Times: user=0.26 sys=0.00, real=0.02 secs] 
: 405413K->13926K(440896K), 0.0128780 secs] 7630641K->7239154K(12533952K), 0.0130350 secs] [Times: user=0.25 sys=0.00, real=0.01 secs] 
: 405862K->14282K(440896K), 0.0107600 secs] 7631090K->7239511K(12533952K), 0.0109660 secs] [Times: user=0.19 sys=0.00, real=0.01 secs] 
: 406140K->5707K(440896K), 0.0162570 secs] 7631369K->7238534K(12533952K), 0.0164640 secs] [Times: user=0.25 sys=0.00, real=0.01 secs] 
: 397643K->15871K(440896K), 0.0121940 secs] 7630470K->7248699K(12533952K), 0.0124620 secs] [Times: user=0.23 sys=0.00, real=0.01 secs] 
: 407807K->16372K(440896K), 0.0150290 secs] 7640635K->7249207K(12533952K), 0.0152370 secs] [Times: user=0.27 sys=0.01, real=0.02 secs] 
: 408308K->16135K(440896K), 0.0165790 secs] 7641143K->7248970K(12533952K), 0.0167910 secs] [Times: user=0.31 sys=0.00, real=0.02 secs] 
: 408071K->16083K(440896K), 0.0133670 secs] 7640906K->7248972K(12533952K), 0.0135130 secs] [Times: user=0.24 sys=0.00, real=0.01 secs] 
: 408019K->14957K(440896K), 0.0127880 secs] 7640908K->7256627K(12533952K), 0.0129790 secs] [Times: user=0.21 sys=0.00, real=0.01 secs] 
: 406893K->15121K(440896K), 0.0124950 secs] 7648563K->7256791K(12533952K), 0.0126660 secs] [Times: user=0.20 sys=0.00, real=0.02 secs] 
: 407057K->15545K(440896K), 0.0147720 secs] 7648727K->7257215K(12533952K), 0.0149380 secs] [Times: user=0.27 sys=0.00, real=0.01 secs] 
: 407481K->14416K(440896K), 0.0105140 secs] 7649151K->7256087K(12533952K), 0.0106260 secs] [Times: user=0.20 sys=0.00, real=0.01 secs] 
: 406302K->9686K(440896K), 0.0145730 secs] 7647973K->7258460K(12533952K), 0.0147230 secs] [Times: user=0.27 sys=0.00, real=0.01 secs] 
: 401622K->40005K(440896K), 0.0133000 secs] 7650396K->7288779K(12533952K), 0.0135300 secs] [Times: user=0.28 sys=0.00, real=0.01 secs] 
: 431941K->9378K(440896K), 0.0227240 secs] 7680715K->7285315K(12533952K), 0.0229250 secs] [Times: user=0.33 sys=0.00, real=0.02 secs] 
: 401314K->9022K(440896K), 0.0124230 secs] 7677251K->7284959K(12533952K), 0.0125820 secs] [Times: user=0.23 sys=0.00, real=0.01 secs] 
: 400958K->8467K(440896K), 0.0118550 secs] 7676895K->7284404K(12533952K), 0.0119990 secs] [Times: user=0.21 sys=0.00, real=0.01 secs] 
: 400403K->8575K(440896K), 0.0123840 secs] 7676340K->7284513K(12533952K), 0.0125780 secs] [Times: user=0.23 sys=0.00, real=0.01 secs] 
: 400511K->5663K(440896K), 0.0120350 secs] 7676449K->7284387K(12533952K), 0.0121890 secs] [Times: user=0.23 sys=0.00, real=0.01 secs] 
: 397516K->39022K(440896K), 0.0192020 secs] 7676240K->7317746K(12533952K), 0.0193460 secs] [Times: user=0.38 sys=0.00, real=0.02 secs] 
: 430958K->32977K(440896K), 0.0158160 secs] 7709682K->7344351K(12533952K), 0.0160180 secs] [Times: user=0.23 sys=0.00, real=0.02 secs] 
: 424913K->6142K(440896K), 0.0159400 secs] 7736287K->7344940K(12533952K), 0.0161360 secs] [Times: user=0.23 sys=0.01, real=0.01 secs] 
: 398078K->5707K(440896K), 0.0119070 secs] 7736876K->7344505K(12533952K), 0.0121020 secs] [Times: user=0.21 sys=0.00, real=0.01 secs] 
: 397643K->5381K(440896K), 0.0131580 secs] 7736441K->7344179K(12533952K), 0.0133350 secs] [Times: user=0.21 sys=0.00, real=0.01 secs] 
: 397317K->5720K(440896K), 0.0115730 secs] 7736115K->7344518K(12533952K), 0.0118140 secs] [Times: user=0.19 sys=0.00, real=0.01 secs] 
: 397656K->11281K(440896K), 0.0143950 secs] 7736454K->7350088K(12533952K), 0.0145900 secs] [Times: user=0.27 sys=0.00, real=0.01 secs] 
: 403217K->12029K(440896K), 0.0128580 secs] 7742024K->7350836K(12533952K), 0.0130880 secs] [Times: user=0.23 sys=0.00, real=0.01 secs] 
: 403965K->12452K(440896K), 0.0158110 secs] 7742772K->7351259K(12533952K), 0.0160030 secs] [Times: user=0.29 sys=0.00, real=0.01 secs] 
: 404388K->12673K(440896K), 0.0119610 secs] 7743195K->7351637K(12533952K), 0.0121690 secs] [Times: user=0.19 sys=0.00, real=0.01 secs] 
: 404609K->20911K(440896K), 0.0146830 secs] 7743573K->7364694K(12533952K), 0.0149070 secs] [Times: user=0.27 sys=0.00, real=0.01 secs] 
: 412847K->34287K(440896K), 0.0123250 secs] 7756630K->7378076K(12533952K), 0.0125140 secs] [Times: user=0.24 sys=0.00, real=0.01 secs] 
: 426223K->23159K(440896K), 0.0142570 secs] 7770012K->7378522K(12533952K), 0.0144490 secs] [Times: user=0.24 sys=0.00, real=0.01 secs] 
: 415095K->22158K(440896K), 0.0123080 secs] 7770458K->7377520K(12533952K), 0.0124940 secs] [Times: user=0.24 sys=0.01, real=0.02 secs] 
: 414094K->21739K(440896K), 0.0126130 secs] 7769456K->7377102K(12533952K), 0.0128360 secs] [Times: user=0.24 sys=0.00, real=0.01 secs] 
: 413472K->15025K(440896K), 0.0153350 secs] 7768835K->7385317K(12533952K), 0.0155260 secs] [Times: user=0.26 sys=0.00, real=0.02 secs] 
: 406961K->12607K(440896K), 0.0132190 secs] 7777253K->7382906K(12533952K), 0.0133810 secs] [Times: user=0.24 sys=0.00, real=0.01 secs] 
: 404543K->13923K(440896K), 0.0140770 secs] 7774842K->7384222K(12533952K), 0.0142920 secs] [Times: user=0.28 sys=0.00, real=0.01 secs] 
: 405859K->17713K(440896K), 0.0133580 secs] 7776158K->7388013K(12533952K), 0.0135480 secs] [Times: user=0.24 sys=0.01, real=0.01 secs] 
: 409649K->26370K(440896K), 0.0155890 secs] 7779949K->7402513K(12533952K), 0.0157570 secs] [Times: user=0.29 sys=0.00, real=0.01 secs] 
: 418306K->6818K(440896K), 0.0159170 secs] 7794449K->7403179K(12533952K), 0.0161330 secs] [Times: user=0.24 sys=0.01, real=0.01 secs] 
: 398754K->7051K(440896K), 0.0133660 secs] 7795115K->7403411K(12533952K), 0.0135800 secs] [Times: user=0.25 sys=0.00, real=0.02 secs] 
: 398987K->6649K(440896K), 0.0117970 secs] 7795347K->7403009K(12533952K), 0.0120030 secs] [Times: user=0.19 sys=0.01, real=0.01 secs] 
: 398585K->6797K(440896K), 0.0134470 secs] 7794945K->7403157K(12533952K), 0.0136430 secs] [Times: user=0.25 sys=0.00, real=0.02 secs] 
: 398733K->10003K(440896K), 0.0123880 secs] 7795093K->7406871K(12533952K), 0.0126140 secs] [Times: user=0.21 sys=0.00, real=0.01 secs] 
: 401939K->10263K(440896K), 0.0102720 secs] 7798807K->7407273K(12533952K), 0.0104630 secs] [Times: user=0.17 sys=0.00, real=0.01 secs] 
: 402199K->9951K(440896K), 0.0113040 secs] 7799209K->7406972K(12533952K), 0.0115070 secs] [Times: user=0.21 sys=0.00, real=0.01 secs] 
: 401887K->9255K(440896K), 0.0105810 secs] 7798908K->7406357K(12533952K), 0.0108290 secs] [Times: user=0.18 sys=0.00, real=0.01 secs] 
: 401191K->21775K(440896K), 0.0105350 secs] 7798293K->7422266K(12533952K), 0.0107150 secs] [Times: user=0.20 sys=0.00, real=0.01 secs] 
: 413711K->21891K(440896K), 0.0110340 secs] 7814202K->7422401K(12533952K), 0.0112130 secs] [Times: user=0.20 sys=0.00, real=0.01 secs] 
: 413827K->22471K(440896K), 0.0150950 secs] 7814337K->7422980K(12533952K), 0.0152970 secs] [Times: user=0.28 sys=0.00, real=0.02 secs] 
: 414407K->22471K(440896K), 0.0159210 secs] 7814916K->7422981K(12533952K), 0.0161130 secs] [Times: user=0.21 sys=0.00, real=0.02 secs] 
: 414407K->6159K(440896K), 0.0167030 secs] 7814917K->7422729K(12533952K), 0.0168880 secs] [Times: user=0.25 sys=0.00, real=0.01 secs] 
: 398095K->9144K(440896K), 0.0110040 secs] 7814665K->7425809K(12533952K), 0.0112740 secs] [Times: user=0.20 sys=0.00, real=0.01 secs] 
: 401080K->11158K(440896K), 0.0131020 secs] 7817745K->7427830K(12533952K), 0.0133280 secs] [Times: user=0.24 sys=0.00, real=0.01 secs] 
: 403094K->11044K(440896K), 0.0118520 secs] 7819766K->7427717K(12533952K), 0.0120210 secs] [Times: user=0.20 sys=0.00, real=0.01 secs] 
: 402980K->11148K(440896K), 0.0121050 secs] 7819653K->7427893K(12533952K), 0.0123220 secs] [Times: user=0.20 sys=0.00, real=0.01 secs] 
: 403084K->8475K(440896K), 0.0112640 secs] 7819829K->7428412K(12533952K), 0.0114740 secs] [Times: user=0.18 sys=0.00, real=0.01 secs] 
: 400411K->5797K(440896K), 0.0147360 secs] 7820348K->7427783K(12533952K), 0.0149780 secs] [Times: user=0.26 sys=0.01, real=0.01 secs] 
: 397733K->12261K(440896K), 0.0118250 secs] 7819719K->7434247K(12533952K), 0.0120720 secs] [Times: user=0.21 sys=0.00, real=0.01 secs] 
: 404197K->12315K(440896K), 0.0091670 secs] 7826183K->7434302K(12533952K), 0.0093070 secs] [Times: user=0.16 sys=0.00, real=0.01 secs] 
: 404251K->12734K(440896K), 0.0115520 secs] 7826238K->7434720K(12533952K), 0.0117800 secs] [Times: user=0.21 sys=0.00, real=0.01 secs] 
: 404670K->12566K(440896K), 0.0143540 secs] 7826656K->7434554K(12533952K), 0.0146250 secs] [Times: user=0.26 sys=0.00, real=0.02 secs] 
: 404502K->5504K(440896K), 0.0165700 secs] 7826490K->7434185K(12533952K), 0.0167520 secs] [Times: user=0.30 sys=0.00, real=0.01 secs] 
: 397440K->8096K(440896K), 0.0098700 secs] 7826121K->7436777K(12533952K), 0.0100620 secs] [Times: user=0.19 sys=0.00, real=0.01 secs] 
: 400032K->13019K(440896K), 0.0099660 secs] 7828713K->7441707K(12533952K), 0.0102030 secs] [Times: user=0.17 sys=0.00, real=0.01 secs] 
: 404955K->13596K(440896K), 0.0124480 secs] 7833643K->7442285K(12533952K), 0.0126490 secs] [Times: user=0.22 sys=0.00, real=0.02 secs] 
: 405532K->13953K(440896K), 0.0164180 secs] 7834221K->7442642K(12533952K), 0.0166100 secs] [Times: user=0.28 sys=0.00, real=0.02 secs] 
: 405889K->12058K(440896K), 0.0154230 secs] 7834578K->7442536K(12533952K), 0.0158100 secs] [Times: user=0.28 sys=0.00, real=0.02 secs] 
: 403994K->6211K(440896K), 0.0135150 secs] 7834472K->7442366K(12533952K), 0.0136650 secs] [Times: user=0.22 sys=0.00, real=0.02 secs] 
: 398147K->12453K(440896K), 0.0135380 secs] 7834302K->7448608K(12533952K), 0.0137450 secs] [Times: user=0.24 sys=0.00, real=0.02 secs] 
: 404389K->12391K(440896K), 0.0119170 secs] 7840544K->7448547K(12533952K), 0.0121370 secs] [Times: user=0.21 sys=0.00, real=0.01 secs] 
: 404327K->13291K(440896K), 0.0120890 secs] 7840483K->7449448K(12533952K), 0.0122530 secs] [Times: user=0.22 sys=0.01, real=0.01 secs] 
: 405227K->12571K(440896K), 0.0131670 secs] 7841384K->7448728K(12533952K), 0.0133110 secs] [Times: user=0.25 sys=0.00, real=0.02 secs] 
: 404507K->5646K(440896K), 0.0167160 secs] 7840664K->7448863K(12533952K), 0.0169000 secs] [Times: user=0.28 sys=0.00, real=0.01 secs] 
: 397582K->6412K(440896K), 0.0097010 secs] 7840799K->7449722K(12533952K), 0.0098980 secs] [Times: user=0.17 sys=0.00, real=0.01 secs] 
: 398348K->9582K(440896K), 0.0128970 secs] 7841658K->7452893K(12533952K), 0.0130750 secs] [Times: user=0.25 sys=0.00, real=0.02 secs] 
: 401518K->10370K(440896K), 0.0159450 secs] 7844829K->7453688K(12533952K), 0.0161500 secs] [Times: user=0.30 sys=0.00, real=0.02 secs] 
: 402306K->11084K(440896K), 0.0119620 secs] 7845624K->7454403K(12533952K), 0.0121440 secs] [Times: user=0.22 sys=0.00, real=0.02 secs] 
: 403020K->10751K(440896K), 0.0122070 secs] 7846339K->7454126K(12533952K), 0.0123960 secs] [Times: user=0.20 sys=0.00, real=0.01 secs] 
: 402687K->6712K(440896K), 0.0146300 secs] 7846062K->7454730K(12533952K), 0.0148680 secs] [Times: user=0.22 sys=0.01, real=0.02 secs] 
: 398648K->10369K(440896K), 0.0105360 secs] 7846666K->7458388K(12533952K), 0.0107040 secs] [Times: user=0.17 sys=0.01, real=0.01 secs] 
: 402305K->10769K(440896K), 0.0136950 secs] 7850324K->7458788K(12533952K), 0.0139300 secs] [Times: user=0.23 sys=0.00, real=0.01 secs] 
: 402705K->11027K(440896K), 0.0105350 secs] 7850724K->7459047K(12533952K), 0.0107710 secs] [Times: user=0.21 sys=0.00, real=0.02 secs] 
: 402963K->11165K(440896K), 0.0138620 secs] 7850983K->7459184K(12533952K), 0.0140570 secs] [Times: user=0.25 sys=0.00, real=0.01 secs] 
: 403101K->9798K(440896K), 0.0145460 secs] 7851120K->7461596K(12533952K), 0.0147590 secs] [Times: user=0.24 sys=0.01, real=0.01 secs] 
: 401734K->9667K(440896K), 0.0117340 secs] 7853532K->7461472K(12533952K), 0.0119400 secs] [Times: user=0.20 sys=0.00, real=0.01 secs] 
: 401603K->9601K(440896K), 0.0131840 secs] 7853408K->7461424K(12533952K), 0.0133910 secs] [Times: user=0.24 sys=0.00, real=0.01 secs] 
: 401537K->9796K(440896K), 0.0127600 secs] 7853360K->7461669K(12533952K), 0.0129480 secs] [Times: user=0.20 sys=0.00, real=0.02 secs] 
: 401732K->6134K(440896K), 0.0118580 secs] 7853605K->7461743K(12533952K), 0.0120720 secs] [Times: user=0.18 sys=0.00, real=0.01 secs] 
: 398070K->4998K(440896K), 0.0110400 secs] 7853679K->7460607K(12533952K), 0.0112360 secs] [Times: user=0.22 sys=0.00, real=0.01 secs] 
: 396920K->7999K(440896K), 0.0112140 secs] 7852530K->7463609K(12533952K), 0.0113950 secs] [Times: user=0.19 sys=0.00, real=0.01 secs] 
: 399935K->10395K(440896K), 0.0117370 secs] 7855545K->7466005K(12533952K), 0.0118950 secs] [Times: user=0.21 sys=0.00, real=0.01 secs] 
: 402331K->10680K(440896K), 0.0106730 secs] 7857941K->7466290K(12533952K), 0.0108560 secs] [Times: user=0.19 sys=0.00, real=0.01 secs] 
: 402616K->10316K(440896K), 0.0114310 secs] 7858226K->7465926K(12533952K), 0.0116330 secs] [Times: user=0.19 sys=0.00, real=0.01 secs] 
: 402252K->8594K(440896K), 0.0114870 secs] 7857862K->7466663K(12533952K), 0.0116920 secs] [Times: user=0.18 sys=0.00, real=0.01 secs] 
: 400530K->8503K(440896K), 0.0110110 secs] 7858599K->7468023K(12533952K), 0.0111630 secs] [Times: user=0.18 sys=0.00, real=0.02 secs] 
: 400439K->8395K(440896K), 0.0104940 secs] 7859959K->7467923K(12533952K), 0.0109540 secs] [Times: user=0.18 sys=0.00, real=0.01 secs] 
: 400331K->8227K(440896K), 0.0146440 secs] 7859859K->7467755K(12533952K), 0.0148540 secs] [Times: user=0.25 sys=0.00, real=0.01 secs] 
: 400163K->8397K(440896K), 0.0138200 secs] 7859691K->7467975K(12533952K), 0.0140090 secs] [Times: user=0.26 sys=0.00, real=0.02 secs] 
: 400333K->10233K(440896K), 0.0115640 secs] 7859911K->7471335K(12533952K), 0.0117560 secs] [Times: user=0.21 sys=0.01, real=0.02 secs] 
: 402169K->11217K(440896K), 0.0136170 secs] 7863271K->7472320K(12533952K), 0.0138260 secs] [Times: user=0.26 sys=0.00, real=0.01 secs] 
: 403153K->11784K(440896K), 0.0132920 secs] 7864256K->7472887K(12533952K), 0.0135120 secs] [Times: user=0.24 sys=0.00, real=0.02 secs] 
: 403720K->11952K(440896K), 0.0135610 secs] 7864823K->7473075K(12533952K), 0.0137410 secs] [Times: user=0.25 sys=0.00, real=0.01 secs] 
: 403888K->6318K(440896K), 0.0151070 secs] 7865011K->7472868K(12533952K), 0.0153030 secs] [Times: user=0.23 sys=0.01, real=0.01 secs] 
: 398254K->7000K(440896K), 0.0145240 secs] 7864804K->7473709K(12533952K), 0.0147140 secs] [Times: user=0.26 sys=0.00, real=0.01 secs] 
: 398936K->6662K(440896K), 0.0119790 secs] 7865645K->7473378K(12533952K), 0.0121710 secs] [Times: user=0.21 sys=0.00, real=0.01 secs] 
: 398598K->6809K(440896K), 0.0099040 secs] 7865314K->7473526K(12533952K), 0.0101480 secs] [Times: user=0.17 sys=0.00, real=0.01 secs] 
: 398745K->7007K(440896K), 0.0141030 secs] 7865462K->7473776K(12533952K), 0.0143050 secs] [Times: user=0.23 sys=0.00, real=0.01 secs] 
: 398943K->9252K(440896K), 0.0131380 secs] 7865712K->7476795K(12533952K), 0.0133280 secs] [Times: user=0.23 sys=0.00, real=0.01 secs] 
: 401188K->9633K(440896K), 0.0120530 secs] 7868731K->7477177K(12533952K), 0.0122640 secs] [Times: user=0.21 sys=0.00, real=0.01 secs] 
: 401569K->9577K(440896K), 0.0112300 secs] 7869113K->7477121K(12533952K), 0.0114500 secs] [Times: user=0.19 sys=0.00, real=0.01 secs] 
: 401513K->10219K(440896K), 0.0131840 secs] 7869057K->7477763K(12533952K), 0.0133950 secs] [Times: user=0.22 sys=0.00, real=0.02 secs] 
: 402155K->6990K(440896K), 0.0152890 secs] 7869699K->7478256K(12533952K), 0.0154300 secs] [Times: user=0.25 sys=0.00, real=0.02 secs] 
: 398926K->5768K(440896K), 0.0139560 secs] 7870192K->7477033K(12533952K), 0.0141480 secs] [Times: user=0.25 sys=0.00, real=0.01 secs] 
: 397704K->7224K(440896K), 0.0147690 secs] 7868969K->7478648K(12533952K), 0.0149650 secs] [Times: user=0.28 sys=0.00, real=0.01 secs] 
: 399160K->7491K(440896K), 0.0147940 secs] 7870584K->7478922K(12533952K), 0.0150270 secs] [Times: user=0.27 sys=0.00, real=0.01 secs] 
: 399427K->7566K(440896K), 0.0122580 secs] 7870858K->7478998K(12533952K), 0.0124320 secs] [Times: user=0.24 sys=0.00, real=0.01 secs] 
: 399502K->7850K(440896K), 0.0108040 secs] 7870934K->7479327K(12533952K), 0.0109950 secs] [Times: user=0.18 sys=0.00, real=0.01 secs] 
: 399786K->8616K(440896K), 0.0131850 secs] 7871263K->7481137K(12533952K), 0.0133780 secs] [Times: user=0.23 sys=0.00, real=0.01 secs] 
: 400552K->9866K(440896K), 0.0150120 secs] 7873073K->7482387K(12533952K), 0.0152200 secs] [Times: user=0.28 sys=0.00, real=0.02 secs] 
: 401802K->9616K(440896K), 0.0107510 secs] 7874323K->7482137K(12533952K), 0.0109440 secs] [Times: user=0.18 sys=0.01, real=0.01 secs] 
: 401552K->9090K(440896K), 0.0110070 secs] 7874073K->7481611K(12533952K), 0.0111500 secs] [Times: user=0.21 sys=0.00, real=0.02 secs] 
: 401026K->8491K(440896K), 0.0132230 secs] 7873547K->7483056K(12533952K), 0.0133800 secs] [Times: user=0.24 sys=0.00, real=0.01 secs] 
: 400427K->7303K(440896K), 0.0123090 secs] 7874992K->7481963K(12533952K), 0.0125110 secs] [Times: user=0.22 sys=0.00, real=0.01 secs] 
: 399239K->8060K(440896K), 0.0185990 secs] 7873899K->7482727K(12533952K), 0.0187660 secs] [Times: user=0.34 sys=0.00, real=0.02 secs] 
: 399996K->8640K(440896K), 0.0091390 secs] 7874663K->7483307K(12533952K), 0.0093260 secs] [Times: user=0.17 sys=0.01, real=0.01 secs] 
: 400576K->5923K(440896K), 0.0142780 secs] 7875243K->7483111K(12533952K), 0.0144520 secs] [Times: user=0.22 sys=0.00, real=0.01 secs] 
: 397859K->8170K(440896K), 0.0096330 secs] 7875047K->7485358K(12533952K), 0.0098610 secs] [Times: user=0.17 sys=0.01, real=0.01 secs] 
: 400106K->8975K(440896K), 0.0120390 secs] 7877294K->7486164K(12533952K), 0.0122740 secs] [Times: user=0.23 sys=0.00, real=0.01 secs] 
: 400911K->9426K(440896K), 0.0118060 secs] 7878100K->7486616K(12533952K), 0.0119980 secs] [Times: user=0.21 sys=0.00, real=0.02 secs] 
: 401362K->9422K(440896K), 0.0127190 secs] 7878552K->7486612K(12533952K), 0.0129290 secs] [Times: user=0.23 sys=0.00, real=0.02 secs] 
: 401358K->6500K(440896K), 0.0124010 secs] 7878548K->7486619K(12533952K), 0.0125640 secs] [Times: user=0.20 sys=0.00, real=0.01 secs] 
: 398436K->5662K(440896K), 0.0117300 secs] 7878555K->7485846K(12533952K), 0.0119380 secs] [Times: user=0.21 sys=0.00, real=0.01 secs] 
: 397598K->8417K(440896K), 0.0129710 secs] 7877782K->7488601K(12533952K), 0.0131190 secs] [Times: user=0.26 sys=0.00, real=0.01 secs] 
: 400353K->8580K(440896K), 0.0129750 secs] 7880537K->7488772K(12533952K), 0.0131780 secs] [Times: user=0.23 sys=0.00, real=0.02 secs] 
: 400516K->8949K(440896K), 0.0141810 secs] 7880708K->7489141K(12533952K), 0.0144160 secs] [Times: user=0.26 sys=0.00, real=0.01 secs] 
: 400885K->9456K(440896K), 0.0147180 secs] 7881077K->7489693K(12533952K), 0.0148980 secs] [Times: user=0.28 sys=0.01, real=0.01 secs] 
: 401392K->6321K(440896K), 0.0123770 secs] 7881629K->7489335K(12533952K), 0.0125620 secs] [Times: user=0.20 sys=0.00, real=0.01 secs] 
: 398257K->5562K(440896K), 0.0152970 secs] 7881271K->7488576K(12533952K), 0.0155030 secs] [Times: user=0.23 sys=0.00, real=0.01 secs] 
: 397498K->8311K(440896K), 0.0152450 secs] 7880512K->7491325K(12533952K), 0.0154710 secs] [Times: user=0.25 sys=0.01, real=0.02 secs] 
: 400247K->8784K(440896K), 0.0114170 secs] 7883261K->7491798K(12533952K), 0.0116130 secs] [Times: user=0.20 sys=0.00, real=0.01 secs] 
: 400720K->9391K(440896K), 0.0100240 secs] 7883734K->7492406K(12533952K), 0.0102350 secs] [Times: user=0.19 sys=0.00, real=0.01 secs] 
: 401327K->9459K(440896K), 0.0144370 secs] 7884342K->7492474K(12533952K), 0.0146480 secs] [Times: user=0.25 sys=0.00, real=0.01 secs] 
: 401395K->8326K(440896K), 0.0122910 secs] 7884410K->7493238K(12533952K), 0.0124780 secs] [Times: user=0.18 sys=0.00, real=0.01 secs] 
: 400262K->8089K(440896K), 0.0102030 secs] 7885174K->7493008K(12533952K), 0.0104110 secs] [Times: user=0.19 sys=0.00, real=0.01 secs] 
: 400025K->8289K(440896K), 0.0130170 secs] 7884944K->7493227K(12533952K), 0.0132290 secs] [Times: user=0.22 sys=0.00, real=0.01 secs] 
: 400225K->7193K(440896K), 0.0116580 secs] 7885163K->7492175K(12533952K), 0.0118970 secs] [Times: user=0.21 sys=0.00, real=0.01 secs] 
: 399129K->6231K(440896K), 0.0123630 secs] 7884111K->7493165K(12533952K), 0.0125990 secs] [Times: user=0.17 sys=0.00, real=0.02 secs] 
: 398167K->7988K(440896K), 0.0118650 secs] 7885101K->7494922K(12533952K), 0.0121060 secs] [Times: user=0.20 sys=0.00, real=0.02 secs] 
: 399924K->8699K(440896K), 0.0124280 secs] 7886858K->7495634K(12533952K), 0.0126070 secs] [Times: user=0.24 sys=0.00, real=0.01 secs] 
: 400635K->8874K(440896K), 0.0108310 secs] 7887570K->7495809K(12533952K), 0.0112340 secs] [Times: user=0.19 sys=0.00, real=0.02 secs] 
: 400810K->8428K(440896K), 0.0103650 secs] 7887745K->7495363K(12533952K), 0.0106110 secs] [Times: user=0.19 sys=0.00, real=0.01 secs] 
: 400364K->6615K(440896K), 0.0152050 secs] 7887299K->7496058K(12533952K), 0.0154170 secs] [Times: user=0.25 sys=0.00, real=0.02 secs] 
: 398147K->6009K(440896K), 0.0139450 secs] 7887590K->7495547K(12533952K), 0.0141510 secs] [Times: user=0.26 sys=0.01, real=0.02 secs] 
: 397945K->6688K(440896K), 0.0115640 secs] 7887483K->7496226K(12533952K), 0.0117610 secs] [Times: user=0.19 sys=0.00, real=0.01 secs] 
: 398624K->6795K(440896K), 0.0140380 secs] 7888162K->7496341K(12533952K), 0.0142510 secs] [Times: user=0.26 sys=0.00, real=0.01 secs] 
: 398731K->6876K(440896K), 0.0112540 secs] 7888277K->7496422K(12533952K), 0.0114620 secs] [Times: user=0.20 sys=0.00, real=0.01 secs] 
: 398812K->7012K(440896K), 0.0102700 secs] 7888358K->7496694K(12533952K), 0.0104940 secs] [Times: user=0.17 sys=0.01, real=0.01 secs] 
: 398948K->48960K(440896K), 0.0157190 secs] 7888630K->7541657K(12533952K), 0.0159490 secs] [Times: user=0.30 sys=0.00, real=0.02 secs] 
: 440896K->10841K(440896K), 0.0188520 secs] 7933593K->7521745K(12533952K), 0.0191030 secs] [Times: user=0.24 sys=0.01, real=0.02 secs] 
: 402777K->11258K(440896K), 0.0117040 secs] 7913681K->7522162K(12533952K), 0.0119760 secs] [Times: user=0.20 sys=0.00, real=0.01 secs] 
: 403194K->11288K(440896K), 0.0128480 secs] 7914098K->7522192K(12533952K), 0.0130480 secs] [Times: user=0.24 sys=0.00, real=0.01 secs] 
: 403224K->11432K(440896K), 0.0105490 secs] 7914128K->7522336K(12533952K), 0.0107220 secs] [Times: user=0.19 sys=0.00, real=0.01 secs] 
: 403368K->10497K(440896K), 0.0146280 secs] 7914272K->7524827K(12533952K), 0.0147860 secs] [Times: user=0.26 sys=0.00, real=0.02 secs] 
: 402353K->10030K(440896K), 0.0102380 secs] 7916684K->7524361K(12533952K), 0.0103920 secs] [Times: user=0.18 sys=0.00, real=0.01 secs] 
: 401966K->9323K(440896K), 0.0146450 secs] 7916297K->7524104K(12533952K), 0.0148370 secs] [Times: user=0.27 sys=0.00, real=0.01 secs] 
: 401259K->9500K(440896K), 0.0108630 secs] 7916040K->7524351K(12533952K), 0.0110630 secs] [Times: user=0.19 sys=0.00, real=0.01 secs] 
: 401436K->9044K(440896K), 0.0119030 secs] 7916287K->7526113K(12533952K), 0.0120830 secs] [Times: user=0.21 sys=0.01, real=0.01 secs] 
: 400980K->9498K(440896K), 0.0117190 secs] 7918049K->7526567K(12533952K), 0.0119650 secs] [Times: user=0.20 sys=0.01, real=0.01 secs] 
: 401434K->9194K(440896K), 0.0115360 secs] 7918503K->7526264K(12533952K), 0.0117480 secs] [Times: user=0.20 sys=0.00, real=0.02 secs] 
: 401130K->9021K(440896K), 0.0122140 secs] 7918200K->7526091K(12533952K), 0.0124010 secs] [Times: user=0.22 sys=0.00, real=0.01 secs] 
: 400957K->12651K(440896K), 0.0172850 secs] 7918027K->7531816K(12533952K), 0.0175010 secs] [Times: user=0.31 sys=0.00, real=0.02 secs] 
: 404587K->13434K(440896K), 0.0125080 secs] 7923752K->7532599K(12533952K), 0.0126940 secs] [Times: user=0.23 sys=0.00, real=0.01 secs] 
: 405370K->12952K(440896K), 0.0140830 secs] 7924535K->7532125K(12533952K), 0.0143200 secs] [Times: user=0.27 sys=0.00, real=0.02 secs] 
: 404888K->15111K(440896K), 0.0119770 secs] 7924061K->7534330K(12533952K), 0.0121780 secs] [Times: user=0.21 sys=0.00, real=0.02 secs] 
: 407047K->5842K(440896K), 0.0143590 secs] 7926266K->7532231K(12533952K), 0.0146070 secs] [Times: user=0.21 sys=0.00, real=0.02 secs] 
: 397778K->19200K(440896K), 0.0150770 secs] 7924167K->7545589K(12533952K), 0.0153050 secs] [Times: user=0.27 sys=0.00, real=0.01 secs] 
: 411136K->19285K(440896K), 0.0125340 secs] 7937525K->7545675K(12533952K), 0.0127610 secs] [Times: user=0.23 sys=0.00, real=0.01 secs] 
: 411221K->19918K(440896K), 0.0135980 secs] 7937611K->7546308K(12533952K), 0.0138230 secs] [Times: user=0.25 sys=0.00, real=0.01 secs] 
: 411854K->19941K(440896K), 0.0179570 secs] 7938244K->7546332K(12533952K), 0.0181890 secs] [Times: user=0.34 sys=0.00, real=0.02 secs] 
: 411877K->7481K(440896K), 0.0186540 secs] 7938268K->7547255K(12533952K), 0.0188760 secs] [Times: user=0.27 sys=0.00, real=0.02 secs] 
: 399417K->9555K(440896K), 0.0139680 secs] 7939191K->7549337K(12533952K), 0.0141910 secs] [Times: user=0.25 sys=0.00, real=0.02 secs] 
: 401491K->10086K(440896K), 0.0098260 secs] 7941273K->7549869K(12533952K), 0.0100320 secs] [Times: user=0.19 sys=0.00, real=0.01 secs] 
: 402022K->10423K(440896K), 0.0140000 secs] 7941805K->7550206K(12533952K), 0.0142820 secs] [Times: user=0.27 sys=0.00, real=0.02 secs] 
: 402359K->9689K(440896K), 0.0141170 secs] 7942142K->7549539K(12533952K), 0.0143060 secs] [Times: user=0.23 sys=0.00, real=0.02 secs] 
: 401625K->6387K(440896K), 0.0110550 secs] 7941475K->7550092K(12533952K), 0.0112200 secs] [Times: user=0.19 sys=0.00, real=0.01 secs] 
: 398323K->26807K(440896K), 0.0133550 secs] 7942028K->7570512K(12533952K), 0.0135060 secs] [Times: user=0.28 sys=0.00, real=0.01 secs] 
: 417500K->8773K(440896K), 0.0144240 secs] 7961205K->7575824K(12533952K), 0.0146290 secs] [Times: user=0.19 sys=0.00, real=0.02 secs] 
: 400032K->8269K(440896K), 0.0125160 secs] 7967082K->7575320K(12533952K), 0.0127260 secs] [Times: user=0.24 sys=0.00, real=0.01 secs] 
: 400205K->20525K(440896K), 0.0123510 secs] 7967256K->7587576K(12533952K), 0.0125490 secs] [Times: user=0.23 sys=0.00, real=0.01 secs] 
: 412345K->43477K(440896K), 0.0124200 secs] 7979395K->7610528K(12533952K), 0.0125720 secs] [Times: user=0.25 sys=0.00, real=0.02 secs] 
: 435413K->16579K(440896K), 0.0195770 secs] 8002464K->7620964K(12533952K), 0.0197770 secs] [Times: user=0.25 sys=0.01, real=0.02 secs] 
: 408515K->17174K(440896K), 0.0137670 secs] 8012900K->7621559K(12533952K), 0.0139540 secs] [Times: user=0.25 sys=0.00, real=0.01 secs] 
: 409110K->17449K(440896K), 0.0130470 secs] 8013495K->7621834K(12533952K), 0.0132720 secs] [Times: user=0.23 sys=0.00, real=0.01 secs] 
: 409385K->24430K(440896K), 0.0145960 secs] 8013770K->7628814K(12533952K), 0.0147880 secs] [Times: user=0.27 sys=0.00, real=0.02 secs] 
: 416366K->17311K(440896K), 0.0149120 secs] 8020750K->7631561K(12533952K), 0.0151150 secs] [Times: user=0.26 sys=0.00, real=0.02 secs] 
: 409247K->17502K(440896K), 0.0139280 secs] 8023497K->7631754K(12533952K), 0.0141320 secs] [Times: user=0.26 sys=0.00, real=0.01 secs] 
: 409438K->16903K(440896K), 0.0109230 secs] 8023690K->7631599K(12533952K), 0.0110890 secs] [Times: user=0.19 sys=0.00, real=0.01 secs] 
: 408839K->10265K(440896K), 0.0143550 secs] 8023535K->7632248K(12533952K), 0.0145120 secs] [Times: user=0.23 sys=0.00, real=0.01 secs] 
: 402201K->6132K(440896K), 0.0129450 secs] 8024184K->7631859K(12533952K), 0.0131210 secs] [Times: user=0.22 sys=0.00, real=0.02 secs] 
: 398068K->18523K(440896K), 0.0140700 secs] 8023795K->7644251K(12533952K), 0.0142780 secs] [Times: user=0.28 sys=0.00, real=0.01 secs] 
: 410459K->19399K(440896K), 0.0111120 secs] 8036187K->7645131K(12533952K), 0.0113030 secs] [Times: user=0.19 sys=0.00, real=0.01 secs] 
: 411335K->19712K(440896K), 0.0160980 secs] 8037067K->7645445K(12533952K), 0.0162870 secs] [Times: user=0.30 sys=0.00, real=0.02 secs] 
: 411648K->19869K(440896K), 0.0154070 secs] 8037381K->7645604K(12533952K), 0.0156130 secs] [Times: user=0.28 sys=0.00, real=0.02 secs] 
: 411805K->11616K(440896K), 0.0153860 secs] 8037540K->7649421K(12533952K), 0.0155410 secs] [Times: user=0.28 sys=0.00, real=0.01 secs] 
: 403552K->12976K(440896K), 0.0103590 secs] 8041357K->7650796K(12533952K), 0.0105540 secs] [Times: user=0.20 sys=0.00, real=0.01 secs] 
: 404912K->12239K(440896K), 0.0165870 secs] 8042732K->7650336K(12533952K), 0.0168030 secs] [Times: user=0.25 sys=0.00, real=0.02 secs] 
: 404175K->13011K(440896K), 0.0163900 secs] 8042272K->7651205K(12533952K), 0.0166240 secs] [Times: user=0.29 sys=0.00, real=0.02 secs] 
: 404947K->8904K(440896K), 0.0109030 secs] 8043141K->7651142K(12533952K), 0.0111920 secs] [Times: user=0.19 sys=0.00, real=0.01 secs] 
: 400840K->6348K(440896K), 0.0132730 secs] 8043078K->7651190K(12533952K), 0.0134780 secs] [Times: user=0.23 sys=0.00, real=0.02 secs] 
: 398284K->10193K(440896K), 0.0121180 secs] 8043126K->7655157K(12533952K), 0.0123060 secs] [Times: user=0.24 sys=0.00, real=0.01 secs] 
: 402129K->10328K(440896K), 0.0105770 secs] 8047093K->7655401K(12533952K), 0.0107400 secs] [Times: user=0.17 sys=0.00, real=0.01 secs] 
: 402264K->10267K(440896K), 0.0106370 secs] 8047337K->7655360K(12533952K), 0.0107710 secs] [Times: user=0.18 sys=0.00, real=0.01 secs] 
: 402203K->10500K(440896K), 0.0118810 secs] 8047296K->7655604K(12533952K), 0.0120640 secs] [Times: user=0.21 sys=0.00, real=0.02 secs] 
: 402388K->10189K(440896K), 0.0099180 secs] 8047493K->7658846K(12533952K), 0.0100980 secs] [Times: user=0.17 sys=0.00, real=0.01 secs] 
: 402125K->16635K(440896K), 0.0097470 secs] 8050782K->7665319K(12533952K), 0.0099010 secs] [Times: user=0.19 sys=0.00, real=0.01 secs] 
: 408571K->17293K(440896K), 0.0188610 secs] 8057255K->7665976K(12533952K), 0.0190650 secs] [Times: user=0.37 sys=0.00, real=0.02 secs] 
: 409229K->16131K(440896K), 0.0147430 secs] 8057912K->7664954K(12533952K), 0.0149960 secs] [Times: user=0.28 sys=0.00, real=0.02 secs] 
: 408067K->14348K(440896K), 0.0136380 secs] 8056890K->7666456K(12533952K), 0.0138870 secs] [Times: user=0.26 sys=0.00, real=0.02 secs] 
: 406284K->6382K(440896K), 0.0116270 secs] 8058392K->7665889K(12533952K), 0.0118450 secs] [Times: user=0.17 sys=0.01, real=0.01 secs] 
: 398318K->8664K(440896K), 0.0121720 secs] 8057825K->7668611K(12533952K), 0.0123970 secs] [Times: user=0.21 sys=0.00, real=0.01 secs] 
: 400600K->9886K(440896K), 0.0163380 secs] 8060547K->7669849K(12533952K), 0.0165530 secs] [Times: user=0.30 sys=0.00, real=0.02 secs] 
: 401822K->10106K(440896K), 0.0141290 secs] 8061785K->7670073K(12533952K), 0.0143160 secs] [Times: user=0.26 sys=0.00, real=0.01 secs] 
: 402042K->10015K(440896K), 0.0089090 secs] 8062009K->7669982K(12533952K), 0.0091060 secs] [Times: user=0.16 sys=0.00, real=0.00 secs] 
: 401951K->7175K(440896K), 0.0138590 secs] 8061918K->7669881K(12533952K), 0.0141010 secs] [Times: user=0.25 sys=0.00, real=0.01 secs] 
: 399111K->14600K(440896K), 0.0148890 secs] 8061817K->7678230K(12533952K), 0.0151460 secs] [Times: user=0.29 sys=0.00, real=0.01 secs] 
: 406536K->14996K(440896K), 0.0153510 secs] 8070166K->7678634K(12533952K), 0.0156100 secs] [Times: user=0.29 sys=0.00, real=0.01 secs] 
: 406932K->15175K(440896K), 0.0151900 secs] 8070570K->7678813K(12533952K), 0.0154050 secs] [Times: user=0.28 sys=0.00, real=0.02 secs] 
: 407111K->15280K(440896K), 0.0121340 secs] 8070749K->7678980K(12533952K), 0.0123420 secs] [Times: user=0.21 sys=0.00, real=0.01 secs] 
: 407216K->7457K(440896K), 0.0133810 secs] 8070916K->7679480K(12533952K), 0.0136040 secs] [Times: user=0.19 sys=0.00, real=0.01 secs] 
: 399393K->7671K(440896K), 0.0138470 secs] 8071416K->7679694K(12533952K), 0.0140700 secs] [Times: user=0.24 sys=0.01, real=0.02 secs] 
: 399607K->7302K(440896K), 0.0098990 secs] 8071630K->7679326K(12533952K), 0.0100430 secs] [Times: user=0.17 sys=0.00, real=0.01 secs] 
: 399238K->7358K(440896K), 0.0101800 secs] 8071262K->7679383K(12533952K), 0.0104100 secs] [Times: user=0.17 sys=0.00, real=0.01 secs] 
: 399294K->6470K(440896K), 0.0117410 secs] 8071319K->7679634K(12533952K), 0.0119170 secs] [Times: user=0.20 sys=0.00, real=0.01 secs] 
: 398406K->10782K(440896K), 0.0147300 secs] 8071570K->7684389K(12533952K), 0.0149520 secs] [Times: user=0.27 sys=0.00, real=0.01 secs] 
: 402718K->11043K(440896K), 0.0134150 secs] 8076325K->7684657K(12533952K), 0.0136930 secs] [Times: user=0.23 sys=0.00, real=0.01 secs] 
: 402979K->11483K(440896K), 0.0131520 secs] 8076593K->7685098K(12533952K), 0.0133370 secs] [Times: user=0.25 sys=0.01, real=0.01 secs] 
: 403419K->11472K(440896K), 0.0116860 secs] 8077034K->7685140K(12533952K), 0.0118830 secs] [Times: user=0.23 sys=0.00, real=0.01 secs] 
: 403375K->8976K(440896K), 0.0145190 secs] 8077044K->7687215K(12533952K), 0.0147540 secs] [Times: user=0.23 sys=0.00, real=0.01 secs] 
: 400912K->10163K(440896K), 0.0120030 secs] 8079151K->7688403K(12533952K), 0.0122170 secs] [Times: user=0.22 sys=0.00, real=0.02 secs] 
: 402099K->10383K(440896K), 0.0129770 secs] 8080339K->7688642K(12533952K), 0.0131750 secs] [Times: user=0.22 sys=0.00, real=0.02 secs] 
: 402319K->10697K(440896K), 0.0139770 secs] 8080578K->7688956K(12533952K), 0.0141960 secs] [Times: user=0.26 sys=0.00, real=0.01 secs] 
: 402633K->7678K(440896K), 0.0126980 secs] 8080892K->7688536K(12533952K), 0.0128860 secs] [Times: user=0.23 sys=0.00, real=0.02 secs] 
: 399614K->12110K(440896K), 0.0117400 secs] 8080472K->7694473K(12533952K), 0.0120040 secs] [Times: user=0.20 sys=0.00, real=0.02 secs] 
: 404046K->12546K(440896K), 0.0124560 secs] 8086409K->7694917K(12533952K), 0.0127070 secs] [Times: user=0.22 sys=0.01, real=0.01 secs] 
: 404482K->12625K(440896K), 0.0101120 secs] 8086853K->7695291K(12533952K), 0.0103460 secs] [Times: user=0.18 sys=0.00, real=0.01 secs] 
: 404561K->12663K(440896K), 0.0138930 secs] 8087227K->7695386K(12533952K), 0.0141470 secs] [Times: user=0.25 sys=0.00, real=0.01 secs] 
: 404599K->6001K(440896K), 0.0124800 secs] 8087322K->7695127K(12533952K), 0.0127590 secs] [Times: user=0.17 sys=0.00, real=0.01 secs] 
: 397937K->8977K(440896K), 0.0114630 secs] 8087063K->7698104K(12533952K), 0.0117220 secs] [Times: user=0.21 sys=0.00, real=0.01 secs] 
: 400913K->8913K(440896K), 0.0133030 secs] 8090040K->7698040K(12533952K), 0.0135130 secs] [Times: user=0.25 sys=0.00, real=0.02 secs] 
: 400849K->8697K(440896K), 0.0104070 secs] 8089976K->7697824K(12533952K), 0.0108440 secs] [Times: user=0.17 sys=0.01, real=0.01 secs] 
: 400633K->9137K(440896K), 0.0104540 secs] 8089760K->7698265K(12533952K), 0.0106270 secs] [Times: user=0.18 sys=0.00, real=0.01 secs] 
: 401073K->5882K(440896K), 0.0138840 secs] 8090201K->7698181K(12533952K), 0.0140970 secs] [Times: user=0.25 sys=0.00, real=0.02 secs] 
: 397818K->5349K(440896K), 0.0136150 secs] 8090117K->7697648K(12533952K), 0.0138480 secs] [Times: user=0.27 sys=0.00, real=0.01 secs] 
: 397285K->26393K(440896K), 0.0105540 secs] 8089584K->7718699K(12533952K), 0.0107220 secs] [Times: user=0.18 sys=0.00, real=0.01 secs] 
: 418329K->5970K(440896K), 0.0139560 secs] 8110635K->7707176K(12533952K), 0.0141600 secs] [Times: user=0.23 sys=0.00, real=0.02 secs] 
: 397906K->4897K(440896K), 0.0095590 secs] 8099112K->7706103K(12533952K), 0.0097800 secs] [Times: user=0.16 sys=0.00, real=0.01 secs] 
: 396833K->5575K(440896K), 0.0122170 secs] 8098039K->7706780K(12533952K), 0.0123940 secs] [Times: user=0.23 sys=0.00, real=0.01 secs] 
: 397346K->7563K(440896K), 0.0151060 secs] 8098552K->7708769K(12533952K), 0.0153310 secs] [Times: user=0.29 sys=0.00, real=0.02 secs] 
: 399499K->11227K(440896K), 0.0104030 secs] 8100705K->7712433K(12533952K), 0.0106310 secs] [Times: user=0.18 sys=0.01, real=0.01 secs] 
: 403163K->11665K(440896K), 0.0147090 secs] 8104369K->7712872K(12533952K), 0.0149180 secs] [Times: user=0.27 sys=0.00, real=0.02 secs] 
: 403601K->11767K(440896K), 0.0139010 secs] 8104808K->7712975K(12533952K), 0.0141000 secs] [Times: user=0.25 sys=0.01, real=0.02 secs] 
: 403703K->10688K(440896K), 0.0147680 secs] 8104911K->7712958K(12533952K), 0.0149610 secs] [Times: user=0.28 sys=0.00, real=0.02 secs] 
: 402624K->9223K(440896K), 0.0109350 secs] 8104894K->7715165K(12533952K), 0.0111040 secs] [Times: user=0.19 sys=0.00, real=0.01 secs] 
: 401159K->9059K(440896K), 0.0119740 secs] 8107101K->7715009K(12533952K), 0.0122260 secs] [Times: user=0.23 sys=0.00, real=0.02 secs] 
: 400995K->8769K(440896K), 0.0114530 secs] 8106945K->7714720K(12533952K), 0.0116520 secs] [Times: user=0.19 sys=0.00, real=0.01 secs] 
: 400705K->9024K(440896K), 0.0101110 secs] 8106656K->7715030K(12533952K), 0.0103300 secs] [Times: user=0.17 sys=0.00, real=0.01 secs] 
: 400960K->9602K(440896K), 0.0131180 secs] 8106966K->7717643K(12533952K), 0.0133600 secs] [Times: user=0.25 sys=0.00, real=0.01 secs] 
: 401538K->10114K(440896K), 0.0099990 secs] 8109579K->7718155K(12533952K), 0.0101960 secs] [Times: user=0.18 sys=0.00, real=0.01 secs] 
: 402050K->10017K(440896K), 0.0163840 secs] 8110091K->7718059K(12533952K), 0.0166020 secs] [Times: user=0.28 sys=0.00, real=0.01 secs] 
: 401953K->10115K(440896K), 0.0123360 secs] 8109995K->7718176K(12533952K), 0.0125660 secs] [Times: user=0.21 sys=0.00, real=0.01 secs] 
: 402051K->11303K(440896K), 0.0102920 secs] 8110112K->7721808K(12533952K), 0.0104300 secs] [Times: user=0.20 sys=0.00, real=0.01 secs] 
: 403239K->11109K(440896K), 0.0122250 secs] 8113744K->7722030K(12533952K), 0.0124590 secs] [Times: user=0.23 sys=0.00, real=0.01 secs] 
: 403045K->10815K(440896K), 0.0152400 secs] 8113966K->7721738K(12533952K), 0.0154580 secs] [Times: user=0.30 sys=0.00, real=0.01 secs] 
: 402751K->10893K(440896K), 0.0148280 secs] 8113674K->7721866K(12533952K), 0.0150070 secs] [Times: user=0.28 sys=0.00, real=0.01 secs] 
: 402829K->5381K(440896K), 0.0147530 secs] 8113802K->7721223K(12533952K), 0.0149300 secs] [Times: user=0.24 sys=0.00, real=0.01 secs] 
: 397317K->8271K(440896K), 0.0136800 secs] 8113159K->7724115K(12533952K), 0.0139150 secs] [Times: user=0.25 sys=0.00, real=0.01 secs] 
: 400207K->8468K(440896K), 0.0115300 secs] 8116051K->7724313K(12533952K), 0.0117450 secs] [Times: user=0.21 sys=0.00, real=0.01 secs] 
: 400404K->8569K(440896K), 0.0116400 secs] 8116249K->7724433K(12533952K), 0.0118250 secs] [Times: user=0.21 sys=0.00, real=0.01 secs] 
: 400505K->8364K(440896K), 0.0141180 secs] 8116369K->7724228K(12533952K), 0.0143380 secs] [Times: user=0.25 sys=0.00, real=0.02 secs] 
: 400300K->6159K(440896K), 0.0161810 secs] 8116164K->7724505K(12533952K), 0.0163920 secs] [Times: user=0.28 sys=0.00, real=0.02 secs] 
: 398095K->10089K(440896K), 0.0117260 secs] 8116441K->7728474K(12533952K), 0.0119460 secs] [Times: user=0.21 sys=0.00, real=0.01 secs] 
: 402025K->10221K(440896K), 0.0127380 secs] 8120410K->7728607K(12533952K), 0.0129800 secs] [Times: user=0.23 sys=0.00, real=0.02 secs] 
: 402157K->10717K(440896K), 0.0133260 secs] 8120543K->7729103K(12533952K), 0.0135180 secs] [Times: user=0.25 sys=0.00, real=0.01 secs] 
: 402653K->10818K(440896K), 0.0115550 secs] 8121039K->7729254K(12533952K), 0.0117420 secs] [Times: user=0.21 sys=0.00, real=0.02 secs] 
: 402754K->8099K(440896K), 0.0121000 secs] 8121190K->7730091K(12533952K), 0.0122570 secs] [Times: user=0.19 sys=0.00, real=0.01 secs] 
: 400035K->8755K(440896K), 0.0137660 secs] 8122027K->7730748K(12533952K), 0.0139880 secs] [Times: user=0.25 sys=0.00, real=0.01 secs] 
: 400691K->9010K(440896K), 0.0118770 secs] 8122684K->7731002K(12533952K), 0.0120820 secs] [Times: user=0.20 sys=0.00, real=0.01 secs] 
: 400946K->8826K(440896K), 0.0134030 secs] 8122938K->7730819K(12533952K), 0.0136190 secs] [Times: user=0.24 sys=0.00, real=0.01 secs] 
: 400762K->5498K(440896K), 0.0157510 secs] 8122755K->7730470K(12533952K), 0.0159580 secs] [Times: user=0.28 sys=0.00, real=0.02 secs] 
: 397434K->5623K(440896K), 0.0139860 secs] 8122406K->7730670K(12533952K), 0.0142300 secs] [Times: user=0.27 sys=0.00, real=0.02 secs] 
: 397559K->10932K(440896K), 0.0120140 secs] 8122606K->7735986K(12533952K), 0.0122090 secs] [Times: user=0.23 sys=0.00, real=0.01 secs] 
: 402868K->11061K(440896K), 0.0113120 secs] 8127922K->7736116K(12533952K), 0.0115380 secs] [Times: user=0.18 sys=0.00, real=0.01 secs] 
: 402997K->11466K(440896K), 0.0140020 secs] 8128052K->7736521K(12533952K), 0.0142200 secs] [Times: user=0.25 sys=0.00, real=0.02 secs] 
: 403402K->11203K(440896K), 0.0136220 secs] 8128457K->7736305K(12533952K), 0.0138510 secs] [Times: user=0.24 sys=0.00, real=0.02 secs] 
: 403139K->8604K(440896K), 0.0160200 secs] 8128241K->7738376K(12533952K), 0.0162540 secs] [Times: user=0.28 sys=0.00, real=0.01 secs] 
: 400540K->8078K(440896K), 0.0119670 secs] 8130312K->7737851K(12533952K), 0.0121720 secs] [Times: user=0.21 sys=0.00, real=0.01 secs] 
: 400014K->7898K(440896K), 0.0105920 secs] 8129787K->7737671K(12533952K), 0.0108110 secs] [Times: user=0.20 sys=0.00, real=0.01 secs] 
: 399834K->6766K(440896K), 0.0136290 secs] 8129607K->7736540K(12533952K), 0.0138270 secs] [Times: user=0.25 sys=0.00, real=0.01 secs] 
: 398702K->5095K(440896K), 0.0121530 secs] 8128476K->7737061K(12533952K), 0.0123410 secs] [Times: user=0.20 sys=0.00, real=0.01 secs] 
: 397031K->11483K(440896K), 0.0148670 secs] 8128997K->7743450K(12533952K), 0.0151130 secs] [Times: user=0.28 sys=0.00, real=0.02 secs] 
: 403419K->11652K(440896K), 0.0123020 secs] 8135386K->7743626K(12533952K), 0.0124890 secs] [Times: user=0.20 sys=0.00, real=0.01 secs] 
: 403588K->12084K(440896K), 0.0138610 secs] 8135562K->7744059K(12533952K), 0.0140610 secs] [Times: user=0.28 sys=0.00, real=0.01 secs] 
: 404020K->12717K(440896K), 0.0134530 secs] 8135995K->7744740K(12533952K), 0.0136640 secs] [Times: user=0.24 sys=0.00, real=0.02 secs] 
: 404653K->7577K(440896K), 0.0124200 secs] 8136676K->7745138K(12533952K), 0.0126480 secs] [Times: user=0.18 sys=0.00, real=0.01 secs] 
: 399513K->7044K(440896K), 0.0103620 secs] 8137074K->7744606K(12533952K), 0.0105440 secs] [Times: user=0.18 sys=0.00, real=0.01 secs] 
: 398980K->7178K(440896K), 0.0117820 secs] 8136542K->7744740K(12533952K), 0.0119130 secs] [Times: user=0.21 sys=0.00, real=0.01 secs] 
: 399114K->6831K(440896K), 0.0116150 secs] 8136676K->7744394K(12533952K), 0.0117770 secs] [Times: user=0.18 sys=0.00, real=0.01 secs] 
: 398767K->5784K(440896K), 0.0126930 secs] 8136330K->7744730K(12533952K), 0.0128430 secs] [Times: user=0.23 sys=0.00, real=0.01 secs] 
